lib/visualLab/data/poiExtraBelizeEconomicV2.ts(18,8): error TS1005: ',' expected.
lib/visualLab/data/poiExtraBelizeEconomicV2.ts(22,8): error TS1005: ',' expected.
lib/visualLab/data/poiExtraBelizeEconomicV2.ts(24,3): error TS1005: ',' expected.
lib/visualLab/data/poiExtraBelizeEconomicV2.ts(24,4): error TS1128: Declaration or statement expected.
lib/visualLab/data/poiExtraBelizeEconomicV2.ts(27,9): error TS1005: ';' expected.
lib/visualLab/data/poiExtraBelizeEconomicV2.ts(28,9): error TS1005: ';' expected.
lib/visualLab/data/poiExtraBelizeEconomicV2.ts(29,9): error TS1005: ';' expected.
lib/visualLab/data/poiExtraBelizeEconomicV2.ts(30,6): error TS1128: Declaration or statement expected.
lib/visualLab/data/poiExtraBelizeEconomicV2.ts(33,9): error TS1005: ';' expected.
lib/visualLab/data/poiExtraBelizeEconomicV2.ts(34,9): error TS1005: ';' expected.
lib/visualLab/data/poiExtraBelizeEconomicV2.ts(35,9): error TS1005: ';' expected.
lib/visualLab/data/poiExtraBelizeEconomicV2.ts(36,6): error TS1128: Declaration or statement expected.
lib/visualLab/data/poiExtraBelizeEconomicV2.ts(39,9): error TS1005: ';' expected.
lib/visualLab/data/poiExtraBelizeEconomicV2.ts(40,9): error TS1005: ';' expected.
lib/visualLab/data/poiExtraBelizeEconomicV2.ts(41,9): error TS1005: ';' expected.
lib/visualLab/data/poiExtraBelizeEconomicV2.ts(42,6): error TS1128: Declaration or statement expected.
lib/visualLab/data/poiExtraBelizeEconomicV2.ts(45,9): error TS1005: ';' expected.
lib/visualLab/data/poiExtraBelizeEconomicV2.ts(46,9): error TS1005: ';' expected.
lib/visualLab/data/poiExtraBelizeEconomicV2.ts(47,9): error TS1005: ';' expected.
lib/visualLab/data/poiExtraBelizeEconomicV2.ts(49,3): error TS1128: Declaration or statement expected.
lib/visualLab/data/poiExtraBelizeEconomicV2.ts(49,4): error TS1128: Declaration or statement expected.
lib/visualLab/data/poiExtraBelizeEconomicV2.ts(52,9): error TS1005: ';' expected.
lib/visualLab/data/poiExtraBelizeEconomicV2.ts(53,11): error TS1005: ';' expected.
lib/visualLab/data/poiExtraBelizeEconomicV2.ts(54,11): error TS1005: ';' expected.
lib/visualLab/data/poiExtraBelizeEconomicV2.ts(55,9): error TS1005: ';' expected.
lib/visualLab/data/poiExtraBelizeEconomicV2.ts(57,9): error TS1005: ';' expected.
lib/visualLab/data/poiExtraBelizeEconomicV2.ts(58,9): error TS1005: ';' expected.
lib/visualLab/data/poiExtraBelizeEconomicV2.ts(59,9): error TS1005: ';' expected.
lib/visualLab/data/poiExtraBelizeEconomicV2.ts(60,6): error TS1128: Declaration or statement expected.
lib/visualLab/data/poiExtraBelizeEconomicV2.ts(63,9): error TS1005: ';' expected.
lib/visualLab/data/poiExtraBelizeEconomicV2.ts(64,9): error TS1005: ';' expected.
lib/visualLab/data/poiExtraBelizeEconomicV2.ts(65,9): error TS1005: ';' expected.
lib/visualLab/data/poiExtraBelizeEconomicV2.ts(66,6): error TS1128: Declaration or statement expected.
lib/visualLab/data/poiExtraBelizeEconomicV2.ts(69,9): error TS1005: ';' expected.
lib/visualLab/data/poiExtraBelizeEconomicV2.ts(70,9): error TS1005: ';' expected.
lib/visualLab/data/poiExtraBelizeEconomicV2.ts(71,9): error TS1005: ';' expected.
lib/visualLab/data/poiExtraBelizeEconomicV2.ts(72,6): error TS1128: Declaration or statement expected.
lib/visualLab/data/poiExtraBelizeEconomicV2.ts(75,9): error TS1005: ';' expected.
lib/visualLab/data/poiExtraBelizeEconomicV2.ts(76,9): error TS1005: ';' expected.
lib/visualLab/data/poiExtraBelizeEconomicV2.ts(77,9): error TS1005: ';' expected.
lib/visualLab/data/poiExtraBelizeEconomicV2.ts(78,6): error TS1128: Declaration or statement expected.
lib/visualLab/data/poiExtraBelizeEconomicV2.ts(81,9): error TS1005: ';' expected.
lib/visualLab/data/poiExtraBelizeEconomicV2.ts(82,9): error TS1005: ';' expected.
lib/visualLab/data/poiExtraBelizeEconomicV2.ts(83,9): error TS1005: ';' expected.
lib/visualLab/data/poiExtraBelizeEconomicV2.ts(85,4): error TS1128: Declaration or statement expected.
lib/visualLab/data/poiExtraBelizeEconomicV2.ts(88,9): error TS1005: ';' expected.
lib/visualLab/data/poiExtraBelizeEconomicV2.ts(89,11): error TS1005: ';' expected.
lib/visualLab/data/poiExtraBelizeEconomicV2.ts(90,11): error TS1005: ';' expected.
lib/visualLab/data/poiExtraBelizeEconomicV2.ts(91,9): error TS1005: ';' expected.
lib/visualLab/data/poiExtraBelizeEconomicV2.ts(93,9): error TS1005: ';' expected.
lib/visualLab/data/poiExtraBelizeEconomicV2.ts(94,9): error TS1005: ';' expected.
lib/visualLab/data/poiExtraBelizeEconomicV2.ts(95,9): error TS1005: ';' expected.
lib/visualLab/data/poiExtraBelizeEconomicV2.ts(96,6): error TS1128: Declaration or statement expected.
lib/visualLab/data/poiExtraBelizeEconomicV2.ts(99,9): error TS1005: ';' expected.
lib/visualLab/data/poiExtraBelizeEconomicV2.ts(100,9): error TS1005: ';' expected.
lib/visualLab/data/poiExtraBelizeEconomicV2.ts(101,9): error TS1005: ';' expected.
lib/visualLab/data/poiExtraBelizeEconomicV2.ts(102,6): error TS1128: Declaration or statement expected.
lib/visualLab/data/poiExtraBelizeEconomicV2.ts(105,9): error TS1005: ';' expected.
lib/visualLab/data/poiExtraBelizeEconomicV2.ts(106,9): error TS1005: ';' expected.
lib/visualLab/data/poiExtraBelizeEconomicV2.ts(107,9): error TS1005: ';' expected.
lib/visualLab/data/poiExtraBelizeEconomicV2.ts(108,6): error TS1128: Declaration or statement expected.
lib/visualLab/data/poiExtraBelizeEconomicV2.ts(111,9): error TS1005: ';' expected.
lib/visualLab/data/poiExtraBelizeEconomicV2.ts(112,9): error TS1005: ';' expected.
lib/visualLab/data/poiExtraBelizeEconomicV2.ts(113,9): error TS1005: ';' expected.
lib/visualLab/data/poiExtraBelizeEconomicV2.ts(114,6): error TS1128: Declaration or statement expected.
lib/visualLab/data/poiExtraBelizeEconomicV2.ts(117,9): error TS1005: ';' expected.
lib/visualLab/data/poiExtraBelizeEconomicV2.ts(118,9): error TS1005: ';' expected.
lib/visualLab/data/poiExtraBelizeEconomicV2.ts(119,9): error TS1005: ';' expected.
lib/visualLab/data/poiExtraBelizeEconomicV2.ts(121,4): error TS1128: Declaration or statement expected.
lib/visualLab/data/poiExtraBelizeEconomicV2.ts(124,9): error TS1005: ';' expected.
lib/visualLab/data/poiExtraBelizeEconomicV2.ts(125,11): error TS1005: ';' expected.
lib/visualLab/data/poiExtraBelizeEconomicV2.ts(126,11): error TS1005: ';' expected.
lib/visualLab/data/poiExtraBelizeEconomicV2.ts(127,9): error TS1005: ';' expected.
lib/visualLab/data/poiExtraBelizeEconomicV2.ts(129,9): error TS1005: ';' expected.
lib/visualLab/data/poiExtraBelizeEconomicV2.ts(130,9): error TS1005: ';' expected.
lib/visualLab/data/poiExtraBelizeEconomicV2.ts(131,9): error TS1005: ';' expected.
lib/visualLab/data/poiExtraBelizeEconomicV2.ts(132,6): error TS1128: Declaration or statement expected.
lib/visualLab/data/poiExtraBelizeEconomicV2.ts(135,9): error TS1005: ';' expected.
lib/visualLab/data/poiExtraBelizeEconomicV2.ts(136,9): error TS1005: ';' expected.
lib/visualLab/data/poiExtraBelizeEconomicV2.ts(137,9): error TS1005: ';' expected.
lib/visualLab/data/poiExtraBelizeEconomicV2.ts(138,6): error TS1128: Declaration or statement expected.
lib/visualLab/data/poiExtraBelizeEconomicV2.ts(141,9): error TS1005: ';' expected.
lib/visualLab/data/poiExtraBelizeEconomicV2.ts(142,9): error TS1005: ';' expected.
lib/visualLab/data/poiExtraBelizeEconomicV2.ts(143,9): error TS1005: ';' expected.
lib/visualLab/data/poiExtraBelizeEconomicV2.ts(144,6): error TS1128: Declaration or statement expected.
lib/visualLab/data/poiExtraBelizeEconomicV2.ts(147,9): error TS1005: ';' expected.
lib/visualLab/data/poiExtraBelizeEconomicV2.ts(148,9): error TS1005: ';' expected.
lib/visualLab/data/poiExtraBelizeEconomicV2.ts(149,9): error TS1005: ';' expected.
lib/visualLab/data/poiExtraBelizeEconomicV2.ts(150,6): error TS1128: Declaration or statement expected.
lib/visualLab/data/poiExtraBelizeEconomicV2.ts(153,9): error TS1005: ';' expected.
lib/visualLab/data/poiExtraBelizeEconomicV2.ts(154,9): error TS1005: ';' expected.
lib/visualLab/data/poiExtraBelizeEconomicV2.ts(155,9): error TS1005: ';' expected.
lib/visualLab/data/poiExtraBelizeEconomicV2.ts(157,4): error TS1128: Declaration or statement expected.
lib/visualLab/data/poiExtraBelizeEconomicV2.ts(160,9): error TS1005: ';' expected.
lib/visualLab/data/poiExtraBelizeEconomicV2.ts(161,11): error TS1005: ';' expected.
lib/visualLab/data/poiExtraBelizeEconomicV2.ts(162,11): error TS1005: ';' expected.
lib/visualLab/data/poiExtraBelizeEconomicV2.ts(163,9): error TS1005: ';' expected.
lib/visualLab/data/poiExtraBelizeEconomicV2.ts(165,9): error TS1005: ';' expected.
lib/visualLab/data/poiExtraBelizeEconomicV2.ts(166,9): error TS1005: ';' expected.
lib/visualLab/data/poiExtraBelizeEconomicV2.ts(167,9): error TS1005: ';' expected.
lib/visualLab/data/poiExtraBelizeEconomicV2.ts(168,6): error TS1128: Declaration or statement expected.
lib/visualLab/data/poiExtraBelizeEconomicV2.ts(171,9): error TS1005: ';' expected.
lib/visualLab/data/poiExtraBelizeEconomicV2.ts(172,9): error TS1005: ';' expected.
lib/visualLab/data/poiExtraBelizeEconomicV2.ts(173,9): error TS1005: ';' expected.
lib/visualLab/data/poiExtraBelizeEconomicV2.ts(174,6): error TS1128: Declaration or statement expected.
lib/visualLab/data/poiExtraBelizeEconomicV2.ts(177,9): error TS1005: ';' expected.
lib/visualLab/data/poiExtraBelizeEconomicV2.ts(178,9): error TS1005: ';' expected.
lib/visualLab/data/poiExtraBelizeEconomicV2.ts(179,9): error TS1005: ';' expected.
lib/visualLab/data/poiExtraBelizeEconomicV2.ts(180,6): error TS1128: Declaration or statement expected.
lib/visualLab/data/poiExtraBelizeEconomicV2.ts(183,9): error TS1005: ';' expected.
lib/visualLab/data/poiExtraBelizeEconomicV2.ts(184,9): error TS1005: ';' expected.
lib/visualLab/data/poiExtraBelizeEconomicV2.ts(185,9): error TS1005: ';' expected.
lib/visualLab/data/poiExtraBelizeEconomicV2.ts(186,6): error TS1128: Declaration or statement expected.
lib/visualLab/data/poiExtraBelizeEconomicV2.ts(189,9): error TS1005: ';' expected.
lib/visualLab/data/poiExtraBelizeEconomicV2.ts(190,9): error TS1005: ';' expected.
lib/visualLab/data/poiExtraBelizeEconomicV2.ts(191,9): error TS1005: ';' expected.
lib/visualLab/data/poiExtraBelizeEconomicV2.ts(193,4): error TS1128: Declaration or statement expected.
lib/visualLab/data/poiExtraBelizeEconomicV2.ts(196,9): error TS1005: ';' expected.
lib/visualLab/data/poiExtraBelizeEconomicV2.ts(197,11): error TS1005: ';' expected.
lib/visualLab/data/poiExtraBelizeEconomicV2.ts(198,11): error TS1005: ';' expected.
lib/visualLab/data/poiExtraBelizeEconomicV2.ts(199,9): error TS1005: ';' expected.
lib/visualLab/data/poiExtraBelizeEconomicV2.ts(201,9): error TS1005: ';' expected.
lib/visualLab/data/poiExtraBelizeEconomicV2.ts(202,9): error TS1005: ';' expected.
lib/visualLab/data/poiExtraBelizeEconomicV2.ts(203,9): error TS1005: ';' expected.
lib/visualLab/data/poiExtraBelizeEconomicV2.ts(204,6): error TS1128: Declaration or statement expected.
lib/visualLab/data/poiExtraBelizeEconomicV2.ts(207,9): error TS1005: ';' expected.
lib/visualLab/data/poiExtraBelizeEconomicV2.ts(208,9): error TS1005: ';' expected.
lib/visualLab/data/poiExtraBelizeEconomicV2.ts(209,9): error TS1005: ';' expected.
lib/visualLab/data/poiExtraBelizeEconomicV2.ts(210,6): error TS1128: Declaration or statement expected.
lib/visualLab/data/poiExtraBelizeEconomicV2.ts(213,9): error TS1005: ';' expected.
lib/visualLab/data/poiExtraBelizeEconomicV2.ts(214,9): error TS1005: ';' expected.
lib/visualLab/data/poiExtraBelizeEconomicV2.ts(215,9): error TS1005: ';' expected.
lib/visualLab/data/poiExtraBelizeEconomicV2.ts(216,6): error TS1128: Declaration or statement expected.
lib/visualLab/data/poiExtraBelizeEconomicV2.ts(219,9): error TS1005: ';' expected.
lib/visualLab/data/poiExtraBelizeEconomicV2.ts(220,9): error TS1005: ';' expected.
lib/visualLab/data/poiExtraBelizeEconomicV2.ts(221,9): error TS1005: ';' expected.
lib/visualLab/data/poiExtraBelizeEconomicV2.ts(222,6): error TS1128: Declaration or statement expected.
lib/visualLab/data/poiExtraBelizeEconomicV2.ts(225,9): error TS1005: ';' expected.
lib/visualLab/data/poiExtraBelizeEconomicV2.ts(226,9): error TS1005: ';' expected.
lib/visualLab/data/poiExtraBelizeEconomicV2.ts(227,9): error TS1005: ';' expected.
lib/visualLab/data/poiExtraBelizeEconomicV2.ts(229,4): error TS1128: Declaration or statement expected.
lib/visualLab/data/poiExtraBelizeEconomicV2.ts(232,9): error TS1005: ';' expected.
lib/visualLab/data/poiExtraBelizeEconomicV2.ts(233,11): error TS1005: ';' expected.
lib/visualLab/data/poiExtraBelizeEconomicV2.ts(234,11): error TS1005: ';' expected.
lib/visualLab/data/poiExtraBelizeEconomicV2.ts(235,9): error TS1005: ';' expected.
lib/visualLab/data/poiExtraBelizeEconomicV2.ts(237,9): error TS1005: ';' expected.
lib/visualLab/data/poiExtraBelizeEconomicV2.ts(238,9): error TS1005: ';' expected.
lib/visualLab/data/poiExtraBelizeEconomicV2.ts(239,9): error TS1005: ';' expected.
lib/visualLab/data/poiExtraBelizeEconomicV2.ts(240,6): error TS1128: Declaration or statement expected.
lib/visualLab/data/poiExtraBelizeEconomicV2.ts(243,9): error TS1005: ';' expected.
lib/visualLab/data/poiExtraBelizeEconomicV2.ts(244,9): error TS1005: ';' expected.
lib/visualLab/data/poiExtraBelizeEconomicV2.ts(245,9): error TS1005: ';' expected.
lib/visualLab/data/poiExtraBelizeEconomicV2.ts(246,6): error TS1128: Declaration or statement expected.
lib/visualLab/data/poiExtraBelizeEconomicV2.ts(249,9): error TS1005: ';' expected.
lib/visualLab/data/poiExtraBelizeEconomicV2.ts(250,9): error TS1005: ';' expected.
lib/visualLab/data/poiExtraBelizeEconomicV2.ts(251,9): error TS1005: ';' expected.
lib/visualLab/data/poiExtraBelizeEconomicV2.ts(252,6): error TS1128: Declaration or statement expected.
lib/visualLab/data/poiExtraBelizeEconomicV2.ts(255,9): error TS1005: ';' expected.
lib/visualLab/data/poiExtraBelizeEconomicV2.ts(256,9): error TS1005: ';' expected.
lib/visualLab/data/poiExtraBelizeEconomicV2.ts(257,9): error TS1005: ';' expected.
lib/visualLab/data/poiExtraBelizeEconomicV2.ts(258,6): error TS1128: Declaration or statement expected.
lib/visualLab/data/poiExtraBelizeEconomicV2.ts(261,9): error TS1005: ';' expected.
lib/visualLab/data/poiExtraBelizeEconomicV2.ts(262,9): error TS1005: ';' expected.
lib/visualLab/data/poiExtraBelizeEconomicV2.ts(263,9): error TS1005: ';' expected.
lib/visualLab/data/poiExtraBelizeEconomicV2.ts(265,4): error TS1128: Declaration or statement expected.
lib/visualLab/data/poiExtraBelizeEconomicV2.ts(268,9): error TS1005: ';' expected.
lib/visualLab/data/poiExtraBelizeEconomicV2.ts(269,11): error TS1005: ';' expected.
lib/visualLab/data/poiExtraBelizeEconomicV2.ts(270,11): error TS1005: ';' expected.
lib/visualLab/data/poiExtraBelizeEconomicV2.ts(271,9): error TS1005: ';' expected.
lib/visualLab/data/poiExtraBelizeEconomicV2.ts(273,9): error TS1005: ';' expected.
lib/visualLab/data/poiExtraBelizeEconomicV2.ts(274,9): error TS1005: ';' expected.
lib/visualLab/data/poiExtraBelizeEconomicV2.ts(275,9): error TS1005: ';' expected.
lib/visualLab/data/poiExtraBelizeEconomicV2.ts(276,6): error TS1128: Declaration or statement expected.
lib/visualLab/data/poiExtraBelizeEconomicV2.ts(279,9): error TS1005: ';' expected.
lib/visualLab/data/poiExtraBelizeEconomicV2.ts(280,9): error TS1005: ';' expected.
lib/visualLab/data/poiExtraBelizeEconomicV2.ts(281,9): error TS1005: ';' expected.
lib/visualLab/data/poiExtraBelizeEconomicV2.ts(282,6): error TS1128: Declaration or statement expected.
lib/visualLab/data/poiExtraBelizeEconomicV2.ts(285,9): error TS1005: ';' expected.
lib/visualLab/data/poiExtraBelizeEconomicV2.ts(286,9): error TS1005: ';' expected.
lib/visualLab/data/poiExtraBelizeEconomicV2.ts(287,9): error TS1005: ';' expected.
lib/visualLab/data/poiExtraBelizeEconomicV2.ts(288,6): error TS1128: Declaration or statement expected.
lib/visualLab/data/poiExtraBelizeEconomicV2.ts(291,9): error TS1005: ';' expected.
lib/visualLab/data/poiExtraBelizeEconomicV2.ts(292,9): error TS1005: ';' expected.
lib/visualLab/data/poiExtraBelizeEconomicV2.ts(293,9): error TS1005: ';' expected.
lib/visualLab/data/poiExtraBelizeEconomicV2.ts(294,6): error TS1128: Declaration or statement expected.
lib/visualLab/data/poiExtraBelizeEconomicV2.ts(297,9): error TS1005: ';' expected.
lib/visualLab/data/poiExtraBelizeEconomicV2.ts(298,9): error TS1005: ';' expected.
lib/visualLab/data/poiExtraBelizeEconomicV2.ts(299,9): error TS1005: ';' expected.
lib/visualLab/data/poiExtraBelizeEconomicV2.ts(301,4): error TS1128: Declaration or statement expected.
lib/visualLab/data/poiExtraBelizeEconomicV2.ts(304,9): error TS1005: ';' expected.
lib/visualLab/data/poiExtraBelizeEconomicV2.ts(305,11): error TS1005: ';' expected.
lib/visualLab/data/poiExtraBelizeEconomicV2.ts(306,11): error TS1005: ';' expected.
lib/visualLab/data/poiExtraBelizeEconomicV2.ts(307,9): error TS1005: ';' expected.
lib/visualLab/data/poiExtraBelizeEconomicV2.ts(309,9): error TS1005: ';' expected.
lib/visualLab/data/poiExtraBelizeEconomicV2.ts(310,9): error TS1005: ';' expected.
lib/visualLab/data/poiExtraBelizeEconomicV2.ts(311,9): error TS1005: ';' expected.
lib/visualLab/data/poiExtraBelizeEconomicV2.ts(312,6): error TS1128: Declaration or statement expected.
lib/visualLab/data/poiExtraBelizeEconomicV2.ts(315,9): error TS1005: ';' expected.
lib/visualLab/data/poiExtraBelizeEconomicV2.ts(316,9): error TS1005: ';' expected.
lib/visualLab/data/poiExtraBelizeEconomicV2.ts(317,9): error TS1005: ';' expected.
lib/visualLab/data/poiExtraBelizeEconomicV2.ts(318,6): error TS1128: Declaration or statement expected.
lib/visualLab/data/poiExtraBelizeEconomicV2.ts(321,9): error TS1005: ';' expected.
lib/visualLab/data/poiExtraBelizeEconomicV2.ts(322,9): error TS1005: ';' expected.
lib/visualLab/data/poiExtraBelizeEconomicV2.ts(323,9): error TS1005: ';' expected.
lib/visualLab/data/poiExtraBelizeEconomicV2.ts(324,6): error TS1128: Declaration or statement expected.
lib/visualLab/data/poiExtraBelizeEconomicV2.ts(327,9): error TS1005: ';' expected.
lib/visualLab/data/poiExtraBelizeEconomicV2.ts(328,9): error TS1005: ';' expected.
lib/visualLab/data/poiExtraBelizeEconomicV2.ts(329,9): error TS1005: ';' expected.
lib/visualLab/data/poiExtraBelizeEconomicV2.ts(330,6): error TS1128: Declaration or statement expected.
lib/visualLab/data/poiExtraBelizeEconomicV2.ts(333,9): error TS1005: ';' expected.
lib/visualLab/data/poiExtraBelizeEconomicV2.ts(334,9): error TS1005: ';' expected.
lib/visualLab/data/poiExtraBelizeEconomicV2.ts(335,9): error TS1005: ';' expected.
lib/visualLab/data/poiExtraBelizeEconomicV2.ts(337,4): error TS1128: Declaration or statement expected.
lib/visualLab/data/poiExtraBelizeEconomicV2.ts(340,9): error TS1005: ';' expected.
lib/visualLab/data/poiExtraBelizeEconomicV2.ts(341,11): error TS1005: ';' expected.
lib/visualLab/data/poiExtraBelizeEconomicV2.ts(342,11): error TS1005: ';' expected.
lib/visualLab/data/poiExtraBelizeEconomicV2.ts(343,9): error TS1005: ';' expected.
lib/visualLab/data/poiExtraBelizeEconomicV2.ts(345,9): error TS1005: ';' expected.
lib/visualLab/data/poiExtraBelizeEconomicV2.ts(346,9): error TS1005: ';' expected.
lib/visualLab/data/poiExtraBelizeEconomicV2.ts(347,9): error TS1005: ';' expected.
lib/visualLab/data/poiExtraBelizeEconomicV2.ts(348,6): error TS1128: Declaration or statement expected.
lib/visualLab/data/poiExtraBelizeEconomicV2.ts(351,9): error TS1005: ';' expected.
lib/visualLab/data/poiExtraBelizeEconomicV2.ts(352,9): error TS1005: ';' expected.
lib/visualLab/data/poiExtraBelizeEconomicV2.ts(353,9): error TS1005: ';' expected.
lib/visualLab/data/poiExtraBelizeEconomicV2.ts(354,6): error TS1128: Declaration or statement expected.
lib/visualLab/data/poiExtraBelizeEconomicV2.ts(357,9): error TS1005: ';' expected.
lib/visualLab/data/poiExtraBelizeEconomicV2.ts(358,9): error TS1005: ';' expected.
lib/visualLab/data/poiExtraBelizeEconomicV2.ts(359,9): error TS1005: ';' expected.
lib/visualLab/data/poiExtraBelizeEconomicV2.ts(360,6): error TS1128: Declaration or statement expected.
lib/visualLab/data/poiExtraBelizeEconomicV2.ts(363,9): error TS1005: ';' expected.
lib/visualLab/data/poiExtraBelizeEconomicV2.ts(364,9): error TS1005: ';' expected.
lib/visualLab/data/poiExtraBelizeEconomicV2.ts(365,9): error TS1005: ';' expected.
lib/visualLab/data/poiExtraBelizeEconomicV2.ts(366,6): error TS1128: Declaration or statement expected.
lib/visualLab/data/poiExtraBelizeEconomicV2.ts(369,9): error TS1005: ';' expected.
lib/visualLab/data/poiExtraBelizeEconomicV2.ts(370,9): error TS1005: ';' expected.
lib/visualLab/data/poiExtraBelizeEconomicV2.ts(371,9): error TS1005: ';' expected.
lib/visualLab/data/poiExtraBelizeEconomicV2.ts(373,4): error TS1128: Declaration or statement expected.
lib/visualLab/data/poiExtraBelizeEconomicV2.ts(376,9): error TS1005: ';' expected.
lib/visualLab/data/poiExtraBelizeEconomicV2.ts(377,11): error TS1005: ';' expected.
lib/visualLab/data/poiExtraBelizeEconomicV2.ts(378,11): error TS1005: ';' expected.
lib/visualLab/data/poiExtraBelizeEconomicV2.ts(379,9): error TS1005: ';' expected.
lib/visualLab/data/poiExtraBelizeEconomicV2.ts(381,9): error TS1005: ';' expected.
lib/visualLab/data/poiExtraBelizeEconomicV2.ts(382,9): error TS1005: ';' expected.
lib/visualLab/data/poiExtraBelizeEconomicV2.ts(383,9): error TS1005: ';' expected.
lib/visualLab/data/poiExtraBelizeEconomicV2.ts(384,6): error TS1128: Declaration or statement expected.
lib/visualLab/data/poiExtraBelizeEconomicV2.ts(387,9): error TS1005: ';' expected.
lib/visualLab/data/poiExtraBelizeEconomicV2.ts(388,9): error TS1005: ';' expected.
lib/visualLab/data/poiExtraBelizeEconomicV2.ts(389,9): error TS1005: ';' expected.
lib/visualLab/data/poiExtraBelizeEconomicV2.ts(390,6): error TS1128: Declaration or statement expected.
lib/visualLab/data/poiExtraBelizeEconomicV2.ts(393,9): error TS1005: ';' expected.
lib/visualLab/data/poiExtraBelizeEconomicV2.ts(394,9): error TS1005: ';' expected.
lib/visualLab/data/poiExtraBelizeEconomicV2.ts(395,9): error TS1005: ';' expected.
lib/visualLab/data/poiExtraBelizeEconomicV2.ts(396,6): error TS1128: Declaration or statement expected.
lib/visualLab/data/poiExtraBelizeEconomicV2.ts(399,9): error TS1005: ';' expected.
lib/visualLab/data/poiExtraBelizeEconomicV2.ts(400,9): error TS1005: ';' expected.
lib/visualLab/data/poiExtraBelizeEconomicV2.ts(401,9): error TS1005: ';' expected.
lib/visualLab/data/poiExtraBelizeEconomicV2.ts(402,6): error TS1128: Declaration or statement expected.
lib/visualLab/data/poiExtraBelizeEconomicV2.ts(405,9): error TS1005: ';' expected.
lib/visualLab/data/poiExtraBelizeEconomicV2.ts(406,9): error TS1005: ';' expected.
lib/visualLab/data/poiExtraBelizeEconomicV2.ts(407,9): error TS1005: ';' expected.
lib/visualLab/data/poiExtraBelizeEconomicV2.ts(409,4): error TS1128: Declaration or statement expected.
lib/visualLab/data/poiExtraBelizeEconomicV2.ts(412,9): error TS1005: ';' expected.
lib/visualLab/data/poiExtraBelizeEconomicV2.ts(413,11): error TS1005: ';' expected.
lib/visualLab/data/poiExtraBelizeEconomicV2.ts(414,11): error TS1005: ';' expected.
lib/visualLab/data/poiExtraBelizeEconomicV2.ts(415,9): error TS1005: ';' expected.
lib/visualLab/data/poiExtraBelizeEconomicV2.ts(417,9): error TS1005: ';' expected.
lib/visualLab/data/poiExtraBelizeEconomicV2.ts(418,9): error TS1005: ';' expected.
lib/visualLab/data/poiExtraBelizeEconomicV2.ts(419,9): error TS1005: ';' expected.
lib/visualLab/data/poiExtraBelizeEconomicV2.ts(420,6): error TS1128: Declaration or statement expected.
lib/visualLab/data/poiExtraBelizeEconomicV2.ts(423,9): error TS1005: ';' expected.
lib/visualLab/data/poiExtraBelizeEconomicV2.ts(424,9): error TS1005: ';' expected.
lib/visualLab/data/poiExtraBelizeEconomicV2.ts(425,9): error TS1005: ';' expected.
lib/visualLab/data/poiExtraBelizeEconomicV2.ts(426,6): error TS1128: Declaration or statement expected.
lib/visualLab/data/poiExtraBelizeEconomicV2.ts(429,9): error TS1005: ';' expected.
lib/visualLab/data/poiExtraBelizeEconomicV2.ts(430,9): error TS1005: ';' expected.
lib/visualLab/data/poiExtraBelizeEconomicV2.ts(431,9): error TS1005: ';' expected.
lib/visualLab/data/poiExtraBelizeEconomicV2.ts(432,6): error TS1128: Declaration or statement expected.
lib/visualLab/data/poiExtraBelizeEconomicV2.ts(435,9): error TS1005: ';' expected.
lib/visualLab/data/poiExtraBelizeEconomicV2.ts(436,9): error TS1005: ';' expected.
lib/visualLab/data/poiExtraBelizeEconomicV2.ts(437,9): error TS1005: ';' expected.
lib/visualLab/data/poiExtraBelizeEconomicV2.ts(438,6): error TS1128: Declaration or statement expected.
lib/visualLab/data/poiExtraBelizeEconomicV2.ts(441,9): error TS1005: ';' expected.
lib/visualLab/data/poiExtraBelizeEconomicV2.ts(442,9): error TS1005: ';' expected.
lib/visualLab/data/poiExtraBelizeEconomicV2.ts(443,9): error TS1005: ';' expected.
lib/visualLab/data/poiExtraBelizeEconomicV2.ts(445,4): error TS1128: Declaration or statement expected.
lib/visualLab/data/poiExtraBelizeEconomicV2.ts(448,9): error TS1005: ';' expected.
lib/visualLab/data/poiExtraBelizeEconomicV2.ts(449,11): error TS1005: ';' expected.
lib/visualLab/data/poiExtraBelizeEconomicV2.ts(450,11): error TS1005: ';' expected.
lib/visualLab/data/poiExtraBelizeEconomicV2.ts(451,9): error TS1005: ';' expected.
lib/visualLab/data/poiExtraBelizeEconomicV2.ts(453,9): error TS1005: ';' expected.
lib/visualLab/data/poiExtraBelizeEconomicV2.ts(454,9): error TS1005: ';' expected.
lib/visualLab/data/poiExtraBelizeEconomicV2.ts(455,9): error TS1005: ';' expected.
lib/visualLab/data/poiExtraBelizeEconomicV2.ts(456,6): error TS1128: Declaration or statement expected.
lib/visualLab/data/poiExtraBelizeEconomicV2.ts(459,9): error TS1005: ';' expected.
lib/visualLab/data/poiExtraBelizeEconomicV2.ts(460,9): error TS1005: ';' expected.
lib/visualLab/data/poiExtraBelizeEconomicV2.ts(461,9): error TS1005: ';' expected.
lib/visualLab/data/poiExtraBelizeEconomicV2.ts(462,6): error TS1128: Declaration or statement expected.
lib/visualLab/data/poiExtraBelizeEconomicV2.ts(465,9): error TS1005: ';' expected.
lib/visualLab/data/poiExtraBelizeEconomicV2.ts(466,9): error TS1005: ';' expected.
lib/visualLab/data/poiExtraBelizeEconomicV2.ts(467,9): error TS1005: ';' expected.
lib/visualLab/data/poiExtraBelizeEconomicV2.ts(468,6): error TS1128: Declaration or statement expected.
lib/visualLab/data/poiExtraBelizeEconomicV2.ts(471,9): error TS1005: ';' expected.
lib/visualLab/data/poiExtraBelizeEconomicV2.ts(472,9): error TS1005: ';' expected.
lib/visualLab/data/poiExtraBelizeEconomicV2.ts(473,9): error TS1005: ';' expected.
lib/visualLab/data/poiExtraBelizeEconomicV2.ts(474,6): error TS1128: Declaration or statement expected.
lib/visualLab/data/poiExtraBelizeEconomicV2.ts(477,9): error TS1005: ';' expected.
lib/visualLab/data/poiExtraBelizeEconomicV2.ts(478,9): error TS1005: ';' expected.
lib/visualLab/data/poiExtraBelizeEconomicV2.ts(479,9): error TS1005: ';' expected.
lib/visualLab/data/poiExtraBelizeEconomicV2.ts(481,4): error TS1128: Declaration or statement expected.
lib/visualLab/data/poiExtraBelizeEconomicV2.ts(484,9): error TS1005: ';' expected.
lib/visualLab/data/poiExtraBelizeEconomicV2.ts(485,11): error TS1005: ';' expected.
lib/visualLab/data/poiExtraBelizeEconomicV2.ts(486,11): error TS1005: ';' expected.
lib/visualLab/data/poiExtraBelizeEconomicV2.ts(487,9): error TS1005: ';' expected.
lib/visualLab/data/poiExtraBelizeEconomicV2.ts(489,9): error TS1005: ';' expected.
lib/visualLab/data/poiExtraBelizeEconomicV2.ts(490,9): error TS1005: ';' expected.
lib/visualLab/data/poiExtraBelizeEconomicV2.ts(491,9): error TS1005: ';' expected.
lib/visualLab/data/poiExtraBelizeEconomicV2.ts(492,6): error TS1128: Declaration or statement expected.
lib/visualLab/data/poiExtraBelizeEconomicV2.ts(495,9): error TS1005: ';' expected.
lib/visualLab/data/poiExtraBelizeEconomicV2.ts(496,9): error TS1005: ';' expected.
lib/visualLab/data/poiExtraBelizeEconomicV2.ts(497,9): error TS1005: ';' expected.
lib/visualLab/data/poiExtraBelizeEconomicV2.ts(498,6): error TS1128: Declaration or statement expected.
lib/visualLab/data/poiExtraBelizeEconomicV2.ts(501,9): error TS1005: ';' expected.
lib/visualLab/data/poiExtraBelizeEconomicV2.ts(502,9): error TS1005: ';' expected.
lib/visualLab/data/poiExtraBelizeEconomicV2.ts(503,9): error TS1005: ';' expected.
lib/visualLab/data/poiExtraBelizeEconomicV2.ts(504,6): error TS1128: Declaration or statement expected.
lib/visualLab/data/poiExtraBelizeEconomicV2.ts(507,9): error TS1005: ';' expected.
lib/visualLab/data/poiExtraBelizeEconomicV2.ts(508,9): error TS1005: ';' expected.
lib/visualLab/data/poiExtraBelizeEconomicV2.ts(509,9): error TS1005: ';' expected.
lib/visualLab/data/poiExtraBelizeEconomicV2.ts(510,6): error TS1128: Declaration or statement expected.
lib/visualLab/data/poiExtraBelizeEconomicV2.ts(513,9): error TS1005: ';' expected.
lib/visualLab/data/poiExtraBelizeEconomicV2.ts(514,9): error TS1005: ';' expected.
lib/visualLab/data/poiExtraBelizeEconomicV2.ts(515,9): error TS1005: ';' expected.
lib/visualLab/data/poiExtraBelizeEconomicV2.ts(517,4): error TS1128: Declaration or statement expected.
lib/visualLab/data/poiExtraBelizeEconomicV2.ts(520,9): error TS1005: ';' expected.
lib/visualLab/data/poiExtraBelizeEconomicV2.ts(521,11): error TS1005: ';' expected.
lib/visualLab/data/poiExtraBelizeEconomicV2.ts(522,11): error TS1005: ';' expected.
lib/visualLab/data/poiExtraBelizeEconomicV2.ts(523,9): error TS1005: ';' expected.
lib/visualLab/data/poiExtraBelizeEconomicV2.ts(525,9): error TS1005: ';' expected.
lib/visualLab/data/poiExtraBelizeEconomicV2.ts(526,9): error TS1005: ';' expected.
lib/visualLab/data/poiExtraBelizeEconomicV2.ts(527,9): error TS1005: ';' expected.
lib/visualLab/data/poiExtraBelizeEconomicV2.ts(528,6): error TS1128: Declaration or statement expected.
lib/visualLab/data/poiExtraBelizeEconomicV2.ts(531,9): error TS1005: ';' expected.
lib/visualLab/data/poiExtraBelizeEconomicV2.ts(532,9): error TS1005: ';' expected.
lib/visualLab/data/poiExtraBelizeEconomicV2.ts(533,9): error TS1005: ';' expected.
lib/visualLab/data/poiExtraBelizeEconomicV2.ts(534,6): error TS1128: Declaration or statement expected.
lib/visualLab/data/poiExtraBelizeEconomicV2.ts(537,9): error TS1005: ';' expected.
lib/visualLab/data/poiExtraBelizeEconomicV2.ts(538,9): error TS1005: ';' expected.
lib/visualLab/data/poiExtraBelizeEconomicV2.ts(539,9): error TS1005: ';' expected.
lib/visualLab/data/poiExtraBelizeEconomicV2.ts(540,6): error TS1128: Declaration or statement expected.
lib/visualLab/data/poiExtraBelizeEconomicV2.ts(543,9): error TS1005: ';' expected.
lib/visualLab/data/poiExtraBelizeEconomicV2.ts(544,9): error TS1005: ';' expected.
lib/visualLab/data/poiExtraBelizeEconomicV2.ts(545,9): error TS1005: ';' expected.
lib/visualLab/data/poiExtraBelizeEconomicV2.ts(546,6): error TS1128: Declaration or statement expected.
lib/visualLab/data/poiExtraBelizeEconomicV2.ts(549,9): error TS1005: ';' expected.
lib/visualLab/data/poiExtraBelizeEconomicV2.ts(550,9): error TS1005: ';' expected.
lib/visualLab/data/poiExtraBelizeEconomicV2.ts(551,9): error TS1005: ';' expected.
lib/visualLab/data/poiExtraBelizeEconomicV2.ts(553,4): error TS1128: Declaration or statement expected.
lib/visualLab/data/poiExtraBelizeEconomicV2.ts(556,9): error TS1005: ';' expected.
lib/visualLab/data/poiExtraBelizeEconomicV2.ts(557,11): error TS1005: ';' expected.
lib/visualLab/data/poiExtraBelizeEconomicV2.ts(558,11): error TS1005: ';' expected.
lib/visualLab/data/poiExtraBelizeEconomicV2.ts(559,9): error TS1005: ';' expected.
lib/visualLab/data/poiExtraBelizeEconomicV2.ts(561,9): error TS1005: ';' expected.
lib/visualLab/data/poiExtraBelizeEconomicV2.ts(562,9): error TS1005: ';' expected.
lib/visualLab/data/poiExtraBelizeEconomicV2.ts(563,9): error TS1005: ';' expected.
lib/visualLab/data/poiExtraBelizeEconomicV2.ts(564,6): error TS1128: Declaration or statement expected.
lib/visualLab/data/poiExtraBelizeEconomicV2.ts(567,9): error TS1005: ';' expected.
lib/visualLab/data/poiExtraBelizeEconomicV2.ts(568,9): error TS1005: ';' expected.
lib/visualLab/data/poiExtraBelizeEconomicV2.ts(569,9): error TS1005: ';' expected.
lib/visualLab/data/poiExtraBelizeEconomicV2.ts(570,6): error TS1128: Declaration or statement expected.
lib/visualLab/data/poiExtraBelizeEconomicV2.ts(573,9): error TS1005: ';' expected.
lib/visualLab/data/poiExtraBelizeEconomicV2.ts(574,9): error TS1005: ';' expected.
lib/visualLab/data/poiExtraBelizeEconomicV2.ts(575,9): error TS1005: ';' expected.
lib/visualLab/data/poiExtraBelizeEconomicV2.ts(576,6): error TS1128: Declaration or statement expected.
lib/visualLab/data/poiExtraBelizeEconomicV2.ts(579,9): error TS1005: ';' expected.
lib/visualLab/data/poiExtraBelizeEconomicV2.ts(580,9): error TS1005: ';' expected.
lib/visualLab/data/poiExtraBelizeEconomicV2.ts(581,9): error TS1005: ';' expected.
lib/visualLab/data/poiExtraBelizeEconomicV2.ts(582,6): error TS1128: Declaration or statement expected.
lib/visualLab/data/poiExtraBelizeEconomicV2.ts(585,9): error TS1005: ';' expected.
lib/visualLab/data/poiExtraBelizeEconomicV2.ts(586,9): error TS1005: ';' expected.
lib/visualLab/data/poiExtraBelizeEconomicV2.ts(587,9): error TS1005: ';' expected.
lib/visualLab/data/poiExtraBelizeEconomicV2.ts(589,4): error TS1128: Declaration or statement expected.
lib/visualLab/data/poiExtraBelizeEconomicV2.ts(592,9): error TS1005: ';' expected.
lib/visualLab/data/poiExtraBelizeEconomicV2.ts(593,11): error TS1005: ';' expected.
lib/visualLab/data/poiExtraBelizeEconomicV2.ts(594,11): error TS1005: ';' expected.
lib/visualLab/data/poiExtraBelizeEconomicV2.ts(595,9): error TS1005: ';' expected.
lib/visualLab/data/poiExtraBelizeEconomicV2.ts(597,9): error TS1005: ';' expected.
lib/visualLab/data/poiExtraBelizeEconomicV2.ts(598,9): error TS1005: ';' expected.
lib/visualLab/data/poiExtraBelizeEconomicV2.ts(599,9): error TS1005: ';' expected.
lib/visualLab/data/poiExtraBelizeEconomicV2.ts(600,6): error TS1128: Declaration or statement expected.
lib/visualLab/data/poiExtraBelizeEconomicV2.ts(603,9): error TS1005: ';' expected.
lib/visualLab/data/poiExtraBelizeEconomicV2.ts(604,9): error TS1005: ';' expected.
lib/visualLab/data/poiExtraBelizeEconomicV2.ts(605,9): error TS1005: ';' expected.
lib/visualLab/data/poiExtraBelizeEconomicV2.ts(606,6): error TS1128: Declaration or statement expected.
lib/visualLab/data/poiExtraBelizeEconomicV2.ts(609,9): error TS1005: ';' expected.
lib/visualLab/data/poiExtraBelizeEconomicV2.ts(610,9): error TS1005: ';' expected.
lib/visualLab/data/poiExtraBelizeEconomicV2.ts(611,9): error TS1005: ';' expected.
lib/visualLab/data/poiExtraBelizeEconomicV2.ts(612,6): error TS1128: Declaration or statement expected.
lib/visualLab/data/poiExtraBelizeEconomicV2.ts(615,9): error TS1005: ';' expected.
lib/visualLab/data/poiExtraBelizeEconomicV2.ts(616,9): error TS1005: ';' expected.
lib/visualLab/data/poiExtraBelizeEconomicV2.ts(617,9): error TS1005: ';' expected.
lib/visualLab/data/poiExtraBelizeEconomicV2.ts(618,6): error TS1128: Declaration or statement expected.
lib/visualLab/data/poiExtraBelizeEconomicV2.ts(621,9): error TS1005: ';' expected.
lib/visualLab/data/poiExtraBelizeEconomicV2.ts(622,9): error TS1005: ';' expected.
lib/visualLab/data/poiExtraBelizeEconomicV2.ts(623,9): error TS1005: ';' expected.
lib/visualLab/data/poiExtraBelizeEconomicV2.ts(625,4): error TS1128: Declaration or statement expected.
lib/visualLab/data/poiExtraBelizeEconomicV2.ts(628,9): error TS1005: ';' expected.
lib/visualLab/data/poiExtraBelizeEconomicV2.ts(629,11): error TS1005: ';' expected.
lib/visualLab/data/poiExtraBelizeEconomicV2.ts(630,11): error TS1005: ';' expected.
lib/visualLab/data/poiExtraBelizeEconomicV2.ts(631,9): error TS1005: ';' expected.
lib/visualLab/data/poiExtraBelizeEconomicV2.ts(633,9): error TS1005: ';' expected.
lib/visualLab/data/poiExtraBelizeEconomicV2.ts(634,9): error TS1005: ';' expected.
lib/visualLab/data/poiExtraBelizeEconomicV2.ts(635,9): error TS1005: ';' expected.
lib/visualLab/data/poiExtraBelizeEconomicV2.ts(636,6): error TS1128: Declaration or statement expected.
lib/visualLab/data/poiExtraBelizeEconomicV2.ts(639,9): error TS1005: ';' expected.
lib/visualLab/data/poiExtraBelizeEconomicV2.ts(640,9): error TS1005: ';' expected.
lib/visualLab/data/poiExtraBelizeEconomicV2.ts(641,9): error TS1005: ';' expected.
lib/visualLab/data/poiExtraBelizeEconomicV2.ts(642,6): error TS1128: Declaration or statement expected.
lib/visualLab/data/poiExtraBelizeEconomicV2.ts(645,9): error TS1005: ';' expected.
lib/visualLab/data/poiExtraBelizeEconomicV2.ts(646,9): error TS1005: ';' expected.
lib/visualLab/data/poiExtraBelizeEconomicV2.ts(647,9): error TS1005: ';' expected.
lib/visualLab/data/poiExtraBelizeEconomicV2.ts(648,6): error TS1128: Declaration or statement expected.
lib/visualLab/data/poiExtraBelizeEconomicV2.ts(651,9): error TS1005: ';' expected.
lib/visualLab/data/poiExtraBelizeEconomicV2.ts(652,9): error TS1005: ';' expected.
lib/visualLab/data/poiExtraBelizeEconomicV2.ts(653,9): error TS1005: ';' expected.
lib/visualLab/data/poiExtraBelizeEconomicV2.ts(654,6): error TS1128: Declaration or statement expected.
lib/visualLab/data/poiExtraBelizeEconomicV2.ts(657,9): error TS1005: ';' expected.
lib/visualLab/data/poiExtraBelizeEconomicV2.ts(658,9): error TS1005: ';' expected.
lib/visualLab/data/poiExtraBelizeEconomicV2.ts(659,9): error TS1005: ';' expected.
lib/visualLab/data/poiExtraBelizeEconomicV2.ts(661,4): error TS1128: Declaration or statement expected.
lib/visualLab/data/poiExtraBelizeEconomicV2.ts(664,9): error TS1005: ';' expected.
lib/visualLab/data/poiExtraBelizeEconomicV2.ts(665,11): error TS1005: ';' expected.
lib/visualLab/data/poiExtraBelizeEconomicV2.ts(666,11): error TS1005: ';' expected.
lib/visualLab/data/poiExtraBelizeEconomicV2.ts(667,9): error TS1005: ';' expected.
lib/visualLab/data/poiExtraBelizeEconomicV2.ts(669,9): error TS1005: ';' expected.
lib/visualLab/data/poiExtraBelizeEconomicV2.ts(670,9): error TS1005: ';' expected.
lib/visualLab/data/poiExtraBelizeEconomicV2.ts(671,9): error TS1005: ';' expected.
lib/visualLab/data/poiExtraBelizeEconomicV2.ts(672,6): error TS1128: Declaration or statement expected.
lib/visualLab/data/poiExtraBelizeEconomicV2.ts(675,9): error TS1005: ';' expected.
lib/visualLab/data/poiExtraBelizeEconomicV2.ts(676,9): error TS1005: ';' expected.
lib/visualLab/data/poiExtraBelizeEconomicV2.ts(677,9): error TS1005: ';' expected.
lib/visualLab/data/poiExtraBelizeEconomicV2.ts(678,6): error TS1128: Declaration or statement expected.
lib/visualLab/data/poiExtraBelizeEconomicV2.ts(681,9): error TS1005: ';' expected.
lib/visualLab/data/poiExtraBelizeEconomicV2.ts(682,9): error TS1005: ';' expected.
lib/visualLab/data/poiExtraBelizeEconomicV2.ts(683,9): error TS1005: ';' expected.
lib/visualLab/data/poiExtraBelizeEconomicV2.ts(684,6): error TS1128: Declaration or statement expected.
lib/visualLab/data/poiExtraBelizeEconomicV2.ts(687,9): error TS1005: ';' expected.
lib/visualLab/data/poiExtraBelizeEconomicV2.ts(688,9): error TS1005: ';' expected.
lib/visualLab/data/poiExtraBelizeEconomicV2.ts(689,9): error TS1005: ';' expected.
lib/visualLab/data/poiExtraBelizeEconomicV2.ts(690,6): error TS1128: Declaration or statement expected.
lib/visualLab/data/poiExtraBelizeEconomicV2.ts(693,9): error TS1005: ';' expected.
lib/visualLab/data/poiExtraBelizeEconomicV2.ts(694,9): error TS1005: ';' expected.
lib/visualLab/data/poiExtraBelizeEconomicV2.ts(695,9): error TS1005: ';' expected.
lib/visualLab/data/poiExtraBelizeEconomicV2.ts(697,4): error TS1128: Declaration or statement expected.
lib/visualLab/data/poiExtraBelizeEconomicV2.ts(700,9): error TS1005: ';' expected.
lib/visualLab/data/poiExtraBelizeEconomicV2.ts(701,11): error TS1005: ';' expected.
lib/visualLab/data/poiExtraBelizeEconomicV2.ts(702,11): error TS1005: ';' expected.
lib/visualLab/data/poiExtraBelizeEconomicV2.ts(703,9): error TS1005: ';' expected.
lib/visualLab/data/poiExtraBelizeEconomicV2.ts(705,9): error TS1005: ';' expected.
lib/visualLab/data/poiExtraBelizeEconomicV2.ts(706,9): error TS1005: ';' expected.
lib/visualLab/data/poiExtraBelizeEconomicV2.ts(707,9): error TS1005: ';' expected.
lib/visualLab/data/poiExtraBelizeEconomicV2.ts(708,6): error TS1128: Declaration or statement expected.
lib/visualLab/data/poiExtraBelizeEconomicV2.ts(711,9): error TS1005: ';' expected.
lib/visualLab/data/poiExtraBelizeEconomicV2.ts(712,9): error TS1005: ';' expected.
lib/visualLab/data/poiExtraBelizeEconomicV2.ts(713,9): error TS1005: ';' expected.
lib/visualLab/data/poiExtraBelizeEconomicV2.ts(714,6): error TS1128: Declaration or statement expected.
lib/visualLab/data/poiExtraBelizeEconomicV2.ts(717,9): error TS1005: ';' expected.
lib/visualLab/data/poiExtraBelizeEconomicV2.ts(718,9): error TS1005: ';' expected.
lib/visualLab/data/poiExtraBelizeEconomicV2.ts(719,9): error TS1005: ';' expected.
lib/visualLab/data/poiExtraBelizeEconomicV2.ts(720,6): error TS1128: Declaration or statement expected.
lib/visualLab/data/poiExtraBelizeEconomicV2.ts(723,9): error TS1005: ';' expected.
lib/visualLab/data/poiExtraBelizeEconomicV2.ts(724,9): error TS1005: ';' expected.
lib/visualLab/data/poiExtraBelizeEconomicV2.ts(725,9): error TS1005: ';' expected.
lib/visualLab/data/poiExtraBelizeEconomicV2.ts(726,6): error TS1128: Declaration or statement expected.
lib/visualLab/data/poiExtraBelizeEconomicV2.ts(729,9): error TS1005: ';' expected.
lib/visualLab/data/poiExtraBelizeEconomicV2.ts(730,9): error TS1005: ';' expected.
lib/visualLab/data/poiExtraBelizeEconomicV2.ts(731,9): error TS1005: ';' expected.
lib/visualLab/data/poiExtraBelizeEconomicV2.ts(733,4): error TS1128: Declaration or statement expected.
lib/visualLab/data/poiExtraBelizeEconomicV2.ts(736,9): error TS1005: ';' expected.
lib/visualLab/data/poiExtraBelizeEconomicV2.ts(737,11): error TS1005: ';' expected.
lib/visualLab/data/poiExtraBelizeEconomicV2.ts(738,11): error TS1005: ';' expected.
lib/visualLab/data/poiExtraBelizeEconomicV2.ts(739,9): error TS1005: ';' expected.
lib/visualLab/data/poiExtraBelizeEconomicV2.ts(741,9): error TS1005: ';' expected.
lib/visualLab/data/poiExtraBelizeEconomicV2.ts(742,9): error TS1005: ';' expected.
lib/visualLab/data/poiExtraBelizeEconomicV2.ts(743,9): error TS1005: ';' expected.
lib/visualLab/data/poiExtraBelizeEconomicV2.ts(744,6): error TS1128: Declaration or statement expected.
lib/visualLab/data/poiExtraBelizeEconomicV2.ts(747,9): error TS1005: ';' expected.
lib/visualLab/data/poiExtraBelizeEconomicV2.ts(748,9): error TS1005: ';' expected.
lib/visualLab/data/poiExtraBelizeEconomicV2.ts(749,9): error TS1005: ';' expected.
lib/visualLab/data/poiExtraBelizeEconomicV2.ts(750,6): error TS1128: Declaration or statement expected.
lib/visualLab/data/poiExtraBelizeEconomicV2.ts(753,9): error TS1005: ';' expected.
lib/visualLab/data/poiExtraBelizeEconomicV2.ts(754,9): error TS1005: ';' expected.
lib/visualLab/data/poiExtraBelizeEconomicV2.ts(755,9): error TS1005: ';' expected.
lib/visualLab/data/poiExtraBelizeEconomicV2.ts(756,6): error TS1128: Declaration or statement expected.
lib/visualLab/data/poiExtraBelizeEconomicV2.ts(759,9): error TS1005: ';' expected.
lib/visualLab/data/poiExtraBelizeEconomicV2.ts(760,9): error TS1005: ';' expected.
lib/visualLab/data/poiExtraBelizeEconomicV2.ts(761,9): error TS1005: ';' expected.
lib/visualLab/data/poiExtraBelizeEconomicV2.ts(762,6): error TS1128: Declaration or statement expected.
lib/visualLab/data/poiExtraBelizeEconomicV2.ts(765,9): error TS1005: ';' expected.
lib/visualLab/data/poiExtraBelizeEconomicV2.ts(766,9): error TS1005: ';' expected.
lib/visualLab/data/poiExtraBelizeEconomicV2.ts(767,9): error TS1005: ';' expected.
lib/visualLab/data/poiExtraBelizeEconomicV2.ts(769,4): error TS1128: Declaration or statement expected.
lib/visualLab/data/poiExtraBelizeEconomicV2.ts(772,9): error TS1005: ';' expected.
lib/visualLab/data/poiExtraBelizeEconomicV2.ts(773,11): error TS1005: ';' expected.
lib/visualLab/data/poiExtraBelizeEconomicV2.ts(774,11): error TS1005: ';' expected.
lib/visualLab/data/poiExtraBelizeEconomicV2.ts(775,9): error TS1005: ';' expected.
lib/visualLab/data/poiExtraBelizeEconomicV2.ts(777,9): error TS1005: ';' expected.
lib/visualLab/data/poiExtraBelizeEconomicV2.ts(778,9): error TS1005: ';' expected.
lib/visualLab/data/poiExtraBelizeEconomicV2.ts(779,9): error TS1005: ';' expected.
lib/visualLab/data/poiExtraBelizeEconomicV2.ts(780,6): error TS1128: Declaration or statement expected.
lib/visualLab/data/poiExtraBelizeEconomicV2.ts(783,9): error TS1005: ';' expected.
lib/visualLab/data/poiExtraBelizeEconomicV2.ts(784,9): error TS1005: ';' expected.
lib/visualLab/data/poiExtraBelizeEconomicV2.ts(785,9): error TS1005: ';' expected.
lib/visualLab/data/poiExtraBelizeEconomicV2.ts(786,6): error TS1128: Declaration or statement expected.
lib/visualLab/data/poiExtraBelizeEconomicV2.ts(789,9): error TS1005: ';' expected.
lib/visualLab/data/poiExtraBelizeEconomicV2.ts(790,9): error TS1005: ';' expected.
lib/visualLab/data/poiExtraBelizeEconomicV2.ts(791,9): error TS1005: ';' expected.
lib/visualLab/data/poiExtraBelizeEconomicV2.ts(792,6): error TS1128: Declaration or statement expected.
lib/visualLab/data/poiExtraBelizeEconomicV2.ts(795,9): error TS1005: ';' expected.
lib/visualLab/data/poiExtraBelizeEconomicV2.ts(796,9): error TS1005: ';' expected.
lib/visualLab/data/poiExtraBelizeEconomicV2.ts(797,9): error TS1005: ';' expected.
lib/visualLab/data/poiExtraBelizeEconomicV2.ts(798,6): error TS1128: Declaration or statement expected.
lib/visualLab/data/poiExtraBelizeEconomicV2.ts(801,9): error TS1005: ';' expected.
lib/visualLab/data/poiExtraBelizeEconomicV2.ts(802,9): error TS1005: ';' expected.
lib/visualLab/data/poiExtraBelizeEconomicV2.ts(803,9): error TS1005: ';' expected.
lib/visualLab/data/poiExtraBelizeEconomicV2.ts(805,4): error TS1128: Declaration or statement expected.
lib/visualLab/data/poiExtraBelizeEconomicV2.ts(808,9): error TS1005: ';' expected.
lib/visualLab/data/poiExtraBelizeEconomicV2.ts(809,11): error TS1005: ';' expected.
lib/visualLab/data/poiExtraBelizeEconomicV2.ts(810,11): error TS1005: ';' expected.
lib/visualLab/data/poiExtraBelizeEconomicV2.ts(811,9): error TS1005: ';' expected.
lib/visualLab/data/poiExtraBelizeEconomicV2.ts(813,9): error TS1005: ';' expected.
lib/visualLab/data/poiExtraBelizeEconomicV2.ts(814,9): error TS1005: ';' expected.
lib/visualLab/data/poiExtraBelizeEconomicV2.ts(815,9): error TS1005: ';' expected.
lib/visualLab/data/poiExtraBelizeEconomicV2.ts(816,6): error TS1128: Declaration or statement expected.
lib/visualLab/data/poiExtraBelizeEconomicV2.ts(819,9): error TS1005: ';' expected.
lib/visualLab/data/poiExtraBelizeEconomicV2.ts(820,9): error TS1005: ';' expected.
lib/visualLab/data/poiExtraBelizeEconomicV2.ts(821,9): error TS1005: ';' expected.
lib/visualLab/data/poiExtraBelizeEconomicV2.ts(822,6): error TS1128: Declaration or statement expected.
lib/visualLab/data/poiExtraBelizeEconomicV2.ts(825,9): error TS1005: ';' expected.
lib/visualLab/data/poiExtraBelizeEconomicV2.ts(826,9): error TS1005: ';' expected.
lib/visualLab/data/poiExtraBelizeEconomicV2.ts(827,9): error TS1005: ';' expected.
lib/visualLab/data/poiExtraBelizeEconomicV2.ts(828,6): error TS1128: Declaration or statement expected.
lib/visualLab/data/poiExtraBelizeEconomicV2.ts(831,9): error TS1005: ';' expected.
lib/visualLab/data/poiExtraBelizeEconomicV2.ts(832,9): error TS1005: ';' expected.
lib/visualLab/data/poiExtraBelizeEconomicV2.ts(833,9): error TS1005: ';' expected.
lib/visualLab/data/poiExtraBelizeEconomicV2.ts(834,6): error TS1128: Declaration or statement expected.
lib/visualLab/data/poiExtraBelizeEconomicV2.ts(837,9): error TS1005: ';' expected.
lib/visualLab/data/poiExtraBelizeEconomicV2.ts(838,9): error TS1005: ';' expected.
lib/visualLab/data/poiExtraBelizeEconomicV2.ts(839,9): error TS1005: ';' expected.
lib/visualLab/data/poiExtraBelizeEconomicV2.ts(841,4): error TS1128: Declaration or statement expected.
lib/visualLab/data/poiExtraBelizeEconomicV2.ts(844,9): error TS1005: ';' expected.
lib/visualLab/data/poiExtraBelizeEconomicV2.ts(845,11): error TS1005: ';' expected.
lib/visualLab/data/poiExtraBelizeEconomicV2.ts(846,11): error TS1005: ';' expected.
lib/visualLab/data/poiExtraBelizeEconomicV2.ts(847,9): error TS1005: ';' expected.
lib/visualLab/data/poiExtraBelizeEconomicV2.ts(849,9): error TS1005: ';' expected.
lib/visualLab/data/poiExtraBelizeEconomicV2.ts(850,9): error TS1005: ';' expected.
lib/visualLab/data/poiExtraBelizeEconomicV2.ts(851,9): error TS1005: ';' expected.
lib/visualLab/data/poiExtraBelizeEconomicV2.ts(852,6): error TS1128: Declaration or statement expected.
lib/visualLab/data/poiExtraBelizeEconomicV2.ts(855,9): error TS1005: ';' expected.
lib/visualLab/data/poiExtraBelizeEconomicV2.ts(856,9): error TS1005: ';' expected.
lib/visualLab/data/poiExtraBelizeEconomicV2.ts(857,9): error TS1005: ';' expected.
lib/visualLab/data/poiExtraBelizeEconomicV2.ts(858,6): error TS1128: Declaration or statement expected.
lib/visualLab/data/poiExtraBelizeEconomicV2.ts(861,9): error TS1005: ';' expected.
lib/visualLab/data/poiExtraBelizeEconomicV2.ts(862,9): error TS1005: ';' expected.
lib/visualLab/data/poiExtraBelizeEconomicV2.ts(863,9): error TS1005: ';' expected.
lib/visualLab/data/poiExtraBelizeEconomicV2.ts(864,6): error TS1128: Declaration or statement expected.
lib/visualLab/data/poiExtraBelizeEconomicV2.ts(867,9): error TS1005: ';' expected.
lib/visualLab/data/poiExtraBelizeEconomicV2.ts(868,9): error TS1005: ';' expected.
lib/visualLab/data/poiExtraBelizeEconomicV2.ts(869,9): error TS1005: ';' expected.
lib/visualLab/data/poiExtraBelizeEconomicV2.ts(870,6): error TS1128: Declaration or statement expected.
lib/visualLab/data/poiExtraBelizeEconomicV2.ts(873,9): error TS1005: ';' expected.
lib/visualLab/data/poiExtraBelizeEconomicV2.ts(874,9): error TS1005: ';' expected.
lib/visualLab/data/poiExtraBelizeEconomicV2.ts(875,9): error TS1005: ';' expected.
lib/visualLab/data/poiExtraBelizeEconomicV2.ts(877,4): error TS1128: Declaration or statement expected.
lib/visualLab/data/poiExtraBelizeEconomicV2.ts(880,9): error TS1005: ';' expected.
lib/visualLab/data/poiExtraBelizeEconomicV2.ts(881,11): error TS1005: ';' expected.
lib/visualLab/data/poiExtraBelizeEconomicV2.ts(882,11): error TS1005: ';' expected.
lib/visualLab/data/poiExtraBelizeEconomicV2.ts(883,9): error TS1005: ';' expected.
lib/visualLab/data/poiExtraBelizeEconomicV2.ts(885,9): error TS1005: ';' expected.
lib/visualLab/data/poiExtraBelizeEconomicV2.ts(886,9): error TS1005: ';' expected.
lib/visualLab/data/poiExtraBelizeEconomicV2.ts(887,9): error TS1005: ';' expected.
lib/visualLab/data/poiExtraBelizeEconomicV2.ts(888,6): error TS1128: Declaration or statement expected.
lib/visualLab/data/poiExtraBelizeEconomicV2.ts(891,9): error TS1005: ';' expected.
lib/visualLab/data/poiExtraBelizeEconomicV2.ts(892,9): error TS1005: ';' expected.
lib/visualLab/data/poiExtraBelizeEconomicV2.ts(893,9): error TS1005: ';' expected.
lib/visualLab/data/poiExtraBelizeEconomicV2.ts(894,6): error TS1128: Declaration or statement expected.
lib/visualLab/data/poiExtraBelizeEconomicV2.ts(897,9): error TS1005: ';' expected.
lib/visualLab/data/poiExtraBelizeEconomicV2.ts(898,9): error TS1005: ';' expected.
lib/visualLab/data/poiExtraBelizeEconomicV2.ts(899,9): error TS1005: ';' expected.
lib/visualLab/data/poiExtraBelizeEconomicV2.ts(900,6): error TS1128: Declaration or statement expected.
lib/visualLab/data/poiExtraBelizeEconomicV2.ts(903,9): error TS1005: ';' expected.
lib/visualLab/data/poiExtraBelizeEconomicV2.ts(904,9): error TS1005: ';' expected.
lib/visualLab/data/poiExtraBelizeEconomicV2.ts(905,9): error TS1005: ';' expected.
lib/visualLab/data/poiExtraBelizeEconomicV2.ts(906,6): error TS1128: Declaration or statement expected.
lib/visualLab/data/poiExtraBelizeEconomicV2.ts(909,9): error TS1005: ';' expected.
lib/visualLab/data/poiExtraBelizeEconomicV2.ts(910,9): error TS1005: ';' expected.
lib/visualLab/data/poiExtraBelizeEconomicV2.ts(911,9): error TS1005: ';' expected.
lib/visualLab/data/poiExtraBelizeEconomicV2.ts(913,4): error TS1128: Declaration or statement expected.
lib/visualLab/data/poiExtraBelizeEconomicV2.ts(916,9): error TS1005: ';' expected.
lib/visualLab/data/poiExtraBelizeEconomicV2.ts(917,11): error TS1005: ';' expected.
lib/visualLab/data/poiExtraBelizeEconomicV2.ts(918,11): error TS1005: ';' expected.
lib/visualLab/data/poiExtraBelizeEconomicV2.ts(919,9): error TS1005: ';' expected.
lib/visualLab/data/poiExtraBelizeEconomicV2.ts(921,9): error TS1005: ';' expected.
lib/visualLab/data/poiExtraBelizeEconomicV2.ts(922,9): error TS1005: ';' expected.
lib/visualLab/data/poiExtraBelizeEconomicV2.ts(923,9): error TS1005: ';' expected.
lib/visualLab/data/poiExtraBelizeEconomicV2.ts(924,6): error TS1128: Declaration or statement expected.
lib/visualLab/data/poiExtraBelizeEconomicV2.ts(927,9): error TS1005: ';' expected.
lib/visualLab/data/poiExtraBelizeEconomicV2.ts(928,9): error TS1005: ';' expected.
lib/visualLab/data/poiExtraBelizeEconomicV2.ts(929,9): error TS1005: ';' expected.
lib/visualLab/data/poiExtraBelizeEconomicV2.ts(930,6): error TS1128: Declaration or statement expected.
lib/visualLab/data/poiExtraBelizeEconomicV2.ts(933,9): error TS1005: ';' expected.
lib/visualLab/data/poiExtraBelizeEconomicV2.ts(934,9): error TS1005: ';' expected.
lib/visualLab/data/poiExtraBelizeEconomicV2.ts(935,9): error TS1005: ';' expected.
lib/visualLab/data/poiExtraBelizeEconomicV2.ts(936,6): error TS1128: Declaration or statement expected.
lib/visualLab/data/poiExtraBelizeEconomicV2.ts(939,9): error TS1005: ';' expected.
lib/visualLab/data/poiExtraBelizeEconomicV2.ts(940,9): error TS1005: ';' expected.
lib/visualLab/data/poiExtraBelizeEconomicV2.ts(941,9): error TS1005: ';' expected.
lib/visualLab/data/poiExtraBelizeEconomicV2.ts(942,6): error TS1128: Declaration or statement expected.
lib/visualLab/data/poiExtraBelizeEconomicV2.ts(945,9): error TS1005: ';' expected.
lib/visualLab/data/poiExtraBelizeEconomicV2.ts(946,9): error TS1005: ';' expected.
lib/visualLab/data/poiExtraBelizeEconomicV2.ts(947,9): error TS1005: ';' expected.
lib/visualLab/data/poiExtraBelizeEconomicV2.ts(949,4): error TS1128: Declaration or statement expected.
lib/visualLab/data/poiExtraBelizeEconomicV2.ts(952,9): error TS1005: ';' expected.
lib/visualLab/data/poiExtraBelizeEconomicV2.ts(953,11): error TS1005: ';' expected.
lib/visualLab/data/poiExtraBelizeEconomicV2.ts(954,11): error TS1005: ';' expected.
lib/visualLab/data/poiExtraBelizeEconomicV2.ts(955,9): error TS1005: ';' expected.
lib/visualLab/data/poiExtraBelizeEconomicV2.ts(957,9): error TS1005: ';' expected.
lib/visualLab/data/poiExtraBelizeEconomicV2.ts(958,9): error TS1005: ';' expected.
lib/visualLab/data/poiExtraBelizeEconomicV2.ts(959,9): error TS1005: ';' expected.
lib/visualLab/data/poiExtraBelizeEconomicV2.ts(960,6): error TS1128: Declaration or statement expected.
lib/visualLab/data/poiExtraBelizeEconomicV2.ts(963,9): error TS1005: ';' expected.
lib/visualLab/data/poiExtraBelizeEconomicV2.ts(964,9): error TS1005: ';' expected.
lib/visualLab/data/poiExtraBelizeEconomicV2.ts(965,9): error TS1005: ';' expected.
lib/visualLab/data/poiExtraBelizeEconomicV2.ts(966,6): error TS1128: Declaration or statement expected.
lib/visualLab/data/poiExtraBelizeEconomicV2.ts(969,9): error TS1005: ';' expected.
lib/visualLab/data/poiExtraBelizeEconomicV2.ts(970,9): error TS1005: ';' expected.
lib/visualLab/data/poiExtraBelizeEconomicV2.ts(971,9): error TS1005: ';' expected.
lib/visualLab/data/poiExtraBelizeEconomicV2.ts(972,6): error TS1128: Declaration or statement expected.
lib/visualLab/data/poiExtraBelizeEconomicV2.ts(975,9): error TS1005: ';' expected.
lib/visualLab/data/poiExtraBelizeEconomicV2.ts(976,9): error TS1005: ';' expected.
lib/visualLab/data/poiExtraBelizeEconomicV2.ts(977,9): error TS1005: ';' expected.
lib/visualLab/data/poiExtraBelizeEconomicV2.ts(978,6): error TS1128: Declaration or statement expected.
lib/visualLab/data/poiExtraBelizeEconomicV2.ts(981,9): error TS1005: ';' expected.
lib/visualLab/data/poiExtraBelizeEconomicV2.ts(982,9): error TS1005: ';' expected.
lib/visualLab/data/poiExtraBelizeEconomicV2.ts(983,9): error TS1005: ';' expected.
lib/visualLab/data/poiExtraBelizeEconomicV2.ts(985,4): error TS1128: Declaration or statement expected.
lib/visualLab/data/poiExtraBelizeEconomicV2.ts(988,9): error TS1005: ';' expected.
lib/visualLab/data/poiExtraBelizeEconomicV2.ts(989,11): error TS1005: ';' expected.
lib/visualLab/data/poiExtraBelizeEconomicV2.ts(990,11): error TS1005: ';' expected.
lib/visualLab/data/poiExtraBelizeEconomicV2.ts(991,9): error TS1005: ';' expected.
lib/visualLab/data/poiExtraBelizeEconomicV2.ts(993,9): error TS1005: ';' expected.
lib/visualLab/data/poiExtraBelizeEconomicV2.ts(994,9): error TS1005: ';' expected.
lib/visualLab/data/poiExtraBelizeEconomicV2.ts(995,9): error TS1005: ';' expected.
lib/visualLab/data/poiExtraBelizeEconomicV2.ts(996,6): error TS1128: Declaration or statement expected.
lib/visualLab/data/poiExtraBelizeEconomicV2.ts(999,9): error TS1005: ';' expected.
lib/visualLab/data/poiExtraBelizeEconomicV2.ts(1000,9): error TS1005: ';' expected.
lib/visualLab/data/poiExtraBelizeEconomicV2.ts(1001,9): error TS1005: ';' expected.
lib/visualLab/data/poiExtraBelizeEconomicV2.ts(1002,6): error TS1128: Declaration or statement expected.
lib/visualLab/data/poiExtraBelizeEconomicV2.ts(1005,9): error TS1005: ';' expected.
lib/visualLab/data/poiExtraBelizeEconomicV2.ts(1006,9): error TS1005: ';' expected.
lib/visualLab/data/poiExtraBelizeEconomicV2.ts(1007,9): error TS1005: ';' expected.
lib/visualLab/data/poiExtraBelizeEconomicV2.ts(1008,6): error TS1128: Declaration or statement expected.
lib/visualLab/data/poiExtraBelizeEconomicV2.ts(1011,9): error TS1005: ';' expected.
lib/visualLab/data/poiExtraBelizeEconomicV2.ts(1012,9): error TS1005: ';' expected.
lib/visualLab/data/poiExtraBelizeEconomicV2.ts(1013,9): error TS1005: ';' expected.
lib/visualLab/data/poiExtraBelizeEconomicV2.ts(1014,6): error TS1128: Declaration or statement expected.
lib/visualLab/data/poiExtraBelizeEconomicV2.ts(1017,9): error TS1005: ';' expected.
lib/visualLab/data/poiExtraBelizeEconomicV2.ts(1018,9): error TS1005: ';' expected.
lib/visualLab/data/poiExtraBelizeEconomicV2.ts(1019,9): error TS1005: ';' expected.
lib/visualLab/data/poiExtraBelizeEconomicV2.ts(1021,4): error TS1128: Declaration or statement expected.
lib/visualLab/data/poiExtraBelizeEconomicV2.ts(1024,9): error TS1005: ';' expected.
lib/visualLab/data/poiExtraBelizeEconomicV2.ts(1025,11): error TS1005: ';' expected.
lib/visualLab/data/poiExtraBelizeEconomicV2.ts(1026,11): error TS1005: ';' expected.
lib/visualLab/data/poiExtraBelizeEconomicV2.ts(1027,9): error TS1005: ';' expected.
lib/visualLab/data/poiExtraBelizeEconomicV2.ts(1029,9): error TS1005: ';' expected.
lib/visualLab/data/poiExtraBelizeEconomicV2.ts(1030,9): error TS1005: ';' expected.
lib/visualLab/data/poiExtraBelizeEconomicV2.ts(1031,9): error TS1005: ';' expected.
lib/visualLab/data/poiExtraBelizeEconomicV2.ts(1032,6): error TS1128: Declaration or statement expected.
lib/visualLab/data/poiExtraBelizeEconomicV2.ts(1035,9): error TS1005: ';' expected.
lib/visualLab/data/poiExtraBelizeEconomicV2.ts(1036,9): error TS1005: ';' expected.
lib/visualLab/data/poiExtraBelizeEconomicV2.ts(1037,9): error TS1005: ';' expected.
lib/visualLab/data/poiExtraBelizeEconomicV2.ts(1038,6): error TS1128: Declaration or statement expected.
lib/visualLab/data/poiExtraBelizeEconomicV2.ts(1041,9): error TS1005: ';' expected.
lib/visualLab/data/poiExtraBelizeEconomicV2.ts(1042,9): error TS1005: ';' expected.
lib/visualLab/data/poiExtraBelizeEconomicV2.ts(1043,9): error TS1005: ';' expected.
lib/visualLab/data/poiExtraBelizeEconomicV2.ts(1044,6): error TS1128: Declaration or statement expected.
lib/visualLab/data/poiExtraBelizeEconomicV2.ts(1047,9): error TS1005: ';' expected.
lib/visualLab/data/poiExtraBelizeEconomicV2.ts(1048,9): error TS1005: ';' expected.
lib/visualLab/data/poiExtraBelizeEconomicV2.ts(1049,9): error TS1005: ';' expected.
lib/visualLab/data/poiExtraBelizeEconomicV2.ts(1050,6): error TS1128: Declaration or statement expected.
lib/visualLab/data/poiExtraBelizeEconomicV2.ts(1053,9): error TS1005: ';' expected.
lib/visualLab/data/poiExtraBelizeEconomicV2.ts(1054,9): error TS1005: ';' expected.
lib/visualLab/data/poiExtraBelizeEconomicV2.ts(1055,9): error TS1005: ';' expected.
lib/visualLab/data/poiExtraBelizeEconomicV2.ts(1058,1): error TS1128: Declaration or statement expected.
lib/visualLab/data/poiExtraBelizeHistoryV2.ts(15,5): error TS1136: Property assignment expected.
lib/visualLab/data/poiExtraBelizeHistoryV2.ts(23,16): error TS1005: ',' expected.
lib/visualLab/data/poiExtraBelizeHistoryV2.ts(29,24): error TS1005: ',' expected.
lib/visualLab/data/poiExtraBelizeHistoryV2.ts(35,10): error TS1005: ',' expected.
lib/visualLab/data/poiExtraBelizeHistoryV2.ts(41,18): error TS1005: ',' expected.
lib/visualLab/data/poiExtraBelizeHistoryV2.ts(47,3): error TS1005: ',' expected.
lib/visualLab/data/poiExtraBelizeHistoryV2.ts(47,4): error TS1128: Declaration or statement expected.
lib/visualLab/data/poiExtraBelizeHistoryV2.ts(50,9): error TS1005: ';' expected.
lib/visualLab/data/poiExtraBelizeHistoryV2.ts(51,11): error TS1005: ';' expected.
lib/visualLab/data/poiExtraBelizeHistoryV2.ts(52,11): error TS1005: ';' expected.
lib/visualLab/data/poiExtraBelizeHistoryV2.ts(53,9): error TS1005: ';' expected.
lib/visualLab/data/poiExtraBelizeHistoryV2.ts(55,9): error TS1005: ';' expected.
lib/visualLab/data/poiExtraBelizeHistoryV2.ts(56,9): error TS1005: ';' expected.
lib/visualLab/data/poiExtraBelizeHistoryV2.ts(57,9): error TS1005: ';' expected.
lib/visualLab/data/poiExtraBelizeHistoryV2.ts(58,5): error TS1109: Expression expected.
lib/visualLab/data/poiExtraBelizeHistoryV2.ts(58,6): error TS1128: Declaration or statement expected.
lib/visualLab/data/poiExtraBelizeHistoryV2.ts(61,9): error TS1005: ';' expected.
lib/visualLab/data/poiExtraBelizeHistoryV2.ts(62,9): error TS1005: ';' expected.
lib/visualLab/data/poiExtraBelizeHistoryV2.ts(63,9): error TS1005: ';' expected.
lib/visualLab/data/poiExtraBelizeHistoryV2.ts(64,5): error TS1109: Expression expected.
lib/visualLab/data/poiExtraBelizeHistoryV2.ts(64,6): error TS1128: Declaration or statement expected.
lib/visualLab/data/poiExtraBelizeHistoryV2.ts(67,9): error TS1005: ';' expected.
lib/visualLab/data/poiExtraBelizeHistoryV2.ts(68,9): error TS1005: ';' expected.
lib/visualLab/data/poiExtraBelizeHistoryV2.ts(69,9): error TS1005: ';' expected.
lib/visualLab/data/poiExtraBelizeHistoryV2.ts(70,6): error TS1128: Declaration or statement expected.
lib/visualLab/data/poiExtraBelizeHistoryV2.ts(73,9): error TS1005: ';' expected.
lib/visualLab/data/poiExtraBelizeHistoryV2.ts(74,9): error TS1005: ';' expected.
lib/visualLab/data/poiExtraBelizeHistoryV2.ts(75,9): error TS1005: ';' expected.
lib/visualLab/data/poiExtraBelizeHistoryV2.ts(76,5): error TS1109: Expression expected.
lib/visualLab/data/poiExtraBelizeHistoryV2.ts(76,6): error TS1128: Declaration or statement expected.
lib/visualLab/data/poiExtraBelizeHistoryV2.ts(79,9): error TS1005: ';' expected.
lib/visualLab/data/poiExtraBelizeHistoryV2.ts(80,9): error TS1005: ';' expected.
lib/visualLab/data/poiExtraBelizeHistoryV2.ts(81,9): error TS1005: ';' expected.
lib/visualLab/data/poiExtraBelizeHistoryV2.ts(83,4): error TS1128: Declaration or statement expected.
lib/visualLab/data/poiExtraBelizeHistoryV2.ts(86,9): error TS1005: ';' expected.
lib/visualLab/data/poiExtraBelizeHistoryV2.ts(87,11): error TS1005: ';' expected.
lib/visualLab/data/poiExtraBelizeHistoryV2.ts(88,11): error TS1005: ';' expected.
lib/visualLab/data/poiExtraBelizeHistoryV2.ts(89,9): error TS1005: ';' expected.
lib/visualLab/data/poiExtraBelizeHistoryV2.ts(91,9): error TS1005: ';' expected.
lib/visualLab/data/poiExtraBelizeHistoryV2.ts(92,9): error TS1005: ';' expected.
lib/visualLab/data/poiExtraBelizeHistoryV2.ts(93,9): error TS1005: ';' expected.
lib/visualLab/data/poiExtraBelizeHistoryV2.ts(94,5): error TS1109: Expression expected.
lib/visualLab/data/poiExtraBelizeHistoryV2.ts(94,6): error TS1128: Declaration or statement expected.
lib/visualLab/data/poiExtraBelizeHistoryV2.ts(97,9): error TS1005: ';' expected.
lib/visualLab/data/poiExtraBelizeHistoryV2.ts(98,9): error TS1005: ';' expected.
lib/visualLab/data/poiExtraBelizeHistoryV2.ts(99,9): error TS1005: ';' expected.
lib/visualLab/data/poiExtraBelizeHistoryV2.ts(100,5): error TS1109: Expression expected.
lib/visualLab/data/poiExtraBelizeHistoryV2.ts(100,6): error TS1128: Declaration or statement expected.
lib/visualLab/data/poiExtraBelizeHistoryV2.ts(103,9): error TS1005: ';' expected.
lib/visualLab/data/poiExtraBelizeHistoryV2.ts(104,9): error TS1005: ';' expected.
lib/visualLab/data/poiExtraBelizeHistoryV2.ts(105,9): error TS1005: ';' expected.
lib/visualLab/data/poiExtraBelizeHistoryV2.ts(106,6): error TS1128: Declaration or statement expected.
lib/visualLab/data/poiExtraBelizeHistoryV2.ts(109,9): error TS1005: ';' expected.
lib/visualLab/data/poiExtraBelizeHistoryV2.ts(110,9): error TS1005: ';' expected.
lib/visualLab/data/poiExtraBelizeHistoryV2.ts(111,9): error TS1005: ';' expected.
lib/visualLab/data/poiExtraBelizeHistoryV2.ts(112,5): error TS1109: Expression expected.
lib/visualLab/data/poiExtraBelizeHistoryV2.ts(112,6): error TS1128: Declaration or statement expected.
lib/visualLab/data/poiExtraBelizeHistoryV2.ts(115,9): error TS1005: ';' expected.
lib/visualLab/data/poiExtraBelizeHistoryV2.ts(116,9): error TS1005: ';' expected.
lib/visualLab/data/poiExtraBelizeHistoryV2.ts(117,9): error TS1005: ';' expected.
lib/visualLab/data/poiExtraBelizeHistoryV2.ts(119,4): error TS1128: Declaration or statement expected.
lib/visualLab/data/poiExtraBelizeHistoryV2.ts(122,9): error TS1005: ';' expected.
lib/visualLab/data/poiExtraBelizeHistoryV2.ts(123,11): error TS1005: ';' expected.
lib/visualLab/data/poiExtraBelizeHistoryV2.ts(124,11): error TS1005: ';' expected.
lib/visualLab/data/poiExtraBelizeHistoryV2.ts(125,9): error TS1005: ';' expected.
lib/visualLab/data/poiExtraBelizeHistoryV2.ts(127,9): error TS1005: ';' expected.
lib/visualLab/data/poiExtraBelizeHistoryV2.ts(128,9): error TS1005: ';' expected.
lib/visualLab/data/poiExtraBelizeHistoryV2.ts(129,9): error TS1005: ';' expected.
lib/visualLab/data/poiExtraBelizeHistoryV2.ts(130,5): error TS1109: Expression expected.
lib/visualLab/data/poiExtraBelizeHistoryV2.ts(130,6): error TS1128: Declaration or statement expected.
lib/visualLab/data/poiExtraBelizeHistoryV2.ts(133,9): error TS1005: ';' expected.
lib/visualLab/data/poiExtraBelizeHistoryV2.ts(134,9): error TS1005: ';' expected.
lib/visualLab/data/poiExtraBelizeHistoryV2.ts(135,9): error TS1005: ';' expected.
lib/visualLab/data/poiExtraBelizeHistoryV2.ts(136,5): error TS1109: Expression expected.
lib/visualLab/data/poiExtraBelizeHistoryV2.ts(136,6): error TS1128: Declaration or statement expected.
lib/visualLab/data/poiExtraBelizeHistoryV2.ts(139,9): error TS1005: ';' expected.
lib/visualLab/data/poiExtraBelizeHistoryV2.ts(140,9): error TS1005: ';' expected.
lib/visualLab/data/poiExtraBelizeHistoryV2.ts(141,9): error TS1005: ';' expected.
lib/visualLab/data/poiExtraBelizeHistoryV2.ts(142,6): error TS1128: Declaration or statement expected.
lib/visualLab/data/poiExtraBelizeHistoryV2.ts(145,9): error TS1005: ';' expected.
lib/visualLab/data/poiExtraBelizeHistoryV2.ts(146,9): error TS1005: ';' expected.
lib/visualLab/data/poiExtraBelizeHistoryV2.ts(147,9): error TS1005: ';' expected.
lib/visualLab/data/poiExtraBelizeHistoryV2.ts(148,5): error TS1109: Expression expected.
lib/visualLab/data/poiExtraBelizeHistoryV2.ts(148,6): error TS1128: Declaration or statement expected.
lib/visualLab/data/poiExtraBelizeHistoryV2.ts(151,9): error TS1005: ';' expected.
lib/visualLab/data/poiExtraBelizeHistoryV2.ts(152,9): error TS1005: ';' expected.
lib/visualLab/data/poiExtraBelizeHistoryV2.ts(153,9): error TS1005: ';' expected.
lib/visualLab/data/poiExtraBelizeHistoryV2.ts(155,4): error TS1128: Declaration or statement expected.
lib/visualLab/data/poiExtraBelizeHistoryV2.ts(158,9): error TS1005: ';' expected.
lib/visualLab/data/poiExtraBelizeHistoryV2.ts(159,11): error TS1005: ';' expected.
lib/visualLab/data/poiExtraBelizeHistoryV2.ts(160,11): error TS1005: ';' expected.
lib/visualLab/data/poiExtraBelizeHistoryV2.ts(161,9): error TS1005: ';' expected.
lib/visualLab/data/poiExtraBelizeHistoryV2.ts(163,9): error TS1005: ';' expected.
lib/visualLab/data/poiExtraBelizeHistoryV2.ts(164,9): error TS1005: ';' expected.
lib/visualLab/data/poiExtraBelizeHistoryV2.ts(165,9): error TS1005: ';' expected.
lib/visualLab/data/poiExtraBelizeHistoryV2.ts(166,5): error TS1109: Expression expected.
lib/visualLab/data/poiExtraBelizeHistoryV2.ts(166,6): error TS1128: Declaration or statement expected.
lib/visualLab/data/poiExtraBelizeHistoryV2.ts(169,9): error TS1005: ';' expected.
lib/visualLab/data/poiExtraBelizeHistoryV2.ts(170,9): error TS1005: ';' expected.
lib/visualLab/data/poiExtraBelizeHistoryV2.ts(171,9): error TS1005: ';' expected.
lib/visualLab/data/poiExtraBelizeHistoryV2.ts(172,5): error TS1109: Expression expected.
lib/visualLab/data/poiExtraBelizeHistoryV2.ts(172,6): error TS1128: Declaration or statement expected.
lib/visualLab/data/poiExtraBelizeHistoryV2.ts(175,9): error TS1005: ';' expected.
lib/visualLab/data/poiExtraBelizeHistoryV2.ts(176,9): error TS1005: ';' expected.
lib/visualLab/data/poiExtraBelizeHistoryV2.ts(177,9): error TS1005: ';' expected.
lib/visualLab/data/poiExtraBelizeHistoryV2.ts(178,6): error TS1128: Declaration or statement expected.
lib/visualLab/data/poiExtraBelizeHistoryV2.ts(181,9): error TS1005: ';' expected.
lib/visualLab/data/poiExtraBelizeHistoryV2.ts(182,9): error TS1005: ';' expected.
lib/visualLab/data/poiExtraBelizeHistoryV2.ts(183,9): error TS1005: ';' expected.
lib/visualLab/data/poiExtraBelizeHistoryV2.ts(184,5): error TS1109: Expression expected.
lib/visualLab/data/poiExtraBelizeHistoryV2.ts(184,6): error TS1128: Declaration or statement expected.
lib/visualLab/data/poiExtraBelizeHistoryV2.ts(187,9): error TS1005: ';' expected.
lib/visualLab/data/poiExtraBelizeHistoryV2.ts(188,9): error TS1005: ';' expected.
lib/visualLab/data/poiExtraBelizeHistoryV2.ts(189,9): error TS1005: ';' expected.
lib/visualLab/data/poiExtraBelizeHistoryV2.ts(191,4): error TS1128: Declaration or statement expected.
lib/visualLab/data/poiExtraBelizeHistoryV2.ts(194,9): error TS1005: ';' expected.
lib/visualLab/data/poiExtraBelizeHistoryV2.ts(195,11): error TS1005: ';' expected.
lib/visualLab/data/poiExtraBelizeHistoryV2.ts(196,11): error TS1005: ';' expected.
lib/visualLab/data/poiExtraBelizeHistoryV2.ts(197,9): error TS1005: ';' expected.
lib/visualLab/data/poiExtraBelizeHistoryV2.ts(199,9): error TS1005: ';' expected.
lib/visualLab/data/poiExtraBelizeHistoryV2.ts(200,9): error TS1005: ';' expected.
lib/visualLab/data/poiExtraBelizeHistoryV2.ts(201,9): error TS1005: ';' expected.
lib/visualLab/data/poiExtraBelizeHistoryV2.ts(202,5): error TS1109: Expression expected.
lib/visualLab/data/poiExtraBelizeHistoryV2.ts(202,6): error TS1128: Declaration or statement expected.
lib/visualLab/data/poiExtraBelizeHistoryV2.ts(205,9): error TS1005: ';' expected.
lib/visualLab/data/poiExtraBelizeHistoryV2.ts(206,9): error TS1005: ';' expected.
lib/visualLab/data/poiExtraBelizeHistoryV2.ts(207,9): error TS1005: ';' expected.
lib/visualLab/data/poiExtraBelizeHistoryV2.ts(208,5): error TS1109: Expression expected.
lib/visualLab/data/poiExtraBelizeHistoryV2.ts(208,6): error TS1128: Declaration or statement expected.
lib/visualLab/data/poiExtraBelizeHistoryV2.ts(211,9): error TS1005: ';' expected.
lib/visualLab/data/poiExtraBelizeHistoryV2.ts(212,9): error TS1005: ';' expected.
lib/visualLab/data/poiExtraBelizeHistoryV2.ts(213,9): error TS1005: ';' expected.
lib/visualLab/data/poiExtraBelizeHistoryV2.ts(214,6): error TS1128: Declaration or statement expected.
lib/visualLab/data/poiExtraBelizeHistoryV2.ts(217,9): error TS1005: ';' expected.
lib/visualLab/data/poiExtraBelizeHistoryV2.ts(218,9): error TS1005: ';' expected.
lib/visualLab/data/poiExtraBelizeHistoryV2.ts(219,9): error TS1005: ';' expected.
lib/visualLab/data/poiExtraBelizeHistoryV2.ts(220,5): error TS1109: Expression expected.
lib/visualLab/data/poiExtraBelizeHistoryV2.ts(220,6): error TS1128: Declaration or statement expected.
lib/visualLab/data/poiExtraBelizeHistoryV2.ts(223,9): error TS1005: ';' expected.
lib/visualLab/data/poiExtraBelizeHistoryV2.ts(224,9): error TS1005: ';' expected.
lib/visualLab/data/poiExtraBelizeHistoryV2.ts(225,9): error TS1005: ';' expected.
lib/visualLab/data/poiExtraBelizeHistoryV2.ts(227,4): error TS1128: Declaration or statement expected.
lib/visualLab/data/poiExtraBelizeHistoryV2.ts(230,9): error TS1005: ';' expected.
lib/visualLab/data/poiExtraBelizeHistoryV2.ts(231,11): error TS1005: ';' expected.
lib/visualLab/data/poiExtraBelizeHistoryV2.ts(232,11): error TS1005: ';' expected.
lib/visualLab/data/poiExtraBelizeHistoryV2.ts(233,9): error TS1005: ';' expected.
lib/visualLab/data/poiExtraBelizeHistoryV2.ts(235,9): error TS1005: ';' expected.
lib/visualLab/data/poiExtraBelizeHistoryV2.ts(236,9): error TS1005: ';' expected.
lib/visualLab/data/poiExtraBelizeHistoryV2.ts(237,9): error TS1005: ';' expected.
lib/visualLab/data/poiExtraBelizeHistoryV2.ts(238,5): error TS1109: Expression expected.
lib/visualLab/data/poiExtraBelizeHistoryV2.ts(238,6): error TS1128: Declaration or statement expected.
lib/visualLab/data/poiExtraBelizeHistoryV2.ts(241,9): error TS1005: ';' expected.
lib/visualLab/data/poiExtraBelizeHistoryV2.ts(242,9): error TS1005: ';' expected.
lib/visualLab/data/poiExtraBelizeHistoryV2.ts(243,9): error TS1005: ';' expected.
lib/visualLab/data/poiExtraBelizeHistoryV2.ts(244,5): error TS1109: Expression expected.
lib/visualLab/data/poiExtraBelizeHistoryV2.ts(244,6): error TS1128: Declaration or statement expected.
lib/visualLab/data/poiExtraBelizeHistoryV2.ts(247,9): error TS1005: ';' expected.
lib/visualLab/data/poiExtraBelizeHistoryV2.ts(248,9): error TS1005: ';' expected.
lib/visualLab/data/poiExtraBelizeHistoryV2.ts(249,9): error TS1005: ';' expected.
lib/visualLab/data/poiExtraBelizeHistoryV2.ts(250,6): error TS1128: Declaration or statement expected.
lib/visualLab/data/poiExtraBelizeHistoryV2.ts(253,9): error TS1005: ';' expected.
lib/visualLab/data/poiExtraBelizeHistoryV2.ts(254,9): error TS1005: ';' expected.
lib/visualLab/data/poiExtraBelizeHistoryV2.ts(255,9): error TS1005: ';' expected.
lib/visualLab/data/poiExtraBelizeHistoryV2.ts(256,5): error TS1109: Expression expected.
lib/visualLab/data/poiExtraBelizeHistoryV2.ts(256,6): error TS1128: Declaration or statement expected.
lib/visualLab/data/poiExtraBelizeHistoryV2.ts(259,9): error TS1005: ';' expected.
lib/visualLab/data/poiExtraBelizeHistoryV2.ts(260,9): error TS1005: ';' expected.
lib/visualLab/data/poiExtraBelizeHistoryV2.ts(261,9): error TS1005: ';' expected.
lib/visualLab/data/poiExtraBelizeHistoryV2.ts(263,4): error TS1128: Declaration or statement expected.
lib/visualLab/data/poiExtraBelizeHistoryV2.ts(266,9): error TS1005: ';' expected.
lib/visualLab/data/poiExtraBelizeHistoryV2.ts(267,11): error TS1005: ';' expected.
lib/visualLab/data/poiExtraBelizeHistoryV2.ts(268,11): error TS1005: ';' expected.
lib/visualLab/data/poiExtraBelizeHistoryV2.ts(269,9): error TS1005: ';' expected.
lib/visualLab/data/poiExtraBelizeHistoryV2.ts(271,9): error TS1005: ';' expected.
lib/visualLab/data/poiExtraBelizeHistoryV2.ts(272,9): error TS1005: ';' expected.
lib/visualLab/data/poiExtraBelizeHistoryV2.ts(273,9): error TS1005: ';' expected.
lib/visualLab/data/poiExtraBelizeHistoryV2.ts(274,5): error TS1109: Expression expected.
lib/visualLab/data/poiExtraBelizeHistoryV2.ts(274,6): error TS1128: Declaration or statement expected.
lib/visualLab/data/poiExtraBelizeHistoryV2.ts(277,9): error TS1005: ';' expected.
lib/visualLab/data/poiExtraBelizeHistoryV2.ts(278,9): error TS1005: ';' expected.
lib/visualLab/data/poiExtraBelizeHistoryV2.ts(279,9): error TS1005: ';' expected.
lib/visualLab/data/poiExtraBelizeHistoryV2.ts(280,5): error TS1109: Expression expected.
lib/visualLab/data/poiExtraBelizeHistoryV2.ts(280,6): error TS1128: Declaration or statement expected.
lib/visualLab/data/poiExtraBelizeHistoryV2.ts(283,9): error TS1005: ';' expected.
lib/visualLab/data/poiExtraBelizeHistoryV2.ts(284,9): error TS1005: ';' expected.
lib/visualLab/data/poiExtraBelizeHistoryV2.ts(285,9): error TS1005: ';' expected.
lib/visualLab/data/poiExtraBelizeHistoryV2.ts(286,6): error TS1128: Declaration or statement expected.
lib/visualLab/data/poiExtraBelizeHistoryV2.ts(289,9): error TS1005: ';' expected.
lib/visualLab/data/poiExtraBelizeHistoryV2.ts(290,9): error TS1005: ';' expected.
lib/visualLab/data/poiExtraBelizeHistoryV2.ts(291,9): error TS1005: ';' expected.
lib/visualLab/data/poiExtraBelizeHistoryV2.ts(292,5): error TS1109: Expression expected.
lib/visualLab/data/poiExtraBelizeHistoryV2.ts(292,6): error TS1128: Declaration or statement expected.
lib/visualLab/data/poiExtraBelizeHistoryV2.ts(295,9): error TS1005: ';' expected.
lib/visualLab/data/poiExtraBelizeHistoryV2.ts(296,9): error TS1005: ';' expected.
lib/visualLab/data/poiExtraBelizeHistoryV2.ts(297,9): error TS1005: ';' expected.
lib/visualLab/data/poiExtraBelizeHistoryV2.ts(299,4): error TS1128: Declaration or statement expected.
lib/visualLab/data/poiExtraBelizeHistoryV2.ts(302,9): error TS1005: ';' expected.
lib/visualLab/data/poiExtraBelizeHistoryV2.ts(303,11): error TS1005: ';' expected.
lib/visualLab/data/poiExtraBelizeHistoryV2.ts(304,11): error TS1005: ';' expected.
lib/visualLab/data/poiExtraBelizeHistoryV2.ts(305,9): error TS1005: ';' expected.
lib/visualLab/data/poiExtraBelizeHistoryV2.ts(307,9): error TS1005: ';' expected.
lib/visualLab/data/poiExtraBelizeHistoryV2.ts(308,9): error TS1005: ';' expected.
lib/visualLab/data/poiExtraBelizeHistoryV2.ts(309,9): error TS1005: ';' expected.
lib/visualLab/data/poiExtraBelizeHistoryV2.ts(310,5): error TS1109: Expression expected.
lib/visualLab/data/poiExtraBelizeHistoryV2.ts(310,6): error TS1128: Declaration or statement expected.
lib/visualLab/data/poiExtraBelizeHistoryV2.ts(313,9): error TS1005: ';' expected.
lib/visualLab/data/poiExtraBelizeHistoryV2.ts(314,9): error TS1005: ';' expected.
lib/visualLab/data/poiExtraBelizeHistoryV2.ts(315,9): error TS1005: ';' expected.
lib/visualLab/data/poiExtraBelizeHistoryV2.ts(316,5): error TS1109: Expression expected.
lib/visualLab/data/poiExtraBelizeHistoryV2.ts(316,6): error TS1128: Declaration or statement expected.
lib/visualLab/data/poiExtraBelizeHistoryV2.ts(319,9): error TS1005: ';' expected.
lib/visualLab/data/poiExtraBelizeHistoryV2.ts(320,9): error TS1005: ';' expected.
lib/visualLab/data/poiExtraBelizeHistoryV2.ts(321,9): error TS1005: ';' expected.
lib/visualLab/data/poiExtraBelizeHistoryV2.ts(322,6): error TS1128: Declaration or statement expected.
lib/visualLab/data/poiExtraBelizeHistoryV2.ts(325,9): error TS1005: ';' expected.
lib/visualLab/data/poiExtraBelizeHistoryV2.ts(326,9): error TS1005: ';' expected.
lib/visualLab/data/poiExtraBelizeHistoryV2.ts(327,9): error TS1005: ';' expected.
lib/visualLab/data/poiExtraBelizeHistoryV2.ts(328,5): error TS1109: Expression expected.
lib/visualLab/data/poiExtraBelizeHistoryV2.ts(328,6): error TS1128: Declaration or statement expected.
lib/visualLab/data/poiExtraBelizeHistoryV2.ts(331,9): error TS1005: ';' expected.
lib/visualLab/data/poiExtraBelizeHistoryV2.ts(332,9): error TS1005: ';' expected.
lib/visualLab/data/poiExtraBelizeHistoryV2.ts(333,9): error TS1005: ';' expected.
lib/visualLab/data/poiExtraBelizeHistoryV2.ts(335,4): error TS1128: Declaration or statement expected.
lib/visualLab/data/poiExtraBelizeHistoryV2.ts(338,9): error TS1005: ';' expected.
lib/visualLab/data/poiExtraBelizeHistoryV2.ts(339,11): error TS1005: ';' expected.
lib/visualLab/data/poiExtraBelizeHistoryV2.ts(340,11): error TS1005: ';' expected.
lib/visualLab/data/poiExtraBelizeHistoryV2.ts(341,9): error TS1005: ';' expected.
lib/visualLab/data/poiExtraBelizeHistoryV2.ts(343,9): error TS1005: ';' expected.
lib/visualLab/data/poiExtraBelizeHistoryV2.ts(344,9): error TS1005: ';' expected.
lib/visualLab/data/poiExtraBelizeHistoryV2.ts(345,9): error TS1005: ';' expected.
lib/visualLab/data/poiExtraBelizeHistoryV2.ts(346,5): error TS1109: Expression expected.
lib/visualLab/data/poiExtraBelizeHistoryV2.ts(346,6): error TS1128: Declaration or statement expected.
lib/visualLab/data/poiExtraBelizeHistoryV2.ts(349,9): error TS1005: ';' expected.
lib/visualLab/data/poiExtraBelizeHistoryV2.ts(350,9): error TS1005: ';' expected.
lib/visualLab/data/poiExtraBelizeHistoryV2.ts(351,9): error TS1005: ';' expected.
lib/visualLab/data/poiExtraBelizeHistoryV2.ts(352,5): error TS1109: Expression expected.
lib/visualLab/data/poiExtraBelizeHistoryV2.ts(352,6): error TS1128: Declaration or statement expected.
lib/visualLab/data/poiExtraBelizeHistoryV2.ts(355,9): error TS1005: ';' expected.
lib/visualLab/data/poiExtraBelizeHistoryV2.ts(356,9): error TS1005: ';' expected.
lib/visualLab/data/poiExtraBelizeHistoryV2.ts(357,9): error TS1005: ';' expected.
lib/visualLab/data/poiExtraBelizeHistoryV2.ts(358,6): error TS1128: Declaration or statement expected.
lib/visualLab/data/poiExtraBelizeHistoryV2.ts(361,9): error TS1005: ';' expected.
lib/visualLab/data/poiExtraBelizeHistoryV2.ts(362,9): error TS1005: ';' expected.
lib/visualLab/data/poiExtraBelizeHistoryV2.ts(363,9): error TS1005: ';' expected.
lib/visualLab/data/poiExtraBelizeHistoryV2.ts(364,5): error TS1109: Expression expected.
lib/visualLab/data/poiExtraBelizeHistoryV2.ts(364,6): error TS1128: Declaration or statement expected.
lib/visualLab/data/poiExtraBelizeHistoryV2.ts(367,9): error TS1005: ';' expected.
lib/visualLab/data/poiExtraBelizeHistoryV2.ts(368,9): error TS1005: ';' expected.
lib/visualLab/data/poiExtraBelizeHistoryV2.ts(369,9): error TS1005: ';' expected.
lib/visualLab/data/poiExtraBelizeHistoryV2.ts(371,4): error TS1128: Declaration or statement expected.
lib/visualLab/data/poiExtraBelizeHistoryV2.ts(374,9): error TS1005: ';' expected.
lib/visualLab/data/poiExtraBelizeHistoryV2.ts(375,11): error TS1005: ';' expected.
lib/visualLab/data/poiExtraBelizeHistoryV2.ts(376,11): error TS1005: ';' expected.
lib/visualLab/data/poiExtraBelizeHistoryV2.ts(377,9): error TS1005: ';' expected.
lib/visualLab/data/poiExtraBelizeHistoryV2.ts(379,9): error TS1005: ';' expected.
lib/visualLab/data/poiExtraBelizeHistoryV2.ts(380,9): error TS1005: ';' expected.
lib/visualLab/data/poiExtraBelizeHistoryV2.ts(381,9): error TS1005: ';' expected.
lib/visualLab/data/poiExtraBelizeHistoryV2.ts(382,5): error TS1109: Expression expected.
lib/visualLab/data/poiExtraBelizeHistoryV2.ts(382,6): error TS1128: Declaration or statement expected.
lib/visualLab/data/poiExtraBelizeHistoryV2.ts(385,9): error TS1005: ';' expected.
lib/visualLab/data/poiExtraBelizeHistoryV2.ts(386,9): error TS1005: ';' expected.
lib/visualLab/data/poiExtraBelizeHistoryV2.ts(387,9): error TS1005: ';' expected.
lib/visualLab/data/poiExtraBelizeHistoryV2.ts(388,5): error TS1109: Expression expected.
lib/visualLab/data/poiExtraBelizeHistoryV2.ts(388,6): error TS1128: Declaration or statement expected.
lib/visualLab/data/poiExtraBelizeHistoryV2.ts(391,9): error TS1005: ';' expected.
lib/visualLab/data/poiExtraBelizeHistoryV2.ts(392,9): error TS1005: ';' expected.
lib/visualLab/data/poiExtraBelizeHistoryV2.ts(393,9): error TS1005: ';' expected.
lib/visualLab/data/poiExtraBelizeHistoryV2.ts(394,6): error TS1128: Declaration or statement expected.
lib/visualLab/data/poiExtraBelizeHistoryV2.ts(397,9): error TS1005: ';' expected.
lib/visualLab/data/poiExtraBelizeHistoryV2.ts(398,9): error TS1005: ';' expected.
lib/visualLab/data/poiExtraBelizeHistoryV2.ts(399,9): error TS1005: ';' expected.
lib/visualLab/data/poiExtraBelizeHistoryV2.ts(400,5): error TS1109: Expression expected.
lib/visualLab/data/poiExtraBelizeHistoryV2.ts(400,6): error TS1128: Declaration or statement expected.
lib/visualLab/data/poiExtraBelizeHistoryV2.ts(403,9): error TS1005: ';' expected.
lib/visualLab/data/poiExtraBelizeHistoryV2.ts(404,9): error TS1005: ';' expected.
lib/visualLab/data/poiExtraBelizeHistoryV2.ts(405,9): error TS1005: ';' expected.
lib/visualLab/data/poiExtraBelizeHistoryV2.ts(407,4): error TS1128: Declaration or statement expected.
lib/visualLab/data/poiExtraBelizeHistoryV2.ts(410,9): error TS1005: ';' expected.
lib/visualLab/data/poiExtraBelizeHistoryV2.ts(411,11): error TS1005: ';' expected.
lib/visualLab/data/poiExtraBelizeHistoryV2.ts(412,11): error TS1005: ';' expected.
lib/visualLab/data/poiExtraBelizeHistoryV2.ts(413,9): error TS1005: ';' expected.
lib/visualLab/data/poiExtraBelizeHistoryV2.ts(415,9): error TS1005: ';' expected.
lib/visualLab/data/poiExtraBelizeHistoryV2.ts(416,9): error TS1005: ';' expected.
lib/visualLab/data/poiExtraBelizeHistoryV2.ts(417,9): error TS1005: ';' expected.
lib/visualLab/data/poiExtraBelizeHistoryV2.ts(418,5): error TS1109: Expression expected.
lib/visualLab/data/poiExtraBelizeHistoryV2.ts(418,6): error TS1128: Declaration or statement expected.
lib/visualLab/data/poiExtraBelizeHistoryV2.ts(421,9): error TS1005: ';' expected.
lib/visualLab/data/poiExtraBelizeHistoryV2.ts(422,9): error TS1005: ';' expected.
lib/visualLab/data/poiExtraBelizeHistoryV2.ts(423,9): error TS1005: ';' expected.
lib/visualLab/data/poiExtraBelizeHistoryV2.ts(424,5): error TS1109: Expression expected.
lib/visualLab/data/poiExtraBelizeHistoryV2.ts(424,6): error TS1128: Declaration or statement expected.
lib/visualLab/data/poiExtraBelizeHistoryV2.ts(427,9): error TS1005: ';' expected.
lib/visualLab/data/poiExtraBelizeHistoryV2.ts(428,9): error TS1005: ';' expected.
lib/visualLab/data/poiExtraBelizeHistoryV2.ts(429,9): error TS1005: ';' expected.
lib/visualLab/data/poiExtraBelizeHistoryV2.ts(430,6): error TS1128: Declaration or statement expected.
lib/visualLab/data/poiExtraBelizeHistoryV2.ts(433,9): error TS1005: ';' expected.
lib/visualLab/data/poiExtraBelizeHistoryV2.ts(434,9): error TS1005: ';' expected.
lib/visualLab/data/poiExtraBelizeHistoryV2.ts(435,9): error TS1005: ';' expected.
lib/visualLab/data/poiExtraBelizeHistoryV2.ts(436,5): error TS1109: Expression expected.
lib/visualLab/data/poiExtraBelizeHistoryV2.ts(436,6): error TS1128: Declaration or statement expected.
lib/visualLab/data/poiExtraBelizeHistoryV2.ts(439,9): error TS1005: ';' expected.
lib/visualLab/data/poiExtraBelizeHistoryV2.ts(440,9): error TS1005: ';' expected.
lib/visualLab/data/poiExtraBelizeHistoryV2.ts(441,9): error TS1005: ';' expected.
lib/visualLab/data/poiExtraBelizeHistoryV2.ts(443,4): error TS1128: Declaration or statement expected.
lib/visualLab/data/poiExtraBelizeHistoryV2.ts(446,9): error TS1005: ';' expected.
lib/visualLab/data/poiExtraBelizeHistoryV2.ts(447,11): error TS1005: ';' expected.
lib/visualLab/data/poiExtraBelizeHistoryV2.ts(448,11): error TS1005: ';' expected.
lib/visualLab/data/poiExtraBelizeHistoryV2.ts(449,9): error TS1005: ';' expected.
lib/visualLab/data/poiExtraBelizeHistoryV2.ts(451,9): error TS1005: ';' expected.
lib/visualLab/data/poiExtraBelizeHistoryV2.ts(452,9): error TS1005: ';' expected.
lib/visualLab/data/poiExtraBelizeHistoryV2.ts(453,9): error TS1005: ';' expected.
lib/visualLab/data/poiExtraBelizeHistoryV2.ts(454,5): error TS1109: Expression expected.
lib/visualLab/data/poiExtraBelizeHistoryV2.ts(454,6): error TS1128: Declaration or statement expected.
lib/visualLab/data/poiExtraBelizeHistoryV2.ts(457,9): error TS1005: ';' expected.
lib/visualLab/data/poiExtraBelizeHistoryV2.ts(458,9): error TS1005: ';' expected.
lib/visualLab/data/poiExtraBelizeHistoryV2.ts(459,9): error TS1005: ';' expected.
lib/visualLab/data/poiExtraBelizeHistoryV2.ts(460,5): error TS1109: Expression expected.
lib/visualLab/data/poiExtraBelizeHistoryV2.ts(460,6): error TS1128: Declaration or statement expected.
lib/visualLab/data/poiExtraBelizeHistoryV2.ts(463,9): error TS1005: ';' expected.
lib/visualLab/data/poiExtraBelizeHistoryV2.ts(464,9): error TS1005: ';' expected.
lib/visualLab/data/poiExtraBelizeHistoryV2.ts(465,9): error TS1005: ';' expected.
lib/visualLab/data/poiExtraBelizeHistoryV2.ts(466,6): error TS1128: Declaration or statement expected.
lib/visualLab/data/poiExtraBelizeHistoryV2.ts(469,9): error TS1005: ';' expected.
lib/visualLab/data/poiExtraBelizeHistoryV2.ts(470,9): error TS1005: ';' expected.
lib/visualLab/data/poiExtraBelizeHistoryV2.ts(471,9): error TS1005: ';' expected.
lib/visualLab/data/poiExtraBelizeHistoryV2.ts(472,5): error TS1109: Expression expected.
lib/visualLab/data/poiExtraBelizeHistoryV2.ts(472,6): error TS1128: Declaration or statement expected.
lib/visualLab/data/poiExtraBelizeHistoryV2.ts(475,9): error TS1005: ';' expected.
lib/visualLab/data/poiExtraBelizeHistoryV2.ts(476,9): error TS1005: ';' expected.
lib/visualLab/data/poiExtraBelizeHistoryV2.ts(477,9): error TS1005: ';' expected.
lib/visualLab/data/poiExtraBelizeHistoryV2.ts(479,4): error TS1128: Declaration or statement expected.
lib/visualLab/data/poiExtraBelizeHistoryV2.ts(482,9): error TS1005: ';' expected.
lib/visualLab/data/poiExtraBelizeHistoryV2.ts(483,11): error TS1005: ';' expected.
lib/visualLab/data/poiExtraBelizeHistoryV2.ts(484,11): error TS1005: ';' expected.
lib/visualLab/data/poiExtraBelizeHistoryV2.ts(485,9): error TS1005: ';' expected.
lib/visualLab/data/poiExtraBelizeHistoryV2.ts(487,9): error TS1005: ';' expected.
lib/visualLab/data/poiExtraBelizeHistoryV2.ts(488,9): error TS1005: ';' expected.
lib/visualLab/data/poiExtraBelizeHistoryV2.ts(489,9): error TS1005: ';' expected.
lib/visualLab/data/poiExtraBelizeHistoryV2.ts(490,5): error TS1109: Expression expected.
lib/visualLab/data/poiExtraBelizeHistoryV2.ts(490,6): error TS1128: Declaration or statement expected.
lib/visualLab/data/poiExtraBelizeHistoryV2.ts(493,9): error TS1005: ';' expected.
lib/visualLab/data/poiExtraBelizeHistoryV2.ts(494,9): error TS1005: ';' expected.
lib/visualLab/data/poiExtraBelizeHistoryV2.ts(495,9): error TS1005: ';' expected.
lib/visualLab/data/poiExtraBelizeHistoryV2.ts(496,5): error TS1109: Expression expected.
lib/visualLab/data/poiExtraBelizeHistoryV2.ts(496,6): error TS1128: Declaration or statement expected.
lib/visualLab/data/poiExtraBelizeHistoryV2.ts(499,9): error TS1005: ';' expected.
lib/visualLab/data/poiExtraBelizeHistoryV2.ts(500,9): error TS1005: ';' expected.
lib/visualLab/data/poiExtraBelizeHistoryV2.ts(501,9): error TS1005: ';' expected.
lib/visualLab/data/poiExtraBelizeHistoryV2.ts(502,6): error TS1128: Declaration or statement expected.
lib/visualLab/data/poiExtraBelizeHistoryV2.ts(505,9): error TS1005: ';' expected.
lib/visualLab/data/poiExtraBelizeHistoryV2.ts(506,9): error TS1005: ';' expected.
lib/visualLab/data/poiExtraBelizeHistoryV2.ts(507,9): error TS1005: ';' expected.
lib/visualLab/data/poiExtraBelizeHistoryV2.ts(508,5): error TS1109: Expression expected.
lib/visualLab/data/poiExtraBelizeHistoryV2.ts(508,6): error TS1128: Declaration or statement expected.
lib/visualLab/data/poiExtraBelizeHistoryV2.ts(511,9): error TS1005: ';' expected.
lib/visualLab/data/poiExtraBelizeHistoryV2.ts(512,9): error TS1005: ';' expected.
lib/visualLab/data/poiExtraBelizeHistoryV2.ts(513,9): error TS1005: ';' expected.
lib/visualLab/data/poiExtraBelizeHistoryV2.ts(515,4): error TS1128: Declaration or statement expected.
lib/visualLab/data/poiExtraBelizeHistoryV2.ts(518,9): error TS1005: ';' expected.
lib/visualLab/data/poiExtraBelizeHistoryV2.ts(519,11): error TS1005: ';' expected.
lib/visualLab/data/poiExtraBelizeHistoryV2.ts(520,11): error TS1005: ';' expected.
lib/visualLab/data/poiExtraBelizeHistoryV2.ts(521,9): error TS1005: ';' expected.
lib/visualLab/data/poiExtraBelizeHistoryV2.ts(523,9): error TS1005: ';' expected.
lib/visualLab/data/poiExtraBelizeHistoryV2.ts(524,9): error TS1005: ';' expected.
lib/visualLab/data/poiExtraBelizeHistoryV2.ts(525,9): error TS1005: ';' expected.
lib/visualLab/data/poiExtraBelizeHistoryV2.ts(526,5): error TS1109: Expression expected.
lib/visualLab/data/poiExtraBelizeHistoryV2.ts(526,6): error TS1128: Declaration or statement expected.
lib/visualLab/data/poiExtraBelizeHistoryV2.ts(529,9): error TS1005: ';' expected.
lib/visualLab/data/poiExtraBelizeHistoryV2.ts(530,9): error TS1005: ';' expected.
lib/visualLab/data/poiExtraBelizeHistoryV2.ts(531,9): error TS1005: ';' expected.
lib/visualLab/data/poiExtraBelizeHistoryV2.ts(532,5): error TS1109: Expression expected.
lib/visualLab/data/poiExtraBelizeHistoryV2.ts(532,6): error TS1128: Declaration or statement expected.
lib/visualLab/data/poiExtraBelizeHistoryV2.ts(535,9): error TS1005: ';' expected.
lib/visualLab/data/poiExtraBelizeHistoryV2.ts(536,9): error TS1005: ';' expected.
lib/visualLab/data/poiExtraBelizeHistoryV2.ts(537,9): error TS1005: ';' expected.
lib/visualLab/data/poiExtraBelizeHistoryV2.ts(538,6): error TS1128: Declaration or statement expected.
lib/visualLab/data/poiExtraBelizeHistoryV2.ts(541,9): error TS1005: ';' expected.
lib/visualLab/data/poiExtraBelizeHistoryV2.ts(542,9): error TS1005: ';' expected.
lib/visualLab/data/poiExtraBelizeHistoryV2.ts(543,9): error TS1005: ';' expected.
lib/visualLab/data/poiExtraBelizeHistoryV2.ts(544,5): error TS1109: Expression expected.
lib/visualLab/data/poiExtraBelizeHistoryV2.ts(544,6): error TS1128: Declaration or statement expected.
lib/visualLab/data/poiExtraBelizeHistoryV2.ts(547,9): error TS1005: ';' expected.
lib/visualLab/data/poiExtraBelizeHistoryV2.ts(548,9): error TS1005: ';' expected.
lib/visualLab/data/poiExtraBelizeHistoryV2.ts(549,9): error TS1005: ';' expected.
lib/visualLab/data/poiExtraBelizeHistoryV2.ts(551,4): error TS1128: Declaration or statement expected.
lib/visualLab/data/poiExtraBelizeHistoryV2.ts(554,9): error TS1005: ';' expected.
lib/visualLab/data/poiExtraBelizeHistoryV2.ts(555,11): error TS1005: ';' expected.
lib/visualLab/data/poiExtraBelizeHistoryV2.ts(556,11): error TS1005: ';' expected.
lib/visualLab/data/poiExtraBelizeHistoryV2.ts(557,9): error TS1005: ';' expected.
lib/visualLab/data/poiExtraBelizeHistoryV2.ts(559,9): error TS1005: ';' expected.
lib/visualLab/data/poiExtraBelizeHistoryV2.ts(560,9): error TS1005: ';' expected.
lib/visualLab/data/poiExtraBelizeHistoryV2.ts(561,9): error TS1005: ';' expected.
lib/visualLab/data/poiExtraBelizeHistoryV2.ts(562,5): error TS1109: Expression expected.
lib/visualLab/data/poiExtraBelizeHistoryV2.ts(562,6): error TS1128: Declaration or statement expected.
lib/visualLab/data/poiExtraBelizeHistoryV2.ts(565,9): error TS1005: ';' expected.
lib/visualLab/data/poiExtraBelizeHistoryV2.ts(566,9): error TS1005: ';' expected.
lib/visualLab/data/poiExtraBelizeHistoryV2.ts(567,9): error TS1005: ';' expected.
lib/visualLab/data/poiExtraBelizeHistoryV2.ts(568,5): error TS1109: Expression expected.
lib/visualLab/data/poiExtraBelizeHistoryV2.ts(568,6): error TS1128: Declaration or statement expected.
lib/visualLab/data/poiExtraBelizeHistoryV2.ts(571,9): error TS1005: ';' expected.
lib/visualLab/data/poiExtraBelizeHistoryV2.ts(572,9): error TS1005: ';' expected.
lib/visualLab/data/poiExtraBelizeHistoryV2.ts(573,9): error TS1005: ';' expected.
lib/visualLab/data/poiExtraBelizeHistoryV2.ts(574,6): error TS1128: Declaration or statement expected.
lib/visualLab/data/poiExtraBelizeHistoryV2.ts(577,9): error TS1005: ';' expected.
lib/visualLab/data/poiExtraBelizeHistoryV2.ts(578,9): error TS1005: ';' expected.
lib/visualLab/data/poiExtraBelizeHistoryV2.ts(579,9): error TS1005: ';' expected.
lib/visualLab/data/poiExtraBelizeHistoryV2.ts(580,5): error TS1109: Expression expected.
lib/visualLab/data/poiExtraBelizeHistoryV2.ts(580,6): error TS1128: Declaration or statement expected.
lib/visualLab/data/poiExtraBelizeHistoryV2.ts(583,9): error TS1005: ';' expected.
lib/visualLab/data/poiExtraBelizeHistoryV2.ts(584,9): error TS1005: ';' expected.
lib/visualLab/data/poiExtraBelizeHistoryV2.ts(585,9): error TS1005: ';' expected.
lib/visualLab/data/poiExtraBelizeHistoryV2.ts(587,4): error TS1128: Declaration or statement expected.
lib/visualLab/data/poiExtraBelizeHistoryV2.ts(590,9): error TS1005: ';' expected.
lib/visualLab/data/poiExtraBelizeHistoryV2.ts(591,11): error TS1005: ';' expected.
lib/visualLab/data/poiExtraBelizeHistoryV2.ts(592,11): error TS1005: ';' expected.
lib/visualLab/data/poiExtraBelizeHistoryV2.ts(593,9): error TS1005: ';' expected.
lib/visualLab/data/poiExtraBelizeHistoryV2.ts(595,9): error TS1005: ';' expected.
lib/visualLab/data/poiExtraBelizeHistoryV2.ts(596,9): error TS1005: ';' expected.
lib/visualLab/data/poiExtraBelizeHistoryV2.ts(597,9): error TS1005: ';' expected.
lib/visualLab/data/poiExtraBelizeHistoryV2.ts(598,5): error TS1109: Expression expected.
lib/visualLab/data/poiExtraBelizeHistoryV2.ts(598,6): error TS1128: Declaration or statement expected.
lib/visualLab/data/poiExtraBelizeHistoryV2.ts(601,9): error TS1005: ';' expected.
lib/visualLab/data/poiExtraBelizeHistoryV2.ts(602,9): error TS1005: ';' expected.
lib/visualLab/data/poiExtraBelizeHistoryV2.ts(603,9): error TS1005: ';' expected.
lib/visualLab/data/poiExtraBelizeHistoryV2.ts(604,5): error TS1109: Expression expected.
lib/visualLab/data/poiExtraBelizeHistoryV2.ts(604,6): error TS1128: Declaration or statement expected.
lib/visualLab/data/poiExtraBelizeHistoryV2.ts(607,9): error TS1005: ';' expected.
lib/visualLab/data/poiExtraBelizeHistoryV2.ts(608,9): error TS1005: ';' expected.
lib/visualLab/data/poiExtraBelizeHistoryV2.ts(609,9): error TS1005: ';' expected.
lib/visualLab/data/poiExtraBelizeHistoryV2.ts(610,6): error TS1128: Declaration or statement expected.
lib/visualLab/data/poiExtraBelizeHistoryV2.ts(613,9): error TS1005: ';' expected.
lib/visualLab/data/poiExtraBelizeHistoryV2.ts(614,9): error TS1005: ';' expected.
lib/visualLab/data/poiExtraBelizeHistoryV2.ts(615,9): error TS1005: ';' expected.
lib/visualLab/data/poiExtraBelizeHistoryV2.ts(616,5): error TS1109: Expression expected.
lib/visualLab/data/poiExtraBelizeHistoryV2.ts(616,6): error TS1128: Declaration or statement expected.
lib/visualLab/data/poiExtraBelizeHistoryV2.ts(619,9): error TS1005: ';' expected.
lib/visualLab/data/poiExtraBelizeHistoryV2.ts(620,9): error TS1005: ';' expected.
lib/visualLab/data/poiExtraBelizeHistoryV2.ts(621,9): error TS1005: ';' expected.
lib/visualLab/data/poiExtraBelizeHistoryV2.ts(623,4): error TS1128: Declaration or statement expected.
lib/visualLab/data/poiExtraBelizeHistoryV2.ts(626,9): error TS1005: ';' expected.
lib/visualLab/data/poiExtraBelizeHistoryV2.ts(627,11): error TS1005: ';' expected.
lib/visualLab/data/poiExtraBelizeHistoryV2.ts(628,11): error TS1005: ';' expected.
lib/visualLab/data/poiExtraBelizeHistoryV2.ts(629,9): error TS1005: ';' expected.
lib/visualLab/data/poiExtraBelizeHistoryV2.ts(631,9): error TS1005: ';' expected.
lib/visualLab/data/poiExtraBelizeHistoryV2.ts(632,9): error TS1005: ';' expected.
lib/visualLab/data/poiExtraBelizeHistoryV2.ts(633,9): error TS1005: ';' expected.
lib/visualLab/data/poiExtraBelizeHistoryV2.ts(634,5): error TS1109: Expression expected.
lib/visualLab/data/poiExtraBelizeHistoryV2.ts(634,6): error TS1128: Declaration or statement expected.
lib/visualLab/data/poiExtraBelizeHistoryV2.ts(637,9): error TS1005: ';' expected.
lib/visualLab/data/poiExtraBelizeHistoryV2.ts(638,9): error TS1005: ';' expected.
lib/visualLab/data/poiExtraBelizeHistoryV2.ts(639,9): error TS1005: ';' expected.
lib/visualLab/data/poiExtraBelizeHistoryV2.ts(640,5): error TS1109: Expression expected.
lib/visualLab/data/poiExtraBelizeHistoryV2.ts(640,6): error TS1128: Declaration or statement expected.
lib/visualLab/data/poiExtraBelizeHistoryV2.ts(643,9): error TS1005: ';' expected.
lib/visualLab/data/poiExtraBelizeHistoryV2.ts(644,9): error TS1005: ';' expected.
lib/visualLab/data/poiExtraBelizeHistoryV2.ts(645,9): error TS1005: ';' expected.
lib/visualLab/data/poiExtraBelizeHistoryV2.ts(646,6): error TS1128: Declaration or statement expected.
lib/visualLab/data/poiExtraBelizeHistoryV2.ts(649,9): error TS1005: ';' expected.
lib/visualLab/data/poiExtraBelizeHistoryV2.ts(650,9): error TS1005: ';' expected.
lib/visualLab/data/poiExtraBelizeHistoryV2.ts(651,9): error TS1005: ';' expected.
lib/visualLab/data/poiExtraBelizeHistoryV2.ts(652,5): error TS1109: Expression expected.
lib/visualLab/data/poiExtraBelizeHistoryV2.ts(652,6): error TS1128: Declaration or statement expected.
lib/visualLab/data/poiExtraBelizeHistoryV2.ts(655,9): error TS1005: ';' expected.
lib/visualLab/data/poiExtraBelizeHistoryV2.ts(656,9): error TS1005: ';' expected.
lib/visualLab/data/poiExtraBelizeHistoryV2.ts(657,9): error TS1005: ';' expected.
lib/visualLab/data/poiExtraBelizeHistoryV2.ts(659,4): error TS1128: Declaration or statement expected.
lib/visualLab/data/poiExtraBelizeHistoryV2.ts(662,9): error TS1005: ';' expected.
lib/visualLab/data/poiExtraBelizeHistoryV2.ts(663,11): error TS1005: ';' expected.
lib/visualLab/data/poiExtraBelizeHistoryV2.ts(664,11): error TS1005: ';' expected.
lib/visualLab/data/poiExtraBelizeHistoryV2.ts(665,9): error TS1005: ';' expected.
lib/visualLab/data/poiExtraBelizeHistoryV2.ts(667,9): error TS1005: ';' expected.
lib/visualLab/data/poiExtraBelizeHistoryV2.ts(668,9): error TS1005: ';' expected.
lib/visualLab/data/poiExtraBelizeHistoryV2.ts(669,9): error TS1005: ';' expected.
lib/visualLab/data/poiExtraBelizeHistoryV2.ts(670,5): error TS1109: Expression expected.
lib/visualLab/data/poiExtraBelizeHistoryV2.ts(670,6): error TS1128: Declaration or statement expected.
lib/visualLab/data/poiExtraBelizeHistoryV2.ts(673,9): error TS1005: ';' expected.
lib/visualLab/data/poiExtraBelizeHistoryV2.ts(674,9): error TS1005: ';' expected.
lib/visualLab/data/poiExtraBelizeHistoryV2.ts(675,9): error TS1005: ';' expected.
lib/visualLab/data/poiExtraBelizeHistoryV2.ts(676,5): error TS1109: Expression expected.
lib/visualLab/data/poiExtraBelizeHistoryV2.ts(676,6): error TS1128: Declaration or statement expected.
lib/visualLab/data/poiExtraBelizeHistoryV2.ts(679,9): error TS1005: ';' expected.
lib/visualLab/data/poiExtraBelizeHistoryV2.ts(680,9): error TS1005: ';' expected.
lib/visualLab/data/poiExtraBelizeHistoryV2.ts(681,9): error TS1005: ';' expected.
lib/visualLab/data/poiExtraBelizeHistoryV2.ts(682,6): error TS1128: Declaration or statement expected.
lib/visualLab/data/poiExtraBelizeHistoryV2.ts(685,9): error TS1005: ';' expected.
lib/visualLab/data/poiExtraBelizeHistoryV2.ts(686,9): error TS1005: ';' expected.
lib/visualLab/data/poiExtraBelizeHistoryV2.ts(687,9): error TS1005: ';' expected.
lib/visualLab/data/poiExtraBelizeHistoryV2.ts(688,5): error TS1109: Expression expected.
lib/visualLab/data/poiExtraBelizeHistoryV2.ts(688,6): error TS1128: Declaration or statement expected.
lib/visualLab/data/poiExtraBelizeHistoryV2.ts(691,9): error TS1005: ';' expected.
lib/visualLab/data/poiExtraBelizeHistoryV2.ts(692,9): error TS1005: ';' expected.
lib/visualLab/data/poiExtraBelizeHistoryV2.ts(693,9): error TS1005: ';' expected.
lib/visualLab/data/poiExtraBelizeHistoryV2.ts(695,4): error TS1128: Declaration or statement expected.
lib/visualLab/data/poiExtraBelizeHistoryV2.ts(698,9): error TS1005: ';' expected.
lib/visualLab/data/poiExtraBelizeHistoryV2.ts(699,11): error TS1005: ';' expected.
lib/visualLab/data/poiExtraBelizeHistoryV2.ts(700,11): error TS1005: ';' expected.
lib/visualLab/data/poiExtraBelizeHistoryV2.ts(701,9): error TS1005: ';' expected.
lib/visualLab/data/poiExtraBelizeHistoryV2.ts(703,9): error TS1005: ';' expected.
lib/visualLab/data/poiExtraBelizeHistoryV2.ts(704,9): error TS1005: ';' expected.
lib/visualLab/data/poiExtraBelizeHistoryV2.ts(705,9): error TS1005: ';' expected.
lib/visualLab/data/poiExtraBelizeHistoryV2.ts(706,5): error TS1109: Expression expected.
lib/visualLab/data/poiExtraBelizeHistoryV2.ts(706,6): error TS1128: Declaration or statement expected.
lib/visualLab/data/poiExtraBelizeHistoryV2.ts(709,9): error TS1005: ';' expected.
lib/visualLab/data/poiExtraBelizeHistoryV2.ts(710,9): error TS1005: ';' expected.
lib/visualLab/data/poiExtraBelizeHistoryV2.ts(711,9): error TS1005: ';' expected.
lib/visualLab/data/poiExtraBelizeHistoryV2.ts(712,5): error TS1109: Expression expected.
lib/visualLab/data/poiExtraBelizeHistoryV2.ts(712,6): error TS1128: Declaration or statement expected.
lib/visualLab/data/poiExtraBelizeHistoryV2.ts(715,9): error TS1005: ';' expected.
lib/visualLab/data/poiExtraBelizeHistoryV2.ts(716,9): error TS1005: ';' expected.
lib/visualLab/data/poiExtraBelizeHistoryV2.ts(717,9): error TS1005: ';' expected.
lib/visualLab/data/poiExtraBelizeHistoryV2.ts(718,6): error TS1128: Declaration or statement expected.
lib/visualLab/data/poiExtraBelizeHistoryV2.ts(721,9): error TS1005: ';' expected.
lib/visualLab/data/poiExtraBelizeHistoryV2.ts(722,9): error TS1005: ';' expected.
lib/visualLab/data/poiExtraBelizeHistoryV2.ts(723,9): error TS1005: ';' expected.
lib/visualLab/data/poiExtraBelizeHistoryV2.ts(724,5): error TS1109: Expression expected.
lib/visualLab/data/poiExtraBelizeHistoryV2.ts(724,6): error TS1128: Declaration or statement expected.
lib/visualLab/data/poiExtraBelizeHistoryV2.ts(727,9): error TS1005: ';' expected.
lib/visualLab/data/poiExtraBelizeHistoryV2.ts(728,9): error TS1005: ';' expected.
lib/visualLab/data/poiExtraBelizeHistoryV2.ts(729,9): error TS1005: ';' expected.
lib/visualLab/data/poiExtraBelizeHistoryV2.ts(731,4): error TS1128: Declaration or statement expected.
lib/visualLab/data/poiExtraBelizeHistoryV2.ts(734,9): error TS1005: ';' expected.
lib/visualLab/data/poiExtraBelizeHistoryV2.ts(735,11): error TS1005: ';' expected.
lib/visualLab/data/poiExtraBelizeHistoryV2.ts(736,11): error TS1005: ';' expected.
lib/visualLab/data/poiExtraBelizeHistoryV2.ts(737,9): error TS1005: ';' expected.
lib/visualLab/data/poiExtraBelizeHistoryV2.ts(739,9): error TS1005: ';' expected.
lib/visualLab/data/poiExtraBelizeHistoryV2.ts(740,9): error TS1005: ';' expected.
lib/visualLab/data/poiExtraBelizeHistoryV2.ts(741,9): error TS1005: ';' expected.
lib/visualLab/data/poiExtraBelizeHistoryV2.ts(742,5): error TS1109: Expression expected.
lib/visualLab/data/poiExtraBelizeHistoryV2.ts(742,6): error TS1128: Declaration or statement expected.
lib/visualLab/data/poiExtraBelizeHistoryV2.ts(745,9): error TS1005: ';' expected.
lib/visualLab/data/poiExtraBelizeHistoryV2.ts(746,9): error TS1005: ';' expected.
lib/visualLab/data/poiExtraBelizeHistoryV2.ts(747,9): error TS1005: ';' expected.
lib/visualLab/data/poiExtraBelizeHistoryV2.ts(748,5): error TS1109: Expression expected.
lib/visualLab/data/poiExtraBelizeHistoryV2.ts(748,6): error TS1128: Declaration or statement expected.
lib/visualLab/data/poiExtraBelizeHistoryV2.ts(751,9): error TS1005: ';' expected.
lib/visualLab/data/poiExtraBelizeHistoryV2.ts(752,9): error TS1005: ';' expected.
lib/visualLab/data/poiExtraBelizeHistoryV2.ts(753,9): error TS1005: ';' expected.
lib/visualLab/data/poiExtraBelizeHistoryV2.ts(754,6): error TS1128: Declaration or statement expected.
lib/visualLab/data/poiExtraBelizeHistoryV2.ts(757,9): error TS1005: ';' expected.
lib/visualLab/data/poiExtraBelizeHistoryV2.ts(758,9): error TS1005: ';' expected.
lib/visualLab/data/poiExtraBelizeHistoryV2.ts(759,9): error TS1005: ';' expected.
lib/visualLab/data/poiExtraBelizeHistoryV2.ts(760,5): error TS1109: Expression expected.
lib/visualLab/data/poiExtraBelizeHistoryV2.ts(760,6): error TS1128: Declaration or statement expected.
lib/visualLab/data/poiExtraBelizeHistoryV2.ts(763,9): error TS1005: ';' expected.
lib/visualLab/data/poiExtraBelizeHistoryV2.ts(764,9): error TS1005: ';' expected.
lib/visualLab/data/poiExtraBelizeHistoryV2.ts(765,9): error TS1005: ';' expected.
lib/visualLab/data/poiExtraBelizeHistoryV2.ts(767,4): error TS1128: Declaration or statement expected.
lib/visualLab/data/poiExtraBelizeHistoryV2.ts(770,9): error TS1005: ';' expected.
lib/visualLab/data/poiExtraBelizeHistoryV2.ts(771,11): error TS1005: ';' expected.
lib/visualLab/data/poiExtraBelizeHistoryV2.ts(772,11): error TS1005: ';' expected.
lib/visualLab/data/poiExtraBelizeHistoryV2.ts(773,9): error TS1005: ';' expected.
lib/visualLab/data/poiExtraBelizeHistoryV2.ts(775,9): error TS1005: ';' expected.
lib/visualLab/data/poiExtraBelizeHistoryV2.ts(776,9): error TS1005: ';' expected.
lib/visualLab/data/poiExtraBelizeHistoryV2.ts(777,9): error TS1005: ';' expected.
lib/visualLab/data/poiExtraBelizeHistoryV2.ts(778,5): error TS1109: Expression expected.
lib/visualLab/data/poiExtraBelizeHistoryV2.ts(778,6): error TS1128: Declaration or statement expected.
lib/visualLab/data/poiExtraBelizeHistoryV2.ts(781,9): error TS1005: ';' expected.
lib/visualLab/data/poiExtraBelizeHistoryV2.ts(782,9): error TS1005: ';' expected.
lib/visualLab/data/poiExtraBelizeHistoryV2.ts(783,9): error TS1005: ';' expected.
lib/visualLab/data/poiExtraBelizeHistoryV2.ts(784,5): error TS1109: Expression expected.
lib/visualLab/data/poiExtraBelizeHistoryV2.ts(784,6): error TS1128: Declaration or statement expected.
lib/visualLab/data/poiExtraBelizeHistoryV2.ts(787,9): error TS1005: ';' expected.
lib/visualLab/data/poiExtraBelizeHistoryV2.ts(788,9): error TS1005: ';' expected.
lib/visualLab/data/poiExtraBelizeHistoryV2.ts(789,9): error TS1005: ';' expected.
lib/visualLab/data/poiExtraBelizeHistoryV2.ts(790,6): error TS1128: Declaration or statement expected.
lib/visualLab/data/poiExtraBelizeHistoryV2.ts(793,9): error TS1005: ';' expected.
lib/visualLab/data/poiExtraBelizeHistoryV2.ts(794,9): error TS1005: ';' expected.
lib/visualLab/data/poiExtraBelizeHistoryV2.ts(795,9): error TS1005: ';' expected.
lib/visualLab/data/poiExtraBelizeHistoryV2.ts(796,5): error TS1109: Expression expected.
lib/visualLab/data/poiExtraBelizeHistoryV2.ts(796,6): error TS1128: Declaration or statement expected.
lib/visualLab/data/poiExtraBelizeHistoryV2.ts(799,9): error TS1005: ';' expected.
lib/visualLab/data/poiExtraBelizeHistoryV2.ts(800,9): error TS1005: ';' expected.
lib/visualLab/data/poiExtraBelizeHistoryV2.ts(801,9): error TS1005: ';' expected.
lib/visualLab/data/poiExtraBelizeHistoryV2.ts(803,4): error TS1128: Declaration or statement expected.
lib/visualLab/data/poiExtraBelizeHistoryV2.ts(806,9): error TS1005: ';' expected.
lib/visualLab/data/poiExtraBelizeHistoryV2.ts(807,11): error TS1005: ';' expected.
lib/visualLab/data/poiExtraBelizeHistoryV2.ts(808,11): error TS1005: ';' expected.
lib/visualLab/data/poiExtraBelizeHistoryV2.ts(809,9): error TS1005: ';' expected.
lib/visualLab/data/poiExtraBelizeHistoryV2.ts(811,9): error TS1005: ';' expected.
lib/visualLab/data/poiExtraBelizeHistoryV2.ts(812,9): error TS1005: ';' expected.
lib/visualLab/data/poiExtraBelizeHistoryV2.ts(813,9): error TS1005: ';' expected.
lib/visualLab/data/poiExtraBelizeHistoryV2.ts(814,5): error TS1109: Expression expected.
lib/visualLab/data/poiExtraBelizeHistoryV2.ts(814,6): error TS1128: Declaration or statement expected.
lib/visualLab/data/poiExtraBelizeHistoryV2.ts(817,9): error TS1005: ';' expected.
lib/visualLab/data/poiExtraBelizeHistoryV2.ts(818,9): error TS1005: ';' expected.
lib/visualLab/data/poiExtraBelizeHistoryV2.ts(819,9): error TS1005: ';' expected.
lib/visualLab/data/poiExtraBelizeHistoryV2.ts(820,5): error TS1109: Expression expected.
lib/visualLab/data/poiExtraBelizeHistoryV2.ts(820,6): error TS1128: Declaration or statement expected.
lib/visualLab/data/poiExtraBelizeHistoryV2.ts(823,9): error TS1005: ';' expected.
lib/visualLab/data/poiExtraBelizeHistoryV2.ts(824,9): error TS1005: ';' expected.
lib/visualLab/data/poiExtraBelizeHistoryV2.ts(825,9): error TS1005: ';' expected.
lib/visualLab/data/poiExtraBelizeHistoryV2.ts(826,6): error TS1128: Declaration or statement expected.
lib/visualLab/data/poiExtraBelizeHistoryV2.ts(829,9): error TS1005: ';' expected.
lib/visualLab/data/poiExtraBelizeHistoryV2.ts(830,9): error TS1005: ';' expected.
lib/visualLab/data/poiExtraBelizeHistoryV2.ts(831,9): error TS1005: ';' expected.
lib/visualLab/data/poiExtraBelizeHistoryV2.ts(832,5): error TS1109: Expression expected.
lib/visualLab/data/poiExtraBelizeHistoryV2.ts(832,6): error TS1128: Declaration or statement expected.
lib/visualLab/data/poiExtraBelizeHistoryV2.ts(835,9): error TS1005: ';' expected.
lib/visualLab/data/poiExtraBelizeHistoryV2.ts(836,9): error TS1005: ';' expected.
lib/visualLab/data/poiExtraBelizeHistoryV2.ts(837,9): error TS1005: ';' expected.
lib/visualLab/data/poiExtraBelizeHistoryV2.ts(839,4): error TS1128: Declaration or statement expected.
lib/visualLab/data/poiExtraBelizeHistoryV2.ts(842,9): error TS1005: ';' expected.
lib/visualLab/data/poiExtraBelizeHistoryV2.ts(843,11): error TS1005: ';' expected.
lib/visualLab/data/poiExtraBelizeHistoryV2.ts(844,11): error TS1005: ';' expected.
lib/visualLab/data/poiExtraBelizeHistoryV2.ts(845,9): error TS1005: ';' expected.
lib/visualLab/data/poiExtraBelizeHistoryV2.ts(847,9): error TS1005: ';' expected.
lib/visualLab/data/poiExtraBelizeHistoryV2.ts(848,9): error TS1005: ';' expected.
lib/visualLab/data/poiExtraBelizeHistoryV2.ts(849,9): error TS1005: ';' expected.
lib/visualLab/data/poiExtraBelizeHistoryV2.ts(850,5): error TS1109: Expression expected.
lib/visualLab/data/poiExtraBelizeHistoryV2.ts(850,6): error TS1128: Declaration or statement expected.
lib/visualLab/data/poiExtraBelizeHistoryV2.ts(853,9): error TS1005: ';' expected.
lib/visualLab/data/poiExtraBelizeHistoryV2.ts(854,9): error TS1005: ';' expected.
lib/visualLab/data/poiExtraBelizeHistoryV2.ts(855,9): error TS1005: ';' expected.
lib/visualLab/data/poiExtraBelizeHistoryV2.ts(856,5): error TS1109: Expression expected.
lib/visualLab/data/poiExtraBelizeHistoryV2.ts(856,6): error TS1128: Declaration or statement expected.
lib/visualLab/data/poiExtraBelizeHistoryV2.ts(859,9): error TS1005: ';' expected.
lib/visualLab/data/poiExtraBelizeHistoryV2.ts(860,9): error TS1005: ';' expected.
lib/visualLab/data/poiExtraBelizeHistoryV2.ts(861,9): error TS1005: ';' expected.
lib/visualLab/data/poiExtraBelizeHistoryV2.ts(862,6): error TS1128: Declaration or statement expected.
lib/visualLab/data/poiExtraBelizeHistoryV2.ts(865,9): error TS1005: ';' expected.
lib/visualLab/data/poiExtraBelizeHistoryV2.ts(866,9): error TS1005: ';' expected.
lib/visualLab/data/poiExtraBelizeHistoryV2.ts(867,9): error TS1005: ';' expected.
lib/visualLab/data/poiExtraBelizeHistoryV2.ts(868,5): error TS1109: Expression expected.
lib/visualLab/data/poiExtraBelizeHistoryV2.ts(868,6): error TS1128: Declaration or statement expected.
lib/visualLab/data/poiExtraBelizeHistoryV2.ts(871,9): error TS1005: ';' expected.
lib/visualLab/data/poiExtraBelizeHistoryV2.ts(872,9): error TS1005: ';' expected.
lib/visualLab/data/poiExtraBelizeHistoryV2.ts(873,9): error TS1005: ';' expected.
lib/visualLab/data/poiExtraBelizeHistoryV2.ts(875,4): error TS1128: Declaration or statement expected.
lib/visualLab/data/poiExtraBelizeHistoryV2.ts(878,9): error TS1005: ';' expected.
lib/visualLab/data/poiExtraBelizeHistoryV2.ts(879,11): error TS1005: ';' expected.
lib/visualLab/data/poiExtraBelizeHistoryV2.ts(880,11): error TS1005: ';' expected.
lib/visualLab/data/poiExtraBelizeHistoryV2.ts(881,9): error TS1005: ';' expected.
lib/visualLab/data/poiExtraBelizeHistoryV2.ts(883,9): error TS1005: ';' expected.
lib/visualLab/data/poiExtraBelizeHistoryV2.ts(884,9): error TS1005: ';' expected.
lib/visualLab/data/poiExtraBelizeHistoryV2.ts(885,9): error TS1005: ';' expected.
lib/visualLab/data/poiExtraBelizeHistoryV2.ts(886,5): error TS1109: Expression expected.
lib/visualLab/data/poiExtraBelizeHistoryV2.ts(886,6): error TS1128: Declaration or statement expected.
lib/visualLab/data/poiExtraBelizeHistoryV2.ts(889,9): error TS1005: ';' expected.
lib/visualLab/data/poiExtraBelizeHistoryV2.ts(890,9): error TS1005: ';' expected.
lib/visualLab/data/poiExtraBelizeHistoryV2.ts(891,9): error TS1005: ';' expected.
lib/visualLab/data/poiExtraBelizeHistoryV2.ts(892,5): error TS1109: Expression expected.
lib/visualLab/data/poiExtraBelizeHistoryV2.ts(892,6): error TS1128: Declaration or statement expected.
lib/visualLab/data/poiExtraBelizeHistoryV2.ts(895,9): error TS1005: ';' expected.
lib/visualLab/data/poiExtraBelizeHistoryV2.ts(896,9): error TS1005: ';' expected.
lib/visualLab/data/poiExtraBelizeHistoryV2.ts(897,9): error TS1005: ';' expected.
lib/visualLab/data/poiExtraBelizeHistoryV2.ts(898,6): error TS1128: Declaration or statement expected.
lib/visualLab/data/poiExtraBelizeHistoryV2.ts(901,9): error TS1005: ';' expected.
lib/visualLab/data/poiExtraBelizeHistoryV2.ts(902,9): error TS1005: ';' expected.
lib/visualLab/data/poiExtraBelizeHistoryV2.ts(903,9): error TS1005: ';' expected.
lib/visualLab/data/poiExtraBelizeHistoryV2.ts(904,5): error TS1109: Expression expected.
lib/visualLab/data/poiExtraBelizeHistoryV2.ts(904,6): error TS1128: Declaration or statement expected.
lib/visualLab/data/poiExtraBelizeHistoryV2.ts(907,9): error TS1005: ';' expected.
lib/visualLab/data/poiExtraBelizeHistoryV2.ts(908,9): error TS1005: ';' expected.
lib/visualLab/data/poiExtraBelizeHistoryV2.ts(909,9): error TS1005: ';' expected.
lib/visualLab/data/poiExtraBelizeHistoryV2.ts(911,4): error TS1128: Declaration or statement expected.
lib/visualLab/data/poiExtraBelizeHistoryV2.ts(914,9): error TS1005: ';' expected.
lib/visualLab/data/poiExtraBelizeHistoryV2.ts(915,11): error TS1005: ';' expected.
lib/visualLab/data/poiExtraBelizeHistoryV2.ts(916,11): error TS1005: ';' expected.
lib/visualLab/data/poiExtraBelizeHistoryV2.ts(917,9): error TS1005: ';' expected.
lib/visualLab/data/poiExtraBelizeHistoryV2.ts(919,9): error TS1005: ';' expected.
lib/visualLab/data/poiExtraBelizeHistoryV2.ts(920,9): error TS1005: ';' expected.
lib/visualLab/data/poiExtraBelizeHistoryV2.ts(921,9): error TS1005: ';' expected.
lib/visualLab/data/poiExtraBelizeHistoryV2.ts(922,5): error TS1109: Expression expected.
lib/visualLab/data/poiExtraBelizeHistoryV2.ts(922,6): error TS1128: Declaration or statement expected.
lib/visualLab/data/poiExtraBelizeHistoryV2.ts(925,9): error TS1005: ';' expected.
lib/visualLab/data/poiExtraBelizeHistoryV2.ts(926,9): error TS1005: ';' expected.
lib/visualLab/data/poiExtraBelizeHistoryV2.ts(927,9): error TS1005: ';' expected.
lib/visualLab/data/poiExtraBelizeHistoryV2.ts(928,5): error TS1109: Expression expected.
lib/visualLab/data/poiExtraBelizeHistoryV2.ts(928,6): error TS1128: Declaration or statement expected.
lib/visualLab/data/poiExtraBelizeHistoryV2.ts(931,9): error TS1005: ';' expected.
lib/visualLab/data/poiExtraBelizeHistoryV2.ts(932,9): error TS1005: ';' expected.
lib/visualLab/data/poiExtraBelizeHistoryV2.ts(933,9): error TS1005: ';' expected.
lib/visualLab/data/poiExtraBelizeHistoryV2.ts(934,6): error TS1128: Declaration or statement expected.
lib/visualLab/data/poiExtraBelizeHistoryV2.ts(937,9): error TS1005: ';' expected.
lib/visualLab/data/poiExtraBelizeHistoryV2.ts(938,9): error TS1005: ';' expected.
lib/visualLab/data/poiExtraBelizeHistoryV2.ts(939,9): error TS1005: ';' expected.
lib/visualLab/data/poiExtraBelizeHistoryV2.ts(940,5): error TS1109: Expression expected.
lib/visualLab/data/poiExtraBelizeHistoryV2.ts(940,6): error TS1128: Declaration or statement expected.
lib/visualLab/data/poiExtraBelizeHistoryV2.ts(943,9): error TS1005: ';' expected.
lib/visualLab/data/poiExtraBelizeHistoryV2.ts(944,9): error TS1005: ';' expected.
lib/visualLab/data/poiExtraBelizeHistoryV2.ts(945,9): error TS1005: ';' expected.
lib/visualLab/data/poiExtraBelizeHistoryV2.ts(947,4): error TS1128: Declaration or statement expected.
lib/visualLab/data/poiExtraBelizeHistoryV2.ts(950,9): error TS1005: ';' expected.
lib/visualLab/data/poiExtraBelizeHistoryV2.ts(951,11): error TS1005: ';' expected.
lib/visualLab/data/poiExtraBelizeHistoryV2.ts(952,11): error TS1005: ';' expected.
lib/visualLab/data/poiExtraBelizeHistoryV2.ts(953,9): error TS1005: ';' expected.
lib/visualLab/data/poiExtraBelizeHistoryV2.ts(955,9): error TS1005: ';' expected.
lib/visualLab/data/poiExtraBelizeHistoryV2.ts(956,9): error TS1005: ';' expected.
lib/visualLab/data/poiExtraBelizeHistoryV2.ts(957,9): error TS1005: ';' expected.
lib/visualLab/data/poiExtraBelizeHistoryV2.ts(958,5): error TS1109: Expression expected.
lib/visualLab/data/poiExtraBelizeHistoryV2.ts(958,6): error TS1128: Declaration or statement expected.
lib/visualLab/data/poiExtraBelizeHistoryV2.ts(961,9): error TS1005: ';' expected.
lib/visualLab/data/poiExtraBelizeHistoryV2.ts(962,9): error TS1005: ';' expected.
lib/visualLab/data/poiExtraBelizeHistoryV2.ts(963,9): error TS1005: ';' expected.
lib/visualLab/data/poiExtraBelizeHistoryV2.ts(964,5): error TS1109: Expression expected.
lib/visualLab/data/poiExtraBelizeHistoryV2.ts(964,6): error TS1128: Declaration or statement expected.
lib/visualLab/data/poiExtraBelizeHistoryV2.ts(967,9): error TS1005: ';' expected.
lib/visualLab/data/poiExtraBelizeHistoryV2.ts(968,9): error TS1005: ';' expected.
lib/visualLab/data/poiExtraBelizeHistoryV2.ts(969,9): error TS1005: ';' expected.
lib/visualLab/data/poiExtraBelizeHistoryV2.ts(970,6): error TS1128: Declaration or statement expected.
lib/visualLab/data/poiExtraBelizeHistoryV2.ts(973,9): error TS1005: ';' expected.
lib/visualLab/data/poiExtraBelizeHistoryV2.ts(974,9): error TS1005: ';' expected.
lib/visualLab/data/poiExtraBelizeHistoryV2.ts(975,9): error TS1005: ';' expected.
lib/visualLab/data/poiExtraBelizeHistoryV2.ts(976,5): error TS1109: Expression expected.
lib/visualLab/data/poiExtraBelizeHistoryV2.ts(976,6): error TS1128: Declaration or statement expected.
lib/visualLab/data/poiExtraBelizeHistoryV2.ts(979,9): error TS1005: ';' expected.
lib/visualLab/data/poiExtraBelizeHistoryV2.ts(980,9): error TS1005: ';' expected.
lib/visualLab/data/poiExtraBelizeHistoryV2.ts(981,9): error TS1005: ';' expected.
lib/visualLab/data/poiExtraBelizeHistoryV2.ts(983,4): error TS1128: Declaration or statement expected.
lib/visualLab/data/poiExtraBelizeHistoryV2.ts(986,9): error TS1005: ';' expected.
lib/visualLab/data/poiExtraBelizeHistoryV2.ts(987,11): error TS1005: ';' expected.
lib/visualLab/data/poiExtraBelizeHistoryV2.ts(988,11): error TS1005: ';' expected.
lib/visualLab/data/poiExtraBelizeHistoryV2.ts(989,9): error TS1005: ';' expected.
lib/visualLab/data/poiExtraBelizeHistoryV2.ts(991,9): error TS1005: ';' expected.
lib/visualLab/data/poiExtraBelizeHistoryV2.ts(992,9): error TS1005: ';' expected.
lib/visualLab/data/poiExtraBelizeHistoryV2.ts(993,9): error TS1005: ';' expected.
lib/visualLab/data/poiExtraBelizeHistoryV2.ts(994,5): error TS1109: Expression expected.
lib/visualLab/data/poiExtraBelizeHistoryV2.ts(994,6): error TS1128: Declaration or statement expected.
lib/visualLab/data/poiExtraBelizeHistoryV2.ts(997,9): error TS1005: ';' expected.
lib/visualLab/data/poiExtraBelizeHistoryV2.ts(998,9): error TS1005: ';' expected.
lib/visualLab/data/poiExtraBelizeHistoryV2.ts(999,9): error TS1005: ';' expected.
lib/visualLab/data/poiExtraBelizeHistoryV2.ts(1000,5): error TS1109: Expression expected.
lib/visualLab/data/poiExtraBelizeHistoryV2.ts(1000,6): error TS1128: Declaration or statement expected.
lib/visualLab/data/poiExtraBelizeHistoryV2.ts(1003,9): error TS1005: ';' expected.
lib/visualLab/data/poiExtraBelizeHistoryV2.ts(1004,9): error TS1005: ';' expected.
lib/visualLab/data/poiExtraBelizeHistoryV2.ts(1005,9): error TS1005: ';' expected.
lib/visualLab/data/poiExtraBelizeHistoryV2.ts(1006,6): error TS1128: Declaration or statement expected.
lib/visualLab/data/poiExtraBelizeHistoryV2.ts(1009,9): error TS1005: ';' expected.
lib/visualLab/data/poiExtraBelizeHistoryV2.ts(1010,9): error TS1005: ';' expected.
lib/visualLab/data/poiExtraBelizeHistoryV2.ts(1011,9): error TS1005: ';' expected.
lib/visualLab/data/poiExtraBelizeHistoryV2.ts(1012,5): error TS1109: Expression expected.
lib/visualLab/data/poiExtraBelizeHistoryV2.ts(1012,6): error TS1128: Declaration or statement expected.
lib/visualLab/data/poiExtraBelizeHistoryV2.ts(1015,9): error TS1005: ';' expected.
lib/visualLab/data/poiExtraBelizeHistoryV2.ts(1016,9): error TS1005: ';' expected.
lib/visualLab/data/poiExtraBelizeHistoryV2.ts(1017,9): error TS1005: ';' expected.
lib/visualLab/data/poiExtraBelizeHistoryV2.ts(1019,4): error TS1128: Declaration or statement expected.
lib/visualLab/data/poiExtraBelizeHistoryV2.ts(1022,9): error TS1005: ';' expected.
lib/visualLab/data/poiExtraBelizeHistoryV2.ts(1023,11): error TS1005: ';' expected.
lib/visualLab/data/poiExtraBelizeHistoryV2.ts(1024,11): error TS1005: ';' expected.
lib/visualLab/data/poiExtraBelizeHistoryV2.ts(1025,9): error TS1005: ';' expected.
lib/visualLab/data/poiExtraBelizeHistoryV2.ts(1027,9): error TS1005: ';' expected.
lib/visualLab/data/poiExtraBelizeHistoryV2.ts(1028,9): error TS1005: ';' expected.
lib/visualLab/data/poiExtraBelizeHistoryV2.ts(1029,9): error TS1005: ';' expected.
lib/visualLab/data/poiExtraBelizeHistoryV2.ts(1030,5): error TS1109: Expression expected.
lib/visualLab/data/poiExtraBelizeHistoryV2.ts(1030,6): error TS1128: Declaration or statement expected.
lib/visualLab/data/poiExtraBelizeHistoryV2.ts(1033,9): error TS1005: ';' expected.
lib/visualLab/data/poiExtraBelizeHistoryV2.ts(1034,9): error TS1005: ';' expected.
lib/visualLab/data/poiExtraBelizeHistoryV2.ts(1035,9): error TS1005: ';' expected.
lib/visualLab/data/poiExtraBelizeHistoryV2.ts(1036,5): error TS1109: Expression expected.
lib/visualLab/data/poiExtraBelizeHistoryV2.ts(1036,6): error TS1128: Declaration or statement expected.
lib/visualLab/data/poiExtraBelizeHistoryV2.ts(1039,9): error TS1005: ';' expected.
lib/visualLab/data/poiExtraBelizeHistoryV2.ts(1040,9): error TS1005: ';' expected.
lib/visualLab/data/poiExtraBelizeHistoryV2.ts(1041,9): error TS1005: ';' expected.
lib/visualLab/data/poiExtraBelizeHistoryV2.ts(1042,6): error TS1128: Declaration or statement expected.
lib/visualLab/data/poiExtraBelizeHistoryV2.ts(1045,9): error TS1005: ';' expected.
lib/visualLab/data/poiExtraBelizeHistoryV2.ts(1046,9): error TS1005: ';' expected.
lib/visualLab/data/poiExtraBelizeHistoryV2.ts(1047,9): error TS1005: ';' expected.
lib/visualLab/data/poiExtraBelizeHistoryV2.ts(1048,5): error TS1109: Expression expected.
lib/visualLab/data/poiExtraBelizeHistoryV2.ts(1048,6): error TS1128: Declaration or statement expected.
lib/visualLab/data/poiExtraBelizeHistoryV2.ts(1051,9): error TS1005: ';' expected.
lib/visualLab/data/poiExtraBelizeHistoryV2.ts(1052,9): error TS1005: ';' expected.
lib/visualLab/data/poiExtraBelizeHistoryV2.ts(1053,9): error TS1005: ';' expected.
lib/visualLab/data/poiExtraBelizeHistoryV2.ts(1055,4): error TS1128: Declaration or statement expected.
lib/visualLab/data/poiExtraBelizeHistoryV2.ts(1058,9): error TS1005: ';' expected.
lib/visualLab/data/poiExtraBelizeHistoryV2.ts(1059,11): error TS1005: ';' expected.
lib/visualLab/data/poiExtraBelizeHistoryV2.ts(1060,11): error TS1005: ';' expected.
lib/visualLab/data/poiExtraBelizeHistoryV2.ts(1061,9): error TS1005: ';' expected.
lib/visualLab/data/poiExtraBelizeHistoryV2.ts(1063,9): error TS1005: ';' expected.
lib/visualLab/data/poiExtraBelizeHistoryV2.ts(1064,9): error TS1005: ';' expected.
lib/visualLab/data/poiExtraBelizeHistoryV2.ts(1065,9): error TS1005: ';' expected.
lib/visualLab/data/poiExtraBelizeHistoryV2.ts(1066,5): error TS1109: Expression expected.
lib/visualLab/data/poiExtraBelizeHistoryV2.ts(1066,6): error TS1128: Declaration or statement expected.
lib/visualLab/data/poiExtraBelizeHistoryV2.ts(1069,9): error TS1005: ';' expected.
lib/visualLab/data/poiExtraBelizeHistoryV2.ts(1070,9): error TS1005: ';' expected.
lib/visualLab/data/poiExtraBelizeHistoryV2.ts(1071,9): error TS1005: ';' expected.
lib/visualLab/data/poiExtraBelizeHistoryV2.ts(1072,5): error TS1109: Expression expected.
lib/visualLab/data/poiExtraBelizeHistoryV2.ts(1072,6): error TS1128: Declaration or statement expected.
lib/visualLab/data/poiExtraBelizeHistoryV2.ts(1075,9): error TS1005: ';' expected.
lib/visualLab/data/poiExtraBelizeHistoryV2.ts(1076,9): error TS1005: ';' expected.
lib/visualLab/data/poiExtraBelizeHistoryV2.ts(1077,9): error TS1005: ';' expected.
lib/visualLab/data/poiExtraBelizeHistoryV2.ts(1078,6): error TS1128: Declaration or statement expected.
lib/visualLab/data/poiExtraBelizeHistoryV2.ts(1081,9): error TS1005: ';' expected.
lib/visualLab/data/poiExtraBelizeHistoryV2.ts(1082,9): error TS1005: ';' expected.
lib/visualLab/data/poiExtraBelizeHistoryV2.ts(1083,9): error TS1005: ';' expected.
lib/visualLab/data/poiExtraBelizeHistoryV2.ts(1084,5): error TS1109: Expression expected.
lib/visualLab/data/poiExtraBelizeHistoryV2.ts(1084,6): error TS1128: Declaration or statement expected.
lib/visualLab/data/poiExtraBelizeHistoryV2.ts(1087,9): error TS1005: ';' expected.
lib/visualLab/data/poiExtraBelizeHistoryV2.ts(1088,9): error TS1005: ';' expected.
lib/visualLab/data/poiExtraBelizeHistoryV2.ts(1089,9): error TS1005: ';' expected.
lib/visualLab/data/poiExtraBelizeHistoryV2.ts(1092,1): error TS1128: Declaration or statement expected.
lib/visualLab/data/poiExtraBelizeLandmarksV2.ts(663,5): error TS1136: Property assignment expected.
lib/visualLab/data/poiExtraBelizeLandmarksV2.ts(671,16): error TS1005: ',' expected.
lib/visualLab/data/poiExtraBelizeLandmarksV2.ts(677,10): error TS1005: ',' expected.
lib/visualLab/data/poiExtraBelizeLandmarksV2.ts(683,24): error TS1005: ',' expected.
lib/visualLab/data/poiExtraBelizeLandmarksV2.ts(689,18): error TS1005: ',' expected.
lib/visualLab/data/poiExtraBelizeLandmarksV2.ts(695,3): error TS1005: ',' expected.
lib/visualLab/data/poiExtraBelizeLandmarksV2.ts(695,4): error TS1128: Declaration or statement expected.
lib/visualLab/data/poiExtraBelizeLandmarksV2.ts(698,9): error TS1005: ';' expected.
lib/visualLab/data/poiExtraBelizeLandmarksV2.ts(699,11): error TS1005: ';' expected.
lib/visualLab/data/poiExtraBelizeLandmarksV2.ts(700,11): error TS1005: ';' expected.
lib/visualLab/data/poiExtraBelizeLandmarksV2.ts(701,9): error TS1005: ';' expected.
lib/visualLab/data/poiExtraBelizeLandmarksV2.ts(703,9): error TS1005: ';' expected.
lib/visualLab/data/poiExtraBelizeLandmarksV2.ts(704,9): error TS1005: ';' expected.
lib/visualLab/data/poiExtraBelizeLandmarksV2.ts(705,9): error TS1005: ';' expected.
lib/visualLab/data/poiExtraBelizeLandmarksV2.ts(706,5): error TS1109: Expression expected.
lib/visualLab/data/poiExtraBelizeLandmarksV2.ts(706,6): error TS1128: Declaration or statement expected.
lib/visualLab/data/poiExtraBelizeLandmarksV2.ts(709,9): error TS1005: ';' expected.
lib/visualLab/data/poiExtraBelizeLandmarksV2.ts(710,9): error TS1005: ';' expected.
lib/visualLab/data/poiExtraBelizeLandmarksV2.ts(711,9): error TS1005: ';' expected.
lib/visualLab/data/poiExtraBelizeLandmarksV2.ts(712,5): error TS1109: Expression expected.
lib/visualLab/data/poiExtraBelizeLandmarksV2.ts(712,6): error TS1128: Declaration or statement expected.
lib/visualLab/data/poiExtraBelizeLandmarksV2.ts(715,9): error TS1005: ';' expected.
lib/visualLab/data/poiExtraBelizeLandmarksV2.ts(716,9): error TS1005: ';' expected.
lib/visualLab/data/poiExtraBelizeLandmarksV2.ts(717,9): error TS1005: ';' expected.
lib/visualLab/data/poiExtraBelizeLandmarksV2.ts(718,5): error TS1109: Expression expected.
lib/visualLab/data/poiExtraBelizeLandmarksV2.ts(718,6): error TS1128: Declaration or statement expected.
lib/visualLab/data/poiExtraBelizeLandmarksV2.ts(721,9): error TS1005: ';' expected.
lib/visualLab/data/poiExtraBelizeLandmarksV2.ts(722,9): error TS1005: ';' expected.
lib/visualLab/data/poiExtraBelizeLandmarksV2.ts(723,9): error TS1005: ';' expected.
lib/visualLab/data/poiExtraBelizeLandmarksV2.ts(724,6): error TS1128: Declaration or statement expected.
lib/visualLab/data/poiExtraBelizeLandmarksV2.ts(727,9): error TS1005: ';' expected.
lib/visualLab/data/poiExtraBelizeLandmarksV2.ts(728,9): error TS1005: ';' expected.
lib/visualLab/data/poiExtraBelizeLandmarksV2.ts(729,9): error TS1005: ';' expected.
lib/visualLab/data/poiExtraBelizeLandmarksV2.ts(731,4): error TS1128: Declaration or statement expected.
lib/visualLab/data/poiExtraBelizeLandmarksV2.ts(734,9): error TS1005: ';' expected.
lib/visualLab/data/poiExtraBelizeLandmarksV2.ts(735,11): error TS1005: ';' expected.
lib/visualLab/data/poiExtraBelizeLandmarksV2.ts(736,11): error TS1005: ';' expected.
lib/visualLab/data/poiExtraBelizeLandmarksV2.ts(737,9): error TS1005: ';' expected.
lib/visualLab/data/poiExtraBelizeLandmarksV2.ts(739,9): error TS1005: ';' expected.
lib/visualLab/data/poiExtraBelizeLandmarksV2.ts(740,9): error TS1005: ';' expected.
lib/visualLab/data/poiExtraBelizeLandmarksV2.ts(741,9): error TS1005: ';' expected.
lib/visualLab/data/poiExtraBelizeLandmarksV2.ts(742,5): error TS1109: Expression expected.
lib/visualLab/data/poiExtraBelizeLandmarksV2.ts(742,6): error TS1128: Declaration or statement expected.
lib/visualLab/data/poiExtraBelizeLandmarksV2.ts(745,9): error TS1005: ';' expected.
lib/visualLab/data/poiExtraBelizeLandmarksV2.ts(746,9): error TS1005: ';' expected.
lib/visualLab/data/poiExtraBelizeLandmarksV2.ts(747,9): error TS1005: ';' expected.
lib/visualLab/data/poiExtraBelizeLandmarksV2.ts(748,5): error TS1109: Expression expected.
lib/visualLab/data/poiExtraBelizeLandmarksV2.ts(748,6): error TS1128: Declaration or statement expected.
lib/visualLab/data/poiExtraBelizeLandmarksV2.ts(751,9): error TS1005: ';' expected.
lib/visualLab/data/poiExtraBelizeLandmarksV2.ts(752,9): error TS1005: ';' expected.
lib/visualLab/data/poiExtraBelizeLandmarksV2.ts(753,9): error TS1005: ';' expected.
lib/visualLab/data/poiExtraBelizeLandmarksV2.ts(754,5): error TS1109: Expression expected.
lib/visualLab/data/poiExtraBelizeLandmarksV2.ts(754,6): error TS1128: Declaration or statement expected.
lib/visualLab/data/poiExtraBelizeLandmarksV2.ts(757,9): error TS1005: ';' expected.
lib/visualLab/data/poiExtraBelizeLandmarksV2.ts(758,9): error TS1005: ';' expected.
lib/visualLab/data/poiExtraBelizeLandmarksV2.ts(759,9): error TS1005: ';' expected.
lib/visualLab/data/poiExtraBelizeLandmarksV2.ts(760,6): error TS1128: Declaration or statement expected.
lib/visualLab/data/poiExtraBelizeLandmarksV2.ts(763,9): error TS1005: ';' expected.
lib/visualLab/data/poiExtraBelizeLandmarksV2.ts(764,9): error TS1005: ';' expected.
lib/visualLab/data/poiExtraBelizeLandmarksV2.ts(765,9): error TS1005: ';' expected.
lib/visualLab/data/poiExtraBelizeLandmarksV2.ts(767,4): error TS1128: Declaration or statement expected.
lib/visualLab/data/poiExtraBelizeLandmarksV2.ts(770,9): error TS1005: ';' expected.
lib/visualLab/data/poiExtraBelizeLandmarksV2.ts(771,11): error TS1005: ';' expected.
lib/visualLab/data/poiExtraBelizeLandmarksV2.ts(772,11): error TS1005: ';' expected.
lib/visualLab/data/poiExtraBelizeLandmarksV2.ts(773,9): error TS1005: ';' expected.
lib/visualLab/data/poiExtraBelizeLandmarksV2.ts(775,9): error TS1005: ';' expected.
lib/visualLab/data/poiExtraBelizeLandmarksV2.ts(776,9): error TS1005: ';' expected.
lib/visualLab/data/poiExtraBelizeLandmarksV2.ts(777,9): error TS1005: ';' expected.
lib/visualLab/data/poiExtraBelizeLandmarksV2.ts(778,5): error TS1109: Expression expected.
lib/visualLab/data/poiExtraBelizeLandmarksV2.ts(778,6): error TS1128: Declaration or statement expected.
lib/visualLab/data/poiExtraBelizeLandmarksV2.ts(781,9): error TS1005: ';' expected.
lib/visualLab/data/poiExtraBelizeLandmarksV2.ts(782,9): error TS1005: ';' expected.
lib/visualLab/data/poiExtraBelizeLandmarksV2.ts(783,9): error TS1005: ';' expected.
lib/visualLab/data/poiExtraBelizeLandmarksV2.ts(784,5): error TS1109: Expression expected.
lib/visualLab/data/poiExtraBelizeLandmarksV2.ts(784,6): error TS1128: Declaration or statement expected.
lib/visualLab/data/poiExtraBelizeLandmarksV2.ts(787,9): error TS1005: ';' expected.
lib/visualLab/data/poiExtraBelizeLandmarksV2.ts(788,9): error TS1005: ';' expected.
lib/visualLab/data/poiExtraBelizeLandmarksV2.ts(789,9): error TS1005: ';' expected.
lib/visualLab/data/poiExtraBelizeLandmarksV2.ts(790,5): error TS1109: Expression expected.
lib/visualLab/data/poiExtraBelizeLandmarksV2.ts(790,6): error TS1128: Declaration or statement expected.
lib/visualLab/data/poiExtraBelizeLandmarksV2.ts(793,9): error TS1005: ';' expected.
lib/visualLab/data/poiExtraBelizeLandmarksV2.ts(794,9): error TS1005: ';' expected.
lib/visualLab/data/poiExtraBelizeLandmarksV2.ts(795,9): error TS1005: ';' expected.
lib/visualLab/data/poiExtraBelizeLandmarksV2.ts(796,6): error TS1128: Declaration or statement expected.
lib/visualLab/data/poiExtraBelizeLandmarksV2.ts(799,9): error TS1005: ';' expected.
lib/visualLab/data/poiExtraBelizeLandmarksV2.ts(800,9): error TS1005: ';' expected.
lib/visualLab/data/poiExtraBelizeLandmarksV2.ts(801,9): error TS1005: ';' expected.
lib/visualLab/data/poiExtraBelizeLandmarksV2.ts(803,4): error TS1128: Declaration or statement expected.
lib/visualLab/data/poiExtraBelizeLandmarksV2.ts(806,9): error TS1005: ';' expected.
lib/visualLab/data/poiExtraBelizeLandmarksV2.ts(807,11): error TS1005: ';' expected.
lib/visualLab/data/poiExtraBelizeLandmarksV2.ts(808,11): error TS1005: ';' expected.
lib/visualLab/data/poiExtraBelizeLandmarksV2.ts(809,9): error TS1005: ';' expected.
lib/visualLab/data/poiExtraBelizeLandmarksV2.ts(811,9): error TS1005: ';' expected.
lib/visualLab/data/poiExtraBelizeLandmarksV2.ts(812,9): error TS1005: ';' expected.
lib/visualLab/data/poiExtraBelizeLandmarksV2.ts(813,9): error TS1005: ';' expected.
lib/visualLab/data/poiExtraBelizeLandmarksV2.ts(814,5): error TS1109: Expression expected.
lib/visualLab/data/poiExtraBelizeLandmarksV2.ts(814,6): error TS1128: Declaration or statement expected.
lib/visualLab/data/poiExtraBelizeLandmarksV2.ts(817,9): error TS1005: ';' expected.
lib/visualLab/data/poiExtraBelizeLandmarksV2.ts(818,9): error TS1005: ';' expected.
lib/visualLab/data/poiExtraBelizeLandmarksV2.ts(819,9): error TS1005: ';' expected.
lib/visualLab/data/poiExtraBelizeLandmarksV2.ts(820,5): error TS1109: Expression expected.
lib/visualLab/data/poiExtraBelizeLandmarksV2.ts(820,6): error TS1128: Declaration or statement expected.
lib/visualLab/data/poiExtraBelizeLandmarksV2.ts(823,9): error TS1005: ';' expected.
lib/visualLab/data/poiExtraBelizeLandmarksV2.ts(824,9): error TS1005: ';' expected.
lib/visualLab/data/poiExtraBelizeLandmarksV2.ts(825,9): error TS1005: ';' expected.
lib/visualLab/data/poiExtraBelizeLandmarksV2.ts(826,5): error TS1109: Expression expected.
lib/visualLab/data/poiExtraBelizeLandmarksV2.ts(826,6): error TS1128: Declaration or statement expected.
lib/visualLab/data/poiExtraBelizeLandmarksV2.ts(829,9): error TS1005: ';' expected.
lib/visualLab/data/poiExtraBelizeLandmarksV2.ts(830,9): error TS1005: ';' expected.
lib/visualLab/data/poiExtraBelizeLandmarksV2.ts(831,9): error TS1005: ';' expected.
lib/visualLab/data/poiExtraBelizeLandmarksV2.ts(832,6): error TS1128: Declaration or statement expected.
lib/visualLab/data/poiExtraBelizeLandmarksV2.ts(835,9): error TS1005: ';' expected.
lib/visualLab/data/poiExtraBelizeLandmarksV2.ts(836,9): error TS1005: ';' expected.
lib/visualLab/data/poiExtraBelizeLandmarksV2.ts(837,9): error TS1005: ';' expected.
lib/visualLab/data/poiExtraBelizeLandmarksV2.ts(839,4): error TS1128: Declaration or statement expected.
lib/visualLab/data/poiExtraBelizeLandmarksV2.ts(842,9): error TS1005: ';' expected.
lib/visualLab/data/poiExtraBelizeLandmarksV2.ts(843,11): error TS1005: ';' expected.
lib/visualLab/data/poiExtraBelizeLandmarksV2.ts(844,11): error TS1005: ';' expected.
lib/visualLab/data/poiExtraBelizeLandmarksV2.ts(845,9): error TS1005: ';' expected.
lib/visualLab/data/poiExtraBelizeLandmarksV2.ts(847,9): error TS1005: ';' expected.
lib/visualLab/data/poiExtraBelizeLandmarksV2.ts(848,9): error TS1005: ';' expected.
lib/visualLab/data/poiExtraBelizeLandmarksV2.ts(849,9): error TS1005: ';' expected.
lib/visualLab/data/poiExtraBelizeLandmarksV2.ts(850,5): error TS1109: Expression expected.
lib/visualLab/data/poiExtraBelizeLandmarksV2.ts(850,6): error TS1128: Declaration or statement expected.
lib/visualLab/data/poiExtraBelizeLandmarksV2.ts(853,9): error TS1005: ';' expected.
lib/visualLab/data/poiExtraBelizeLandmarksV2.ts(854,9): error TS1005: ';' expected.
lib/visualLab/data/poiExtraBelizeLandmarksV2.ts(855,9): error TS1005: ';' expected.
lib/visualLab/data/poiExtraBelizeLandmarksV2.ts(856,5): error TS1109: Expression expected.
lib/visualLab/data/poiExtraBelizeLandmarksV2.ts(856,6): error TS1128: Declaration or statement expected.
lib/visualLab/data/poiExtraBelizeLandmarksV2.ts(859,9): error TS1005: ';' expected.
lib/visualLab/data/poiExtraBelizeLandmarksV2.ts(860,9): error TS1005: ';' expected.
lib/visualLab/data/poiExtraBelizeLandmarksV2.ts(861,9): error TS1005: ';' expected.
lib/visualLab/data/poiExtraBelizeLandmarksV2.ts(862,5): error TS1109: Expression expected.
lib/visualLab/data/poiExtraBelizeLandmarksV2.ts(862,6): error TS1128: Declaration or statement expected.
lib/visualLab/data/poiExtraBelizeLandmarksV2.ts(865,9): error TS1005: ';' expected.
lib/visualLab/data/poiExtraBelizeLandmarksV2.ts(866,9): error TS1005: ';' expected.
lib/visualLab/data/poiExtraBelizeLandmarksV2.ts(867,9): error TS1005: ';' expected.
lib/visualLab/data/poiExtraBelizeLandmarksV2.ts(868,6): error TS1128: Declaration or statement expected.
lib/visualLab/data/poiExtraBelizeLandmarksV2.ts(871,9): error TS1005: ';' expected.
lib/visualLab/data/poiExtraBelizeLandmarksV2.ts(872,9): error TS1005: ';' expected.
lib/visualLab/data/poiExtraBelizeLandmarksV2.ts(873,9): error TS1005: ';' expected.
lib/visualLab/data/poiExtraBelizeLandmarksV2.ts(875,4): error TS1128: Declaration or statement expected.
lib/visualLab/data/poiExtraBelizeLandmarksV2.ts(878,9): error TS1005: ';' expected.
lib/visualLab/data/poiExtraBelizeLandmarksV2.ts(879,11): error TS1005: ';' expected.
lib/visualLab/data/poiExtraBelizeLandmarksV2.ts(880,11): error TS1005: ';' expected.
lib/visualLab/data/poiExtraBelizeLandmarksV2.ts(881,9): error TS1005: ';' expected.
lib/visualLab/data/poiExtraBelizeLandmarksV2.ts(883,9): error TS1005: ';' expected.
lib/visualLab/data/poiExtraBelizeLandmarksV2.ts(884,9): error TS1005: ';' expected.
lib/visualLab/data/poiExtraBelizeLandmarksV2.ts(885,9): error TS1005: ';' expected.
lib/visualLab/data/poiExtraBelizeLandmarksV2.ts(886,5): error TS1109: Expression expected.
lib/visualLab/data/poiExtraBelizeLandmarksV2.ts(886,6): error TS1128: Declaration or statement expected.
lib/visualLab/data/poiExtraBelizeLandmarksV2.ts(889,9): error TS1005: ';' expected.
lib/visualLab/data/poiExtraBelizeLandmarksV2.ts(890,9): error TS1005: ';' expected.
lib/visualLab/data/poiExtraBelizeLandmarksV2.ts(891,9): error TS1005: ';' expected.
lib/visualLab/data/poiExtraBelizeLandmarksV2.ts(892,5): error TS1109: Expression expected.
lib/visualLab/data/poiExtraBelizeLandmarksV2.ts(892,6): error TS1128: Declaration or statement expected.
lib/visualLab/data/poiExtraBelizeLandmarksV2.ts(895,9): error TS1005: ';' expected.
lib/visualLab/data/poiExtraBelizeLandmarksV2.ts(896,9): error TS1005: ';' expected.
lib/visualLab/data/poiExtraBelizeLandmarksV2.ts(897,9): error TS1005: ';' expected.
lib/visualLab/data/poiExtraBelizeLandmarksV2.ts(898,5): error TS1109: Expression expected.
lib/visualLab/data/poiExtraBelizeLandmarksV2.ts(898,6): error TS1128: Declaration or statement expected.
lib/visualLab/data/poiExtraBelizeLandmarksV2.ts(901,9): error TS1005: ';' expected.
lib/visualLab/data/poiExtraBelizeLandmarksV2.ts(902,9): error TS1005: ';' expected.
lib/visualLab/data/poiExtraBelizeLandmarksV2.ts(903,9): error TS1005: ';' expected.
lib/visualLab/data/poiExtraBelizeLandmarksV2.ts(904,6): error TS1128: Declaration or statement expected.
lib/visualLab/data/poiExtraBelizeLandmarksV2.ts(907,9): error TS1005: ';' expected.
lib/visualLab/data/poiExtraBelizeLandmarksV2.ts(908,9): error TS1005: ';' expected.
lib/visualLab/data/poiExtraBelizeLandmarksV2.ts(909,9): error TS1005: ';' expected.
lib/visualLab/data/poiExtraBelizeLandmarksV2.ts(911,4): error TS1128: Declaration or statement expected.
lib/visualLab/data/poiExtraBelizeLandmarksV2.ts(914,9): error TS1005: ';' expected.
lib/visualLab/data/poiExtraBelizeLandmarksV2.ts(915,11): error TS1005: ';' expected.
lib/visualLab/data/poiExtraBelizeLandmarksV2.ts(916,11): error TS1005: ';' expected.
lib/visualLab/data/poiExtraBelizeLandmarksV2.ts(917,9): error TS1005: ';' expected.
lib/visualLab/data/poiExtraBelizeLandmarksV2.ts(919,9): error TS1005: ';' expected.
lib/visualLab/data/poiExtraBelizeLandmarksV2.ts(920,9): error TS1005: ';' expected.
lib/visualLab/data/poiExtraBelizeLandmarksV2.ts(921,9): error TS1005: ';' expected.
lib/visualLab/data/poiExtraBelizeLandmarksV2.ts(922,5): error TS1109: Expression expected.
lib/visualLab/data/poiExtraBelizeLandmarksV2.ts(922,6): error TS1128: Declaration or statement expected.
lib/visualLab/data/poiExtraBelizeLandmarksV2.ts(925,9): error TS1005: ';' expected.
lib/visualLab/data/poiExtraBelizeLandmarksV2.ts(926,9): error TS1005: ';' expected.
lib/visualLab/data/poiExtraBelizeLandmarksV2.ts(927,9): error TS1005: ';' expected.
lib/visualLab/data/poiExtraBelizeLandmarksV2.ts(928,5): error TS1109: Expression expected.
lib/visualLab/data/poiExtraBelizeLandmarksV2.ts(928,6): error TS1128: Declaration or statement expected.
lib/visualLab/data/poiExtraBelizeLandmarksV2.ts(931,9): error TS1005: ';' expected.
lib/visualLab/data/poiExtraBelizeLandmarksV2.ts(932,9): error TS1005: ';' expected.
lib/visualLab/data/poiExtraBelizeLandmarksV2.ts(933,9): error TS1005: ';' expected.
lib/visualLab/data/poiExtraBelizeLandmarksV2.ts(934,5): error TS1109: Expression expected.
lib/visualLab/data/poiExtraBelizeLandmarksV2.ts(934,6): error TS1128: Declaration or statement expected.
lib/visualLab/data/poiExtraBelizeLandmarksV2.ts(937,9): error TS1005: ';' expected.
lib/visualLab/data/poiExtraBelizeLandmarksV2.ts(938,9): error TS1005: ';' expected.
lib/visualLab/data/poiExtraBelizeLandmarksV2.ts(939,9): error TS1005: ';' expected.
lib/visualLab/data/poiExtraBelizeLandmarksV2.ts(940,6): error TS1128: Declaration or statement expected.
lib/visualLab/data/poiExtraBelizeLandmarksV2.ts(943,9): error TS1005: ';' expected.
lib/visualLab/data/poiExtraBelizeLandmarksV2.ts(944,9): error TS1005: ';' expected.
lib/visualLab/data/poiExtraBelizeLandmarksV2.ts(945,9): error TS1005: ';' expected.
lib/visualLab/data/poiExtraBelizeLandmarksV2.ts(947,4): error TS1128: Declaration or statement expected.
lib/visualLab/data/poiExtraBelizeLandmarksV2.ts(950,9): error TS1005: ';' expected.
lib/visualLab/data/poiExtraBelizeLandmarksV2.ts(951,11): error TS1005: ';' expected.
lib/visualLab/data/poiExtraBelizeLandmarksV2.ts(952,11): error TS1005: ';' expected.
lib/visualLab/data/poiExtraBelizeLandmarksV2.ts(953,9): error TS1005: ';' expected.
lib/visualLab/data/poiExtraBelizeLandmarksV2.ts(955,9): error TS1005: ';' expected.
lib/visualLab/data/poiExtraBelizeLandmarksV2.ts(956,9): error TS1005: ';' expected.
lib/visualLab/data/poiExtraBelizeLandmarksV2.ts(957,9): error TS1005: ';' expected.
lib/visualLab/data/poiExtraBelizeLandmarksV2.ts(958,5): error TS1109: Expression expected.
lib/visualLab/data/poiExtraBelizeLandmarksV2.ts(958,6): error TS1128: Declaration or statement expected.
lib/visualLab/data/poiExtraBelizeLandmarksV2.ts(961,9): error TS1005: ';' expected.
lib/visualLab/data/poiExtraBelizeLandmarksV2.ts(962,9): error TS1005: ';' expected.
lib/visualLab/data/poiExtraBelizeLandmarksV2.ts(963,9): error TS1005: ';' expected.
lib/visualLab/data/poiExtraBelizeLandmarksV2.ts(964,5): error TS1109: Expression expected.
lib/visualLab/data/poiExtraBelizeLandmarksV2.ts(964,6): error TS1128: Declaration or statement expected.
lib/visualLab/data/poiExtraBelizeLandmarksV2.ts(967,9): error TS1005: ';' expected.
lib/visualLab/data/poiExtraBelizeLandmarksV2.ts(968,9): error TS1005: ';' expected.
lib/visualLab/data/poiExtraBelizeLandmarksV2.ts(969,9): error TS1005: ';' expected.
lib/visualLab/data/poiExtraBelizeLandmarksV2.ts(970,5): error TS1109: Expression expected.
lib/visualLab/data/poiExtraBelizeLandmarksV2.ts(970,6): error TS1128: Declaration or statement expected.
lib/visualLab/data/poiExtraBelizeLandmarksV2.ts(973,9): error TS1005: ';' expected.
lib/visualLab/data/poiExtraBelizeLandmarksV2.ts(974,9): error TS1005: ';' expected.
lib/visualLab/data/poiExtraBelizeLandmarksV2.ts(975,9): error TS1005: ';' expected.
lib/visualLab/data/poiExtraBelizeLandmarksV2.ts(976,6): error TS1128: Declaration or statement expected.
lib/visualLab/data/poiExtraBelizeLandmarksV2.ts(979,9): error TS1005: ';' expected.
lib/visualLab/data/poiExtraBelizeLandmarksV2.ts(980,9): error TS1005: ';' expected.
lib/visualLab/data/poiExtraBelizeLandmarksV2.ts(981,9): error TS1005: ';' expected.
lib/visualLab/data/poiExtraBelizeLandmarksV2.ts(983,4): error TS1128: Declaration or statement expected.
lib/visualLab/data/poiExtraBelizeLandmarksV2.ts(986,9): error TS1005: ';' expected.
lib/visualLab/data/poiExtraBelizeLandmarksV2.ts(987,11): error TS1005: ';' expected.
lib/visualLab/data/poiExtraBelizeLandmarksV2.ts(988,11): error TS1005: ';' expected.
lib/visualLab/data/poiExtraBelizeLandmarksV2.ts(989,9): error TS1005: ';' expected.
lib/visualLab/data/poiExtraBelizeLandmarksV2.ts(991,9): error TS1005: ';' expected.
lib/visualLab/data/poiExtraBelizeLandmarksV2.ts(992,9): error TS1005: ';' expected.
lib/visualLab/data/poiExtraBelizeLandmarksV2.ts(993,9): error TS1005: ';' expected.
lib/visualLab/data/poiExtraBelizeLandmarksV2.ts(994,5): error TS1109: Expression expected.
lib/visualLab/data/poiExtraBelizeLandmarksV2.ts(994,6): error TS1128: Declaration or statement expected.
lib/visualLab/data/poiExtraBelizeLandmarksV2.ts(997,9): error TS1005: ';' expected.
lib/visualLab/data/poiExtraBelizeLandmarksV2.ts(998,9): error TS1005: ';' expected.
lib/visualLab/data/poiExtraBelizeLandmarksV2.ts(999,9): error TS1005: ';' expected.
lib/visualLab/data/poiExtraBelizeLandmarksV2.ts(1000,5): error TS1109: Expression expected.
lib/visualLab/data/poiExtraBelizeLandmarksV2.ts(1000,6): error TS1128: Declaration or statement expected.
lib/visualLab/data/poiExtraBelizeLandmarksV2.ts(1003,9): error TS1005: ';' expected.
lib/visualLab/data/poiExtraBelizeLandmarksV2.ts(1004,9): error TS1005: ';' expected.
lib/visualLab/data/poiExtraBelizeLandmarksV2.ts(1005,9): error TS1005: ';' expected.
lib/visualLab/data/poiExtraBelizeLandmarksV2.ts(1006,5): error TS1109: Expression expected.
lib/visualLab/data/poiExtraBelizeLandmarksV2.ts(1006,6): error TS1128: Declaration or statement expected.
lib/visualLab/data/poiExtraBelizeLandmarksV2.ts(1009,9): error TS1005: ';' expected.
lib/visualLab/data/poiExtraBelizeLandmarksV2.ts(1010,9): error TS1005: ';' expected.
lib/visualLab/data/poiExtraBelizeLandmarksV2.ts(1011,9): error TS1005: ';' expected.
lib/visualLab/data/poiExtraBelizeLandmarksV2.ts(1012,6): error TS1128: Declaration or statement expected.
lib/visualLab/data/poiExtraBelizeLandmarksV2.ts(1015,9): error TS1005: ';' expected.
lib/visualLab/data/poiExtraBelizeLandmarksV2.ts(1016,9): error TS1005: ';' expected.
lib/visualLab/data/poiExtraBelizeLandmarksV2.ts(1017,9): error TS1005: ';' expected.
lib/visualLab/data/poiExtraBelizeLandmarksV2.ts(1019,4): error TS1128: Declaration or statement expected.
lib/visualLab/data/poiExtraBelizeLandmarksV2.ts(1022,9): error TS1005: ';' expected.
lib/visualLab/data/poiExtraBelizeLandmarksV2.ts(1023,11): error TS1005: ';' expected.
lib/visualLab/data/poiExtraBelizeLandmarksV2.ts(1024,11): error TS1005: ';' expected.
lib/visualLab/data/poiExtraBelizeLandmarksV2.ts(1025,9): error TS1005: ';' expected.
lib/visualLab/data/poiExtraBelizeLandmarksV2.ts(1027,9): error TS1005: ';' expected.
lib/visualLab/data/poiExtraBelizeLandmarksV2.ts(1028,9): error TS1005: ';' expected.
lib/visualLab/data/poiExtraBelizeLandmarksV2.ts(1029,9): error TS1005: ';' expected.
lib/visualLab/data/poiExtraBelizeLandmarksV2.ts(1030,5): error TS1109: Expression expected.
lib/visualLab/data/poiExtraBelizeLandmarksV2.ts(1030,6): error TS1128: Declaration or statement expected.
lib/visualLab/data/poiExtraBelizeLandmarksV2.ts(1033,9): error TS1005: ';' expected.
lib/visualLab/data/poiExtraBelizeLandmarksV2.ts(1034,9): error TS1005: ';' expected.
lib/visualLab/data/poiExtraBelizeLandmarksV2.ts(1035,9): error TS1005: ';' expected.
lib/visualLab/data/poiExtraBelizeLandmarksV2.ts(1036,5): error TS1109: Expression expected.
lib/visualLab/data/poiExtraBelizeLandmarksV2.ts(1036,6): error TS1128: Declaration or statement expected.
lib/visualLab/data/poiExtraBelizeLandmarksV2.ts(1039,9): error TS1005: ';' expected.
lib/visualLab/data/poiExtraBelizeLandmarksV2.ts(1040,9): error TS1005: ';' expected.
lib/visualLab/data/poiExtraBelizeLandmarksV2.ts(1041,9): error TS1005: ';' expected.
lib/visualLab/data/poiExtraBelizeLandmarksV2.ts(1042,5): error TS1109: Expression expected.
lib/visualLab/data/poiExtraBelizeLandmarksV2.ts(1042,6): error TS1128: Declaration or statement expected.
lib/visualLab/data/poiExtraBelizeLandmarksV2.ts(1045,9): error TS1005: ';' expected.
lib/visualLab/data/poiExtraBelizeLandmarksV2.ts(1046,9): error TS1005: ';' expected.
lib/visualLab/data/poiExtraBelizeLandmarksV2.ts(1047,9): error TS1005: ';' expected.
lib/visualLab/data/poiExtraBelizeLandmarksV2.ts(1048,6): error TS1128: Declaration or statement expected.
lib/visualLab/data/poiExtraBelizeLandmarksV2.ts(1051,9): error TS1005: ';' expected.
lib/visualLab/data/poiExtraBelizeLandmarksV2.ts(1052,9): error TS1005: ';' expected.
lib/visualLab/data/poiExtraBelizeLandmarksV2.ts(1053,9): error TS1005: ';' expected.
lib/visualLab/data/poiExtraBelizeLandmarksV2.ts(1056,1): error TS1128: Declaration or statement expected.
lib/visualLab/data/poiExtraBeninCitiesV2.ts(19,5): error TS1005: ',' expected.
lib/visualLab/data/poiExtraBeninCitiesV2.ts(23,5): error TS1005: ',' expected.
lib/visualLab/data/poiExtraBeninCitiesV2.ts(30,3): error TS1136: Property assignment expected.
lib/visualLab/data/poiExtraBeninCitiesV2.ts(41,5): error TS1005: ',' expected.
lib/visualLab/data/poiExtraBeninCitiesV2.ts(48,3): error TS1136: Property assignment expected.
lib/visualLab/data/poiExtraBeninCitiesV2.ts(59,5): error TS1005: ',' expected.
lib/visualLab/data/poiExtraBeninCitiesV2.ts(66,3): error TS1136: Property assignment expected.
lib/visualLab/data/poiExtraBeninCitiesV2.ts(77,5): error TS1005: ',' expected.
lib/visualLab/data/poiExtraBeninCitiesV2.ts(84,3): error TS1136: Property assignment expected.
lib/visualLab/data/poiExtraBeninCitiesV2.ts(95,5): error TS1005: ',' expected.
lib/visualLab/data/poiExtraBeninCitiesV2.ts(102,3): error TS1136: Property assignment expected.
lib/visualLab/data/poiExtraBeninCitiesV2.ts(113,5): error TS1005: ',' expected.
lib/visualLab/data/poiExtraBeninCitiesV2.ts(120,3): error TS1136: Property assignment expected.
lib/visualLab/data/poiExtraBeninCitiesV2.ts(131,5): error TS1005: ',' expected.
lib/visualLab/data/poiExtraBeninCitiesV2.ts(138,3): error TS1136: Property assignment expected.
lib/visualLab/data/poiExtraBeninCitiesV2.ts(149,5): error TS1005: ',' expected.
lib/visualLab/data/poiExtraBeninCitiesV2.ts(156,3): error TS1136: Property assignment expected.
lib/visualLab/data/poiExtraBeninCitiesV2.ts(167,5): error TS1005: ',' expected.
lib/visualLab/data/poiExtraBeninCitiesV2.ts(174,3): error TS1136: Property assignment expected.
lib/visualLab/data/poiExtraBeninCitiesV2.ts(185,5): error TS1005: ',' expected.
lib/visualLab/data/poiExtraBeninCitiesV2.ts(192,3): error TS1136: Property assignment expected.
lib/visualLab/data/poiExtraBeninCitiesV2.ts(203,5): error TS1005: ',' expected.
lib/visualLab/data/poiExtraBeninCitiesV2.ts(210,3): error TS1136: Property assignment expected.
lib/visualLab/data/poiExtraBeninCitiesV2.ts(221,5): error TS1005: ',' expected.
lib/visualLab/data/poiExtraBeninCitiesV2.ts(228,3): error TS1136: Property assignment expected.
lib/visualLab/data/poiExtraBeninCitiesV2.ts(239,5): error TS1005: ',' expected.
lib/visualLab/data/poiExtraBeninCitiesV2.ts(246,3): error TS1136: Property assignment expected.
lib/visualLab/data/poiExtraBeninCitiesV2.ts(257,5): error TS1005: ',' expected.
lib/visualLab/data/poiExtraBeninCitiesV2.ts(264,3): error TS1136: Property assignment expected.
lib/visualLab/data/poiExtraBeninCitiesV2.ts(275,5): error TS1005: ',' expected.
lib/visualLab/data/poiExtraBeninCitiesV2.ts(282,3): error TS1136: Property assignment expected.
lib/visualLab/data/poiExtraBeninCitiesV2.ts(293,5): error TS1005: ',' expected.
lib/visualLab/data/poiExtraBeninCitiesV2.ts(300,3): error TS1136: Property assignment expected.
lib/visualLab/data/poiExtraBeninCitiesV2.ts(311,5): error TS1005: ',' expected.
lib/visualLab/data/poiExtraBeninCitiesV2.ts(318,3): error TS1136: Property assignment expected.
lib/visualLab/data/poiExtraBeninCitiesV2.ts(329,5): error TS1005: ',' expected.
lib/visualLab/data/poiExtraBeninCitiesV2.ts(336,3): error TS1136: Property assignment expected.
lib/visualLab/data/poiExtraBeninCitiesV2.ts(347,5): error TS1005: ',' expected.
lib/visualLab/data/poiExtraBeninCitiesV2.ts(354,3): error TS1136: Property assignment expected.
lib/visualLab/data/poiExtraBeninCitiesV2.ts(365,5): error TS1005: ',' expected.
lib/visualLab/data/poiExtraBeninCitiesV2.ts(372,3): error TS1136: Property assignment expected.
lib/visualLab/data/poiExtraBeninCitiesV2.ts(383,5): error TS1005: ',' expected.
lib/visualLab/data/poiExtraBeninCitiesV2.ts(390,3): error TS1136: Property assignment expected.
lib/visualLab/data/poiExtraBeninCitiesV2.ts(401,5): error TS1005: ',' expected.
lib/visualLab/data/poiExtraBeninCitiesV2.ts(408,3): error TS1136: Property assignment expected.
lib/visualLab/data/poiExtraBeninCitiesV2.ts(419,5): error TS1005: ',' expected.
lib/visualLab/data/poiExtraBeninCitiesV2.ts(426,3): error TS1136: Property assignment expected.
lib/visualLab/data/poiExtraBeninCitiesV2.ts(437,5): error TS1005: ',' expected.
lib/visualLab/data/poiExtraBeninCitiesV2.ts(444,3): error TS1136: Property assignment expected.
lib/visualLab/data/poiExtraBeninCitiesV2.ts(455,5): error TS1005: ',' expected.
lib/visualLab/data/poiExtraBeninCitiesV2.ts(462,3): error TS1136: Property assignment expected.
lib/visualLab/data/poiExtraBeninCitiesV2.ts(473,5): error TS1005: ',' expected.
lib/visualLab/data/poiExtraBeninCitiesV2.ts(480,3): error TS1136: Property assignment expected.
lib/visualLab/data/poiExtraBeninCitiesV2.ts(491,5): error TS1005: ',' expected.
lib/visualLab/data/poiExtraBeninCitiesV2.ts(498,3): error TS1136: Property assignment expected.
lib/visualLab/data/poiExtraBeninCitiesV2.ts(509,5): error TS1005: ',' expected.
lib/visualLab/data/poiExtraBeninCitiesV2.ts(516,3): error TS1136: Property assignment expected.
lib/visualLab/data/poiExtraBeninCitiesV2.ts(527,5): error TS1005: ',' expected.
lib/visualLab/data/poiExtraBeninCitiesV2.ts(534,3): error TS1136: Property assignment expected.
lib/visualLab/data/poiExtraBeninCitiesV2.ts(545,5): error TS1005: ',' expected.
lib/visualLab/data/poiExtraBeninCitiesV2.ts(552,3): error TS1136: Property assignment expected.
lib/visualLab/data/poiExtraBeninCitiesV2.ts(563,5): error TS1005: ',' expected.
lib/visualLab/data/poiExtraBeninCitiesV2.ts(570,3): error TS1136: Property assignment expected.
lib/visualLab/data/poiExtraBeninCitiesV2.ts(581,5): error TS1005: ',' expected.
lib/visualLab/data/poiExtraBeninCitiesV2.ts(588,3): error TS1136: Property assignment expected.
lib/visualLab/data/poiExtraBeninCitiesV2.ts(599,5): error TS1005: ',' expected.
lib/visualLab/data/poiExtraBeninCitiesV2.ts(606,3): error TS1136: Property assignment expected.
lib/visualLab/data/poiExtraBeninCitiesV2.ts(617,5): error TS1005: ',' expected.
lib/visualLab/data/poiExtraBeninCitiesV2.ts(624,3): error TS1136: Property assignment expected.
lib/visualLab/data/poiExtraBeninCitiesV2.ts(635,5): error TS1005: ',' expected.
lib/visualLab/data/poiExtraBeninCitiesV2.ts(642,3): error TS1136: Property assignment expected.
lib/visualLab/data/poiExtraBeninCitiesV2.ts(653,5): error TS1005: ',' expected.
lib/visualLab/data/poiExtraBeninCitiesV2.ts(660,3): error TS1136: Property assignment expected.
lib/visualLab/data/poiExtraBeninCitiesV2.ts(671,5): error TS1005: ',' expected.
lib/visualLab/data/poiExtraBeninCitiesV2.ts(678,3): error TS1136: Property assignment expected.
lib/visualLab/data/poiExtraBeninCitiesV2.ts(689,5): error TS1005: ',' expected.
lib/visualLab/data/poiExtraBeninCitiesV2.ts(696,3): error TS1136: Property assignment expected.
lib/visualLab/data/poiExtraBeninCitiesV2.ts(707,5): error TS1005: ',' expected.
lib/visualLab/data/poiExtraBeninCitiesV2.ts(714,3): error TS1136: Property assignment expected.
lib/visualLab/data/poiExtraBeninCitiesV2.ts(725,5): error TS1005: ',' expected.
lib/visualLab/data/poiExtraBeninCitiesV2.ts(732,3): error TS1136: Property assignment expected.
lib/visualLab/data/poiExtraBeninCitiesV2.ts(743,5): error TS1005: ',' expected.
lib/visualLab/data/poiExtraBeninCitiesV2.ts(750,3): error TS1136: Property assignment expected.
lib/visualLab/data/poiExtraBeninCitiesV2.ts(761,5): error TS1005: ',' expected.
lib/visualLab/data/poiExtraBeninCitiesV2.ts(768,3): error TS1136: Property assignment expected.
lib/visualLab/data/poiExtraBeninCitiesV2.ts(779,5): error TS1005: ',' expected.
lib/visualLab/data/poiExtraBeninCitiesV2.ts(786,3): error TS1136: Property assignment expected.
lib/visualLab/data/poiExtraBeninCitiesV2.ts(797,5): error TS1005: ',' expected.
lib/visualLab/data/poiExtraBeninCitiesV2.ts(804,3): error TS1136: Property assignment expected.
lib/visualLab/data/poiExtraBeninCitiesV2.ts(815,5): error TS1005: ',' expected.
lib/visualLab/data/poiExtraBeninCitiesV2.ts(822,3): error TS1136: Property assignment expected.
lib/visualLab/data/poiExtraBeninCitiesV2.ts(833,5): error TS1005: ',' expected.
lib/visualLab/data/poiExtraBeninCitiesV2.ts(840,3): error TS1136: Property assignment expected.
lib/visualLab/data/poiExtraBeninCitiesV2.ts(851,5): error TS1005: ',' expected.
lib/visualLab/data/poiExtraBeninCitiesV2.ts(858,3): error TS1136: Property assignment expected.
lib/visualLab/data/poiExtraBeninCitiesV2.ts(869,5): error TS1005: ',' expected.
lib/visualLab/data/poiExtraBeninCitiesV2.ts(876,3): error TS1136: Property assignment expected.
lib/visualLab/data/poiExtraBeninCitiesV2.ts(887,5): error TS1005: ',' expected.
lib/visualLab/data/poiExtraBeninCitiesV2.ts(894,3): error TS1136: Property assignment expected.
lib/visualLab/data/poiExtraBeninCitiesV2.ts(905,5): error TS1005: ',' expected.
lib/visualLab/data/poiExtraBeninCitiesV2.ts(912,1): error TS1005: ',' expected.
lib/visualLab/data/poiExtraBoliviaCitiesV2.ts(20,8): error TS1005: ',' expected.
lib/visualLab/data/poiExtraBoliviaCitiesV2.ts(24,8): error TS1005: ',' expected.
lib/visualLab/data/poiExtraBoliviaCitiesV2.ts(26,18): error TS1005: ',' expected.
lib/visualLab/data/poiExtraBoliviaCitiesV2.ts(29,3): error TS1005: ',' expected.
lib/visualLab/data/poiExtraBoliviaCitiesV2.ts(29,4): error TS1128: Declaration or statement expected.
lib/visualLab/data/poiExtraBoliviaCitiesV2.ts(32,9): error TS1005: ';' expected.
lib/visualLab/data/poiExtraBoliviaCitiesV2.ts(33,9): error TS1005: ';' expected.
lib/visualLab/data/poiExtraBoliviaCitiesV2.ts(34,9): error TS1005: ';' expected.
lib/visualLab/data/poiExtraBoliviaCitiesV2.ts(35,6): error TS1128: Declaration or statement expected.
lib/visualLab/data/poiExtraBoliviaCitiesV2.ts(38,9): error TS1005: ';' expected.
lib/visualLab/data/poiExtraBoliviaCitiesV2.ts(39,9): error TS1005: ';' expected.
lib/visualLab/data/poiExtraBoliviaCitiesV2.ts(40,9): error TS1005: ';' expected.
lib/visualLab/data/poiExtraBoliviaCitiesV2.ts(41,6): error TS1128: Declaration or statement expected.
lib/visualLab/data/poiExtraBoliviaCitiesV2.ts(49,9): error TS1005: ';' expected.
lib/visualLab/data/poiExtraBoliviaCitiesV2.ts(55,9): error TS1005: ';' expected.
lib/visualLab/data/poiExtraBoliviaCitiesV2.ts(56,9): error TS1005: ';' expected.
lib/visualLab/data/poiExtraBoliviaCitiesV2.ts(58,3): error TS1128: Declaration or statement expected.
lib/visualLab/data/poiExtraBoliviaCitiesV2.ts(58,4): error TS1128: Declaration or statement expected.
lib/visualLab/data/poiExtraBoliviaCitiesV2.ts(61,9): error TS1005: ';' expected.
lib/visualLab/data/poiExtraBoliviaCitiesV2.ts(62,11): error TS1005: ';' expected.
lib/visualLab/data/poiExtraBoliviaCitiesV2.ts(63,11): error TS1005: ';' expected.
lib/visualLab/data/poiExtraBoliviaCitiesV2.ts(64,9): error TS1005: ';' expected.
lib/visualLab/data/poiExtraBoliviaCitiesV2.ts(64,30): error TS1005: ';' expected.
lib/visualLab/data/poiExtraBoliviaCitiesV2.ts(64,45): error TS1005: ';' expected.
lib/visualLab/data/poiExtraBoliviaCitiesV2.ts(64,60): error TS1005: ';' expected.
lib/visualLab/data/poiExtraBoliviaCitiesV2.ts(64,73): error TS1128: Declaration or statement expected.
lib/visualLab/data/poiExtraBoliviaCitiesV2.ts(67,9): error TS1005: ';' expected.
lib/visualLab/data/poiExtraBoliviaCitiesV2.ts(68,9): error TS1005: ';' expected.
lib/visualLab/data/poiExtraBoliviaCitiesV2.ts(69,9): error TS1005: ';' expected.
lib/visualLab/data/poiExtraBoliviaCitiesV2.ts(71,24): error TS1005: ';' expected.
lib/visualLab/data/poiExtraBoliviaCitiesV2.ts(73,9): error TS1005: ';' expected.
lib/visualLab/data/poiExtraBoliviaCitiesV2.ts(74,6): error TS1128: Declaration or statement expected.
lib/visualLab/data/poiExtraBoliviaCitiesV2.ts(77,6): error TS1128: Declaration or statement expected.
lib/visualLab/data/poiExtraBoliviaCitiesV2.ts(81,4): error TS1128: Declaration or statement expected.
lib/visualLab/data/poiExtraBoliviaCitiesV2.ts(84,9): error TS1005: ';' expected.
lib/visualLab/data/poiExtraBoliviaCitiesV2.ts(85,9): error TS1005: ';' expected.
lib/visualLab/data/poiExtraBoliviaCitiesV2.ts(86,9): error TS1005: ';' expected.
lib/visualLab/data/poiExtraBoliviaCitiesV2.ts(87,6): error TS1128: Declaration or statement expected.
lib/visualLab/data/poiExtraBoliviaCitiesV2.ts(90,9): error TS1005: ';' expected.
lib/visualLab/data/poiExtraBoliviaCitiesV2.ts(91,9): error TS1005: ';' expected.
lib/visualLab/data/poiExtraBoliviaCitiesV2.ts(92,9): error TS1005: ';' expected.
lib/visualLab/data/poiExtraBoliviaCitiesV2.ts(93,6): error TS1128: Declaration or statement expected.
lib/visualLab/data/poiExtraBoliviaCitiesV2.ts(101,9): error TS1005: ';' expected.
lib/visualLab/data/poiExtraBoliviaCitiesV2.ts(107,9): error TS1005: ';' expected.
lib/visualLab/data/poiExtraBoliviaCitiesV2.ts(108,9): error TS1005: ';' expected.
lib/visualLab/data/poiExtraBoliviaCitiesV2.ts(110,4): error TS1128: Declaration or statement expected.
lib/visualLab/data/poiExtraBoliviaCitiesV2.ts(113,9): error TS1005: ';' expected.
lib/visualLab/data/poiExtraBoliviaCitiesV2.ts(114,11): error TS1005: ';' expected.
lib/visualLab/data/poiExtraBoliviaCitiesV2.ts(115,11): error TS1005: ';' expected.
lib/visualLab/data/poiExtraBoliviaCitiesV2.ts(116,9): error TS1005: ';' expected.
lib/visualLab/data/poiExtraBoliviaCitiesV2.ts(116,29): error TS1005: ';' expected.
lib/visualLab/data/poiExtraBoliviaCitiesV2.ts(116,43): error TS1005: ';' expected.
lib/visualLab/data/poiExtraBoliviaCitiesV2.ts(116,57): error TS1005: ';' expected.
lib/visualLab/data/poiExtraBoliviaCitiesV2.ts(116,69): error TS1128: Declaration or statement expected.
lib/visualLab/data/poiExtraBoliviaCitiesV2.ts(119,9): error TS1005: ';' expected.
lib/visualLab/data/poiExtraBoliviaCitiesV2.ts(120,9): error TS1005: ';' expected.
lib/visualLab/data/poiExtraBoliviaCitiesV2.ts(121,9): error TS1005: ';' expected.
lib/visualLab/data/poiExtraBoliviaCitiesV2.ts(123,24): error TS1005: ';' expected.
lib/visualLab/data/poiExtraBoliviaCitiesV2.ts(125,9): error TS1005: ';' expected.
lib/visualLab/data/poiExtraBoliviaCitiesV2.ts(126,6): error TS1128: Declaration or statement expected.
lib/visualLab/data/poiExtraBoliviaCitiesV2.ts(129,6): error TS1128: Declaration or statement expected.
lib/visualLab/data/poiExtraBoliviaCitiesV2.ts(133,4): error TS1128: Declaration or statement expected.
lib/visualLab/data/poiExtraBoliviaCitiesV2.ts(136,9): error TS1005: ';' expected.
lib/visualLab/data/poiExtraBoliviaCitiesV2.ts(137,9): error TS1005: ';' expected.
lib/visualLab/data/poiExtraBoliviaCitiesV2.ts(138,9): error TS1005: ';' expected.
lib/visualLab/data/poiExtraBoliviaCitiesV2.ts(139,6): error TS1128: Declaration or statement expected.
lib/visualLab/data/poiExtraBoliviaCitiesV2.ts(142,9): error TS1005: ';' expected.
lib/visualLab/data/poiExtraBoliviaCitiesV2.ts(143,9): error TS1005: ';' expected.
lib/visualLab/data/poiExtraBoliviaCitiesV2.ts(144,9): error TS1005: ';' expected.
lib/visualLab/data/poiExtraBoliviaCitiesV2.ts(145,6): error TS1128: Declaration or statement expected.
lib/visualLab/data/poiExtraBoliviaCitiesV2.ts(153,9): error TS1005: ';' expected.
lib/visualLab/data/poiExtraBoliviaCitiesV2.ts(159,9): error TS1005: ';' expected.
lib/visualLab/data/poiExtraBoliviaCitiesV2.ts(160,9): error TS1005: ';' expected.
lib/visualLab/data/poiExtraBoliviaCitiesV2.ts(162,4): error TS1128: Declaration or statement expected.
lib/visualLab/data/poiExtraBoliviaCitiesV2.ts(165,9): error TS1005: ';' expected.
lib/visualLab/data/poiExtraBoliviaCitiesV2.ts(166,11): error TS1005: ';' expected.
lib/visualLab/data/poiExtraBoliviaCitiesV2.ts(167,11): error TS1005: ';' expected.
lib/visualLab/data/poiExtraBoliviaCitiesV2.ts(168,9): error TS1005: ';' expected.
lib/visualLab/data/poiExtraBoliviaCitiesV2.ts(168,33): error TS1005: ';' expected.
lib/visualLab/data/poiExtraBoliviaCitiesV2.ts(168,51): error TS1005: ';' expected.
lib/visualLab/data/poiExtraBoliviaCitiesV2.ts(168,69): error TS1005: ';' expected.
lib/visualLab/data/poiExtraBoliviaCitiesV2.ts(168,85): error TS1128: Declaration or statement expected.
lib/visualLab/data/poiExtraBoliviaCitiesV2.ts(171,9): error TS1005: ';' expected.
lib/visualLab/data/poiExtraBoliviaCitiesV2.ts(172,9): error TS1005: ';' expected.
lib/visualLab/data/poiExtraBoliviaCitiesV2.ts(173,9): error TS1005: ';' expected.
lib/visualLab/data/poiExtraBoliviaCitiesV2.ts(175,24): error TS1005: ';' expected.
lib/visualLab/data/poiExtraBoliviaCitiesV2.ts(177,9): error TS1005: ';' expected.
lib/visualLab/data/poiExtraBoliviaCitiesV2.ts(178,6): error TS1128: Declaration or statement expected.
lib/visualLab/data/poiExtraBoliviaCitiesV2.ts(181,6): error TS1128: Declaration or statement expected.
lib/visualLab/data/poiExtraBoliviaCitiesV2.ts(185,4): error TS1128: Declaration or statement expected.
lib/visualLab/data/poiExtraBoliviaCitiesV2.ts(188,9): error TS1005: ';' expected.
lib/visualLab/data/poiExtraBoliviaCitiesV2.ts(189,9): error TS1005: ';' expected.
lib/visualLab/data/poiExtraBoliviaCitiesV2.ts(190,9): error TS1005: ';' expected.
lib/visualLab/data/poiExtraBoliviaCitiesV2.ts(191,6): error TS1128: Declaration or statement expected.
lib/visualLab/data/poiExtraBoliviaCitiesV2.ts(194,9): error TS1005: ';' expected.
lib/visualLab/data/poiExtraBoliviaCitiesV2.ts(195,9): error TS1005: ';' expected.
lib/visualLab/data/poiExtraBoliviaCitiesV2.ts(196,9): error TS1005: ';' expected.
lib/visualLab/data/poiExtraBoliviaCitiesV2.ts(197,6): error TS1128: Declaration or statement expected.
lib/visualLab/data/poiExtraBoliviaCitiesV2.ts(205,9): error TS1005: ';' expected.
lib/visualLab/data/poiExtraBoliviaCitiesV2.ts(206,9): error TS1005: ';' expected.
lib/visualLab/data/poiExtraBoliviaCitiesV2.ts(207,9): error TS1005: ';' expected.
lib/visualLab/data/poiExtraBoliviaCitiesV2.ts(209,4): error TS1128: Declaration or statement expected.
lib/visualLab/data/poiExtraBoliviaCitiesV2.ts(212,9): error TS1005: ';' expected.
lib/visualLab/data/poiExtraBoliviaCitiesV2.ts(213,11): error TS1005: ';' expected.
lib/visualLab/data/poiExtraBoliviaCitiesV2.ts(214,11): error TS1005: ';' expected.
lib/visualLab/data/poiExtraBoliviaCitiesV2.ts(215,9): error TS1005: ';' expected.
lib/visualLab/data/poiExtraBoliviaCitiesV2.ts(215,28): error TS1005: ';' expected.
lib/visualLab/data/poiExtraBoliviaCitiesV2.ts(215,41): error TS1005: ';' expected.
lib/visualLab/data/poiExtraBoliviaCitiesV2.ts(215,54): error TS1005: ';' expected.
lib/visualLab/data/poiExtraBoliviaCitiesV2.ts(215,65): error TS1128: Declaration or statement expected.
lib/visualLab/data/poiExtraBoliviaCitiesV2.ts(218,9): error TS1005: ';' expected.
lib/visualLab/data/poiExtraBoliviaCitiesV2.ts(219,9): error TS1005: ';' expected.
lib/visualLab/data/poiExtraBoliviaCitiesV2.ts(220,9): error TS1005: ';' expected.
lib/visualLab/data/poiExtraBoliviaCitiesV2.ts(222,24): error TS1005: ';' expected.
lib/visualLab/data/poiExtraBoliviaCitiesV2.ts(224,9): error TS1005: ';' expected.
lib/visualLab/data/poiExtraBoliviaCitiesV2.ts(225,6): error TS1128: Declaration or statement expected.
lib/visualLab/data/poiExtraBoliviaCitiesV2.ts(228,6): error TS1128: Declaration or statement expected.
lib/visualLab/data/poiExtraBoliviaCitiesV2.ts(232,4): error TS1128: Declaration or statement expected.
lib/visualLab/data/poiExtraBoliviaCitiesV2.ts(235,9): error TS1005: ';' expected.
lib/visualLab/data/poiExtraBoliviaCitiesV2.ts(236,9): error TS1005: ';' expected.
lib/visualLab/data/poiExtraBoliviaCitiesV2.ts(237,9): error TS1005: ';' expected.
lib/visualLab/data/poiExtraBoliviaCitiesV2.ts(238,6): error TS1128: Declaration or statement expected.
lib/visualLab/data/poiExtraBoliviaCitiesV2.ts(241,9): error TS1005: ';' expected.
lib/visualLab/data/poiExtraBoliviaCitiesV2.ts(242,9): error TS1005: ';' expected.
lib/visualLab/data/poiExtraBoliviaCitiesV2.ts(243,9): error TS1005: ';' expected.
lib/visualLab/data/poiExtraBoliviaCitiesV2.ts(244,6): error TS1128: Declaration or statement expected.
lib/visualLab/data/poiExtraBoliviaCitiesV2.ts(252,9): error TS1005: ';' expected.
lib/visualLab/data/poiExtraBoliviaCitiesV2.ts(253,9): error TS1005: ';' expected.
lib/visualLab/data/poiExtraBoliviaCitiesV2.ts(254,9): error TS1005: ';' expected.
lib/visualLab/data/poiExtraBoliviaCitiesV2.ts(256,4): error TS1128: Declaration or statement expected.
lib/visualLab/data/poiExtraBoliviaCitiesV2.ts(259,9): error TS1005: ';' expected.
lib/visualLab/data/poiExtraBoliviaCitiesV2.ts(260,11): error TS1005: ';' expected.
lib/visualLab/data/poiExtraBoliviaCitiesV2.ts(261,11): error TS1005: ';' expected.
lib/visualLab/data/poiExtraBoliviaCitiesV2.ts(262,9): error TS1005: ';' expected.
lib/visualLab/data/poiExtraBoliviaCitiesV2.ts(262,28): error TS1005: ';' expected.
lib/visualLab/data/poiExtraBoliviaCitiesV2.ts(262,41): error TS1005: ';' expected.
lib/visualLab/data/poiExtraBoliviaCitiesV2.ts(262,54): error TS1005: ';' expected.
lib/visualLab/data/poiExtraBoliviaCitiesV2.ts(262,65): error TS1128: Declaration or statement expected.
lib/visualLab/data/poiExtraBoliviaCitiesV2.ts(265,9): error TS1005: ';' expected.
lib/visualLab/data/poiExtraBoliviaCitiesV2.ts(266,9): error TS1005: ';' expected.
lib/visualLab/data/poiExtraBoliviaCitiesV2.ts(267,9): error TS1005: ';' expected.
lib/visualLab/data/poiExtraBoliviaCitiesV2.ts(269,24): error TS1005: ';' expected.
lib/visualLab/data/poiExtraBoliviaCitiesV2.ts(271,6): error TS1128: Declaration or statement expected.
lib/visualLab/data/poiExtraBoliviaCitiesV2.ts(275,4): error TS1128: Declaration or statement expected.
lib/visualLab/data/poiExtraBoliviaCitiesV2.ts(278,9): error TS1005: ';' expected.
lib/visualLab/data/poiExtraBoliviaCitiesV2.ts(279,9): error TS1005: ';' expected.
lib/visualLab/data/poiExtraBoliviaCitiesV2.ts(280,9): error TS1005: ';' expected.
lib/visualLab/data/poiExtraBoliviaCitiesV2.ts(281,6): error TS1128: Declaration or statement expected.
lib/visualLab/data/poiExtraBoliviaCitiesV2.ts(284,9): error TS1005: ';' expected.
lib/visualLab/data/poiExtraBoliviaCitiesV2.ts(285,9): error TS1005: ';' expected.
lib/visualLab/data/poiExtraBoliviaCitiesV2.ts(286,9): error TS1005: ';' expected.
lib/visualLab/data/poiExtraBoliviaCitiesV2.ts(287,6): error TS1128: Declaration or statement expected.
lib/visualLab/data/poiExtraBoliviaCitiesV2.ts(295,9): error TS1005: ';' expected.
lib/visualLab/data/poiExtraBoliviaCitiesV2.ts(296,9): error TS1005: ';' expected.
lib/visualLab/data/poiExtraBoliviaCitiesV2.ts(297,9): error TS1005: ';' expected.
lib/visualLab/data/poiExtraBoliviaCitiesV2.ts(299,4): error TS1128: Declaration or statement expected.
lib/visualLab/data/poiExtraBoliviaCitiesV2.ts(302,9): error TS1005: ';' expected.
lib/visualLab/data/poiExtraBoliviaCitiesV2.ts(303,11): error TS1005: ';' expected.
lib/visualLab/data/poiExtraBoliviaCitiesV2.ts(304,11): error TS1005: ';' expected.
lib/visualLab/data/poiExtraBoliviaCitiesV2.ts(305,9): error TS1005: ';' expected.
lib/visualLab/data/poiExtraBoliviaCitiesV2.ts(305,29): error TS1005: ';' expected.
lib/visualLab/data/poiExtraBoliviaCitiesV2.ts(305,43): error TS1005: ';' expected.
lib/visualLab/data/poiExtraBoliviaCitiesV2.ts(305,57): error TS1005: ';' expected.
lib/visualLab/data/poiExtraBoliviaCitiesV2.ts(305,69): error TS1128: Declaration or statement expected.
lib/visualLab/data/poiExtraBoliviaCitiesV2.ts(308,9): error TS1005: ';' expected.
lib/visualLab/data/poiExtraBoliviaCitiesV2.ts(309,9): error TS1005: ';' expected.
lib/visualLab/data/poiExtraBoliviaCitiesV2.ts(310,9): error TS1005: ';' expected.
lib/visualLab/data/poiExtraBoliviaCitiesV2.ts(311,6): error TS1128: Declaration or statement expected.
lib/visualLab/data/poiExtraBoliviaCitiesV2.ts(314,9): error TS1005: ';' expected.
lib/visualLab/data/poiExtraBoliviaCitiesV2.ts(315,9): error TS1005: ';' expected.
lib/visualLab/data/poiExtraBoliviaCitiesV2.ts(316,9): error TS1005: ';' expected.
lib/visualLab/data/poiExtraBoliviaCitiesV2.ts(317,6): error TS1128: Declaration or statement expected.
lib/visualLab/data/poiExtraBoliviaCitiesV2.ts(320,9): error TS1005: ';' expected.
lib/visualLab/data/poiExtraBoliviaCitiesV2.ts(321,9): error TS1005: ';' expected.
lib/visualLab/data/poiExtraBoliviaCitiesV2.ts(322,9): error TS1005: ';' expected.
lib/visualLab/data/poiExtraBoliviaCitiesV2.ts(323,6): error TS1128: Declaration or statement expected.
lib/visualLab/data/poiExtraBoliviaCitiesV2.ts(331,9): error TS1005: ';' expected.
lib/visualLab/data/poiExtraBoliviaCitiesV2.ts(332,9): error TS1005: ';' expected.
lib/visualLab/data/poiExtraBoliviaCitiesV2.ts(333,9): error TS1005: ';' expected.
lib/visualLab/data/poiExtraBoliviaCitiesV2.ts(335,4): error TS1128: Declaration or statement expected.
lib/visualLab/data/poiExtraBoliviaCitiesV2.ts(338,9): error TS1005: ';' expected.
lib/visualLab/data/poiExtraBoliviaCitiesV2.ts(339,11): error TS1005: ';' expected.
lib/visualLab/data/poiExtraBoliviaCitiesV2.ts(340,11): error TS1005: ';' expected.
lib/visualLab/data/poiExtraBoliviaCitiesV2.ts(341,9): error TS1005: ';' expected.
lib/visualLab/data/poiExtraBoliviaCitiesV2.ts(341,29): error TS1005: ';' expected.
lib/visualLab/data/poiExtraBoliviaCitiesV2.ts(341,43): error TS1005: ';' expected.
lib/visualLab/data/poiExtraBoliviaCitiesV2.ts(341,57): error TS1005: ';' expected.
lib/visualLab/data/poiExtraBoliviaCitiesV2.ts(341,69): error TS1128: Declaration or statement expected.
lib/visualLab/data/poiExtraBoliviaCitiesV2.ts(344,9): error TS1005: ';' expected.
lib/visualLab/data/poiExtraBoliviaCitiesV2.ts(345,9): error TS1005: ';' expected.
lib/visualLab/data/poiExtraBoliviaCitiesV2.ts(346,9): error TS1005: ';' expected.
lib/visualLab/data/poiExtraBoliviaCitiesV2.ts(347,6): error TS1128: Declaration or statement expected.
lib/visualLab/data/poiExtraBoliviaCitiesV2.ts(350,9): error TS1005: ';' expected.
lib/visualLab/data/poiExtraBoliviaCitiesV2.ts(351,9): error TS1005: ';' expected.
lib/visualLab/data/poiExtraBoliviaCitiesV2.ts(352,9): error TS1005: ';' expected.
lib/visualLab/data/poiExtraBoliviaCitiesV2.ts(353,6): error TS1128: Declaration or statement expected.
lib/visualLab/data/poiExtraBoliviaCitiesV2.ts(356,9): error TS1005: ';' expected.
lib/visualLab/data/poiExtraBoliviaCitiesV2.ts(357,9): error TS1005: ';' expected.
lib/visualLab/data/poiExtraBoliviaCitiesV2.ts(358,9): error TS1005: ';' expected.
lib/visualLab/data/poiExtraBoliviaCitiesV2.ts(359,6): error TS1128: Declaration or statement expected.
lib/visualLab/data/poiExtraBoliviaCitiesV2.ts(367,9): error TS1005: ';' expected.
lib/visualLab/data/poiExtraBoliviaCitiesV2.ts(368,9): error TS1005: ';' expected.
lib/visualLab/data/poiExtraBoliviaCitiesV2.ts(369,9): error TS1005: ';' expected.
lib/visualLab/data/poiExtraBoliviaCitiesV2.ts(371,4): error TS1128: Declaration or statement expected.
lib/visualLab/data/poiExtraBoliviaCitiesV2.ts(374,9): error TS1005: ';' expected.
lib/visualLab/data/poiExtraBoliviaCitiesV2.ts(375,11): error TS1005: ';' expected.
lib/visualLab/data/poiExtraBoliviaCitiesV2.ts(376,11): error TS1005: ';' expected.
lib/visualLab/data/poiExtraBoliviaCitiesV2.ts(377,9): error TS1005: ';' expected.
lib/visualLab/data/poiExtraBoliviaCitiesV2.ts(377,29): error TS1005: ';' expected.
lib/visualLab/data/poiExtraBoliviaCitiesV2.ts(377,43): error TS1005: ';' expected.
lib/visualLab/data/poiExtraBoliviaCitiesV2.ts(377,57): error TS1005: ';' expected.
lib/visualLab/data/poiExtraBoliviaCitiesV2.ts(377,69): error TS1128: Declaration or statement expected.
lib/visualLab/data/poiExtraBoliviaCitiesV2.ts(380,9): error TS1005: ';' expected.
lib/visualLab/data/poiExtraBoliviaCitiesV2.ts(381,9): error TS1005: ';' expected.
lib/visualLab/data/poiExtraBoliviaCitiesV2.ts(382,9): error TS1005: ';' expected.
lib/visualLab/data/poiExtraBoliviaCitiesV2.ts(383,6): error TS1128: Declaration or statement expected.
lib/visualLab/data/poiExtraBoliviaCitiesV2.ts(386,9): error TS1005: ';' expected.
lib/visualLab/data/poiExtraBoliviaCitiesV2.ts(387,9): error TS1005: ';' expected.
lib/visualLab/data/poiExtraBoliviaCitiesV2.ts(388,9): error TS1005: ';' expected.
lib/visualLab/data/poiExtraBoliviaCitiesV2.ts(389,6): error TS1128: Declaration or statement expected.
lib/visualLab/data/poiExtraBoliviaCitiesV2.ts(392,9): error TS1005: ';' expected.
lib/visualLab/data/poiExtraBoliviaCitiesV2.ts(393,9): error TS1005: ';' expected.
lib/visualLab/data/poiExtraBoliviaCitiesV2.ts(394,9): error TS1005: ';' expected.
lib/visualLab/data/poiExtraBoliviaCitiesV2.ts(395,6): error TS1128: Declaration or statement expected.
lib/visualLab/data/poiExtraBoliviaCitiesV2.ts(403,9): error TS1005: ';' expected.
lib/visualLab/data/poiExtraBoliviaCitiesV2.ts(404,9): error TS1005: ';' expected.
lib/visualLab/data/poiExtraBoliviaCitiesV2.ts(405,9): error TS1005: ';' expected.
lib/visualLab/data/poiExtraBoliviaCitiesV2.ts(407,4): error TS1128: Declaration or statement expected.
lib/visualLab/data/poiExtraBoliviaCitiesV2.ts(410,9): error TS1005: ';' expected.
lib/visualLab/data/poiExtraBoliviaCitiesV2.ts(411,11): error TS1005: ';' expected.
lib/visualLab/data/poiExtraBoliviaCitiesV2.ts(412,11): error TS1005: ';' expected.
lib/visualLab/data/poiExtraBoliviaCitiesV2.ts(413,9): error TS1005: ';' expected.
lib/visualLab/data/poiExtraBoliviaCitiesV2.ts(413,34): error TS1005: ';' expected.
lib/visualLab/data/poiExtraBoliviaCitiesV2.ts(413,53): error TS1005: ';' expected.
lib/visualLab/data/poiExtraBoliviaCitiesV2.ts(413,72): error TS1005: ';' expected.
lib/visualLab/data/poiExtraBoliviaCitiesV2.ts(413,89): error TS1128: Declaration or statement expected.
lib/visualLab/data/poiExtraBoliviaCitiesV2.ts(416,9): error TS1005: ';' expected.
lib/visualLab/data/poiExtraBoliviaCitiesV2.ts(417,9): error TS1005: ';' expected.
lib/visualLab/data/poiExtraBoliviaCitiesV2.ts(418,9): error TS1005: ';' expected.
lib/visualLab/data/poiExtraBoliviaCitiesV2.ts(419,6): error TS1128: Declaration or statement expected.
lib/visualLab/data/poiExtraBoliviaCitiesV2.ts(422,9): error TS1005: ';' expected.
lib/visualLab/data/poiExtraBoliviaCitiesV2.ts(423,9): error TS1005: ';' expected.
lib/visualLab/data/poiExtraBoliviaCitiesV2.ts(424,9): error TS1005: ';' expected.
lib/visualLab/data/poiExtraBoliviaCitiesV2.ts(425,6): error TS1128: Declaration or statement expected.
lib/visualLab/data/poiExtraBoliviaCitiesV2.ts(428,9): error TS1005: ';' expected.
lib/visualLab/data/poiExtraBoliviaCitiesV2.ts(429,9): error TS1005: ';' expected.
lib/visualLab/data/poiExtraBoliviaCitiesV2.ts(430,9): error TS1005: ';' expected.
lib/visualLab/data/poiExtraBoliviaCitiesV2.ts(431,6): error TS1128: Declaration or statement expected.
lib/visualLab/data/poiExtraBoliviaCitiesV2.ts(439,9): error TS1005: ';' expected.
lib/visualLab/data/poiExtraBoliviaCitiesV2.ts(440,9): error TS1005: ';' expected.
lib/visualLab/data/poiExtraBoliviaCitiesV2.ts(441,9): error TS1005: ';' expected.
lib/visualLab/data/poiExtraBoliviaCitiesV2.ts(443,4): error TS1128: Declaration or statement expected.
lib/visualLab/data/poiExtraBoliviaCitiesV2.ts(446,9): error TS1005: ';' expected.
lib/visualLab/data/poiExtraBoliviaCitiesV2.ts(447,11): error TS1005: ';' expected.
lib/visualLab/data/poiExtraBoliviaCitiesV2.ts(448,11): error TS1005: ';' expected.
lib/visualLab/data/poiExtraBoliviaCitiesV2.ts(449,9): error TS1005: ';' expected.
lib/visualLab/data/poiExtraBoliviaCitiesV2.ts(449,30): error TS1005: ';' expected.
lib/visualLab/data/poiExtraBoliviaCitiesV2.ts(449,45): error TS1005: ';' expected.
lib/visualLab/data/poiExtraBoliviaCitiesV2.ts(449,60): error TS1005: ';' expected.
lib/visualLab/data/poiExtraBoliviaCitiesV2.ts(449,73): error TS1128: Declaration or statement expected.
lib/visualLab/data/poiExtraBoliviaCitiesV2.ts(452,9): error TS1005: ';' expected.
lib/visualLab/data/poiExtraBoliviaCitiesV2.ts(453,9): error TS1005: ';' expected.
lib/visualLab/data/poiExtraBoliviaCitiesV2.ts(454,9): error TS1005: ';' expected.
lib/visualLab/data/poiExtraBoliviaCitiesV2.ts(455,6): error TS1128: Declaration or statement expected.
lib/visualLab/data/poiExtraBoliviaCitiesV2.ts(458,9): error TS1005: ';' expected.
lib/visualLab/data/poiExtraBoliviaCitiesV2.ts(459,9): error TS1005: ';' expected.
lib/visualLab/data/poiExtraBoliviaCitiesV2.ts(460,9): error TS1005: ';' expected.
lib/visualLab/data/poiExtraBoliviaCitiesV2.ts(461,6): error TS1128: Declaration or statement expected.
lib/visualLab/data/poiExtraBoliviaCitiesV2.ts(464,9): error TS1005: ';' expected.
lib/visualLab/data/poiExtraBoliviaCitiesV2.ts(465,9): error TS1005: ';' expected.
lib/visualLab/data/poiExtraBoliviaCitiesV2.ts(466,9): error TS1005: ';' expected.
lib/visualLab/data/poiExtraBoliviaCitiesV2.ts(467,6): error TS1128: Declaration or statement expected.
lib/visualLab/data/poiExtraBoliviaCitiesV2.ts(475,9): error TS1005: ';' expected.
lib/visualLab/data/poiExtraBoliviaCitiesV2.ts(476,9): error TS1005: ';' expected.
lib/visualLab/data/poiExtraBoliviaCitiesV2.ts(477,9): error TS1005: ';' expected.
lib/visualLab/data/poiExtraBoliviaCitiesV2.ts(479,4): error TS1128: Declaration or statement expected.
lib/visualLab/data/poiExtraBoliviaCitiesV2.ts(482,9): error TS1005: ';' expected.
lib/visualLab/data/poiExtraBoliviaCitiesV2.ts(483,11): error TS1005: ';' expected.
lib/visualLab/data/poiExtraBoliviaCitiesV2.ts(484,11): error TS1005: ';' expected.
lib/visualLab/data/poiExtraBoliviaCitiesV2.ts(485,9): error TS1005: ';' expected.
lib/visualLab/data/poiExtraBoliviaCitiesV2.ts(485,31): error TS1005: ';' expected.
lib/visualLab/data/poiExtraBoliviaCitiesV2.ts(485,47): error TS1005: ';' expected.
lib/visualLab/data/poiExtraBoliviaCitiesV2.ts(485,63): error TS1005: ';' expected.
lib/visualLab/data/poiExtraBoliviaCitiesV2.ts(485,77): error TS1128: Declaration or statement expected.
lib/visualLab/data/poiExtraBoliviaCitiesV2.ts(488,9): error TS1005: ';' expected.
lib/visualLab/data/poiExtraBoliviaCitiesV2.ts(489,9): error TS1005: ';' expected.
lib/visualLab/data/poiExtraBoliviaCitiesV2.ts(490,9): error TS1005: ';' expected.
lib/visualLab/data/poiExtraBoliviaCitiesV2.ts(491,6): error TS1128: Declaration or statement expected.
lib/visualLab/data/poiExtraBoliviaCitiesV2.ts(494,9): error TS1005: ';' expected.
lib/visualLab/data/poiExtraBoliviaCitiesV2.ts(495,9): error TS1005: ';' expected.
lib/visualLab/data/poiExtraBoliviaCitiesV2.ts(496,9): error TS1005: ';' expected.
lib/visualLab/data/poiExtraBoliviaCitiesV2.ts(497,6): error TS1128: Declaration or statement expected.
lib/visualLab/data/poiExtraBoliviaCitiesV2.ts(500,9): error TS1005: ';' expected.
lib/visualLab/data/poiExtraBoliviaCitiesV2.ts(501,9): error TS1005: ';' expected.
lib/visualLab/data/poiExtraBoliviaCitiesV2.ts(502,9): error TS1005: ';' expected.
lib/visualLab/data/poiExtraBoliviaCitiesV2.ts(503,6): error TS1128: Declaration or statement expected.
lib/visualLab/data/poiExtraBoliviaCitiesV2.ts(511,9): error TS1005: ';' expected.
lib/visualLab/data/poiExtraBoliviaCitiesV2.ts(512,9): error TS1005: ';' expected.
lib/visualLab/data/poiExtraBoliviaCitiesV2.ts(513,9): error TS1005: ';' expected.
lib/visualLab/data/poiExtraBoliviaCitiesV2.ts(515,4): error TS1128: Declaration or statement expected.
lib/visualLab/data/poiExtraBoliviaCitiesV2.ts(518,9): error TS1005: ';' expected.
lib/visualLab/data/poiExtraBoliviaCitiesV2.ts(519,11): error TS1005: ';' expected.
lib/visualLab/data/poiExtraBoliviaCitiesV2.ts(520,11): error TS1005: ';' expected.
lib/visualLab/data/poiExtraBoliviaCitiesV2.ts(521,9): error TS1005: ';' expected.
lib/visualLab/data/poiExtraBoliviaCitiesV2.ts(521,32): error TS1005: ';' expected.
lib/visualLab/data/poiExtraBoliviaCitiesV2.ts(521,49): error TS1005: ';' expected.
lib/visualLab/data/poiExtraBoliviaCitiesV2.ts(521,66): error TS1005: ';' expected.
lib/visualLab/data/poiExtraBoliviaCitiesV2.ts(521,81): error TS1128: Declaration or statement expected.
lib/visualLab/data/poiExtraBoliviaCitiesV2.ts(524,9): error TS1005: ';' expected.
lib/visualLab/data/poiExtraBoliviaCitiesV2.ts(525,9): error TS1005: ';' expected.
lib/visualLab/data/poiExtraBoliviaCitiesV2.ts(526,9): error TS1005: ';' expected.
lib/visualLab/data/poiExtraBoliviaCitiesV2.ts(527,6): error TS1128: Declaration or statement expected.
lib/visualLab/data/poiExtraBoliviaCitiesV2.ts(530,9): error TS1005: ';' expected.
lib/visualLab/data/poiExtraBoliviaCitiesV2.ts(531,9): error TS1005: ';' expected.
lib/visualLab/data/poiExtraBoliviaCitiesV2.ts(532,9): error TS1005: ';' expected.
lib/visualLab/data/poiExtraBoliviaCitiesV2.ts(533,6): error TS1128: Declaration or statement expected.
lib/visualLab/data/poiExtraBoliviaCitiesV2.ts(536,9): error TS1005: ';' expected.
lib/visualLab/data/poiExtraBoliviaCitiesV2.ts(537,9): error TS1005: ';' expected.
lib/visualLab/data/poiExtraBoliviaCitiesV2.ts(538,9): error TS1005: ';' expected.
lib/visualLab/data/poiExtraBoliviaCitiesV2.ts(539,6): error TS1128: Declaration or statement expected.
lib/visualLab/data/poiExtraBoliviaCitiesV2.ts(547,9): error TS1005: ';' expected.
lib/visualLab/data/poiExtraBoliviaCitiesV2.ts(548,9): error TS1005: ';' expected.
lib/visualLab/data/poiExtraBoliviaCitiesV2.ts(549,9): error TS1005: ';' expected.
lib/visualLab/data/poiExtraBoliviaCitiesV2.ts(551,4): error TS1128: Declaration or statement expected.
lib/visualLab/data/poiExtraBoliviaCitiesV2.ts(554,9): error TS1005: ';' expected.
lib/visualLab/data/poiExtraBoliviaCitiesV2.ts(555,11): error TS1005: ';' expected.
lib/visualLab/data/poiExtraBoliviaCitiesV2.ts(556,11): error TS1005: ';' expected.
lib/visualLab/data/poiExtraBoliviaCitiesV2.ts(557,9): error TS1005: ';' expected.
lib/visualLab/data/poiExtraBoliviaCitiesV2.ts(557,29): error TS1005: ';' expected.
lib/visualLab/data/poiExtraBoliviaCitiesV2.ts(557,43): error TS1005: ';' expected.
lib/visualLab/data/poiExtraBoliviaCitiesV2.ts(557,57): error TS1005: ';' expected.
lib/visualLab/data/poiExtraBoliviaCitiesV2.ts(557,69): error TS1128: Declaration or statement expected.
lib/visualLab/data/poiExtraBoliviaCitiesV2.ts(560,9): error TS1005: ';' expected.
lib/visualLab/data/poiExtraBoliviaCitiesV2.ts(561,9): error TS1005: ';' expected.
lib/visualLab/data/poiExtraBoliviaCitiesV2.ts(562,9): error TS1005: ';' expected.
lib/visualLab/data/poiExtraBoliviaCitiesV2.ts(563,6): error TS1128: Declaration or statement expected.
lib/visualLab/data/poiExtraBoliviaCitiesV2.ts(566,9): error TS1005: ';' expected.
lib/visualLab/data/poiExtraBoliviaCitiesV2.ts(567,9): error TS1005: ';' expected.
lib/visualLab/data/poiExtraBoliviaCitiesV2.ts(568,9): error TS1005: ';' expected.
lib/visualLab/data/poiExtraBoliviaCitiesV2.ts(569,6): error TS1128: Declaration or statement expected.
lib/visualLab/data/poiExtraBoliviaCitiesV2.ts(572,9): error TS1005: ';' expected.
lib/visualLab/data/poiExtraBoliviaCitiesV2.ts(573,9): error TS1005: ';' expected.
lib/visualLab/data/poiExtraBoliviaCitiesV2.ts(574,9): error TS1005: ';' expected.
lib/visualLab/data/poiExtraBoliviaCitiesV2.ts(575,6): error TS1128: Declaration or statement expected.
lib/visualLab/data/poiExtraBoliviaCitiesV2.ts(583,9): error TS1005: ';' expected.
lib/visualLab/data/poiExtraBoliviaCitiesV2.ts(584,9): error TS1005: ';' expected.
lib/visualLab/data/poiExtraBoliviaCitiesV2.ts(585,9): error TS1005: ';' expected.
lib/visualLab/data/poiExtraBoliviaCitiesV2.ts(587,4): error TS1128: Declaration or statement expected.
lib/visualLab/data/poiExtraBoliviaCitiesV2.ts(590,9): error TS1005: ';' expected.
lib/visualLab/data/poiExtraBoliviaCitiesV2.ts(591,11): error TS1005: ';' expected.
lib/visualLab/data/poiExtraBoliviaCitiesV2.ts(592,11): error TS1005: ';' expected.
lib/visualLab/data/poiExtraBoliviaCitiesV2.ts(593,9): error TS1005: ';' expected.
lib/visualLab/data/poiExtraBoliviaCitiesV2.ts(593,33): error TS1005: ';' expected.
lib/visualLab/data/poiExtraBoliviaCitiesV2.ts(593,51): error TS1005: ';' expected.
lib/visualLab/data/poiExtraBoliviaCitiesV2.ts(593,69): error TS1005: ';' expected.
lib/visualLab/data/poiExtraBoliviaCitiesV2.ts(593,85): error TS1128: Declaration or statement expected.
lib/visualLab/data/poiExtraBoliviaCitiesV2.ts(596,9): error TS1005: ';' expected.
lib/visualLab/data/poiExtraBoliviaCitiesV2.ts(597,9): error TS1005: ';' expected.
lib/visualLab/data/poiExtraBoliviaCitiesV2.ts(598,9): error TS1005: ';' expected.
lib/visualLab/data/poiExtraBoliviaCitiesV2.ts(599,6): error TS1128: Declaration or statement expected.
lib/visualLab/data/poiExtraBoliviaCitiesV2.ts(602,9): error TS1005: ';' expected.
lib/visualLab/data/poiExtraBoliviaCitiesV2.ts(603,9): error TS1005: ';' expected.
lib/visualLab/data/poiExtraBoliviaCitiesV2.ts(604,9): error TS1005: ';' expected.
lib/visualLab/data/poiExtraBoliviaCitiesV2.ts(605,6): error TS1128: Declaration or statement expected.
lib/visualLab/data/poiExtraBoliviaCitiesV2.ts(608,9): error TS1005: ';' expected.
lib/visualLab/data/poiExtraBoliviaCitiesV2.ts(609,9): error TS1005: ';' expected.
lib/visualLab/data/poiExtraBoliviaCitiesV2.ts(610,9): error TS1005: ';' expected.
lib/visualLab/data/poiExtraBoliviaCitiesV2.ts(611,6): error TS1128: Declaration or statement expected.
lib/visualLab/data/poiExtraBoliviaCitiesV2.ts(619,9): error TS1005: ';' expected.
lib/visualLab/data/poiExtraBoliviaCitiesV2.ts(620,9): error TS1005: ';' expected.
lib/visualLab/data/poiExtraBoliviaCitiesV2.ts(621,9): error TS1005: ';' expected.
lib/visualLab/data/poiExtraBoliviaCitiesV2.ts(623,4): error TS1128: Declaration or statement expected.
lib/visualLab/data/poiExtraBoliviaCitiesV2.ts(626,9): error TS1005: ';' expected.
lib/visualLab/data/poiExtraBoliviaCitiesV2.ts(627,11): error TS1005: ';' expected.
lib/visualLab/data/poiExtraBoliviaCitiesV2.ts(628,11): error TS1005: ';' expected.
lib/visualLab/data/poiExtraBoliviaCitiesV2.ts(629,9): error TS1005: ';' expected.
lib/visualLab/data/poiExtraBoliviaCitiesV2.ts(629,29): error TS1005: ';' expected.
lib/visualLab/data/poiExtraBoliviaCitiesV2.ts(629,43): error TS1005: ';' expected.
lib/visualLab/data/poiExtraBoliviaCitiesV2.ts(629,57): error TS1005: ';' expected.
lib/visualLab/data/poiExtraBoliviaCitiesV2.ts(629,69): error TS1128: Declaration or statement expected.
lib/visualLab/data/poiExtraBoliviaCitiesV2.ts(632,9): error TS1005: ';' expected.
lib/visualLab/data/poiExtraBoliviaCitiesV2.ts(633,9): error TS1005: ';' expected.
lib/visualLab/data/poiExtraBoliviaCitiesV2.ts(634,9): error TS1005: ';' expected.
lib/visualLab/data/poiExtraBoliviaCitiesV2.ts(635,6): error TS1128: Declaration or statement expected.
lib/visualLab/data/poiExtraBoliviaCitiesV2.ts(638,9): error TS1005: ';' expected.
lib/visualLab/data/poiExtraBoliviaCitiesV2.ts(639,9): error TS1005: ';' expected.
lib/visualLab/data/poiExtraBoliviaCitiesV2.ts(640,9): error TS1005: ';' expected.
lib/visualLab/data/poiExtraBoliviaCitiesV2.ts(641,6): error TS1128: Declaration or statement expected.
lib/visualLab/data/poiExtraBoliviaCitiesV2.ts(644,9): error TS1005: ';' expected.
lib/visualLab/data/poiExtraBoliviaCitiesV2.ts(645,9): error TS1005: ';' expected.
lib/visualLab/data/poiExtraBoliviaCitiesV2.ts(646,9): error TS1005: ';' expected.
lib/visualLab/data/poiExtraBoliviaCitiesV2.ts(647,6): error TS1128: Declaration or statement expected.
lib/visualLab/data/poiExtraBoliviaCitiesV2.ts(655,9): error TS1005: ';' expected.
lib/visualLab/data/poiExtraBoliviaCitiesV2.ts(656,9): error TS1005: ';' expected.
lib/visualLab/data/poiExtraBoliviaCitiesV2.ts(657,9): error TS1005: ';' expected.
lib/visualLab/data/poiExtraBoliviaCitiesV2.ts(659,4): error TS1128: Declaration or statement expected.
lib/visualLab/data/poiExtraBoliviaCitiesV2.ts(662,9): error TS1005: ';' expected.
lib/visualLab/data/poiExtraBoliviaCitiesV2.ts(663,11): error TS1005: ';' expected.
lib/visualLab/data/poiExtraBoliviaCitiesV2.ts(664,11): error TS1005: ';' expected.
lib/visualLab/data/poiExtraBoliviaCitiesV2.ts(665,9): error TS1005: ';' expected.
lib/visualLab/data/poiExtraBoliviaCitiesV2.ts(665,30): error TS1005: ';' expected.
lib/visualLab/data/poiExtraBoliviaCitiesV2.ts(665,45): error TS1005: ';' expected.
lib/visualLab/data/poiExtraBoliviaCitiesV2.ts(665,60): error TS1005: ';' expected.
lib/visualLab/data/poiExtraBoliviaCitiesV2.ts(665,73): error TS1128: Declaration or statement expected.
lib/visualLab/data/poiExtraBoliviaCitiesV2.ts(668,9): error TS1005: ';' expected.
lib/visualLab/data/poiExtraBoliviaCitiesV2.ts(669,9): error TS1005: ';' expected.
lib/visualLab/data/poiExtraBoliviaCitiesV2.ts(670,9): error TS1005: ';' expected.
lib/visualLab/data/poiExtraBoliviaCitiesV2.ts(671,6): error TS1128: Declaration or statement expected.
lib/visualLab/data/poiExtraBoliviaCitiesV2.ts(674,9): error TS1005: ';' expected.
lib/visualLab/data/poiExtraBoliviaCitiesV2.ts(675,9): error TS1005: ';' expected.
lib/visualLab/data/poiExtraBoliviaCitiesV2.ts(676,9): error TS1005: ';' expected.
lib/visualLab/data/poiExtraBoliviaCitiesV2.ts(677,6): error TS1128: Declaration or statement expected.
lib/visualLab/data/poiExtraBoliviaCitiesV2.ts(680,9): error TS1005: ';' expected.
lib/visualLab/data/poiExtraBoliviaCitiesV2.ts(681,9): error TS1005: ';' expected.
lib/visualLab/data/poiExtraBoliviaCitiesV2.ts(682,9): error TS1005: ';' expected.
lib/visualLab/data/poiExtraBoliviaCitiesV2.ts(683,6): error TS1128: Declaration or statement expected.
lib/visualLab/data/poiExtraBoliviaCitiesV2.ts(691,9): error TS1005: ';' expected.
lib/visualLab/data/poiExtraBoliviaCitiesV2.ts(692,9): error TS1005: ';' expected.
lib/visualLab/data/poiExtraBoliviaCitiesV2.ts(693,9): error TS1005: ';' expected.
lib/visualLab/data/poiExtraBoliviaCitiesV2.ts(695,4): error TS1128: Declaration or statement expected.
lib/visualLab/data/poiExtraBoliviaCitiesV2.ts(698,9): error TS1005: ';' expected.
lib/visualLab/data/poiExtraBoliviaCitiesV2.ts(699,11): error TS1005: ';' expected.
lib/visualLab/data/poiExtraBoliviaCitiesV2.ts(700,11): error TS1005: ';' expected.
lib/visualLab/data/poiExtraBoliviaCitiesV2.ts(701,9): error TS1005: ';' expected.
lib/visualLab/data/poiExtraBoliviaCitiesV2.ts(701,34): error TS1005: ';' expected.
lib/visualLab/data/poiExtraBoliviaCitiesV2.ts(701,53): error TS1005: ';' expected.
lib/visualLab/data/poiExtraBoliviaCitiesV2.ts(701,72): error TS1005: ';' expected.
lib/visualLab/data/poiExtraBoliviaCitiesV2.ts(701,89): error TS1128: Declaration or statement expected.
lib/visualLab/data/poiExtraBoliviaCitiesV2.ts(704,9): error TS1005: ';' expected.
lib/visualLab/data/poiExtraBoliviaCitiesV2.ts(705,9): error TS1005: ';' expected.
lib/visualLab/data/poiExtraBoliviaCitiesV2.ts(706,9): error TS1005: ';' expected.
lib/visualLab/data/poiExtraBoliviaCitiesV2.ts(707,6): error TS1128: Declaration or statement expected.
lib/visualLab/data/poiExtraBoliviaCitiesV2.ts(710,9): error TS1005: ';' expected.
lib/visualLab/data/poiExtraBoliviaCitiesV2.ts(711,9): error TS1005: ';' expected.
lib/visualLab/data/poiExtraBoliviaCitiesV2.ts(712,9): error TS1005: ';' expected.
lib/visualLab/data/poiExtraBoliviaCitiesV2.ts(713,6): error TS1128: Declaration or statement expected.
lib/visualLab/data/poiExtraBoliviaCitiesV2.ts(716,9): error TS1005: ';' expected.
lib/visualLab/data/poiExtraBoliviaCitiesV2.ts(717,9): error TS1005: ';' expected.
lib/visualLab/data/poiExtraBoliviaCitiesV2.ts(718,9): error TS1005: ';' expected.
lib/visualLab/data/poiExtraBoliviaCitiesV2.ts(719,6): error TS1128: Declaration or statement expected.
lib/visualLab/data/poiExtraBoliviaCitiesV2.ts(727,9): error TS1005: ';' expected.
lib/visualLab/data/poiExtraBoliviaCitiesV2.ts(728,9): error TS1005: ';' expected.
lib/visualLab/data/poiExtraBoliviaCitiesV2.ts(729,9): error TS1005: ';' expected.
lib/visualLab/data/poiExtraBoliviaCitiesV2.ts(731,4): error TS1128: Declaration or statement expected.
lib/visualLab/data/poiExtraBoliviaCitiesV2.ts(734,9): error TS1005: ';' expected.
lib/visualLab/data/poiExtraBoliviaCitiesV2.ts(735,11): error TS1005: ';' expected.
lib/visualLab/data/poiExtraBoliviaCitiesV2.ts(736,11): error TS1005: ';' expected.
lib/visualLab/data/poiExtraBoliviaCitiesV2.ts(737,9): error TS1005: ';' expected.
lib/visualLab/data/poiExtraBoliviaCitiesV2.ts(737,32): error TS1005: ';' expected.
lib/visualLab/data/poiExtraBoliviaCitiesV2.ts(737,49): error TS1005: ';' expected.
lib/visualLab/data/poiExtraBoliviaCitiesV2.ts(737,66): error TS1005: ';' expected.
lib/visualLab/data/poiExtraBoliviaCitiesV2.ts(737,81): error TS1128: Declaration or statement expected.
lib/visualLab/data/poiExtraBoliviaCitiesV2.ts(740,9): error TS1005: ';' expected.
lib/visualLab/data/poiExtraBoliviaCitiesV2.ts(741,9): error TS1005: ';' expected.
lib/visualLab/data/poiExtraBoliviaCitiesV2.ts(742,9): error TS1005: ';' expected.
lib/visualLab/data/poiExtraBoliviaCitiesV2.ts(743,6): error TS1128: Declaration or statement expected.
lib/visualLab/data/poiExtraBoliviaCitiesV2.ts(746,9): error TS1005: ';' expected.
lib/visualLab/data/poiExtraBoliviaCitiesV2.ts(747,9): error TS1005: ';' expected.
lib/visualLab/data/poiExtraBoliviaCitiesV2.ts(748,9): error TS1005: ';' expected.
lib/visualLab/data/poiExtraBoliviaCitiesV2.ts(749,6): error TS1128: Declaration or statement expected.
lib/visualLab/data/poiExtraBoliviaCitiesV2.ts(752,9): error TS1005: ';' expected.
lib/visualLab/data/poiExtraBoliviaCitiesV2.ts(753,9): error TS1005: ';' expected.
lib/visualLab/data/poiExtraBoliviaCitiesV2.ts(754,9): error TS1005: ';' expected.
lib/visualLab/data/poiExtraBoliviaCitiesV2.ts(755,6): error TS1128: Declaration or statement expected.
lib/visualLab/data/poiExtraBoliviaCitiesV2.ts(763,9): error TS1005: ';' expected.
lib/visualLab/data/poiExtraBoliviaCitiesV2.ts(764,9): error TS1005: ';' expected.
lib/visualLab/data/poiExtraBoliviaCitiesV2.ts(765,9): error TS1005: ';' expected.
lib/visualLab/data/poiExtraBoliviaCitiesV2.ts(767,4): error TS1128: Declaration or statement expected.
lib/visualLab/data/poiExtraBoliviaCitiesV2.ts(770,9): error TS1005: ';' expected.
lib/visualLab/data/poiExtraBoliviaCitiesV2.ts(771,11): error TS1005: ';' expected.
lib/visualLab/data/poiExtraBoliviaCitiesV2.ts(772,11): error TS1005: ';' expected.
lib/visualLab/data/poiExtraBoliviaCitiesV2.ts(773,9): error TS1005: ';' expected.
lib/visualLab/data/poiExtraBoliviaCitiesV2.ts(773,29): error TS1005: ';' expected.
lib/visualLab/data/poiExtraBoliviaCitiesV2.ts(773,43): error TS1005: ';' expected.
lib/visualLab/data/poiExtraBoliviaCitiesV2.ts(773,57): error TS1005: ';' expected.
lib/visualLab/data/poiExtraBoliviaCitiesV2.ts(773,69): error TS1128: Declaration or statement expected.
lib/visualLab/data/poiExtraBoliviaCitiesV2.ts(776,9): error TS1005: ';' expected.
lib/visualLab/data/poiExtraBoliviaCitiesV2.ts(777,9): error TS1005: ';' expected.
lib/visualLab/data/poiExtraBoliviaCitiesV2.ts(778,9): error TS1005: ';' expected.
lib/visualLab/data/poiExtraBoliviaCitiesV2.ts(779,6): error TS1128: Declaration or statement expected.
lib/visualLab/data/poiExtraBoliviaCitiesV2.ts(782,9): error TS1005: ';' expected.
lib/visualLab/data/poiExtraBoliviaCitiesV2.ts(783,9): error TS1005: ';' expected.
lib/visualLab/data/poiExtraBoliviaCitiesV2.ts(784,9): error TS1005: ';' expected.
lib/visualLab/data/poiExtraBoliviaCitiesV2.ts(785,6): error TS1128: Declaration or statement expected.
lib/visualLab/data/poiExtraBoliviaCitiesV2.ts(788,9): error TS1005: ';' expected.
lib/visualLab/data/poiExtraBoliviaCitiesV2.ts(789,9): error TS1005: ';' expected.
lib/visualLab/data/poiExtraBoliviaCitiesV2.ts(790,9): error TS1005: ';' expected.
lib/visualLab/data/poiExtraBoliviaCitiesV2.ts(791,6): error TS1128: Declaration or statement expected.
lib/visualLab/data/poiExtraBoliviaCitiesV2.ts(799,9): error TS1005: ';' expected.
lib/visualLab/data/poiExtraBoliviaCitiesV2.ts(800,9): error TS1005: ';' expected.
lib/visualLab/data/poiExtraBoliviaCitiesV2.ts(801,9): error TS1005: ';' expected.
lib/visualLab/data/poiExtraBoliviaCitiesV2.ts(803,4): error TS1128: Declaration or statement expected.
lib/visualLab/data/poiExtraBoliviaCitiesV2.ts(806,9): error TS1005: ';' expected.
lib/visualLab/data/poiExtraBoliviaCitiesV2.ts(807,11): error TS1005: ';' expected.
lib/visualLab/data/poiExtraBoliviaCitiesV2.ts(808,11): error TS1005: ';' expected.
lib/visualLab/data/poiExtraBoliviaCitiesV2.ts(809,9): error TS1005: ';' expected.
lib/visualLab/data/poiExtraBoliviaCitiesV2.ts(809,28): error TS1005: ';' expected.
lib/visualLab/data/poiExtraBoliviaCitiesV2.ts(809,41): error TS1005: ';' expected.
lib/visualLab/data/poiExtraBoliviaCitiesV2.ts(809,54): error TS1005: ';' expected.
lib/visualLab/data/poiExtraBoliviaCitiesV2.ts(809,65): error TS1128: Declaration or statement expected.
lib/visualLab/data/poiExtraBoliviaCitiesV2.ts(812,9): error TS1005: ';' expected.
lib/visualLab/data/poiExtraBoliviaCitiesV2.ts(813,9): error TS1005: ';' expected.
lib/visualLab/data/poiExtraBoliviaCitiesV2.ts(814,9): error TS1005: ';' expected.
lib/visualLab/data/poiExtraBoliviaCitiesV2.ts(815,6): error TS1128: Declaration or statement expected.
lib/visualLab/data/poiExtraBoliviaCitiesV2.ts(818,9): error TS1005: ';' expected.
lib/visualLab/data/poiExtraBoliviaCitiesV2.ts(819,9): error TS1005: ';' expected.
lib/visualLab/data/poiExtraBoliviaCitiesV2.ts(820,9): error TS1005: ';' expected.
lib/visualLab/data/poiExtraBoliviaCitiesV2.ts(821,6): error TS1128: Declaration or statement expected.
lib/visualLab/data/poiExtraBoliviaCitiesV2.ts(824,9): error TS1005: ';' expected.
lib/visualLab/data/poiExtraBoliviaCitiesV2.ts(825,9): error TS1005: ';' expected.
lib/visualLab/data/poiExtraBoliviaCitiesV2.ts(826,9): error TS1005: ';' expected.
lib/visualLab/data/poiExtraBoliviaCitiesV2.ts(827,6): error TS1128: Declaration or statement expected.
lib/visualLab/data/poiExtraBoliviaCitiesV2.ts(835,9): error TS1005: ';' expected.
lib/visualLab/data/poiExtraBoliviaCitiesV2.ts(836,9): error TS1005: ';' expected.
lib/visualLab/data/poiExtraBoliviaCitiesV2.ts(837,9): error TS1005: ';' expected.
lib/visualLab/data/poiExtraBoliviaCitiesV2.ts(839,4): error TS1128: Declaration or statement expected.
lib/visualLab/data/poiExtraBoliviaCitiesV2.ts(842,9): error TS1005: ';' expected.
lib/visualLab/data/poiExtraBoliviaCitiesV2.ts(843,11): error TS1005: ';' expected.
lib/visualLab/data/poiExtraBoliviaCitiesV2.ts(844,11): error TS1005: ';' expected.
lib/visualLab/data/poiExtraBoliviaCitiesV2.ts(845,9): error TS1005: ';' expected.
lib/visualLab/data/poiExtraBoliviaCitiesV2.ts(845,35): error TS1005: ';' expected.
lib/visualLab/data/poiExtraBoliviaCitiesV2.ts(845,55): error TS1005: ';' expected.
lib/visualLab/data/poiExtraBoliviaCitiesV2.ts(845,75): error TS1005: ';' expected.
lib/visualLab/data/poiExtraBoliviaCitiesV2.ts(845,93): error TS1128: Declaration or statement expected.
lib/visualLab/data/poiExtraBoliviaCitiesV2.ts(848,9): error TS1005: ';' expected.
lib/visualLab/data/poiExtraBoliviaCitiesV2.ts(849,9): error TS1005: ';' expected.
lib/visualLab/data/poiExtraBoliviaCitiesV2.ts(850,9): error TS1005: ';' expected.
lib/visualLab/data/poiExtraBoliviaCitiesV2.ts(851,6): error TS1128: Declaration or statement expected.
lib/visualLab/data/poiExtraBoliviaCitiesV2.ts(854,9): error TS1005: ';' expected.
lib/visualLab/data/poiExtraBoliviaCitiesV2.ts(855,9): error TS1005: ';' expected.
lib/visualLab/data/poiExtraBoliviaCitiesV2.ts(856,9): error TS1005: ';' expected.
lib/visualLab/data/poiExtraBoliviaCitiesV2.ts(857,6): error TS1128: Declaration or statement expected.
lib/visualLab/data/poiExtraBoliviaCitiesV2.ts(860,9): error TS1005: ';' expected.
lib/visualLab/data/poiExtraBoliviaCitiesV2.ts(861,9): error TS1005: ';' expected.
lib/visualLab/data/poiExtraBoliviaCitiesV2.ts(862,9): error TS1005: ';' expected.
lib/visualLab/data/poiExtraBoliviaCitiesV2.ts(863,6): error TS1128: Declaration or statement expected.
lib/visualLab/data/poiExtraBoliviaCitiesV2.ts(871,9): error TS1005: ';' expected.
lib/visualLab/data/poiExtraBoliviaCitiesV2.ts(872,9): error TS1005: ';' expected.
lib/visualLab/data/poiExtraBoliviaCitiesV2.ts(873,9): error TS1005: ';' expected.
lib/visualLab/data/poiExtraBoliviaCitiesV2.ts(875,4): error TS1128: Declaration or statement expected.
lib/visualLab/data/poiExtraBoliviaCitiesV2.ts(878,9): error TS1005: ';' expected.
lib/visualLab/data/poiExtraBoliviaCitiesV2.ts(879,11): error TS1005: ';' expected.
lib/visualLab/data/poiExtraBoliviaCitiesV2.ts(880,11): error TS1005: ';' expected.
lib/visualLab/data/poiExtraBoliviaCitiesV2.ts(881,9): error TS1005: ';' expected.
lib/visualLab/data/poiExtraBoliviaCitiesV2.ts(881,31): error TS1005: ';' expected.
lib/visualLab/data/poiExtraBoliviaCitiesV2.ts(881,47): error TS1005: ';' expected.
lib/visualLab/data/poiExtraBoliviaCitiesV2.ts(881,63): error TS1005: ';' expected.
lib/visualLab/data/poiExtraBoliviaCitiesV2.ts(881,77): error TS1128: Declaration or statement expected.
lib/visualLab/data/poiExtraBoliviaCitiesV2.ts(884,9): error TS1005: ';' expected.
lib/visualLab/data/poiExtraBoliviaCitiesV2.ts(885,9): error TS1005: ';' expected.
lib/visualLab/data/poiExtraBoliviaCitiesV2.ts(886,9): error TS1005: ';' expected.
lib/visualLab/data/poiExtraBoliviaCitiesV2.ts(887,6): error TS1128: Declaration or statement expected.
lib/visualLab/data/poiExtraBoliviaCitiesV2.ts(890,9): error TS1005: ';' expected.
lib/visualLab/data/poiExtraBoliviaCitiesV2.ts(891,9): error TS1005: ';' expected.
lib/visualLab/data/poiExtraBoliviaCitiesV2.ts(892,9): error TS1005: ';' expected.
lib/visualLab/data/poiExtraBoliviaCitiesV2.ts(893,6): error TS1128: Declaration or statement expected.
lib/visualLab/data/poiExtraBoliviaCitiesV2.ts(896,9): error TS1005: ';' expected.
lib/visualLab/data/poiExtraBoliviaCitiesV2.ts(897,9): error TS1005: ';' expected.
lib/visualLab/data/poiExtraBoliviaCitiesV2.ts(898,9): error TS1005: ';' expected.
lib/visualLab/data/poiExtraBoliviaCitiesV2.ts(899,6): error TS1128: Declaration or statement expected.
lib/visualLab/data/poiExtraBoliviaCitiesV2.ts(907,9): error TS1005: ';' expected.
lib/visualLab/data/poiExtraBoliviaCitiesV2.ts(908,9): error TS1005: ';' expected.
lib/visualLab/data/poiExtraBoliviaCitiesV2.ts(909,9): error TS1005: ';' expected.
lib/visualLab/data/poiExtraBoliviaCitiesV2.ts(911,4): error TS1128: Declaration or statement expected.
lib/visualLab/data/poiExtraBoliviaCitiesV2.ts(914,9): error TS1005: ';' expected.
lib/visualLab/data/poiExtraBoliviaCitiesV2.ts(915,11): error TS1005: ';' expected.
lib/visualLab/data/poiExtraBoliviaCitiesV2.ts(916,11): error TS1005: ';' expected.
lib/visualLab/data/poiExtraBoliviaCitiesV2.ts(917,9): error TS1005: ';' expected.
lib/visualLab/data/poiExtraBoliviaCitiesV2.ts(917,31): error TS1005: ';' expected.
lib/visualLab/data/poiExtraBoliviaCitiesV2.ts(917,47): error TS1005: ';' expected.
lib/visualLab/data/poiExtraBoliviaCitiesV2.ts(917,63): error TS1005: ';' expected.
lib/visualLab/data/poiExtraBoliviaCitiesV2.ts(917,77): error TS1128: Declaration or statement expected.
lib/visualLab/data/poiExtraBoliviaCitiesV2.ts(920,9): error TS1005: ';' expected.
lib/visualLab/data/poiExtraBoliviaCitiesV2.ts(921,9): error TS1005: ';' expected.
lib/visualLab/data/poiExtraBoliviaCitiesV2.ts(922,9): error TS1005: ';' expected.
lib/visualLab/data/poiExtraBoliviaCitiesV2.ts(923,6): error TS1128: Declaration or statement expected.
lib/visualLab/data/poiExtraBoliviaCitiesV2.ts(926,9): error TS1005: ';' expected.
lib/visualLab/data/poiExtraBoliviaCitiesV2.ts(927,9): error TS1005: ';' expected.
lib/visualLab/data/poiExtraBoliviaCitiesV2.ts(928,9): error TS1005: ';' expected.
lib/visualLab/data/poiExtraBoliviaCitiesV2.ts(929,6): error TS1128: Declaration or statement expected.
lib/visualLab/data/poiExtraBoliviaCitiesV2.ts(932,9): error TS1005: ';' expected.
lib/visualLab/data/poiExtraBoliviaCitiesV2.ts(933,9): error TS1005: ';' expected.
lib/visualLab/data/poiExtraBoliviaCitiesV2.ts(934,9): error TS1005: ';' expected.
lib/visualLab/data/poiExtraBoliviaCitiesV2.ts(935,6): error TS1128: Declaration or statement expected.
lib/visualLab/data/poiExtraBoliviaCitiesV2.ts(943,9): error TS1005: ';' expected.
lib/visualLab/data/poiExtraBoliviaCitiesV2.ts(944,9): error TS1005: ';' expected.
lib/visualLab/data/poiExtraBoliviaCitiesV2.ts(945,9): error TS1005: ';' expected.
lib/visualLab/data/poiExtraBoliviaCitiesV2.ts(947,4): error TS1128: Declaration or statement expected.
lib/visualLab/data/poiExtraBoliviaCitiesV2.ts(950,9): error TS1005: ';' expected.
lib/visualLab/data/poiExtraBoliviaCitiesV2.ts(951,11): error TS1005: ';' expected.
lib/visualLab/data/poiExtraBoliviaCitiesV2.ts(952,11): error TS1005: ';' expected.
lib/visualLab/data/poiExtraBoliviaCitiesV2.ts(953,9): error TS1005: ';' expected.
lib/visualLab/data/poiExtraBoliviaCitiesV2.ts(953,34): error TS1005: ';' expected.
lib/visualLab/data/poiExtraBoliviaCitiesV2.ts(953,53): error TS1005: ';' expected.
lib/visualLab/data/poiExtraBoliviaCitiesV2.ts(953,72): error TS1005: ';' expected.
lib/visualLab/data/poiExtraBoliviaCitiesV2.ts(953,89): error TS1128: Declaration or statement expected.
lib/visualLab/data/poiExtraBoliviaCitiesV2.ts(956,9): error TS1005: ';' expected.
lib/visualLab/data/poiExtraBoliviaCitiesV2.ts(957,9): error TS1005: ';' expected.
lib/visualLab/data/poiExtraBoliviaCitiesV2.ts(958,9): error TS1005: ';' expected.
lib/visualLab/data/poiExtraBoliviaCitiesV2.ts(959,6): error TS1128: Declaration or statement expected.
lib/visualLab/data/poiExtraBoliviaCitiesV2.ts(962,9): error TS1005: ';' expected.
lib/visualLab/data/poiExtraBoliviaCitiesV2.ts(963,9): error TS1005: ';' expected.
lib/visualLab/data/poiExtraBoliviaCitiesV2.ts(964,9): error TS1005: ';' expected.
lib/visualLab/data/poiExtraBoliviaCitiesV2.ts(965,6): error TS1128: Declaration or statement expected.
lib/visualLab/data/poiExtraBoliviaCitiesV2.ts(968,9): error TS1005: ';' expected.
lib/visualLab/data/poiExtraBoliviaCitiesV2.ts(969,9): error TS1005: ';' expected.
lib/visualLab/data/poiExtraBoliviaCitiesV2.ts(970,9): error TS1005: ';' expected.
lib/visualLab/data/poiExtraBoliviaCitiesV2.ts(971,6): error TS1128: Declaration or statement expected.
lib/visualLab/data/poiExtraBoliviaCitiesV2.ts(979,9): error TS1005: ';' expected.
lib/visualLab/data/poiExtraBoliviaCitiesV2.ts(980,9): error TS1005: ';' expected.
lib/visualLab/data/poiExtraBoliviaCitiesV2.ts(981,9): error TS1005: ';' expected.
lib/visualLab/data/poiExtraBoliviaCitiesV2.ts(983,4): error TS1128: Declaration or statement expected.
lib/visualLab/data/poiExtraBoliviaCitiesV2.ts(986,9): error TS1005: ';' expected.
lib/visualLab/data/poiExtraBoliviaCitiesV2.ts(987,11): error TS1005: ';' expected.
lib/visualLab/data/poiExtraBoliviaCitiesV2.ts(988,11): error TS1005: ';' expected.
lib/visualLab/data/poiExtraBoliviaCitiesV2.ts(989,9): error TS1005: ';' expected.
lib/visualLab/data/poiExtraBoliviaCitiesV2.ts(989,30): error TS1005: ';' expected.
lib/visualLab/data/poiExtraBoliviaCitiesV2.ts(989,45): error TS1005: ';' expected.
lib/visualLab/data/poiExtraBoliviaCitiesV2.ts(989,60): error TS1005: ';' expected.
lib/visualLab/data/poiExtraBoliviaCitiesV2.ts(989,73): error TS1128: Declaration or statement expected.
lib/visualLab/data/poiExtraBoliviaCitiesV2.ts(992,9): error TS1005: ';' expected.
lib/visualLab/data/poiExtraBoliviaCitiesV2.ts(993,9): error TS1005: ';' expected.
lib/visualLab/data/poiExtraBoliviaCitiesV2.ts(994,9): error TS1005: ';' expected.
lib/visualLab/data/poiExtraBoliviaCitiesV2.ts(995,6): error TS1128: Declaration or statement expected.
lib/visualLab/data/poiExtraBoliviaCitiesV2.ts(998,9): error TS1005: ';' expected.
lib/visualLab/data/poiExtraBoliviaCitiesV2.ts(999,9): error TS1005: ';' expected.
lib/visualLab/data/poiExtraBoliviaCitiesV2.ts(1000,9): error TS1005: ';' expected.
lib/visualLab/data/poiExtraBoliviaCitiesV2.ts(1001,6): error TS1128: Declaration or statement expected.
lib/visualLab/data/poiExtraBoliviaCitiesV2.ts(1004,9): error TS1005: ';' expected.
lib/visualLab/data/poiExtraBoliviaCitiesV2.ts(1005,9): error TS1005: ';' expected.
lib/visualLab/data/poiExtraBoliviaCitiesV2.ts(1006,9): error TS1005: ';' expected.
lib/visualLab/data/poiExtraBoliviaCitiesV2.ts(1007,6): error TS1128: Declaration or statement expected.
lib/visualLab/data/poiExtraBoliviaCitiesV2.ts(1015,9): error TS1005: ';' expected.
lib/visualLab/data/poiExtraBoliviaCitiesV2.ts(1016,9): error TS1005: ';' expected.
lib/visualLab/data/poiExtraBoliviaCitiesV2.ts(1017,9): error TS1005: ';' expected.
lib/visualLab/data/poiExtraBoliviaCitiesV2.ts(1019,4): error TS1128: Declaration or statement expected.
lib/visualLab/data/poiExtraBoliviaCitiesV2.ts(1022,9): error TS1005: ';' expected.
lib/visualLab/data/poiExtraBoliviaCitiesV2.ts(1023,11): error TS1005: ';' expected.
lib/visualLab/data/poiExtraBoliviaCitiesV2.ts(1024,11): error TS1005: ';' expected.
lib/visualLab/data/poiExtraBoliviaCitiesV2.ts(1025,9): error TS1005: ';' expected.
lib/visualLab/data/poiExtraBoliviaCitiesV2.ts(1025,29): error TS1005: ';' expected.
lib/visualLab/data/poiExtraBoliviaCitiesV2.ts(1025,43): error TS1005: ';' expected.
lib/visualLab/data/poiExtraBoliviaCitiesV2.ts(1025,57): error TS1005: ';' expected.
lib/visualLab/data/poiExtraBoliviaCitiesV2.ts(1025,69): error TS1128: Declaration or statement expected.
lib/visualLab/data/poiExtraBoliviaCitiesV2.ts(1028,9): error TS1005: ';' expected.
lib/visualLab/data/poiExtraBoliviaCitiesV2.ts(1029,9): error TS1005: ';' expected.
lib/visualLab/data/poiExtraBoliviaCitiesV2.ts(1030,9): error TS1005: ';' expected.
lib/visualLab/data/poiExtraBoliviaCitiesV2.ts(1031,6): error TS1128: Declaration or statement expected.
lib/visualLab/data/poiExtraBoliviaCitiesV2.ts(1034,9): error TS1005: ';' expected.
lib/visualLab/data/poiExtraBoliviaCitiesV2.ts(1035,9): error TS1005: ';' expected.
lib/visualLab/data/poiExtraBoliviaCitiesV2.ts(1036,9): error TS1005: ';' expected.
lib/visualLab/data/poiExtraBoliviaCitiesV2.ts(1037,6): error TS1128: Declaration or statement expected.
lib/visualLab/data/poiExtraBoliviaCitiesV2.ts(1040,9): error TS1005: ';' expected.
lib/visualLab/data/poiExtraBoliviaCitiesV2.ts(1041,9): error TS1005: ';' expected.
lib/visualLab/data/poiExtraBoliviaCitiesV2.ts(1042,9): error TS1005: ';' expected.
lib/visualLab/data/poiExtraBoliviaCitiesV2.ts(1043,6): error TS1128: Declaration or statement expected.
lib/visualLab/data/poiExtraBoliviaCitiesV2.ts(1051,9): error TS1005: ';' expected.
lib/visualLab/data/poiExtraBoliviaCitiesV2.ts(1052,9): error TS1005: ';' expected.
lib/visualLab/data/poiExtraBoliviaCitiesV2.ts(1053,9): error TS1005: ';' expected.
lib/visualLab/data/poiExtraBoliviaCitiesV2.ts(1055,4): error TS1128: Declaration or statement expected.
lib/visualLab/data/poiExtraBoliviaCitiesV2.ts(1058,9): error TS1005: ';' expected.
lib/visualLab/data/poiExtraBoliviaCitiesV2.ts(1059,11): error TS1005: ';' expected.
lib/visualLab/data/poiExtraBoliviaCitiesV2.ts(1060,11): error TS1005: ';' expected.
lib/visualLab/data/poiExtraBoliviaCitiesV2.ts(1061,9): error TS1005: ';' expected.
lib/visualLab/data/poiExtraBoliviaCitiesV2.ts(1061,29): error TS1005: ';' expected.
lib/visualLab/data/poiExtraBoliviaCitiesV2.ts(1061,43): error TS1005: ';' expected.
lib/visualLab/data/poiExtraBoliviaCitiesV2.ts(1061,57): error TS1005: ';' expected.
lib/visualLab/data/poiExtraBoliviaCitiesV2.ts(1061,69): error TS1128: Declaration or statement expected.
lib/visualLab/data/poiExtraBoliviaCitiesV2.ts(1064,9): error TS1005: ';' expected.
lib/visualLab/data/poiExtraBoliviaCitiesV2.ts(1065,9): error TS1005: ';' expected.
lib/visualLab/data/poiExtraBoliviaCitiesV2.ts(1066,9): error TS1005: ';' expected.
lib/visualLab/data/poiExtraBoliviaCitiesV2.ts(1067,6): error TS1128: Declaration or statement expected.
lib/visualLab/data/poiExtraBoliviaCitiesV2.ts(1070,9): error TS1005: ';' expected.
lib/visualLab/data/poiExtraBoliviaCitiesV2.ts(1071,9): error TS1005: ';' expected.
lib/visualLab/data/poiExtraBoliviaCitiesV2.ts(1072,9): error TS1005: ';' expected.
lib/visualLab/data/poiExtraBoliviaCitiesV2.ts(1073,6): error TS1128: Declaration or statement expected.
lib/visualLab/data/poiExtraBoliviaCitiesV2.ts(1076,9): error TS1005: ';' expected.
lib/visualLab/data/poiExtraBoliviaCitiesV2.ts(1077,9): error TS1005: ';' expected.
lib/visualLab/data/poiExtraBoliviaCitiesV2.ts(1078,9): error TS1005: ';' expected.
lib/visualLab/data/poiExtraBoliviaCitiesV2.ts(1079,6): error TS1128: Declaration or statement expected.
lib/visualLab/data/poiExtraBoliviaCitiesV2.ts(1087,9): error TS1005: ';' expected.
lib/visualLab/data/poiExtraBoliviaCitiesV2.ts(1088,9): error TS1005: ';' expected.
lib/visualLab/data/poiExtraBoliviaCitiesV2.ts(1089,9): error TS1005: ';' expected.
lib/visualLab/data/poiExtraBoliviaCitiesV2.ts(1091,4): error TS1128: Declaration or statement expected.
lib/visualLab/data/poiExtraBoliviaCitiesV2.ts(1094,9): error TS1005: ';' expected.
lib/visualLab/data/poiExtraBoliviaCitiesV2.ts(1095,11): error TS1005: ';' expected.
lib/visualLab/data/poiExtraBoliviaCitiesV2.ts(1096,11): error TS1005: ';' expected.
lib/visualLab/data/poiExtraBoliviaCitiesV2.ts(1097,9): error TS1005: ';' expected.
lib/visualLab/data/poiExtraBoliviaCitiesV2.ts(1097,32): error TS1005: ';' expected.
lib/visualLab/data/poiExtraBoliviaCitiesV2.ts(1097,49): error TS1005: ';' expected.
lib/visualLab/data/poiExtraBoliviaCitiesV2.ts(1097,66): error TS1005: ';' expected.
lib/visualLab/data/poiExtraBoliviaCitiesV2.ts(1097,81): error TS1128: Declaration or statement expected.
lib/visualLab/data/poiExtraBoliviaCitiesV2.ts(1100,9): error TS1005: ';' expected.
lib/visualLab/data/poiExtraBoliviaCitiesV2.ts(1101,9): error TS1005: ';' expected.
lib/visualLab/data/poiExtraBoliviaCitiesV2.ts(1102,9): error TS1005: ';' expected.
lib/visualLab/data/poiExtraBoliviaCitiesV2.ts(1103,6): error TS1128: Declaration or statement expected.
lib/visualLab/data/poiExtraBoliviaCitiesV2.ts(1106,9): error TS1005: ';' expected.
lib/visualLab/data/poiExtraBoliviaCitiesV2.ts(1107,9): error TS1005: ';' expected.
lib/visualLab/data/poiExtraBoliviaCitiesV2.ts(1108,9): error TS1005: ';' expected.
lib/visualLab/data/poiExtraBoliviaCitiesV2.ts(1109,6): error TS1128: Declaration or statement expected.
lib/visualLab/data/poiExtraBoliviaCitiesV2.ts(1112,9): error TS1005: ';' expected.
lib/visualLab/data/poiExtraBoliviaCitiesV2.ts(1113,9): error TS1005: ';' expected.
lib/visualLab/data/poiExtraBoliviaCitiesV2.ts(1114,9): error TS1005: ';' expected.
lib/visualLab/data/poiExtraBoliviaCitiesV2.ts(1115,6): error TS1128: Declaration or statement expected.
lib/visualLab/data/poiExtraBoliviaCitiesV2.ts(1123,9): error TS1005: ';' expected.
lib/visualLab/data/poiExtraBoliviaCitiesV2.ts(1124,9): error TS1005: ';' expected.
lib/visualLab/data/poiExtraBoliviaCitiesV2.ts(1125,9): error TS1005: ';' expected.
lib/visualLab/data/poiExtraBoliviaCitiesV2.ts(1127,4): error TS1128: Declaration or statement expected.
lib/visualLab/data/poiExtraBoliviaCitiesV2.ts(1130,9): error TS1005: ';' expected.
lib/visualLab/data/poiExtraBoliviaCitiesV2.ts(1131,11): error TS1005: ';' expected.
lib/visualLab/data/poiExtraBoliviaCitiesV2.ts(1132,11): error TS1005: ';' expected.
lib/visualLab/data/poiExtraBoliviaCitiesV2.ts(1133,9): error TS1005: ';' expected.
lib/visualLab/data/poiExtraBoliviaCitiesV2.ts(1133,45): error TS1005: ';' expected.
lib/visualLab/data/poiExtraBoliviaCitiesV2.ts(1133,75): error TS1005: ';' expected.
lib/visualLab/data/poiExtraBoliviaCitiesV2.ts(1133,105): error TS1005: ';' expected.
lib/visualLab/data/poiExtraBoliviaCitiesV2.ts(1133,133): error TS1128: Declaration or statement expected.
lib/visualLab/data/poiExtraBoliviaCitiesV2.ts(1136,9): error TS1005: ';' expected.
lib/visualLab/data/poiExtraBoliviaCitiesV2.ts(1137,9): error TS1005: ';' expected.
lib/visualLab/data/poiExtraBoliviaCitiesV2.ts(1138,9): error TS1005: ';' expected.
lib/visualLab/data/poiExtraBoliviaCitiesV2.ts(1139,6): error TS1128: Declaration or statement expected.
lib/visualLab/data/poiExtraBoliviaCitiesV2.ts(1142,9): error TS1005: ';' expected.
lib/visualLab/data/poiExtraBoliviaCitiesV2.ts(1143,9): error TS1005: ';' expected.
lib/visualLab/data/poiExtraBoliviaCitiesV2.ts(1144,9): error TS1005: ';' expected.
lib/visualLab/data/poiExtraBoliviaCitiesV2.ts(1145,6): error TS1128: Declaration or statement expected.
lib/visualLab/data/poiExtraBoliviaCitiesV2.ts(1148,9): error TS1005: ';' expected.
lib/visualLab/data/poiExtraBoliviaCitiesV2.ts(1149,9): error TS1005: ';' expected.
lib/visualLab/data/poiExtraBoliviaCitiesV2.ts(1150,9): error TS1005: ';' expected.
lib/visualLab/data/poiExtraBoliviaCitiesV2.ts(1151,6): error TS1128: Declaration or statement expected.
lib/visualLab/data/poiExtraBoliviaCitiesV2.ts(1159,9): error TS1005: ';' expected.
lib/visualLab/data/poiExtraBoliviaCitiesV2.ts(1160,9): error TS1005: ';' expected.
lib/visualLab/data/poiExtraBoliviaCitiesV2.ts(1161,9): error TS1005: ';' expected.
lib/visualLab/data/poiExtraBoliviaCitiesV2.ts(1163,4): error TS1128: Declaration or statement expected.
lib/visualLab/data/poiExtraBoliviaCitiesV2.ts(1166,9): error TS1005: ';' expected.
lib/visualLab/data/poiExtraBoliviaCitiesV2.ts(1167,11): error TS1005: ';' expected.
lib/visualLab/data/poiExtraBoliviaCitiesV2.ts(1168,11): error TS1005: ';' expected.
lib/visualLab/data/poiExtraBoliviaCitiesV2.ts(1169,9): error TS1005: ';' expected.
lib/visualLab/data/poiExtraBoliviaCitiesV2.ts(1169,33): error TS1005: ';' expected.
lib/visualLab/data/poiExtraBoliviaCitiesV2.ts(1169,51): error TS1005: ';' expected.
lib/visualLab/data/poiExtraBoliviaCitiesV2.ts(1169,69): error TS1005: ';' expected.
lib/visualLab/data/poiExtraBoliviaCitiesV2.ts(1169,85): error TS1128: Declaration or statement expected.
lib/visualLab/data/poiExtraBoliviaCitiesV2.ts(1172,9): error TS1005: ';' expected.
lib/visualLab/data/poiExtraBoliviaCitiesV2.ts(1173,9): error TS1005: ';' expected.
lib/visualLab/data/poiExtraBoliviaCitiesV2.ts(1174,9): error TS1005: ';' expected.
lib/visualLab/data/poiExtraBoliviaCitiesV2.ts(1175,6): error TS1128: Declaration or statement expected.
lib/visualLab/data/poiExtraBoliviaCitiesV2.ts(1178,9): error TS1005: ';' expected.
lib/visualLab/data/poiExtraBoliviaCitiesV2.ts(1179,9): error TS1005: ';' expected.
lib/visualLab/data/poiExtraBoliviaCitiesV2.ts(1180,9): error TS1005: ';' expected.
lib/visualLab/data/poiExtraBoliviaCitiesV2.ts(1181,6): error TS1128: Declaration or statement expected.
lib/visualLab/data/poiExtraBoliviaCitiesV2.ts(1184,9): error TS1005: ';' expected.
lib/visualLab/data/poiExtraBoliviaCitiesV2.ts(1185,9): error TS1005: ';' expected.
lib/visualLab/data/poiExtraBoliviaCitiesV2.ts(1186,9): error TS1005: ';' expected.
lib/visualLab/data/poiExtraBoliviaCitiesV2.ts(1187,6): error TS1128: Declaration or statement expected.
lib/visualLab/data/poiExtraBoliviaCitiesV2.ts(1195,9): error TS1005: ';' expected.
lib/visualLab/data/poiExtraBoliviaCitiesV2.ts(1196,9): error TS1005: ';' expected.
lib/visualLab/data/poiExtraBoliviaCitiesV2.ts(1197,9): error TS1005: ';' expected.
lib/visualLab/data/poiExtraBoliviaCitiesV2.ts(1199,4): error TS1128: Declaration or statement expected.
lib/visualLab/data/poiExtraBoliviaCitiesV2.ts(1202,9): error TS1005: ';' expected.
lib/visualLab/data/poiExtraBoliviaCitiesV2.ts(1203,11): error TS1005: ';' expected.
lib/visualLab/data/poiExtraBoliviaCitiesV2.ts(1204,11): error TS1005: ';' expected.
lib/visualLab/data/poiExtraBoliviaCitiesV2.ts(1205,9): error TS1005: ';' expected.
lib/visualLab/data/poiExtraBoliviaCitiesV2.ts(1205,30): error TS1005: ';' expected.
lib/visualLab/data/poiExtraBoliviaCitiesV2.ts(1205,45): error TS1005: ';' expected.
lib/visualLab/data/poiExtraBoliviaCitiesV2.ts(1205,60): error TS1005: ';' expected.
lib/visualLab/data/poiExtraBoliviaCitiesV2.ts(1205,73): error TS1128: Declaration or statement expected.
lib/visualLab/data/poiExtraBoliviaCitiesV2.ts(1208,9): error TS1005: ';' expected.
lib/visualLab/data/poiExtraBoliviaCitiesV2.ts(1209,9): error TS1005: ';' expected.
lib/visualLab/data/poiExtraBoliviaCitiesV2.ts(1210,9): error TS1005: ';' expected.
lib/visualLab/data/poiExtraBoliviaCitiesV2.ts(1211,6): error TS1128: Declaration or statement expected.
lib/visualLab/data/poiExtraBoliviaCitiesV2.ts(1214,9): error TS1005: ';' expected.
lib/visualLab/data/poiExtraBoliviaCitiesV2.ts(1215,9): error TS1005: ';' expected.
lib/visualLab/data/poiExtraBoliviaCitiesV2.ts(1216,9): error TS1005: ';' expected.
lib/visualLab/data/poiExtraBoliviaCitiesV2.ts(1217,6): error TS1128: Declaration or statement expected.
lib/visualLab/data/poiExtraBoliviaCitiesV2.ts(1220,9): error TS1005: ';' expected.
lib/visualLab/data/poiExtraBoliviaCitiesV2.ts(1221,9): error TS1005: ';' expected.
lib/visualLab/data/poiExtraBoliviaCitiesV2.ts(1222,9): error TS1005: ';' expected.
lib/visualLab/data/poiExtraBoliviaCitiesV2.ts(1223,6): error TS1128: Declaration or statement expected.
lib/visualLab/data/poiExtraBoliviaCitiesV2.ts(1231,9): error TS1005: ';' expected.
lib/visualLab/data/poiExtraBoliviaCitiesV2.ts(1232,9): error TS1005: ';' expected.
lib/visualLab/data/poiExtraBoliviaCitiesV2.ts(1233,9): error TS1005: ';' expected.
lib/visualLab/data/poiExtraBoliviaCitiesV2.ts(1235,4): error TS1128: Declaration or statement expected.
lib/visualLab/data/poiExtraBoliviaCitiesV2.ts(1238,9): error TS1005: ';' expected.
lib/visualLab/data/poiExtraBoliviaCitiesV2.ts(1239,11): error TS1005: ';' expected.
lib/visualLab/data/poiExtraBoliviaCitiesV2.ts(1240,11): error TS1005: ';' expected.
lib/visualLab/data/poiExtraBoliviaCitiesV2.ts(1241,9): error TS1005: ';' expected.
lib/visualLab/data/poiExtraBoliviaCitiesV2.ts(1241,29): error TS1005: ';' expected.
lib/visualLab/data/poiExtraBoliviaCitiesV2.ts(1241,43): error TS1005: ';' expected.
lib/visualLab/data/poiExtraBoliviaCitiesV2.ts(1241,57): error TS1005: ';' expected.
lib/visualLab/data/poiExtraBoliviaCitiesV2.ts(1241,69): error TS1128: Declaration or statement expected.
lib/visualLab/data/poiExtraBoliviaCitiesV2.ts(1244,9): error TS1005: ';' expected.
lib/visualLab/data/poiExtraBoliviaCitiesV2.ts(1245,9): error TS1005: ';' expected.
lib/visualLab/data/poiExtraBoliviaCitiesV2.ts(1246,9): error TS1005: ';' expected.
lib/visualLab/data/poiExtraBoliviaCitiesV2.ts(1247,6): error TS1128: Declaration or statement expected.
lib/visualLab/data/poiExtraBoliviaCitiesV2.ts(1250,9): error TS1005: ';' expected.
lib/visualLab/data/poiExtraBoliviaCitiesV2.ts(1251,9): error TS1005: ';' expected.
lib/visualLab/data/poiExtraBoliviaCitiesV2.ts(1252,9): error TS1005: ';' expected.
lib/visualLab/data/poiExtraBoliviaCitiesV2.ts(1253,6): error TS1128: Declaration or statement expected.
lib/visualLab/data/poiExtraBoliviaCitiesV2.ts(1256,9): error TS1005: ';' expected.
lib/visualLab/data/poiExtraBoliviaCitiesV2.ts(1257,9): error TS1005: ';' expected.
lib/visualLab/data/poiExtraBoliviaCitiesV2.ts(1258,9): error TS1005: ';' expected.
lib/visualLab/data/poiExtraBoliviaCitiesV2.ts(1259,6): error TS1128: Declaration or statement expected.
lib/visualLab/data/poiExtraBoliviaCitiesV2.ts(1267,9): error TS1005: ';' expected.
lib/visualLab/data/poiExtraBoliviaCitiesV2.ts(1268,9): error TS1005: ';' expected.
lib/visualLab/data/poiExtraBoliviaCitiesV2.ts(1269,9): error TS1005: ';' expected.
lib/visualLab/data/poiExtraBoliviaCitiesV2.ts(1271,4): error TS1128: Declaration or statement expected.
lib/visualLab/data/poiExtraBoliviaCitiesV2.ts(1274,9): error TS1005: ';' expected.
lib/visualLab/data/poiExtraBoliviaCitiesV2.ts(1275,11): error TS1005: ';' expected.
lib/visualLab/data/poiExtraBoliviaCitiesV2.ts(1276,11): error TS1005: ';' expected.
lib/visualLab/data/poiExtraBoliviaCitiesV2.ts(1277,9): error TS1005: ';' expected.
lib/visualLab/data/poiExtraBoliviaCitiesV2.ts(1277,29): error TS1005: ';' expected.
lib/visualLab/data/poiExtraBoliviaCitiesV2.ts(1277,43): error TS1005: ';' expected.
lib/visualLab/data/poiExtraBoliviaCitiesV2.ts(1277,57): error TS1005: ';' expected.
lib/visualLab/data/poiExtraBoliviaCitiesV2.ts(1277,69): error TS1128: Declaration or statement expected.
lib/visualLab/data/poiExtraBoliviaCitiesV2.ts(1280,9): error TS1005: ';' expected.
lib/visualLab/data/poiExtraBoliviaCitiesV2.ts(1281,9): error TS1005: ';' expected.
lib/visualLab/data/poiExtraBoliviaCitiesV2.ts(1282,9): error TS1005: ';' expected.
lib/visualLab/data/poiExtraBoliviaCitiesV2.ts(1283,6): error TS1128: Declaration or statement expected.
lib/visualLab/data/poiExtraBoliviaCitiesV2.ts(1286,9): error TS1005: ';' expected.
lib/visualLab/data/poiExtraBoliviaCitiesV2.ts(1287,9): error TS1005: ';' expected.
lib/visualLab/data/poiExtraBoliviaCitiesV2.ts(1288,9): error TS1005: ';' expected.
lib/visualLab/data/poiExtraBoliviaCitiesV2.ts(1289,6): error TS1128: Declaration or statement expected.
lib/visualLab/data/poiExtraBoliviaCitiesV2.ts(1292,9): error TS1005: ';' expected.
lib/visualLab/data/poiExtraBoliviaCitiesV2.ts(1293,9): error TS1005: ';' expected.
lib/visualLab/data/poiExtraBoliviaCitiesV2.ts(1294,9): error TS1005: ';' expected.
lib/visualLab/data/poiExtraBoliviaCitiesV2.ts(1295,6): error TS1128: Declaration or statement expected.
lib/visualLab/data/poiExtraBoliviaCitiesV2.ts(1303,9): error TS1005: ';' expected.
lib/visualLab/data/poiExtraBoliviaCitiesV2.ts(1304,9): error TS1005: ';' expected.
lib/visualLab/data/poiExtraBoliviaCitiesV2.ts(1305,9): error TS1005: ';' expected.
lib/visualLab/data/poiExtraBoliviaCitiesV2.ts(1307,4): error TS1128: Declaration or statement expected.
lib/visualLab/data/poiExtraBoliviaCitiesV2.ts(1310,9): error TS1005: ';' expected.
lib/visualLab/data/poiExtraBoliviaCitiesV2.ts(1311,11): error TS1005: ';' expected.
lib/visualLab/data/poiExtraBoliviaCitiesV2.ts(1312,11): error TS1005: ';' expected.
lib/visualLab/data/poiExtraBoliviaCitiesV2.ts(1313,9): error TS1005: ';' expected.
lib/visualLab/data/poiExtraBoliviaCitiesV2.ts(1313,44): error TS1005: ';' expected.
lib/visualLab/data/poiExtraBoliviaCitiesV2.ts(1313,73): error TS1005: ';' expected.
lib/visualLab/data/poiExtraBoliviaCitiesV2.ts(1313,102): error TS1005: ';' expected.
lib/visualLab/data/poiExtraBoliviaCitiesV2.ts(1313,129): error TS1128: Declaration or statement expected.
lib/visualLab/data/poiExtraBoliviaCitiesV2.ts(1316,9): error TS1005: ';' expected.
lib/visualLab/data/poiExtraBoliviaCitiesV2.ts(1317,9): error TS1005: ';' expected.
lib/visualLab/data/poiExtraBoliviaCitiesV2.ts(1318,9): error TS1005: ';' expected.
lib/visualLab/data/poiExtraBoliviaCitiesV2.ts(1319,6): error TS1128: Declaration or statement expected.
lib/visualLab/data/poiExtraBoliviaCitiesV2.ts(1322,9): error TS1005: ';' expected.
lib/visualLab/data/poiExtraBoliviaCitiesV2.ts(1323,9): error TS1005: ';' expected.
lib/visualLab/data/poiExtraBoliviaCitiesV2.ts(1324,9): error TS1005: ';' expected.
lib/visualLab/data/poiExtraBoliviaCitiesV2.ts(1325,6): error TS1128: Declaration or statement expected.
lib/visualLab/data/poiExtraBoliviaCitiesV2.ts(1328,9): error TS1005: ';' expected.
lib/visualLab/data/poiExtraBoliviaCitiesV2.ts(1329,9): error TS1005: ';' expected.
lib/visualLab/data/poiExtraBoliviaCitiesV2.ts(1330,9): error TS1005: ';' expected.
lib/visualLab/data/poiExtraBoliviaCitiesV2.ts(1331,6): error TS1128: Declaration or statement expected.
lib/visualLab/data/poiExtraBoliviaCitiesV2.ts(1339,9): error TS1005: ';' expected.
lib/visualLab/data/poiExtraBoliviaCitiesV2.ts(1340,9): error TS1005: ';' expected.
lib/visualLab/data/poiExtraBoliviaCitiesV2.ts(1341,9): error TS1005: ';' expected.
lib/visualLab/data/poiExtraBoliviaCitiesV2.ts(1343,4): error TS1128: Declaration or statement expected.
lib/visualLab/data/poiExtraBoliviaCitiesV2.ts(1346,9): error TS1005: ';' expected.
lib/visualLab/data/poiExtraBoliviaCitiesV2.ts(1347,11): error TS1005: ';' expected.
lib/visualLab/data/poiExtraBoliviaCitiesV2.ts(1348,11): error TS1005: ';' expected.
lib/visualLab/data/poiExtraBoliviaCitiesV2.ts(1349,9): error TS1005: ';' expected.
lib/visualLab/data/poiExtraBoliviaCitiesV2.ts(1349,32): error TS1005: ';' expected.
lib/visualLab/data/poiExtraBoliviaCitiesV2.ts(1349,49): error TS1005: ';' expected.
lib/visualLab/data/poiExtraBoliviaCitiesV2.ts(1349,66): error TS1005: ';' expected.
lib/visualLab/data/poiExtraBoliviaCitiesV2.ts(1349,81): error TS1128: Declaration or statement expected.
lib/visualLab/data/poiExtraBoliviaCitiesV2.ts(1352,9): error TS1005: ';' expected.
lib/visualLab/data/poiExtraBoliviaCitiesV2.ts(1353,9): error TS1005: ';' expected.
lib/visualLab/data/poiExtraBoliviaCitiesV2.ts(1354,9): error TS1005: ';' expected.
lib/visualLab/data/poiExtraBoliviaCitiesV2.ts(1355,6): error TS1128: Declaration or statement expected.
lib/visualLab/data/poiExtraBoliviaCitiesV2.ts(1358,9): error TS1005: ';' expected.
lib/visualLab/data/poiExtraBoliviaCitiesV2.ts(1359,9): error TS1005: ';' expected.
lib/visualLab/data/poiExtraBoliviaCitiesV2.ts(1360,9): error TS1005: ';' expected.
lib/visualLab/data/poiExtraBoliviaCitiesV2.ts(1361,6): error TS1128: Declaration or statement expected.
lib/visualLab/data/poiExtraBoliviaCitiesV2.ts(1364,9): error TS1005: ';' expected.
lib/visualLab/data/poiExtraBoliviaCitiesV2.ts(1365,9): error TS1005: ';' expected.
lib/visualLab/data/poiExtraBoliviaCitiesV2.ts(1366,9): error TS1005: ';' expected.
lib/visualLab/data/poiExtraBoliviaCitiesV2.ts(1367,6): error TS1128: Declaration or statement expected.
lib/visualLab/data/poiExtraBoliviaCitiesV2.ts(1375,9): error TS1005: ';' expected.
lib/visualLab/data/poiExtraBoliviaCitiesV2.ts(1376,9): error TS1005: ';' expected.
lib/visualLab/data/poiExtraBoliviaCitiesV2.ts(1377,9): error TS1005: ';' expected.
lib/visualLab/data/poiExtraBoliviaCitiesV2.ts(1379,4): error TS1128: Declaration or statement expected.
lib/visualLab/data/poiExtraBoliviaCitiesV2.ts(1382,9): error TS1005: ';' expected.
lib/visualLab/data/poiExtraBoliviaCitiesV2.ts(1383,11): error TS1005: ';' expected.
lib/visualLab/data/poiExtraBoliviaCitiesV2.ts(1384,11): error TS1005: ';' expected.
lib/visualLab/data/poiExtraBoliviaCitiesV2.ts(1385,9): error TS1005: ';' expected.
lib/visualLab/data/poiExtraBoliviaCitiesV2.ts(1385,30): error TS1005: ';' expected.
lib/visualLab/data/poiExtraBoliviaCitiesV2.ts(1385,45): error TS1005: ';' expected.
lib/visualLab/data/poiExtraBoliviaCitiesV2.ts(1385,60): error TS1005: ';' expected.
lib/visualLab/data/poiExtraBoliviaCitiesV2.ts(1385,73): error TS1128: Declaration or statement expected.
lib/visualLab/data/poiExtraBoliviaCitiesV2.ts(1388,9): error TS1005: ';' expected.
lib/visualLab/data/poiExtraBoliviaCitiesV2.ts(1389,9): error TS1005: ';' expected.
lib/visualLab/data/poiExtraBoliviaCitiesV2.ts(1390,9): error TS1005: ';' expected.
lib/visualLab/data/poiExtraBoliviaCitiesV2.ts(1391,6): error TS1128: Declaration or statement expected.
lib/visualLab/data/poiExtraBoliviaCitiesV2.ts(1394,9): error TS1005: ';' expected.
lib/visualLab/data/poiExtraBoliviaCitiesV2.ts(1395,9): error TS1005: ';' expected.
lib/visualLab/data/poiExtraBoliviaCitiesV2.ts(1396,9): error TS1005: ';' expected.
lib/visualLab/data/poiExtraBoliviaCitiesV2.ts(1397,6): error TS1128: Declaration or statement expected.
lib/visualLab/data/poiExtraBoliviaCitiesV2.ts(1400,9): error TS1005: ';' expected.
lib/visualLab/data/poiExtraBoliviaCitiesV2.ts(1401,9): error TS1005: ';' expected.
lib/visualLab/data/poiExtraBoliviaCitiesV2.ts(1402,9): error TS1005: ';' expected.
lib/visualLab/data/poiExtraBoliviaCitiesV2.ts(1403,6): error TS1128: Declaration or statement expected.
lib/visualLab/data/poiExtraBoliviaCitiesV2.ts(1411,9): error TS1005: ';' expected.
lib/visualLab/data/poiExtraBoliviaCitiesV2.ts(1412,9): error TS1005: ';' expected.
lib/visualLab/data/poiExtraBoliviaCitiesV2.ts(1413,9): error TS1005: ';' expected.
lib/visualLab/data/poiExtraBoliviaCitiesV2.ts(1415,4): error TS1128: Declaration or statement expected.
lib/visualLab/data/poiExtraBoliviaCitiesV2.ts(1418,9): error TS1005: ';' expected.
lib/visualLab/data/poiExtraBoliviaCitiesV2.ts(1419,11): error TS1005: ';' expected.
lib/visualLab/data/poiExtraBoliviaCitiesV2.ts(1420,11): error TS1005: ';' expected.
lib/visualLab/data/poiExtraBoliviaCitiesV2.ts(1421,9): error TS1005: ';' expected.
lib/visualLab/data/poiExtraBoliviaCitiesV2.ts(1421,28): error TS1005: ';' expected.
lib/visualLab/data/poiExtraBoliviaCitiesV2.ts(1421,41): error TS1005: ';' expected.
lib/visualLab/data/poiExtraBoliviaCitiesV2.ts(1421,54): error TS1005: ';' expected.
lib/visualLab/data/poiExtraBoliviaCitiesV2.ts(1421,65): error TS1128: Declaration or statement expected.
lib/visualLab/data/poiExtraBoliviaCitiesV2.ts(1424,9): error TS1005: ';' expected.
lib/visualLab/data/poiExtraBoliviaCitiesV2.ts(1425,9): error TS1005: ';' expected.
lib/visualLab/data/poiExtraBoliviaCitiesV2.ts(1426,9): error TS1005: ';' expected.
lib/visualLab/data/poiExtraBoliviaCitiesV2.ts(1427,6): error TS1128: Declaration or statement expected.
lib/visualLab/data/poiExtraBoliviaCitiesV2.ts(1430,9): error TS1005: ';' expected.
lib/visualLab/data/poiExtraBoliviaCitiesV2.ts(1431,9): error TS1005: ';' expected.
lib/visualLab/data/poiExtraBoliviaCitiesV2.ts(1432,9): error TS1005: ';' expected.
lib/visualLab/data/poiExtraBoliviaCitiesV2.ts(1433,6): error TS1128: Declaration or statement expected.
lib/visualLab/data/poiExtraBoliviaCitiesV2.ts(1436,9): error TS1005: ';' expected.
lib/visualLab/data/poiExtraBoliviaCitiesV2.ts(1437,9): error TS1005: ';' expected.
lib/visualLab/data/poiExtraBoliviaCitiesV2.ts(1438,9): error TS1005: ';' expected.
lib/visualLab/data/poiExtraBoliviaCitiesV2.ts(1439,6): error TS1128: Declaration or statement expected.
lib/visualLab/data/poiExtraBoliviaCitiesV2.ts(1447,9): error TS1005: ';' expected.
lib/visualLab/data/poiExtraBoliviaCitiesV2.ts(1448,9): error TS1005: ';' expected.
lib/visualLab/data/poiExtraBoliviaCitiesV2.ts(1449,9): error TS1005: ';' expected.
lib/visualLab/data/poiExtraBoliviaCitiesV2.ts(1451,4): error TS1128: Declaration or statement expected.
lib/visualLab/data/poiExtraBoliviaCitiesV2.ts(1454,9): error TS1005: ';' expected.
lib/visualLab/data/poiExtraBoliviaCitiesV2.ts(1455,11): error TS1005: ';' expected.
lib/visualLab/data/poiExtraBoliviaCitiesV2.ts(1456,11): error TS1005: ';' expected.
lib/visualLab/data/poiExtraBoliviaCitiesV2.ts(1457,9): error TS1005: ';' expected.
lib/visualLab/data/poiExtraBoliviaCitiesV2.ts(1457,32): error TS1005: ';' expected.
lib/visualLab/data/poiExtraBoliviaCitiesV2.ts(1457,49): error TS1005: ';' expected.
lib/visualLab/data/poiExtraBoliviaCitiesV2.ts(1457,66): error TS1005: ';' expected.
lib/visualLab/data/poiExtraBoliviaCitiesV2.ts(1457,81): error TS1128: Declaration or statement expected.
lib/visualLab/data/poiExtraBoliviaCitiesV2.ts(1460,9): error TS1005: ';' expected.
lib/visualLab/data/poiExtraBoliviaCitiesV2.ts(1461,9): error TS1005: ';' expected.
lib/visualLab/data/poiExtraBoliviaCitiesV2.ts(1462,9): error TS1005: ';' expected.
lib/visualLab/data/poiExtraBoliviaCitiesV2.ts(1463,6): error TS1128: Declaration or statement expected.
lib/visualLab/data/poiExtraBoliviaCitiesV2.ts(1466,9): error TS1005: ';' expected.
lib/visualLab/data/poiExtraBoliviaCitiesV2.ts(1467,9): error TS1005: ';' expected.
lib/visualLab/data/poiExtraBoliviaCitiesV2.ts(1468,9): error TS1005: ';' expected.
lib/visualLab/data/poiExtraBoliviaCitiesV2.ts(1469,6): error TS1128: Declaration or statement expected.
lib/visualLab/data/poiExtraBoliviaCitiesV2.ts(1472,9): error TS1005: ';' expected.
lib/visualLab/data/poiExtraBoliviaCitiesV2.ts(1473,9): error TS1005: ';' expected.
lib/visualLab/data/poiExtraBoliviaCitiesV2.ts(1474,9): error TS1005: ';' expected.
lib/visualLab/data/poiExtraBoliviaCitiesV2.ts(1475,6): error TS1128: Declaration or statement expected.
lib/visualLab/data/poiExtraBoliviaCitiesV2.ts(1483,9): error TS1005: ';' expected.
lib/visualLab/data/poiExtraBoliviaCitiesV2.ts(1484,9): error TS1005: ';' expected.
lib/visualLab/data/poiExtraBoliviaCitiesV2.ts(1485,9): error TS1005: ';' expected.
lib/visualLab/data/poiExtraBoliviaCitiesV2.ts(1487,4): error TS1128: Declaration or statement expected.
lib/visualLab/data/poiExtraBoliviaCitiesV2.ts(1490,9): error TS1005: ';' expected.
lib/visualLab/data/poiExtraBoliviaCitiesV2.ts(1491,11): error TS1005: ';' expected.
lib/visualLab/data/poiExtraBoliviaCitiesV2.ts(1492,11): error TS1005: ';' expected.
lib/visualLab/data/poiExtraBoliviaCitiesV2.ts(1493,9): error TS1005: ';' expected.
lib/visualLab/data/poiExtraBoliviaCitiesV2.ts(1493,31): error TS1005: ';' expected.
lib/visualLab/data/poiExtraBoliviaCitiesV2.ts(1493,47): error TS1005: ';' expected.
lib/visualLab/data/poiExtraBoliviaCitiesV2.ts(1493,63): error TS1005: ';' expected.
lib/visualLab/data/poiExtraBoliviaCitiesV2.ts(1493,77): error TS1128: Declaration or statement expected.
lib/visualLab/data/poiExtraBoliviaCitiesV2.ts(1496,9): error TS1005: ';' expected.
lib/visualLab/data/poiExtraBoliviaCitiesV2.ts(1497,9): error TS1005: ';' expected.
lib/visualLab/data/poiExtraBoliviaCitiesV2.ts(1498,9): error TS1005: ';' expected.
lib/visualLab/data/poiExtraBoliviaCitiesV2.ts(1499,6): error TS1128: Declaration or statement expected.
lib/visualLab/data/poiExtraBoliviaCitiesV2.ts(1502,9): error TS1005: ';' expected.
lib/visualLab/data/poiExtraBoliviaCitiesV2.ts(1503,9): error TS1005: ';' expected.
lib/visualLab/data/poiExtraBoliviaCitiesV2.ts(1504,9): error TS1005: ';' expected.
lib/visualLab/data/poiExtraBoliviaCitiesV2.ts(1505,6): error TS1128: Declaration or statement expected.
lib/visualLab/data/poiExtraBoliviaCitiesV2.ts(1508,9): error TS1005: ';' expected.
lib/visualLab/data/poiExtraBoliviaCitiesV2.ts(1509,9): error TS1005: ';' expected.
lib/visualLab/data/poiExtraBoliviaCitiesV2.ts(1510,9): error TS1005: ';' expected.
lib/visualLab/data/poiExtraBoliviaCitiesV2.ts(1511,6): error TS1128: Declaration or statement expected.
lib/visualLab/data/poiExtraBoliviaCitiesV2.ts(1519,9): error TS1005: ';' expected.
lib/visualLab/data/poiExtraBoliviaCitiesV2.ts(1520,9): error TS1005: ';' expected.
lib/visualLab/data/poiExtraBoliviaCitiesV2.ts(1521,9): error TS1005: ';' expected.
lib/visualLab/data/poiExtraBoliviaCitiesV2.ts(1523,4): error TS1128: Declaration or statement expected.
lib/visualLab/data/poiExtraBoliviaCitiesV2.ts(1526,9): error TS1005: ';' expected.
lib/visualLab/data/poiExtraBoliviaCitiesV2.ts(1527,11): error TS1005: ';' expected.
lib/visualLab/data/poiExtraBoliviaCitiesV2.ts(1528,11): error TS1005: ';' expected.
lib/visualLab/data/poiExtraBoliviaCitiesV2.ts(1529,9): error TS1005: ';' expected.
lib/visualLab/data/poiExtraBoliviaCitiesV2.ts(1529,36): error TS1005: ';' expected.
lib/visualLab/data/poiExtraBoliviaCitiesV2.ts(1529,57): error TS1005: ';' expected.
lib/visualLab/data/poiExtraBoliviaCitiesV2.ts(1529,78): error TS1005: ';' expected.
lib/visualLab/data/poiExtraBoliviaCitiesV2.ts(1529,97): error TS1128: Declaration or statement expected.
lib/visualLab/data/poiExtraBoliviaCitiesV2.ts(1532,9): error TS1005: ';' expected.
lib/visualLab/data/poiExtraBoliviaCitiesV2.ts(1533,9): error TS1005: ';' expected.
lib/visualLab/data/poiExtraBoliviaCitiesV2.ts(1534,9): error TS1005: ';' expected.
lib/visualLab/data/poiExtraBoliviaCitiesV2.ts(1535,6): error TS1128: Declaration or statement expected.
lib/visualLab/data/poiExtraBoliviaCitiesV2.ts(1538,9): error TS1005: ';' expected.
lib/visualLab/data/poiExtraBoliviaCitiesV2.ts(1539,9): error TS1005: ';' expected.
lib/visualLab/data/poiExtraBoliviaCitiesV2.ts(1540,9): error TS1005: ';' expected.
lib/visualLab/data/poiExtraBoliviaCitiesV2.ts(1541,6): error TS1128: Declaration or statement expected.
lib/visualLab/data/poiExtraBoliviaCitiesV2.ts(1544,9): error TS1005: ';' expected.
lib/visualLab/data/poiExtraBoliviaCitiesV2.ts(1545,9): error TS1005: ';' expected.
lib/visualLab/data/poiExtraBoliviaCitiesV2.ts(1546,9): error TS1005: ';' expected.
lib/visualLab/data/poiExtraBoliviaCitiesV2.ts(1547,6): error TS1128: Declaration or statement expected.
lib/visualLab/data/poiExtraBoliviaCitiesV2.ts(1555,9): error TS1005: ';' expected.
lib/visualLab/data/poiExtraBoliviaCitiesV2.ts(1556,9): error TS1005: ';' expected.
lib/visualLab/data/poiExtraBoliviaCitiesV2.ts(1557,9): error TS1005: ';' expected.
lib/visualLab/data/poiExtraBoliviaCitiesV2.ts(1559,4): error TS1128: Declaration or statement expected.
lib/visualLab/data/poiExtraBoliviaCitiesV2.ts(1562,9): error TS1005: ';' expected.
lib/visualLab/data/poiExtraBoliviaCitiesV2.ts(1563,11): error TS1005: ';' expected.
lib/visualLab/data/poiExtraBoliviaCitiesV2.ts(1564,11): error TS1005: ';' expected.
lib/visualLab/data/poiExtraBoliviaCitiesV2.ts(1565,9): error TS1005: ';' expected.
lib/visualLab/data/poiExtraBoliviaCitiesV2.ts(1565,34): error TS1005: ';' expected.
lib/visualLab/data/poiExtraBoliviaCitiesV2.ts(1565,53): error TS1005: ';' expected.
lib/visualLab/data/poiExtraBoliviaCitiesV2.ts(1565,72): error TS1005: ';' expected.
lib/visualLab/data/poiExtraBoliviaCitiesV2.ts(1565,89): error TS1128: Declaration or statement expected.
lib/visualLab/data/poiExtraBoliviaCitiesV2.ts(1568,9): error TS1005: ';' expected.
lib/visualLab/data/poiExtraBoliviaCitiesV2.ts(1569,9): error TS1005: ';' expected.
lib/visualLab/data/poiExtraBoliviaCitiesV2.ts(1570,9): error TS1005: ';' expected.
lib/visualLab/data/poiExtraBoliviaCitiesV2.ts(1571,6): error TS1128: Declaration or statement expected.
lib/visualLab/data/poiExtraBoliviaCitiesV2.ts(1574,9): error TS1005: ';' expected.
lib/visualLab/data/poiExtraBoliviaCitiesV2.ts(1575,9): error TS1005: ';' expected.
lib/visualLab/data/poiExtraBoliviaCitiesV2.ts(1576,9): error TS1005: ';' expected.
lib/visualLab/data/poiExtraBoliviaCitiesV2.ts(1577,6): error TS1128: Declaration or statement expected.
lib/visualLab/data/poiExtraBoliviaCitiesV2.ts(1580,9): error TS1005: ';' expected.
lib/visualLab/data/poiExtraBoliviaCitiesV2.ts(1581,9): error TS1005: ';' expected.
lib/visualLab/data/poiExtraBoliviaCitiesV2.ts(1582,9): error TS1005: ';' expected.
lib/visualLab/data/poiExtraBoliviaCitiesV2.ts(1583,6): error TS1128: Declaration or statement expected.
lib/visualLab/data/poiExtraBoliviaCitiesV2.ts(1591,9): error TS1005: ';' expected.
lib/visualLab/data/poiExtraBoliviaCitiesV2.ts(1592,9): error TS1005: ';' expected.
lib/visualLab/data/poiExtraBoliviaCitiesV2.ts(1593,9): error TS1005: ';' expected.
lib/visualLab/data/poiExtraBoliviaCitiesV2.ts(1595,4): error TS1128: Declaration or statement expected.
lib/visualLab/data/poiExtraBoliviaCitiesV2.ts(1598,9): error TS1005: ';' expected.
lib/visualLab/data/poiExtraBoliviaCitiesV2.ts(1599,11): error TS1005: ';' expected.
lib/visualLab/data/poiExtraBoliviaCitiesV2.ts(1600,11): error TS1005: ';' expected.
lib/visualLab/data/poiExtraBoliviaCitiesV2.ts(1601,9): error TS1005: ';' expected.
lib/visualLab/data/poiExtraBoliviaCitiesV2.ts(1601,31): error TS1005: ';' expected.
lib/visualLab/data/poiExtraBoliviaCitiesV2.ts(1601,47): error TS1005: ';' expected.
lib/visualLab/data/poiExtraBoliviaCitiesV2.ts(1601,63): error TS1005: ';' expected.
lib/visualLab/data/poiExtraBoliviaCitiesV2.ts(1601,77): error TS1128: Declaration or statement expected.
lib/visualLab/data/poiExtraBoliviaCitiesV2.ts(1604,9): error TS1005: ';' expected.
lib/visualLab/data/poiExtraBoliviaCitiesV2.ts(1605,9): error TS1005: ';' expected.
lib/visualLab/data/poiExtraBoliviaCitiesV2.ts(1606,9): error TS1005: ';' expected.
lib/visualLab/data/poiExtraBoliviaCitiesV2.ts(1607,6): error TS1128: Declaration or statement expected.
lib/visualLab/data/poiExtraBoliviaCitiesV2.ts(1610,9): error TS1005: ';' expected.
lib/visualLab/data/poiExtraBoliviaCitiesV2.ts(1611,9): error TS1005: ';' expected.
lib/visualLab/data/poiExtraBoliviaCitiesV2.ts(1612,9): error TS1005: ';' expected.
lib/visualLab/data/poiExtraBoliviaCitiesV2.ts(1613,6): error TS1128: Declaration or statement expected.
lib/visualLab/data/poiExtraBoliviaCitiesV2.ts(1616,9): error TS1005: ';' expected.
lib/visualLab/data/poiExtraBoliviaCitiesV2.ts(1617,9): error TS1005: ';' expected.
lib/visualLab/data/poiExtraBoliviaCitiesV2.ts(1618,9): error TS1005: ';' expected.
lib/visualLab/data/poiExtraBoliviaCitiesV2.ts(1619,6): error TS1128: Declaration or statement expected.
lib/visualLab/data/poiExtraBoliviaCitiesV2.ts(1627,9): error TS1005: ';' expected.
lib/visualLab/data/poiExtraBoliviaCitiesV2.ts(1628,9): error TS1005: ';' expected.
lib/visualLab/data/poiExtraBoliviaCitiesV2.ts(1629,9): error TS1005: ';' expected.
lib/visualLab/data/poiExtraBoliviaCitiesV2.ts(1631,4): error TS1128: Declaration or statement expected.
lib/visualLab/data/poiExtraBoliviaCitiesV2.ts(1634,9): error TS1005: ';' expected.
lib/visualLab/data/poiExtraBoliviaCitiesV2.ts(1635,11): error TS1005: ';' expected.
lib/visualLab/data/poiExtraBoliviaCitiesV2.ts(1636,11): error TS1005: ';' expected.
lib/visualLab/data/poiExtraBoliviaCitiesV2.ts(1637,9): error TS1005: ';' expected.
lib/visualLab/data/poiExtraBoliviaCitiesV2.ts(1637,35): error TS1005: ';' expected.
lib/visualLab/data/poiExtraBoliviaCitiesV2.ts(1637,55): error TS1005: ';' expected.
lib/visualLab/data/poiExtraBoliviaCitiesV2.ts(1637,75): error TS1005: ';' expected.
lib/visualLab/data/poiExtraBoliviaCitiesV2.ts(1637,93): error TS1128: Declaration or statement expected.
lib/visualLab/data/poiExtraBoliviaCitiesV2.ts(1640,9): error TS1005: ';' expected.
lib/visualLab/data/poiExtraBoliviaCitiesV2.ts(1641,9): error TS1005: ';' expected.
lib/visualLab/data/poiExtraBoliviaCitiesV2.ts(1642,9): error TS1005: ';' expected.
lib/visualLab/data/poiExtraBoliviaCitiesV2.ts(1643,6): error TS1128: Declaration or statement expected.
lib/visualLab/data/poiExtraBoliviaCitiesV2.ts(1646,9): error TS1005: ';' expected.
lib/visualLab/data/poiExtraBoliviaCitiesV2.ts(1647,9): error TS1005: ';' expected.
lib/visualLab/data/poiExtraBoliviaCitiesV2.ts(1648,9): error TS1005: ';' expected.
lib/visualLab/data/poiExtraBoliviaCitiesV2.ts(1649,6): error TS1128: Declaration or statement expected.
lib/visualLab/data/poiExtraBoliviaCitiesV2.ts(1652,9): error TS1005: ';' expected.
lib/visualLab/data/poiExtraBoliviaCitiesV2.ts(1653,9): error TS1005: ';' expected.
lib/visualLab/data/poiExtraBoliviaCitiesV2.ts(1654,9): error TS1005: ';' expected.
lib/visualLab/data/poiExtraBoliviaCitiesV2.ts(1655,6): error TS1128: Declaration or statement expected.
lib/visualLab/data/poiExtraBoliviaCitiesV2.ts(1663,9): error TS1005: ';' expected.
lib/visualLab/data/poiExtraBoliviaCitiesV2.ts(1664,9): error TS1005: ';' expected.
lib/visualLab/data/poiExtraBoliviaCitiesV2.ts(1665,9): error TS1005: ';' expected.
lib/visualLab/data/poiExtraBoliviaCitiesV2.ts(1667,4): error TS1128: Declaration or statement expected.
lib/visualLab/data/poiExtraBoliviaCitiesV2.ts(1670,9): error TS1005: ';' expected.
lib/visualLab/data/poiExtraBoliviaCitiesV2.ts(1671,11): error TS1005: ';' expected.
lib/visualLab/data/poiExtraBoliviaCitiesV2.ts(1672,11): error TS1005: ';' expected.
lib/visualLab/data/poiExtraBoliviaCitiesV2.ts(1673,9): error TS1005: ';' expected.
lib/visualLab/data/poiExtraBoliviaCitiesV2.ts(1673,33): error TS1005: ';' expected.
lib/visualLab/data/poiExtraBoliviaCitiesV2.ts(1673,51): error TS1005: ';' expected.
lib/visualLab/data/poiExtraBoliviaCitiesV2.ts(1673,69): error TS1005: ';' expected.
lib/visualLab/data/poiExtraBoliviaCitiesV2.ts(1673,85): error TS1128: Declaration or statement expected.
lib/visualLab/data/poiExtraBoliviaCitiesV2.ts(1676,9): error TS1005: ';' expected.
lib/visualLab/data/poiExtraBoliviaCitiesV2.ts(1677,9): error TS1005: ';' expected.
lib/visualLab/data/poiExtraBoliviaCitiesV2.ts(1678,9): error TS1005: ';' expected.
lib/visualLab/data/poiExtraBoliviaCitiesV2.ts(1679,6): error TS1128: Declaration or statement expected.
lib/visualLab/data/poiExtraBoliviaCitiesV2.ts(1682,9): error TS1005: ';' expected.
lib/visualLab/data/poiExtraBoliviaCitiesV2.ts(1683,9): error TS1005: ';' expected.
lib/visualLab/data/poiExtraBoliviaCitiesV2.ts(1684,9): error TS1005: ';' expected.
lib/visualLab/data/poiExtraBoliviaCitiesV2.ts(1685,6): error TS1128: Declaration or statement expected.
lib/visualLab/data/poiExtraBoliviaCitiesV2.ts(1688,9): error TS1005: ';' expected.
lib/visualLab/data/poiExtraBoliviaCitiesV2.ts(1689,9): error TS1005: ';' expected.
lib/visualLab/data/poiExtraBoliviaCitiesV2.ts(1690,9): error TS1005: ';' expected.
lib/visualLab/data/poiExtraBoliviaCitiesV2.ts(1691,6): error TS1128: Declaration or statement expected.
lib/visualLab/data/poiExtraBoliviaCitiesV2.ts(1699,9): error TS1005: ';' expected.
lib/visualLab/data/poiExtraBoliviaCitiesV2.ts(1700,9): error TS1005: ';' expected.
lib/visualLab/data/poiExtraBoliviaCitiesV2.ts(1701,9): error TS1005: ';' expected.
lib/visualLab/data/poiExtraBoliviaCitiesV2.ts(1703,4): error TS1128: Declaration or statement expected.
lib/visualLab/data/poiExtraBoliviaCitiesV2.ts(1706,9): error TS1005: ';' expected.
lib/visualLab/data/poiExtraBoliviaCitiesV2.ts(1707,11): error TS1005: ';' expected.
lib/visualLab/data/poiExtraBoliviaCitiesV2.ts(1708,11): error TS1005: ';' expected.
lib/visualLab/data/poiExtraBoliviaCitiesV2.ts(1709,9): error TS1005: ';' expected.
lib/visualLab/data/poiExtraBoliviaCitiesV2.ts(1709,43): error TS1005: ';' expected.
lib/visualLab/data/poiExtraBoliviaCitiesV2.ts(1709,71): error TS1005: ';' expected.
lib/visualLab/data/poiExtraBoliviaCitiesV2.ts(1709,99): error TS1005: ';' expected.
lib/visualLab/data/poiExtraBoliviaCitiesV2.ts(1709,125): error TS1128: Declaration or statement expected.
lib/visualLab/data/poiExtraBoliviaCitiesV2.ts(1712,9): error TS1005: ';' expected.
lib/visualLab/data/poiExtraBoliviaCitiesV2.ts(1713,9): error TS1005: ';' expected.
lib/visualLab/data/poiExtraBoliviaCitiesV2.ts(1714,9): error TS1005: ';' expected.
lib/visualLab/data/poiExtraBoliviaCitiesV2.ts(1715,6): error TS1128: Declaration or statement expected.
lib/visualLab/data/poiExtraBoliviaCitiesV2.ts(1718,9): error TS1005: ';' expected.
lib/visualLab/data/poiExtraBoliviaCitiesV2.ts(1719,9): error TS1005: ';' expected.
lib/visualLab/data/poiExtraBoliviaCitiesV2.ts(1720,9): error TS1005: ';' expected.
lib/visualLab/data/poiExtraBoliviaCitiesV2.ts(1721,6): error TS1128: Declaration or statement expected.
lib/visualLab/data/poiExtraBoliviaCitiesV2.ts(1724,9): error TS1005: ';' expected.
lib/visualLab/data/poiExtraBoliviaCitiesV2.ts(1725,9): error TS1005: ';' expected.
lib/visualLab/data/poiExtraBoliviaCitiesV2.ts(1726,9): error TS1005: ';' expected.
lib/visualLab/data/poiExtraBoliviaCitiesV2.ts(1727,6): error TS1128: Declaration or statement expected.
lib/visualLab/data/poiExtraBoliviaCitiesV2.ts(1735,9): error TS1005: ';' expected.
lib/visualLab/data/poiExtraBoliviaCitiesV2.ts(1736,9): error TS1005: ';' expected.
lib/visualLab/data/poiExtraBoliviaCitiesV2.ts(1737,9): error TS1005: ';' expected.
lib/visualLab/data/poiExtraBoliviaCitiesV2.ts(1739,4): error TS1128: Declaration or statement expected.
lib/visualLab/data/poiExtraBoliviaCitiesV2.ts(1742,9): error TS1005: ';' expected.
lib/visualLab/data/poiExtraBoliviaCitiesV2.ts(1743,11): error TS1005: ';' expected.
lib/visualLab/data/poiExtraBoliviaCitiesV2.ts(1744,11): error TS1005: ';' expected.
lib/visualLab/data/poiExtraBoliviaCitiesV2.ts(1745,9): error TS1005: ';' expected.
lib/visualLab/data/poiExtraBoliviaCitiesV2.ts(1745,44): error TS1005: ';' expected.
lib/visualLab/data/poiExtraBoliviaCitiesV2.ts(1745,73): error TS1005: ';' expected.
lib/visualLab/data/poiExtraBoliviaCitiesV2.ts(1745,102): error TS1005: ';' expected.
lib/visualLab/data/poiExtraBoliviaCitiesV2.ts(1745,129): error TS1128: Declaration or statement expected.
lib/visualLab/data/poiExtraBoliviaCitiesV2.ts(1748,9): error TS1005: ';' expected.
lib/visualLab/data/poiExtraBoliviaCitiesV2.ts(1749,9): error TS1005: ';' expected.
lib/visualLab/data/poiExtraBoliviaCitiesV2.ts(1750,9): error TS1005: ';' expected.
lib/visualLab/data/poiExtraBoliviaCitiesV2.ts(1751,6): error TS1128: Declaration or statement expected.
lib/visualLab/data/poiExtraBoliviaCitiesV2.ts(1754,9): error TS1005: ';' expected.
lib/visualLab/data/poiExtraBoliviaCitiesV2.ts(1755,9): error TS1005: ';' expected.
lib/visualLab/data/poiExtraBoliviaCitiesV2.ts(1756,9): error TS1005: ';' expected.
lib/visualLab/data/poiExtraBoliviaCitiesV2.ts(1757,6): error TS1128: Declaration or statement expected.
lib/visualLab/data/poiExtraBoliviaCitiesV2.ts(1760,9): error TS1005: ';' expected.
lib/visualLab/data/poiExtraBoliviaCitiesV2.ts(1761,9): error TS1005: ';' expected.
lib/visualLab/data/poiExtraBoliviaCitiesV2.ts(1762,9): error TS1005: ';' expected.
lib/visualLab/data/poiExtraBoliviaCitiesV2.ts(1763,6): error TS1128: Declaration or statement expected.
lib/visualLab/data/poiExtraBoliviaCitiesV2.ts(1771,9): error TS1005: ';' expected.
lib/visualLab/data/poiExtraBoliviaCitiesV2.ts(1772,9): error TS1005: ';' expected.
lib/visualLab/data/poiExtraBoliviaCitiesV2.ts(1773,9): error TS1005: ';' expected.
lib/visualLab/data/poiExtraBoliviaCitiesV2.ts(1775,4): error TS1128: Declaration or statement expected.
lib/visualLab/data/poiExtraBoliviaCitiesV2.ts(1778,9): error TS1005: ';' expected.
lib/visualLab/data/poiExtraBoliviaCitiesV2.ts(1779,11): error TS1005: ';' expected.
lib/visualLab/data/poiExtraBoliviaCitiesV2.ts(1780,11): error TS1005: ';' expected.
lib/visualLab/data/poiExtraBoliviaCitiesV2.ts(1781,9): error TS1005: ';' expected.
lib/visualLab/data/poiExtraBoliviaCitiesV2.ts(1781,32): error TS1005: ';' expected.
lib/visualLab/data/poiExtraBoliviaCitiesV2.ts(1781,49): error TS1005: ';' expected.
lib/visualLab/data/poiExtraBoliviaCitiesV2.ts(1781,66): error TS1005: ';' expected.
lib/visualLab/data/poiExtraBoliviaCitiesV2.ts(1781,81): error TS1128: Declaration or statement expected.
lib/visualLab/data/poiExtraBoliviaCitiesV2.ts(1784,9): error TS1005: ';' expected.
lib/visualLab/data/poiExtraBoliviaCitiesV2.ts(1785,9): error TS1005: ';' expected.
lib/visualLab/data/poiExtraBoliviaCitiesV2.ts(1786,9): error TS1005: ';' expected.
lib/visualLab/data/poiExtraBoliviaCitiesV2.ts(1787,6): error TS1128: Declaration or statement expected.
lib/visualLab/data/poiExtraBoliviaCitiesV2.ts(1790,9): error TS1005: ';' expected.
lib/visualLab/data/poiExtraBoliviaCitiesV2.ts(1791,9): error TS1005: ';' expected.
lib/visualLab/data/poiExtraBoliviaCitiesV2.ts(1792,9): error TS1005: ';' expected.
lib/visualLab/data/poiExtraBoliviaCitiesV2.ts(1793,6): error TS1128: Declaration or statement expected.
lib/visualLab/data/poiExtraBoliviaCitiesV2.ts(1796,9): error TS1005: ';' expected.
lib/visualLab/data/poiExtraBoliviaCitiesV2.ts(1797,9): error TS1005: ';' expected.
lib/visualLab/data/poiExtraBoliviaCitiesV2.ts(1798,9): error TS1005: ';' expected.
lib/visualLab/data/poiExtraBoliviaCitiesV2.ts(1799,6): error TS1128: Declaration or statement expected.
lib/visualLab/data/poiExtraBoliviaCitiesV2.ts(1807,9): error TS1005: ';' expected.
lib/visualLab/data/poiExtraBoliviaCitiesV2.ts(1808,9): error TS1005: ';' expected.
lib/visualLab/data/poiExtraBoliviaCitiesV2.ts(1809,9): error TS1005: ';' expected.
lib/visualLab/data/poiExtraBoliviaCitiesV2.ts(1811,4): error TS1128: Declaration or statement expected.
lib/visualLab/data/poiExtraBoliviaCitiesV2.ts(1814,9): error TS1005: ';' expected.
lib/visualLab/data/poiExtraBoliviaCitiesV2.ts(1815,11): error TS1005: ';' expected.
lib/visualLab/data/poiExtraBoliviaCitiesV2.ts(1816,11): error TS1005: ';' expected.
lib/visualLab/data/poiExtraBoliviaCitiesV2.ts(1817,9): error TS1005: ';' expected.
lib/visualLab/data/poiExtraBoliviaCitiesV2.ts(1817,33): error TS1005: ';' expected.
lib/visualLab/data/poiExtraBoliviaCitiesV2.ts(1817,51): error TS1005: ';' expected.
lib/visualLab/data/poiExtraBoliviaCitiesV2.ts(1817,69): error TS1005: ';' expected.
lib/visualLab/data/poiExtraBoliviaCitiesV2.ts(1817,85): error TS1128: Declaration or statement expected.
lib/visualLab/data/poiExtraBoliviaCitiesV2.ts(1820,9): error TS1005: ';' expected.
lib/visualLab/data/poiExtraBoliviaCitiesV2.ts(1821,9): error TS1005: ';' expected.
lib/visualLab/data/poiExtraBoliviaCitiesV2.ts(1822,9): error TS1005: ';' expected.
lib/visualLab/data/poiExtraBoliviaCitiesV2.ts(1823,6): error TS1128: Declaration or statement expected.
lib/visualLab/data/poiExtraBoliviaCitiesV2.ts(1826,9): error TS1005: ';' expected.
lib/visualLab/data/poiExtraBoliviaCitiesV2.ts(1827,9): error TS1005: ';' expected.
lib/visualLab/data/poiExtraBoliviaCitiesV2.ts(1828,9): error TS1005: ';' expected.
lib/visualLab/data/poiExtraBoliviaCitiesV2.ts(1829,6): error TS1128: Declaration or statement expected.
lib/visualLab/data/poiExtraBoliviaCitiesV2.ts(1832,9): error TS1005: ';' expected.
lib/visualLab/data/poiExtraBoliviaCitiesV2.ts(1833,9): error TS1005: ';' expected.
lib/visualLab/data/poiExtraBoliviaCitiesV2.ts(1834,9): error TS1005: ';' expected.
lib/visualLab/data/poiExtraBoliviaCitiesV2.ts(1835,6): error TS1128: Declaration or statement expected.
lib/visualLab/data/poiExtraBoliviaCitiesV2.ts(1843,9): error TS1005: ';' expected.
lib/visualLab/data/poiExtraBoliviaCitiesV2.ts(1844,9): error TS1005: ';' expected.
lib/visualLab/data/poiExtraBoliviaCitiesV2.ts(1845,9): error TS1005: ';' expected.
lib/visualLab/data/poiExtraBoliviaCitiesV2.ts(1847,4): error TS1128: Declaration or statement expected.
lib/visualLab/data/poiExtraBoliviaCitiesV2.ts(1850,9): error TS1005: ';' expected.
lib/visualLab/data/poiExtraBoliviaCitiesV2.ts(1851,11): error TS1005: ';' expected.
lib/visualLab/data/poiExtraBoliviaCitiesV2.ts(1852,11): error TS1005: ';' expected.
lib/visualLab/data/poiExtraBoliviaCitiesV2.ts(1853,9): error TS1005: ';' expected.
lib/visualLab/data/poiExtraBoliviaCitiesV2.ts(1853,38): error TS1005: ';' expected.
lib/visualLab/data/poiExtraBoliviaCitiesV2.ts(1853,61): error TS1005: ';' expected.
lib/visualLab/data/poiExtraBoliviaCitiesV2.ts(1853,84): error TS1005: ';' expected.
lib/visualLab/data/poiExtraBoliviaCitiesV2.ts(1853,105): error TS1128: Declaration or statement expected.
lib/visualLab/data/poiExtraBoliviaCitiesV2.ts(1856,9): error TS1005: ';' expected.
lib/visualLab/data/poiExtraBoliviaCitiesV2.ts(1857,9): error TS1005: ';' expected.
lib/visualLab/data/poiExtraBoliviaCitiesV2.ts(1858,9): error TS1005: ';' expected.
lib/visualLab/data/poiExtraBoliviaCitiesV2.ts(1859,6): error TS1128: Declaration or statement expected.
lib/visualLab/data/poiExtraBoliviaCitiesV2.ts(1862,9): error TS1005: ';' expected.
lib/visualLab/data/poiExtraBoliviaCitiesV2.ts(1863,9): error TS1005: ';' expected.
lib/visualLab/data/poiExtraBoliviaCitiesV2.ts(1864,9): error TS1005: ';' expected.
lib/visualLab/data/poiExtraBoliviaCitiesV2.ts(1865,6): error TS1128: Declaration or statement expected.
lib/visualLab/data/poiExtraBoliviaCitiesV2.ts(1868,9): error TS1005: ';' expected.
lib/visualLab/data/poiExtraBoliviaCitiesV2.ts(1869,9): error TS1005: ';' expected.
lib/visualLab/data/poiExtraBoliviaCitiesV2.ts(1870,9): error TS1005: ';' expected.
lib/visualLab/data/poiExtraBoliviaCitiesV2.ts(1871,6): error TS1128: Declaration or statement expected.
lib/visualLab/data/poiExtraBoliviaCitiesV2.ts(1879,9): error TS1005: ';' expected.
lib/visualLab/data/poiExtraBoliviaCitiesV2.ts(1880,9): error TS1005: ';' expected.
lib/visualLab/data/poiExtraBoliviaCitiesV2.ts(1881,9): error TS1005: ';' expected.
lib/visualLab/data/poiExtraBoliviaCitiesV2.ts(1883,4): error TS1128: Declaration or statement expected.
lib/visualLab/data/poiExtraBoliviaCitiesV2.ts(1886,9): error TS1005: ';' expected.
lib/visualLab/data/poiExtraBoliviaCitiesV2.ts(1887,11): error TS1005: ';' expected.
lib/visualLab/data/poiExtraBoliviaCitiesV2.ts(1888,11): error TS1005: ';' expected.
lib/visualLab/data/poiExtraBoliviaCitiesV2.ts(1889,9): error TS1005: ';' expected.
lib/visualLab/data/poiExtraBoliviaCitiesV2.ts(1889,34): error TS1005: ';' expected.
lib/visualLab/data/poiExtraBoliviaCitiesV2.ts(1889,53): error TS1005: ';' expected.
lib/visualLab/data/poiExtraBoliviaCitiesV2.ts(1889,72): error TS1005: ';' expected.
lib/visualLab/data/poiExtraBoliviaCitiesV2.ts(1889,89): error TS1128: Declaration or statement expected.
lib/visualLab/data/poiExtraBoliviaCitiesV2.ts(1892,9): error TS1005: ';' expected.
lib/visualLab/data/poiExtraBoliviaCitiesV2.ts(1893,9): error TS1005: ';' expected.
lib/visualLab/data/poiExtraBoliviaCitiesV2.ts(1894,9): error TS1005: ';' expected.
lib/visualLab/data/poiExtraBoliviaCitiesV2.ts(1895,6): error TS1128: Declaration or statement expected.
lib/visualLab/data/poiExtraBoliviaCitiesV2.ts(1898,9): error TS1005: ';' expected.
lib/visualLab/data/poiExtraBoliviaCitiesV2.ts(1899,9): error TS1005: ';' expected.
lib/visualLab/data/poiExtraBoliviaCitiesV2.ts(1900,9): error TS1005: ';' expected.
lib/visualLab/data/poiExtraBoliviaCitiesV2.ts(1901,6): error TS1128: Declaration or statement expected.
lib/visualLab/data/poiExtraBoliviaCitiesV2.ts(1904,9): error TS1005: ';' expected.
lib/visualLab/data/poiExtraBoliviaCitiesV2.ts(1905,9): error TS1005: ';' expected.
lib/visualLab/data/poiExtraBoliviaCitiesV2.ts(1906,9): error TS1005: ';' expected.
lib/visualLab/data/poiExtraBoliviaCitiesV2.ts(1907,6): error TS1128: Declaration or statement expected.
lib/visualLab/data/poiExtraBoliviaCitiesV2.ts(1915,9): error TS1005: ';' expected.
lib/visualLab/data/poiExtraBoliviaCitiesV2.ts(1916,9): error TS1005: ';' expected.
lib/visualLab/data/poiExtraBoliviaCitiesV2.ts(1917,9): error TS1005: ';' expected.
lib/visualLab/data/poiExtraBoliviaCitiesV2.ts(1919,4): error TS1128: Declaration or statement expected.
lib/visualLab/data/poiExtraBoliviaCitiesV2.ts(1922,9): error TS1005: ';' expected.
lib/visualLab/data/poiExtraBoliviaCitiesV2.ts(1923,11): error TS1005: ';' expected.
lib/visualLab/data/poiExtraBoliviaCitiesV2.ts(1924,11): error TS1005: ';' expected.
lib/visualLab/data/poiExtraBoliviaCitiesV2.ts(1925,9): error TS1005: ';' expected.
lib/visualLab/data/poiExtraBoliviaCitiesV2.ts(1925,29): error TS1005: ';' expected.
lib/visualLab/data/poiExtraBoliviaCitiesV2.ts(1925,43): error TS1005: ';' expected.
lib/visualLab/data/poiExtraBoliviaCitiesV2.ts(1925,57): error TS1005: ';' expected.
lib/visualLab/data/poiExtraBoliviaCitiesV2.ts(1925,69): error TS1128: Declaration or statement expected.
lib/visualLab/data/poiExtraBoliviaCitiesV2.ts(1928,9): error TS1005: ';' expected.
lib/visualLab/data/poiExtraBoliviaCitiesV2.ts(1929,9): error TS1005: ';' expected.
lib/visualLab/data/poiExtraBoliviaCitiesV2.ts(1930,9): error TS1005: ';' expected.
lib/visualLab/data/poiExtraBoliviaCitiesV2.ts(1931,6): error TS1128: Declaration or statement expected.
lib/visualLab/data/poiExtraBoliviaCitiesV2.ts(1934,9): error TS1005: ';' expected.
lib/visualLab/data/poiExtraBoliviaCitiesV2.ts(1935,9): error TS1005: ';' expected.
lib/visualLab/data/poiExtraBoliviaCitiesV2.ts(1936,9): error TS1005: ';' expected.
lib/visualLab/data/poiExtraBoliviaCitiesV2.ts(1937,6): error TS1128: Declaration or statement expected.
lib/visualLab/data/poiExtraBoliviaCitiesV2.ts(1940,9): error TS1005: ';' expected.
lib/visualLab/data/poiExtraBoliviaCitiesV2.ts(1941,9): error TS1005: ';' expected.
lib/visualLab/data/poiExtraBoliviaCitiesV2.ts(1942,9): error TS1005: ';' expected.
lib/visualLab/data/poiExtraBoliviaCitiesV2.ts(1943,6): error TS1128: Declaration or statement expected.
lib/visualLab/data/poiExtraBoliviaCitiesV2.ts(1951,9): error TS1005: ';' expected.
lib/visualLab/data/poiExtraBoliviaCitiesV2.ts(1952,9): error TS1005: ';' expected.
lib/visualLab/data/poiExtraBoliviaCitiesV2.ts(1953,9): error TS1005: ';' expected.
lib/visualLab/data/poiExtraBoliviaCitiesV2.ts(1955,4): error TS1128: Declaration or statement expected.
lib/visualLab/data/poiExtraBoliviaCitiesV2.ts(1958,9): error TS1005: ';' expected.
lib/visualLab/data/poiExtraBoliviaCitiesV2.ts(1959,11): error TS1005: ';' expected.
lib/visualLab/data/poiExtraBoliviaCitiesV2.ts(1960,11): error TS1005: ';' expected.
lib/visualLab/data/poiExtraBoliviaCitiesV2.ts(1961,9): error TS1005: ';' expected.
lib/visualLab/data/poiExtraBoliviaCitiesV2.ts(1961,43): error TS1005: ';' expected.
lib/visualLab/data/poiExtraBoliviaCitiesV2.ts(1961,71): error TS1005: ';' expected.
lib/visualLab/data/poiExtraBoliviaCitiesV2.ts(1961,99): error TS1005: ';' expected.
lib/visualLab/data/poiExtraBoliviaCitiesV2.ts(1961,125): error TS1128: Declaration or statement expected.
lib/visualLab/data/poiExtraBoliviaCitiesV2.ts(1964,9): error TS1005: ';' expected.
lib/visualLab/data/poiExtraBoliviaCitiesV2.ts(1965,9): error TS1005: ';' expected.
lib/visualLab/data/poiExtraBoliviaCitiesV2.ts(1966,9): error TS1005: ';' expected.
lib/visualLab/data/poiExtraBoliviaCitiesV2.ts(1967,6): error TS1128: Declaration or statement expected.
lib/visualLab/data/poiExtraBoliviaCitiesV2.ts(1970,9): error TS1005: ';' expected.
lib/visualLab/data/poiExtraBoliviaCitiesV2.ts(1971,9): error TS1005: ';' expected.
lib/visualLab/data/poiExtraBoliviaCitiesV2.ts(1972,9): error TS1005: ';' expected.
lib/visualLab/data/poiExtraBoliviaCitiesV2.ts(1973,6): error TS1128: Declaration or statement expected.
lib/visualLab/data/poiExtraBoliviaCitiesV2.ts(1976,9): error TS1005: ';' expected.
lib/visualLab/data/poiExtraBoliviaCitiesV2.ts(1977,9): error TS1005: ';' expected.
lib/visualLab/data/poiExtraBoliviaCitiesV2.ts(1978,9): error TS1005: ';' expected.
lib/visualLab/data/poiExtraBoliviaCitiesV2.ts(1979,6): error TS1128: Declaration or statement expected.
lib/visualLab/data/poiExtraBoliviaCitiesV2.ts(1987,9): error TS1005: ';' expected.
lib/visualLab/data/poiExtraBoliviaCitiesV2.ts(1988,9): error TS1005: ';' expected.
lib/visualLab/data/poiExtraBoliviaCitiesV2.ts(1989,9): error TS1005: ';' expected.
lib/visualLab/data/poiExtraBoliviaCitiesV2.ts(1991,4): error TS1128: Declaration or statement expected.
lib/visualLab/data/poiExtraBoliviaCitiesV2.ts(1994,9): error TS1005: ';' expected.
lib/visualLab/data/poiExtraBoliviaCitiesV2.ts(1995,11): error TS1005: ';' expected.
lib/visualLab/data/poiExtraBoliviaCitiesV2.ts(1996,11): error TS1005: ';' expected.
lib/visualLab/data/poiExtraBoliviaCitiesV2.ts(1997,9): error TS1005: ';' expected.
lib/visualLab/data/poiExtraBoliviaCitiesV2.ts(1997,33): error TS1005: ';' expected.
lib/visualLab/data/poiExtraBoliviaCitiesV2.ts(1997,51): error TS1005: ';' expected.
lib/visualLab/data/poiExtraBoliviaCitiesV2.ts(1997,69): error TS1005: ';' expected.
lib/visualLab/data/poiExtraBoliviaCitiesV2.ts(1997,85): error TS1128: Declaration or statement expected.
lib/visualLab/data/poiExtraBoliviaCitiesV2.ts(2000,9): error TS1005: ';' expected.
lib/visualLab/data/poiExtraBoliviaCitiesV2.ts(2001,9): error TS1005: ';' expected.
lib/visualLab/data/poiExtraBoliviaCitiesV2.ts(2002,9): error TS1005: ';' expected.
lib/visualLab/data/poiExtraBoliviaCitiesV2.ts(2003,6): error TS1128: Declaration or statement expected.
lib/visualLab/data/poiExtraBoliviaCitiesV2.ts(2006,9): error TS1005: ';' expected.
lib/visualLab/data/poiExtraBoliviaCitiesV2.ts(2007,9): error TS1005: ';' expected.
lib/visualLab/data/poiExtraBoliviaCitiesV2.ts(2008,9): error TS1005: ';' expected.
lib/visualLab/data/poiExtraBoliviaCitiesV2.ts(2009,6): error TS1128: Declaration or statement expected.
lib/visualLab/data/poiExtraBoliviaCitiesV2.ts(2012,9): error TS1005: ';' expected.
lib/visualLab/data/poiExtraBoliviaCitiesV2.ts(2013,9): error TS1005: ';' expected.
lib/visualLab/data/poiExtraBoliviaCitiesV2.ts(2014,9): error TS1005: ';' expected.
lib/visualLab/data/poiExtraBoliviaCitiesV2.ts(2015,6): error TS1128: Declaration or statement expected.
lib/visualLab/data/poiExtraBoliviaCitiesV2.ts(2023,9): error TS1005: ';' expected.
lib/visualLab/data/poiExtraBoliviaCitiesV2.ts(2024,9): error TS1005: ';' expected.
lib/visualLab/data/poiExtraBoliviaCitiesV2.ts(2025,9): error TS1005: ';' expected.
lib/visualLab/data/poiExtraBoliviaCitiesV2.ts(2027,4): error TS1128: Declaration or statement expected.
lib/visualLab/data/poiExtraBoliviaCitiesV2.ts(2030,9): error TS1005: ';' expected.
lib/visualLab/data/poiExtraBoliviaCitiesV2.ts(2031,11): error TS1005: ';' expected.
lib/visualLab/data/poiExtraBoliviaCitiesV2.ts(2032,11): error TS1005: ';' expected.
lib/visualLab/data/poiExtraBoliviaCitiesV2.ts(2033,9): error TS1005: ';' expected.
lib/visualLab/data/poiExtraBoliviaCitiesV2.ts(2033,30): error TS1005: ';' expected.
lib/visualLab/data/poiExtraBoliviaCitiesV2.ts(2033,45): error TS1005: ';' expected.
lib/visualLab/data/poiExtraBoliviaCitiesV2.ts(2033,60): error TS1005: ';' expected.
lib/visualLab/data/poiExtraBoliviaCitiesV2.ts(2033,73): error TS1128: Declaration or statement expected.
lib/visualLab/data/poiExtraBoliviaCitiesV2.ts(2036,9): error TS1005: ';' expected.
lib/visualLab/data/poiExtraBoliviaCitiesV2.ts(2037,9): error TS1005: ';' expected.
lib/visualLab/data/poiExtraBoliviaCitiesV2.ts(2038,9): error TS1005: ';' expected.
lib/visualLab/data/poiExtraBoliviaCitiesV2.ts(2039,6): error TS1128: Declaration or statement expected.
lib/visualLab/data/poiExtraBoliviaCitiesV2.ts(2042,9): error TS1005: ';' expected.
lib/visualLab/data/poiExtraBoliviaCitiesV2.ts(2043,9): error TS1005: ';' expected.
lib/visualLab/data/poiExtraBoliviaCitiesV2.ts(2044,9): error TS1005: ';' expected.
lib/visualLab/data/poiExtraBoliviaCitiesV2.ts(2045,6): error TS1128: Declaration or statement expected.
lib/visualLab/data/poiExtraBoliviaCitiesV2.ts(2048,9): error TS1005: ';' expected.
lib/visualLab/data/poiExtraBoliviaCitiesV2.ts(2049,9): error TS1005: ';' expected.
lib/visualLab/data/poiExtraBoliviaCitiesV2.ts(2050,9): error TS1005: ';' expected.
lib/visualLab/data/poiExtraBoliviaCitiesV2.ts(2051,6): error TS1128: Declaration or statement expected.
lib/visualLab/data/poiExtraBoliviaCitiesV2.ts(2059,9): error TS1005: ';' expected.
lib/visualLab/data/poiExtraBoliviaCitiesV2.ts(2060,9): error TS1005: ';' expected.
lib/visualLab/data/poiExtraBoliviaCitiesV2.ts(2061,9): error TS1005: ';' expected.
lib/visualLab/data/poiExtraBoliviaCitiesV2.ts(2063,4): error TS1128: Declaration or statement expected.
lib/visualLab/data/poiExtraBoliviaCitiesV2.ts(2066,9): error TS1005: ';' expected.
lib/visualLab/data/poiExtraBoliviaCitiesV2.ts(2067,11): error TS1005: ';' expected.
lib/visualLab/data/poiExtraBoliviaCitiesV2.ts(2068,11): error TS1005: ';' expected.
lib/visualLab/data/poiExtraBoliviaCitiesV2.ts(2069,9): error TS1005: ';' expected.
lib/visualLab/data/poiExtraBoliviaCitiesV2.ts(2069,28): error TS1005: ';' expected.
lib/visualLab/data/poiExtraBoliviaCitiesV2.ts(2069,41): error TS1005: ';' expected.
lib/visualLab/data/poiExtraBoliviaCitiesV2.ts(2069,54): error TS1005: ';' expected.
lib/visualLab/data/poiExtraBoliviaCitiesV2.ts(2069,65): error TS1128: Declaration or statement expected.
lib/visualLab/data/poiExtraBoliviaCitiesV2.ts(2072,9): error TS1005: ';' expected.
lib/visualLab/data/poiExtraBoliviaCitiesV2.ts(2073,9): error TS1005: ';' expected.
lib/visualLab/data/poiExtraBoliviaCitiesV2.ts(2074,9): error TS1005: ';' expected.
lib/visualLab/data/poiExtraBoliviaCitiesV2.ts(2075,6): error TS1128: Declaration or statement expected.
lib/visualLab/data/poiExtraBoliviaCitiesV2.ts(2078,9): error TS1005: ';' expected.
lib/visualLab/data/poiExtraBoliviaCitiesV2.ts(2079,9): error TS1005: ';' expected.
lib/visualLab/data/poiExtraBoliviaCitiesV2.ts(2080,9): error TS1005: ';' expected.
lib/visualLab/data/poiExtraBoliviaCitiesV2.ts(2081,6): error TS1128: Declaration or statement expected.
lib/visualLab/data/poiExtraBoliviaCitiesV2.ts(2084,9): error TS1005: ';' expected.
lib/visualLab/data/poiExtraBoliviaCitiesV2.ts(2085,9): error TS1005: ';' expected.
lib/visualLab/data/poiExtraBoliviaCitiesV2.ts(2086,9): error TS1005: ';' expected.
lib/visualLab/data/poiExtraBoliviaCitiesV2.ts(2087,6): error TS1128: Declaration or statement expected.
lib/visualLab/data/poiExtraBoliviaCitiesV2.ts(2095,9): error TS1005: ';' expected.
lib/visualLab/data/poiExtraBoliviaCitiesV2.ts(2096,9): error TS1005: ';' expected.
lib/visualLab/data/poiExtraBoliviaCitiesV2.ts(2097,9): error TS1005: ';' expected.
lib/visualLab/data/poiExtraBoliviaCitiesV2.ts(2099,4): error TS1128: Declaration or statement expected.
lib/visualLab/data/poiExtraBoliviaCitiesV2.ts(2102,9): error TS1005: ';' expected.
lib/visualLab/data/poiExtraBoliviaCitiesV2.ts(2103,11): error TS1005: ';' expected.
lib/visualLab/data/poiExtraBoliviaCitiesV2.ts(2104,11): error TS1005: ';' expected.
lib/visualLab/data/poiExtraBoliviaCitiesV2.ts(2105,9): error TS1005: ';' expected.
lib/visualLab/data/poiExtraBoliviaCitiesV2.ts(2105,29): error TS1005: ';' expected.
lib/visualLab/data/poiExtraBoliviaCitiesV2.ts(2105,43): error TS1005: ';' expected.
lib/visualLab/data/poiExtraBoliviaCitiesV2.ts(2105,57): error TS1005: ';' expected.
lib/visualLab/data/poiExtraBoliviaCitiesV2.ts(2105,69): error TS1128: Declaration or statement expected.
lib/visualLab/data/poiExtraBoliviaCitiesV2.ts(2108,9): error TS1005: ';' expected.
lib/visualLab/data/poiExtraBoliviaCitiesV2.ts(2109,9): error TS1005: ';' expected.
lib/visualLab/data/poiExtraBoliviaCitiesV2.ts(2110,9): error TS1005: ';' expected.
lib/visualLab/data/poiExtraBoliviaCitiesV2.ts(2111,6): error TS1128: Declaration or statement expected.
lib/visualLab/data/poiExtraBoliviaCitiesV2.ts(2114,9): error TS1005: ';' expected.
lib/visualLab/data/poiExtraBoliviaCitiesV2.ts(2115,9): error TS1005: ';' expected.
lib/visualLab/data/poiExtraBoliviaCitiesV2.ts(2116,9): error TS1005: ';' expected.
lib/visualLab/data/poiExtraBoliviaCitiesV2.ts(2117,6): error TS1128: Declaration or statement expected.
lib/visualLab/data/poiExtraBoliviaCitiesV2.ts(2120,9): error TS1005: ';' expected.
lib/visualLab/data/poiExtraBoliviaCitiesV2.ts(2121,9): error TS1005: ';' expected.
lib/visualLab/data/poiExtraBoliviaCitiesV2.ts(2122,9): error TS1005: ';' expected.
lib/visualLab/data/poiExtraBoliviaCitiesV2.ts(2123,6): error TS1128: Declaration or statement expected.
lib/visualLab/data/poiExtraBoliviaCitiesV2.ts(2131,9): error TS1005: ';' expected.
lib/visualLab/data/poiExtraBoliviaCitiesV2.ts(2132,9): error TS1005: ';' expected.
lib/visualLab/data/poiExtraBoliviaCitiesV2.ts(2133,9): error TS1005: ';' expected.
lib/visualLab/data/poiExtraBoliviaCitiesV2.ts(2135,4): error TS1128: Declaration or statement expected.
lib/visualLab/data/poiExtraBoliviaCitiesV2.ts(2138,9): error TS1005: ';' expected.
lib/visualLab/data/poiExtraBoliviaCitiesV2.ts(2139,11): error TS1005: ';' expected.
lib/visualLab/data/poiExtraBoliviaCitiesV2.ts(2140,11): error TS1005: ';' expected.
lib/visualLab/data/poiExtraBoliviaCitiesV2.ts(2141,9): error TS1005: ';' expected.
lib/visualLab/data/poiExtraBoliviaCitiesV2.ts(2141,30): error TS1005: ';' expected.
lib/visualLab/data/poiExtraBoliviaCitiesV2.ts(2141,45): error TS1005: ';' expected.
lib/visualLab/data/poiExtraBoliviaCitiesV2.ts(2141,60): error TS1005: ';' expected.
lib/visualLab/data/poiExtraBoliviaCitiesV2.ts(2141,73): error TS1128: Declaration or statement expected.
lib/visualLab/data/poiExtraBoliviaCitiesV2.ts(2144,9): error TS1005: ';' expected.
lib/visualLab/data/poiExtraBoliviaCitiesV2.ts(2145,9): error TS1005: ';' expected.
lib/visualLab/data/poiExtraBoliviaCitiesV2.ts(2146,9): error TS1005: ';' expected.
lib/visualLab/data/poiExtraBoliviaCitiesV2.ts(2147,6): error TS1128: Declaration or statement expected.
lib/visualLab/data/poiExtraBoliviaCitiesV2.ts(2150,9): error TS1005: ';' expected.
lib/visualLab/data/poiExtraBoliviaCitiesV2.ts(2151,9): error TS1005: ';' expected.
lib/visualLab/data/poiExtraBoliviaCitiesV2.ts(2152,9): error TS1005: ';' expected.
lib/visualLab/data/poiExtraBoliviaCitiesV2.ts(2153,6): error TS1128: Declaration or statement expected.
lib/visualLab/data/poiExtraBoliviaCitiesV2.ts(2156,9): error TS1005: ';' expected.
lib/visualLab/data/poiExtraBoliviaCitiesV2.ts(2157,9): error TS1005: ';' expected.
lib/visualLab/data/poiExtraBoliviaCitiesV2.ts(2158,9): error TS1005: ';' expected.
lib/visualLab/data/poiExtraBoliviaCitiesV2.ts(2159,6): error TS1128: Declaration or statement expected.
lib/visualLab/data/poiExtraBoliviaCitiesV2.ts(2167,9): error TS1005: ';' expected.
lib/visualLab/data/poiExtraBoliviaCitiesV2.ts(2168,9): error TS1005: ';' expected.
lib/visualLab/data/poiExtraBoliviaCitiesV2.ts(2169,9): error TS1005: ';' expected.
lib/visualLab/data/poiExtraBoliviaCitiesV2.ts(2171,4): error TS1128: Declaration or statement expected.
lib/visualLab/data/poiExtraBoliviaCitiesV2.ts(2174,9): error TS1005: ';' expected.
lib/visualLab/data/poiExtraBoliviaCitiesV2.ts(2175,11): error TS1005: ';' expected.
lib/visualLab/data/poiExtraBoliviaCitiesV2.ts(2176,11): error TS1005: ';' expected.
lib/visualLab/data/poiExtraBoliviaCitiesV2.ts(2177,9): error TS1005: ';' expected.
lib/visualLab/data/poiExtraBoliviaCitiesV2.ts(2177,31): error TS1005: ';' expected.
lib/visualLab/data/poiExtraBoliviaCitiesV2.ts(2177,47): error TS1005: ';' expected.
lib/visualLab/data/poiExtraBoliviaCitiesV2.ts(2177,63): error TS1005: ';' expected.
lib/visualLab/data/poiExtraBoliviaCitiesV2.ts(2177,77): error TS1128: Declaration or statement expected.
lib/visualLab/data/poiExtraBoliviaCitiesV2.ts(2180,9): error TS1005: ';' expected.
lib/visualLab/data/poiExtraBoliviaCitiesV2.ts(2181,9): error TS1005: ';' expected.
lib/visualLab/data/poiExtraBoliviaCitiesV2.ts(2182,9): error TS1005: ';' expected.
lib/visualLab/data/poiExtraBoliviaCitiesV2.ts(2183,6): error TS1128: Declaration or statement expected.
lib/visualLab/data/poiExtraBoliviaCitiesV2.ts(2186,9): error TS1005: ';' expected.
lib/visualLab/data/poiExtraBoliviaCitiesV2.ts(2187,9): error TS1005: ';' expected.
lib/visualLab/data/poiExtraBoliviaCitiesV2.ts(2188,9): error TS1005: ';' expected.
lib/visualLab/data/poiExtraBoliviaCitiesV2.ts(2189,6): error TS1128: Declaration or statement expected.
lib/visualLab/data/poiExtraBoliviaCitiesV2.ts(2192,9): error TS1005: ';' expected.
lib/visualLab/data/poiExtraBoliviaCitiesV2.ts(2193,9): error TS1005: ';' expected.
lib/visualLab/data/poiExtraBoliviaCitiesV2.ts(2194,9): error TS1005: ';' expected.
lib/visualLab/data/poiExtraBoliviaCitiesV2.ts(2195,6): error TS1128: Declaration or statement expected.
lib/visualLab/data/poiExtraBoliviaCitiesV2.ts(2203,9): error TS1005: ';' expected.
lib/visualLab/data/poiExtraBoliviaCitiesV2.ts(2204,9): error TS1005: ';' expected.
lib/visualLab/data/poiExtraBoliviaCitiesV2.ts(2205,9): error TS1005: ';' expected.
lib/visualLab/data/poiExtraBoliviaCitiesV2.ts(2207,4): error TS1128: Declaration or statement expected.
lib/visualLab/data/poiExtraBoliviaCitiesV2.ts(2210,9): error TS1005: ';' expected.
lib/visualLab/data/poiExtraBoliviaCitiesV2.ts(2211,11): error TS1005: ';' expected.
lib/visualLab/data/poiExtraBoliviaCitiesV2.ts(2212,11): error TS1005: ';' expected.
lib/visualLab/data/poiExtraBoliviaCitiesV2.ts(2213,9): error TS1005: ';' expected.
lib/visualLab/data/poiExtraBoliviaCitiesV2.ts(2213,30): error TS1005: ';' expected.
lib/visualLab/data/poiExtraBoliviaCitiesV2.ts(2213,45): error TS1005: ';' expected.
lib/visualLab/data/poiExtraBoliviaCitiesV2.ts(2213,60): error TS1005: ';' expected.
lib/visualLab/data/poiExtraBoliviaCitiesV2.ts(2213,73): error TS1128: Declaration or statement expected.
lib/visualLab/data/poiExtraBoliviaCitiesV2.ts(2216,9): error TS1005: ';' expected.
lib/visualLab/data/poiExtraBoliviaCitiesV2.ts(2217,9): error TS1005: ';' expected.
lib/visualLab/data/poiExtraBoliviaCitiesV2.ts(2218,9): error TS1005: ';' expected.
lib/visualLab/data/poiExtraBoliviaCitiesV2.ts(2219,6): error TS1128: Declaration or statement expected.
lib/visualLab/data/poiExtraBoliviaCitiesV2.ts(2222,9): error TS1005: ';' expected.
lib/visualLab/data/poiExtraBoliviaCitiesV2.ts(2223,9): error TS1005: ';' expected.
lib/visualLab/data/poiExtraBoliviaCitiesV2.ts(2224,9): error TS1005: ';' expected.
lib/visualLab/data/poiExtraBoliviaCitiesV2.ts(2225,6): error TS1128: Declaration or statement expected.
lib/visualLab/data/poiExtraBoliviaCitiesV2.ts(2228,9): error TS1005: ';' expected.
lib/visualLab/data/poiExtraBoliviaCitiesV2.ts(2229,9): error TS1005: ';' expected.
lib/visualLab/data/poiExtraBoliviaCitiesV2.ts(2230,9): error TS1005: ';' expected.
lib/visualLab/data/poiExtraBoliviaCitiesV2.ts(2231,6): error TS1128: Declaration or statement expected.
lib/visualLab/data/poiExtraBoliviaCitiesV2.ts(2239,9): error TS1005: ';' expected.
lib/visualLab/data/poiExtraBoliviaCitiesV2.ts(2240,9): error TS1005: ';' expected.
lib/visualLab/data/poiExtraBoliviaCitiesV2.ts(2241,9): error TS1005: ';' expected.
lib/visualLab/data/poiExtraBoliviaCitiesV2.ts(2243,4): error TS1128: Declaration or statement expected.
lib/visualLab/data/poiExtraBoliviaCitiesV2.ts(2246,9): error TS1005: ';' expected.
lib/visualLab/data/poiExtraBoliviaCitiesV2.ts(2247,11): error TS1005: ';' expected.
lib/visualLab/data/poiExtraBoliviaCitiesV2.ts(2248,11): error TS1005: ';' expected.
lib/visualLab/data/poiExtraBoliviaCitiesV2.ts(2249,9): error TS1005: ';' expected.
lib/visualLab/data/poiExtraBoliviaCitiesV2.ts(2249,33): error TS1005: ';' expected.
lib/visualLab/data/poiExtraBoliviaCitiesV2.ts(2249,51): error TS1005: ';' expected.
lib/visualLab/data/poiExtraBoliviaCitiesV2.ts(2249,69): error TS1005: ';' expected.
lib/visualLab/data/poiExtraBoliviaCitiesV2.ts(2249,85): error TS1128: Declaration or statement expected.
lib/visualLab/data/poiExtraBoliviaCitiesV2.ts(2252,9): error TS1005: ';' expected.
lib/visualLab/data/poiExtraBoliviaCitiesV2.ts(2253,9): error TS1005: ';' expected.
lib/visualLab/data/poiExtraBoliviaCitiesV2.ts(2254,9): error TS1005: ';' expected.
lib/visualLab/data/poiExtraBoliviaCitiesV2.ts(2255,6): error TS1128: Declaration or statement expected.
lib/visualLab/data/poiExtraBoliviaCitiesV2.ts(2258,9): error TS1005: ';' expected.
lib/visualLab/data/poiExtraBoliviaCitiesV2.ts(2259,9): error TS1005: ';' expected.
lib/visualLab/data/poiExtraBoliviaCitiesV2.ts(2260,9): error TS1005: ';' expected.
lib/visualLab/data/poiExtraBoliviaCitiesV2.ts(2261,6): error TS1128: Declaration or statement expected.
lib/visualLab/data/poiExtraBoliviaCitiesV2.ts(2264,9): error TS1005: ';' expected.
lib/visualLab/data/poiExtraBoliviaCitiesV2.ts(2265,9): error TS1005: ';' expected.
lib/visualLab/data/poiExtraBoliviaCitiesV2.ts(2266,9): error TS1005: ';' expected.
lib/visualLab/data/poiExtraBoliviaCitiesV2.ts(2267,6): error TS1128: Declaration or statement expected.
lib/visualLab/data/poiExtraBoliviaCitiesV2.ts(2275,9): error TS1005: ';' expected.
lib/visualLab/data/poiExtraBoliviaCitiesV2.ts(2276,9): error TS1005: ';' expected.
lib/visualLab/data/poiExtraBoliviaCitiesV2.ts(2277,9): error TS1005: ';' expected.
lib/visualLab/data/poiExtraBoliviaCitiesV2.ts(2279,4): error TS1128: Declaration or statement expected.
lib/visualLab/data/poiExtraBoliviaCitiesV2.ts(2282,9): error TS1005: ';' expected.
lib/visualLab/data/poiExtraBoliviaCitiesV2.ts(2283,11): error TS1005: ';' expected.
lib/visualLab/data/poiExtraBoliviaCitiesV2.ts(2284,11): error TS1005: ';' expected.
lib/visualLab/data/poiExtraBoliviaCitiesV2.ts(2285,9): error TS1005: ';' expected.
lib/visualLab/data/poiExtraBoliviaCitiesV2.ts(2285,32): error TS1005: ';' expected.
lib/visualLab/data/poiExtraBoliviaCitiesV2.ts(2285,49): error TS1005: ';' expected.
lib/visualLab/data/poiExtraBoliviaCitiesV2.ts(2285,66): error TS1005: ';' expected.
lib/visualLab/data/poiExtraBoliviaCitiesV2.ts(2285,81): error TS1128: Declaration or statement expected.
lib/visualLab/data/poiExtraBoliviaCitiesV2.ts(2288,9): error TS1005: ';' expected.
lib/visualLab/data/poiExtraBoliviaCitiesV2.ts(2289,9): error TS1005: ';' expected.
lib/visualLab/data/poiExtraBoliviaCitiesV2.ts(2290,9): error TS1005: ';' expected.
lib/visualLab/data/poiExtraBoliviaCitiesV2.ts(2291,6): error TS1128: Declaration or statement expected.
lib/visualLab/data/poiExtraBoliviaCitiesV2.ts(2294,9): error TS1005: ';' expected.
lib/visualLab/data/poiExtraBoliviaCitiesV2.ts(2295,9): error TS1005: ';' expected.
lib/visualLab/data/poiExtraBoliviaCitiesV2.ts(2296,9): error TS1005: ';' expected.
lib/visualLab/data/poiExtraBoliviaCitiesV2.ts(2297,6): error TS1128: Declaration or statement expected.
lib/visualLab/data/poiExtraBoliviaCitiesV2.ts(2300,9): error TS1005: ';' expected.
lib/visualLab/data/poiExtraBoliviaCitiesV2.ts(2301,9): error TS1005: ';' expected.
lib/visualLab/data/poiExtraBoliviaCitiesV2.ts(2302,9): error TS1005: ';' expected.
lib/visualLab/data/poiExtraBoliviaCitiesV2.ts(2303,6): error TS1128: Declaration or statement expected.
lib/visualLab/data/poiExtraBoliviaCitiesV2.ts(2311,9): error TS1005: ';' expected.
lib/visualLab/data/poiExtraBoliviaCitiesV2.ts(2312,9): error TS1005: ';' expected.
lib/visualLab/data/poiExtraBoliviaCitiesV2.ts(2313,9): error TS1005: ';' expected.
lib/visualLab/data/poiExtraBoliviaCitiesV2.ts(2315,4): error TS1128: Declaration or statement expected.
lib/visualLab/data/poiExtraBoliviaCitiesV2.ts(2318,9): error TS1005: ';' expected.
lib/visualLab/data/poiExtraBoliviaCitiesV2.ts(2319,11): error TS1005: ';' expected.
lib/visualLab/data/poiExtraBoliviaCitiesV2.ts(2320,11): error TS1005: ';' expected.
lib/visualLab/data/poiExtraBoliviaCitiesV2.ts(2321,9): error TS1005: ';' expected.
lib/visualLab/data/poiExtraBoliviaCitiesV2.ts(2321,29): error TS1005: ';' expected.
lib/visualLab/data/poiExtraBoliviaCitiesV2.ts(2321,43): error TS1005: ';' expected.
lib/visualLab/data/poiExtraBoliviaCitiesV2.ts(2321,57): error TS1005: ';' expected.
lib/visualLab/data/poiExtraBoliviaCitiesV2.ts(2321,69): error TS1128: Declaration or statement expected.
lib/visualLab/data/poiExtraBoliviaCitiesV2.ts(2324,9): error TS1005: ';' expected.
lib/visualLab/data/poiExtraBoliviaCitiesV2.ts(2325,9): error TS1005: ';' expected.
lib/visualLab/data/poiExtraBoliviaCitiesV2.ts(2326,9): error TS1005: ';' expected.
lib/visualLab/data/poiExtraBoliviaCitiesV2.ts(2327,6): error TS1128: Declaration or statement expected.
lib/visualLab/data/poiExtraBoliviaCitiesV2.ts(2330,9): error TS1005: ';' expected.
lib/visualLab/data/poiExtraBoliviaCitiesV2.ts(2331,9): error TS1005: ';' expected.
lib/visualLab/data/poiExtraBoliviaCitiesV2.ts(2332,9): error TS1005: ';' expected.
lib/visualLab/data/poiExtraBoliviaCitiesV2.ts(2333,6): error TS1128: Declaration or statement expected.
lib/visualLab/data/poiExtraBoliviaCitiesV2.ts(2336,9): error TS1005: ';' expected.
lib/visualLab/data/poiExtraBoliviaCitiesV2.ts(2337,9): error TS1005: ';' expected.
lib/visualLab/data/poiExtraBoliviaCitiesV2.ts(2338,9): error TS1005: ';' expected.
lib/visualLab/data/poiExtraBoliviaCitiesV2.ts(2339,6): error TS1128: Declaration or statement expected.
lib/visualLab/data/poiExtraBoliviaCitiesV2.ts(2347,9): error TS1005: ';' expected.
lib/visualLab/data/poiExtraBoliviaCitiesV2.ts(2348,9): error TS1005: ';' expected.
lib/visualLab/data/poiExtraBoliviaCitiesV2.ts(2349,9): error TS1005: ';' expected.
lib/visualLab/data/poiExtraBoliviaCitiesV2.ts(2351,4): error TS1128: Declaration or statement expected.
lib/visualLab/data/poiExtraBoliviaCitiesV2.ts(2354,9): error TS1005: ';' expected.
lib/visualLab/data/poiExtraBoliviaCitiesV2.ts(2355,11): error TS1005: ';' expected.
lib/visualLab/data/poiExtraBoliviaCitiesV2.ts(2356,11): error TS1005: ';' expected.
lib/visualLab/data/poiExtraBoliviaCitiesV2.ts(2357,9): error TS1005: ';' expected.
lib/visualLab/data/poiExtraBoliviaCitiesV2.ts(2357,32): error TS1005: ';' expected.
lib/visualLab/data/poiExtraBoliviaCitiesV2.ts(2357,49): error TS1005: ';' expected.
lib/visualLab/data/poiExtraBoliviaCitiesV2.ts(2357,66): error TS1005: ';' expected.
lib/visualLab/data/poiExtraBoliviaCitiesV2.ts(2357,81): error TS1128: Declaration or statement expected.
lib/visualLab/data/poiExtraBoliviaCitiesV2.ts(2360,9): error TS1005: ';' expected.
lib/visualLab/data/poiExtraBoliviaCitiesV2.ts(2361,9): error TS1005: ';' expected.
lib/visualLab/data/poiExtraBoliviaCitiesV2.ts(2362,9): error TS1005: ';' expected.
lib/visualLab/data/poiExtraBoliviaCitiesV2.ts(2363,6): error TS1128: Declaration or statement expected.
lib/visualLab/data/poiExtraBoliviaCitiesV2.ts(2366,9): error TS1005: ';' expected.
lib/visualLab/data/poiExtraBoliviaCitiesV2.ts(2367,9): error TS1005: ';' expected.
lib/visualLab/data/poiExtraBoliviaCitiesV2.ts(2368,9): error TS1005: ';' expected.
lib/visualLab/data/poiExtraBoliviaCitiesV2.ts(2369,6): error TS1128: Declaration or statement expected.
lib/visualLab/data/poiExtraBoliviaCitiesV2.ts(2372,9): error TS1005: ';' expected.
lib/visualLab/data/poiExtraBoliviaCitiesV2.ts(2373,9): error TS1005: ';' expected.
lib/visualLab/data/poiExtraBoliviaCitiesV2.ts(2374,9): error TS1005: ';' expected.
lib/visualLab/data/poiExtraBoliviaCitiesV2.ts(2375,6): error TS1128: Declaration or statement expected.
lib/visualLab/data/poiExtraBoliviaCitiesV2.ts(2383,9): error TS1005: ';' expected.
lib/visualLab/data/poiExtraBoliviaCitiesV2.ts(2384,9): error TS1005: ';' expected.
lib/visualLab/data/poiExtraBoliviaCitiesV2.ts(2385,9): error TS1005: ';' expected.
lib/visualLab/data/poiExtraBoliviaCitiesV2.ts(2387,4): error TS1128: Declaration or statement expected.
lib/visualLab/data/poiExtraBoliviaCitiesV2.ts(2390,9): error TS1005: ';' expected.
lib/visualLab/data/poiExtraBoliviaCitiesV2.ts(2391,11): error TS1005: ';' expected.
lib/visualLab/data/poiExtraBoliviaCitiesV2.ts(2392,11): error TS1005: ';' expected.
lib/visualLab/data/poiExtraBoliviaCitiesV2.ts(2393,9): error TS1005: ';' expected.
lib/visualLab/data/poiExtraBoliviaCitiesV2.ts(2393,33): error TS1005: ';' expected.
lib/visualLab/data/poiExtraBoliviaCitiesV2.ts(2393,51): error TS1005: ';' expected.
lib/visualLab/data/poiExtraBoliviaCitiesV2.ts(2393,69): error TS1005: ';' expected.
lib/visualLab/data/poiExtraBoliviaCitiesV2.ts(2393,85): error TS1128: Declaration or statement expected.
lib/visualLab/data/poiExtraBoliviaCitiesV2.ts(2396,9): error TS1005: ';' expected.
lib/visualLab/data/poiExtraBoliviaCitiesV2.ts(2397,9): error TS1005: ';' expected.
lib/visualLab/data/poiExtraBoliviaCitiesV2.ts(2398,9): error TS1005: ';' expected.
lib/visualLab/data/poiExtraBoliviaCitiesV2.ts(2399,6): error TS1128: Declaration or statement expected.
lib/visualLab/data/poiExtraBoliviaCitiesV2.ts(2402,9): error TS1005: ';' expected.
lib/visualLab/data/poiExtraBoliviaCitiesV2.ts(2403,9): error TS1005: ';' expected.
lib/visualLab/data/poiExtraBoliviaCitiesV2.ts(2404,9): error TS1005: ';' expected.
lib/visualLab/data/poiExtraBoliviaCitiesV2.ts(2405,6): error TS1128: Declaration or statement expected.
lib/visualLab/data/poiExtraBoliviaCitiesV2.ts(2408,9): error TS1005: ';' expected.
lib/visualLab/data/poiExtraBoliviaCitiesV2.ts(2409,9): error TS1005: ';' expected.
lib/visualLab/data/poiExtraBoliviaCitiesV2.ts(2410,9): error TS1005: ';' expected.
lib/visualLab/data/poiExtraBoliviaCitiesV2.ts(2411,6): error TS1128: Declaration or statement expected.
lib/visualLab/data/poiExtraBoliviaCitiesV2.ts(2419,9): error TS1005: ';' expected.
lib/visualLab/data/poiExtraBoliviaCitiesV2.ts(2420,9): error TS1005: ';' expected.
lib/visualLab/data/poiExtraBoliviaCitiesV2.ts(2421,9): error TS1005: ';' expected.
lib/visualLab/data/poiExtraBoliviaCitiesV2.ts(2423,4): error TS1128: Declaration or statement expected.
lib/visualLab/data/poiExtraBoliviaCitiesV2.ts(2426,9): error TS1005: ';' expected.
lib/visualLab/data/poiExtraBoliviaCitiesV2.ts(2427,11): error TS1005: ';' expected.
lib/visualLab/data/poiExtraBoliviaCitiesV2.ts(2428,11): error TS1005: ';' expected.
lib/visualLab/data/poiExtraBoliviaCitiesV2.ts(2429,9): error TS1005: ';' expected.
lib/visualLab/data/poiExtraBoliviaCitiesV2.ts(2429,32): error TS1005: ';' expected.
lib/visualLab/data/poiExtraBoliviaCitiesV2.ts(2429,49): error TS1005: ';' expected.
lib/visualLab/data/poiExtraBoliviaCitiesV2.ts(2429,66): error TS1005: ';' expected.
lib/visualLab/data/poiExtraBoliviaCitiesV2.ts(2429,81): error TS1128: Declaration or statement expected.
lib/visualLab/data/poiExtraBoliviaCitiesV2.ts(2432,9): error TS1005: ';' expected.
lib/visualLab/data/poiExtraBoliviaCitiesV2.ts(2433,9): error TS1005: ';' expected.
lib/visualLab/data/poiExtraBoliviaCitiesV2.ts(2434,9): error TS1005: ';' expected.
lib/visualLab/data/poiExtraBoliviaCitiesV2.ts(2435,6): error TS1128: Declaration or statement expected.
lib/visualLab/data/poiExtraBoliviaCitiesV2.ts(2438,9): error TS1005: ';' expected.
lib/visualLab/data/poiExtraBoliviaCitiesV2.ts(2439,9): error TS1005: ';' expected.
lib/visualLab/data/poiExtraBoliviaCitiesV2.ts(2440,9): error TS1005: ';' expected.
lib/visualLab/data/poiExtraBoliviaCitiesV2.ts(2441,6): error TS1128: Declaration or statement expected.
lib/visualLab/data/poiExtraBoliviaCitiesV2.ts(2444,9): error TS1005: ';' expected.
lib/visualLab/data/poiExtraBoliviaCitiesV2.ts(2445,9): error TS1005: ';' expected.
lib/visualLab/data/poiExtraBoliviaCitiesV2.ts(2446,9): error TS1005: ';' expected.
lib/visualLab/data/poiExtraBoliviaCitiesV2.ts(2447,6): error TS1128: Declaration or statement expected.
lib/visualLab/data/poiExtraBoliviaCitiesV2.ts(2455,9): error TS1005: ';' expected.
lib/visualLab/data/poiExtraBoliviaCitiesV2.ts(2456,9): error TS1005: ';' expected.
lib/visualLab/data/poiExtraBoliviaCitiesV2.ts(2457,9): error TS1005: ';' expected.
lib/visualLab/data/poiExtraBoliviaCitiesV2.ts(2459,4): error TS1128: Declaration or statement expected.
lib/visualLab/data/poiExtraBoliviaCitiesV2.ts(2462,9): error TS1005: ';' expected.
lib/visualLab/data/poiExtraBoliviaCitiesV2.ts(2463,11): error TS1005: ';' expected.
lib/visualLab/data/poiExtraBoliviaCitiesV2.ts(2464,11): error TS1005: ';' expected.
lib/visualLab/data/poiExtraBoliviaCitiesV2.ts(2465,9): error TS1005: ';' expected.
lib/visualLab/data/poiExtraBoliviaCitiesV2.ts(2465,29): error TS1005: ';' expected.
lib/visualLab/data/poiExtraBoliviaCitiesV2.ts(2465,43): error TS1005: ';' expected.
lib/visualLab/data/poiExtraBoliviaCitiesV2.ts(2465,57): error TS1005: ';' expected.
lib/visualLab/data/poiExtraBoliviaCitiesV2.ts(2465,69): error TS1128: Declaration or statement expected.
lib/visualLab/data/poiExtraBoliviaCitiesV2.ts(2468,9): error TS1005: ';' expected.
lib/visualLab/data/poiExtraBoliviaCitiesV2.ts(2469,9): error TS1005: ';' expected.
lib/visualLab/data/poiExtraBoliviaCitiesV2.ts(2470,9): error TS1005: ';' expected.
lib/visualLab/data/poiExtraBoliviaCitiesV2.ts(2471,6): error TS1128: Declaration or statement expected.
lib/visualLab/data/poiExtraBoliviaCitiesV2.ts(2474,9): error TS1005: ';' expected.
lib/visualLab/data/poiExtraBoliviaCitiesV2.ts(2475,9): error TS1005: ';' expected.
lib/visualLab/data/poiExtraBoliviaCitiesV2.ts(2476,9): error TS1005: ';' expected.
lib/visualLab/data/poiExtraBoliviaCitiesV2.ts(2477,6): error TS1128: Declaration or statement expected.
lib/visualLab/data/poiExtraBoliviaCitiesV2.ts(2480,9): error TS1005: ';' expected.
lib/visualLab/data/poiExtraBoliviaCitiesV2.ts(2481,9): error TS1005: ';' expected.
lib/visualLab/data/poiExtraBoliviaCitiesV2.ts(2482,9): error TS1005: ';' expected.
lib/visualLab/data/poiExtraBoliviaCitiesV2.ts(2483,6): error TS1128: Declaration or statement expected.
lib/visualLab/data/poiExtraBoliviaCitiesV2.ts(2491,9): error TS1005: ';' expected.
lib/visualLab/data/poiExtraBoliviaCitiesV2.ts(2492,9): error TS1005: ';' expected.
lib/visualLab/data/poiExtraBoliviaCitiesV2.ts(2493,9): error TS1005: ';' expected.
lib/visualLab/data/poiExtraBoliviaCitiesV2.ts(2495,4): error TS1128: Declaration or statement expected.
lib/visualLab/data/poiExtraBoliviaCitiesV2.ts(2498,9): error TS1005: ';' expected.
lib/visualLab/data/poiExtraBoliviaCitiesV2.ts(2499,11): error TS1005: ';' expected.
lib/visualLab/data/poiExtraBoliviaCitiesV2.ts(2500,11): error TS1005: ';' expected.
lib/visualLab/data/poiExtraBoliviaCitiesV2.ts(2501,9): error TS1005: ';' expected.
lib/visualLab/data/poiExtraBoliviaCitiesV2.ts(2501,34): error TS1005: ';' expected.
lib/visualLab/data/poiExtraBoliviaCitiesV2.ts(2501,53): error TS1005: ';' expected.
lib/visualLab/data/poiExtraBoliviaCitiesV2.ts(2501,72): error TS1005: ';' expected.
lib/visualLab/data/poiExtraBoliviaCitiesV2.ts(2501,89): error TS1128: Declaration or statement expected.
lib/visualLab/data/poiExtraBoliviaCitiesV2.ts(2504,9): error TS1005: ';' expected.
lib/visualLab/data/poiExtraBoliviaCitiesV2.ts(2505,9): error TS1005: ';' expected.
lib/visualLab/data/poiExtraBoliviaCitiesV2.ts(2506,9): error TS1005: ';' expected.
lib/visualLab/data/poiExtraBoliviaCitiesV2.ts(2507,6): error TS1128: Declaration or statement expected.
lib/visualLab/data/poiExtraBoliviaCitiesV2.ts(2510,9): error TS1005: ';' expected.
lib/visualLab/data/poiExtraBoliviaCitiesV2.ts(2511,9): error TS1005: ';' expected.
lib/visualLab/data/poiExtraBoliviaCitiesV2.ts(2512,9): error TS1005: ';' expected.
lib/visualLab/data/poiExtraBoliviaCitiesV2.ts(2513,6): error TS1128: Declaration or statement expected.
lib/visualLab/data/poiExtraBoliviaCitiesV2.ts(2516,9): error TS1005: ';' expected.
lib/visualLab/data/poiExtraBoliviaCitiesV2.ts(2517,9): error TS1005: ';' expected.
lib/visualLab/data/poiExtraBoliviaCitiesV2.ts(2518,9): error TS1005: ';' expected.
lib/visualLab/data/poiExtraBoliviaCitiesV2.ts(2519,6): error TS1128: Declaration or statement expected.
lib/visualLab/data/poiExtraBoliviaCitiesV2.ts(2527,9): error TS1005: ';' expected.
lib/visualLab/data/poiExtraBoliviaCitiesV2.ts(2528,9): error TS1005: ';' expected.
lib/visualLab/data/poiExtraBoliviaCitiesV2.ts(2529,9): error TS1005: ';' expected.
lib/visualLab/data/poiExtraBoliviaCitiesV2.ts(2531,4): error TS1128: Declaration or statement expected.
lib/visualLab/data/poiExtraBoliviaCitiesV2.ts(2534,9): error TS1005: ';' expected.
lib/visualLab/data/poiExtraBoliviaCitiesV2.ts(2535,11): error TS1005: ';' expected.
lib/visualLab/data/poiExtraBoliviaCitiesV2.ts(2536,11): error TS1005: ';' expected.
lib/visualLab/data/poiExtraBoliviaCitiesV2.ts(2537,9): error TS1005: ';' expected.
lib/visualLab/data/poiExtraBoliviaCitiesV2.ts(2537,30): error TS1005: ';' expected.
lib/visualLab/data/poiExtraBoliviaCitiesV2.ts(2537,45): error TS1005: ';' expected.
lib/visualLab/data/poiExtraBoliviaCitiesV2.ts(2537,60): error TS1005: ';' expected.
lib/visualLab/data/poiExtraBoliviaCitiesV2.ts(2537,73): error TS1128: Declaration or statement expected.
lib/visualLab/data/poiExtraBoliviaCitiesV2.ts(2540,9): error TS1005: ';' expected.
lib/visualLab/data/poiExtraBoliviaCitiesV2.ts(2541,9): error TS1005: ';' expected.
lib/visualLab/data/poiExtraBoliviaCitiesV2.ts(2542,9): error TS1005: ';' expected.
lib/visualLab/data/poiExtraBoliviaCitiesV2.ts(2543,6): error TS1128: Declaration or statement expected.
lib/visualLab/data/poiExtraBoliviaCitiesV2.ts(2546,9): error TS1005: ';' expected.
lib/visualLab/data/poiExtraBoliviaCitiesV2.ts(2547,9): error TS1005: ';' expected.
lib/visualLab/data/poiExtraBoliviaCitiesV2.ts(2548,9): error TS1005: ';' expected.
lib/visualLab/data/poiExtraBoliviaCitiesV2.ts(2549,6): error TS1128: Declaration or statement expected.
lib/visualLab/data/poiExtraBoliviaCitiesV2.ts(2552,9): error TS1005: ';' expected.
lib/visualLab/data/poiExtraBoliviaCitiesV2.ts(2553,9): error TS1005: ';' expected.
lib/visualLab/data/poiExtraBoliviaCitiesV2.ts(2554,9): error TS1005: ';' expected.
lib/visualLab/data/poiExtraBoliviaCitiesV2.ts(2555,6): error TS1128: Declaration or statement expected.
lib/visualLab/data/poiExtraBoliviaCitiesV2.ts(2563,9): error TS1005: ';' expected.
lib/visualLab/data/poiExtraBoliviaCitiesV2.ts(2564,9): error TS1005: ';' expected.
lib/visualLab/data/poiExtraBoliviaCitiesV2.ts(2565,9): error TS1005: ';' expected.
lib/visualLab/data/poiExtraBoliviaCitiesV2.ts(2567,4): error TS1128: Declaration or statement expected.
lib/visualLab/data/poiExtraBoliviaCitiesV2.ts(2570,9): error TS1005: ';' expected.
lib/visualLab/data/poiExtraBoliviaCitiesV2.ts(2571,11): error TS1005: ';' expected.
lib/visualLab/data/poiExtraBoliviaCitiesV2.ts(2572,11): error TS1005: ';' expected.
lib/visualLab/data/poiExtraBoliviaCitiesV2.ts(2573,9): error TS1005: ';' expected.
lib/visualLab/data/poiExtraBoliviaCitiesV2.ts(2573,35): error TS1005: ';' expected.
lib/visualLab/data/poiExtraBoliviaCitiesV2.ts(2573,55): error TS1005: ';' expected.
lib/visualLab/data/poiExtraBoliviaCitiesV2.ts(2573,75): error TS1005: ';' expected.
lib/visualLab/data/poiExtraBoliviaCitiesV2.ts(2573,93): error TS1128: Declaration or statement expected.
lib/visualLab/data/poiExtraBoliviaCitiesV2.ts(2576,9): error TS1005: ';' expected.
lib/visualLab/data/poiExtraBoliviaCitiesV2.ts(2577,9): error TS1005: ';' expected.
lib/visualLab/data/poiExtraBoliviaCitiesV2.ts(2578,9): error TS1005: ';' expected.
lib/visualLab/data/poiExtraBoliviaCitiesV2.ts(2579,6): error TS1128: Declaration or statement expected.
lib/visualLab/data/poiExtraBoliviaCitiesV2.ts(2582,9): error TS1005: ';' expected.
lib/visualLab/data/poiExtraBoliviaCitiesV2.ts(2583,9): error TS1005: ';' expected.
lib/visualLab/data/poiExtraBoliviaCitiesV2.ts(2584,9): error TS1005: ';' expected.
lib/visualLab/data/poiExtraBoliviaCitiesV2.ts(2585,6): error TS1128: Declaration or statement expected.
lib/visualLab/data/poiExtraBoliviaCitiesV2.ts(2588,9): error TS1005: ';' expected.
lib/visualLab/data/poiExtraBoliviaCitiesV2.ts(2589,9): error TS1005: ';' expected.
lib/visualLab/data/poiExtraBoliviaCitiesV2.ts(2590,9): error TS1005: ';' expected.
lib/visualLab/data/poiExtraBoliviaCitiesV2.ts(2591,6): error TS1128: Declaration or statement expected.
lib/visualLab/data/poiExtraBoliviaCitiesV2.ts(2599,9): error TS1005: ';' expected.
lib/visualLab/data/poiExtraBoliviaCitiesV2.ts(2600,9): error TS1005: ';' expected.
lib/visualLab/data/poiExtraBoliviaCitiesV2.ts(2601,9): error TS1005: ';' expected.
lib/visualLab/data/poiExtraBoliviaCitiesV2.ts(2604,1): error TS1128: Declaration or statement expected.
lib/visualLab/data/poiExtraBotswanaCitiesV2.ts(57,586): error TS1005: ',' expected.
lib/visualLab/data/poiExtraBotswanaCitiesV2.ts(57,592): error TS1005: ',' expected.
lib/visualLab/data/poiExtraBotswanaCitiesV2.ts(57,597): error TS1005: ',' expected.
lib/visualLab/data/poiExtraBotswanaCitiesV2.ts(57,600): error TS1005: ',' expected.
lib/visualLab/data/poiExtraBotswanaCitiesV2.ts(57,997): error TS1002: Unterminated string literal.
lib/visualLab/data/poiExtraBotswanaCitiesV2.ts(58,5): error TS1005: ':' expected.
lib/visualLab/data/poiExtraBotswanaCitiesV2.ts(140,548): error TS1005: ',' expected.
lib/visualLab/data/poiExtraBotswanaCitiesV2.ts(140,555): error TS1005: ',' expected.
lib/visualLab/data/poiExtraBotswanaCitiesV2.ts(140,558): error TS1005: ',' expected.
lib/visualLab/data/poiExtraBotswanaCitiesV2.ts(140,565): error TS1005: ',' expected.
lib/visualLab/data/poiExtraBotswanaCitiesV2.ts(140,1061): error TS1002: Unterminated string literal.
lib/visualLab/data/poiExtraBotswanaCitiesV2.ts(141,5): error TS1005: ':' expected.
lib/visualLab/data/poiExtraBrazilReliefV2.ts(15,5): error TS1136: Property assignment expected.
lib/visualLab/data/poiExtraBrazilReliefV2.ts(23,16): error TS1005: ',' expected.
lib/visualLab/data/poiExtraBrazilReliefV2.ts(29,10): error TS1005: ',' expected.
lib/visualLab/data/poiExtraBrazilReliefV2.ts(55,3): error TS1005: ',' expected.
lib/visualLab/data/poiExtraBrazilReliefV2.ts(55,4): error TS1128: Declaration or statement expected.
lib/visualLab/data/poiExtraBrazilReliefV2.ts(58,9): error TS1005: ';' expected.
lib/visualLab/data/poiExtraBrazilReliefV2.ts(59,11): error TS1005: ';' expected.
lib/visualLab/data/poiExtraBrazilReliefV2.ts(60,11): error TS1005: ';' expected.
lib/visualLab/data/poiExtraBrazilReliefV2.ts(61,9): error TS1005: ';' expected.
lib/visualLab/data/poiExtraBrazilReliefV2.ts(63,9): error TS1005: ';' expected.
lib/visualLab/data/poiExtraBrazilReliefV2.ts(64,9): error TS1005: ';' expected.
lib/visualLab/data/poiExtraBrazilReliefV2.ts(65,9): error TS1005: ';' expected.
lib/visualLab/data/poiExtraBrazilReliefV2.ts(66,5): error TS1109: Expression expected.
lib/visualLab/data/poiExtraBrazilReliefV2.ts(67,24): error TS1005: ';' expected.
lib/visualLab/data/poiExtraBrazilReliefV2.ts(69,6): error TS1128: Declaration or statement expected.
lib/visualLab/data/poiExtraBrazilReliefV2.ts(73,4): error TS1128: Declaration or statement expected.
lib/visualLab/data/poiExtraBrazilReliefV2.ts(76,9): error TS1005: ';' expected.
lib/visualLab/data/poiExtraBrazilReliefV2.ts(77,9): error TS1005: ';' expected.
lib/visualLab/data/poiExtraBrazilReliefV2.ts(78,9): error TS1005: ';' expected.
lib/visualLab/data/poiExtraBrazilReliefV2.ts(79,5): error TS1109: Expression expected.
lib/visualLab/data/poiExtraBrazilReliefV2.ts(79,6): error TS1128: Declaration or statement expected.
lib/visualLab/data/poiExtraBrazilReliefV2.ts(87,9): error TS1005: ';' expected.
lib/visualLab/data/poiExtraBrazilReliefV2.ts(93,9): error TS1005: ';' expected.
lib/visualLab/data/poiExtraBrazilReliefV2.ts(99,9): error TS1005: ';' expected.
lib/visualLab/data/poiExtraBrazilReliefV2.ts(105,5): error TS1109: Expression expected.
lib/visualLab/data/poiExtraBrazilReliefV2.ts(106,4): error TS1128: Declaration or statement expected.
lib/visualLab/data/poiExtraBrazilReliefV2.ts(109,9): error TS1005: ';' expected.
lib/visualLab/data/poiExtraBrazilReliefV2.ts(110,11): error TS1005: ';' expected.
lib/visualLab/data/poiExtraBrazilReliefV2.ts(111,11): error TS1005: ';' expected.
lib/visualLab/data/poiExtraBrazilReliefV2.ts(112,9): error TS1005: ';' expected.
lib/visualLab/data/poiExtraBrazilReliefV2.ts(114,9): error TS1005: ';' expected.
lib/visualLab/data/poiExtraBrazilReliefV2.ts(115,9): error TS1005: ';' expected.
lib/visualLab/data/poiExtraBrazilReliefV2.ts(116,9): error TS1005: ';' expected.
lib/visualLab/data/poiExtraBrazilReliefV2.ts(117,5): error TS1109: Expression expected.
lib/visualLab/data/poiExtraBrazilReliefV2.ts(118,24): error TS1005: ';' expected.
lib/visualLab/data/poiExtraBrazilReliefV2.ts(120,6): error TS1128: Declaration or statement expected.
lib/visualLab/data/poiExtraBrazilReliefV2.ts(124,4): error TS1128: Declaration or statement expected.
lib/visualLab/data/poiExtraBrazilReliefV2.ts(127,9): error TS1005: ';' expected.
lib/visualLab/data/poiExtraBrazilReliefV2.ts(128,9): error TS1005: ';' expected.
lib/visualLab/data/poiExtraBrazilReliefV2.ts(129,9): error TS1005: ';' expected.
lib/visualLab/data/poiExtraBrazilReliefV2.ts(130,5): error TS1109: Expression expected.
lib/visualLab/data/poiExtraBrazilReliefV2.ts(130,6): error TS1128: Declaration or statement expected.
lib/visualLab/data/poiExtraBrazilReliefV2.ts(138,9): error TS1005: ';' expected.
lib/visualLab/data/poiExtraBrazilReliefV2.ts(144,9): error TS1005: ';' expected.
lib/visualLab/data/poiExtraBrazilReliefV2.ts(150,9): error TS1005: ';' expected.
lib/visualLab/data/poiExtraBrazilReliefV2.ts(156,5): error TS1109: Expression expected.
lib/visualLab/data/poiExtraBrazilReliefV2.ts(157,4): error TS1128: Declaration or statement expected.
lib/visualLab/data/poiExtraBrazilReliefV2.ts(160,9): error TS1005: ';' expected.
lib/visualLab/data/poiExtraBrazilReliefV2.ts(161,11): error TS1005: ';' expected.
lib/visualLab/data/poiExtraBrazilReliefV2.ts(162,11): error TS1005: ';' expected.
lib/visualLab/data/poiExtraBrazilReliefV2.ts(163,9): error TS1005: ';' expected.
lib/visualLab/data/poiExtraBrazilReliefV2.ts(165,9): error TS1005: ';' expected.
lib/visualLab/data/poiExtraBrazilReliefV2.ts(166,9): error TS1005: ';' expected.
lib/visualLab/data/poiExtraBrazilReliefV2.ts(167,9): error TS1005: ';' expected.
lib/visualLab/data/poiExtraBrazilReliefV2.ts(168,5): error TS1109: Expression expected.
lib/visualLab/data/poiExtraBrazilReliefV2.ts(169,24): error TS1005: ';' expected.
lib/visualLab/data/poiExtraBrazilReliefV2.ts(171,6): error TS1128: Declaration or statement expected.
lib/visualLab/data/poiExtraBrazilReliefV2.ts(175,4): error TS1128: Declaration or statement expected.
lib/visualLab/data/poiExtraBrazilReliefV2.ts(178,9): error TS1005: ';' expected.
lib/visualLab/data/poiExtraBrazilReliefV2.ts(179,9): error TS1005: ';' expected.
lib/visualLab/data/poiExtraBrazilReliefV2.ts(180,9): error TS1005: ';' expected.
lib/visualLab/data/poiExtraBrazilReliefV2.ts(181,5): error TS1109: Expression expected.
lib/visualLab/data/poiExtraBrazilReliefV2.ts(181,6): error TS1128: Declaration or statement expected.
lib/visualLab/data/poiExtraBrazilReliefV2.ts(189,9): error TS1005: ';' expected.
lib/visualLab/data/poiExtraBrazilReliefV2.ts(195,9): error TS1005: ';' expected.
lib/visualLab/data/poiExtraBrazilReliefV2.ts(201,9): error TS1005: ';' expected.
lib/visualLab/data/poiExtraBrazilReliefV2.ts(207,5): error TS1109: Expression expected.
lib/visualLab/data/poiExtraBrazilReliefV2.ts(208,4): error TS1128: Declaration or statement expected.
lib/visualLab/data/poiExtraBrazilReliefV2.ts(211,9): error TS1005: ';' expected.
lib/visualLab/data/poiExtraBrazilReliefV2.ts(212,11): error TS1005: ';' expected.
lib/visualLab/data/poiExtraBrazilReliefV2.ts(213,11): error TS1005: ';' expected.
lib/visualLab/data/poiExtraBrazilReliefV2.ts(214,9): error TS1005: ';' expected.
lib/visualLab/data/poiExtraBrazilReliefV2.ts(216,9): error TS1005: ';' expected.
lib/visualLab/data/poiExtraBrazilReliefV2.ts(217,9): error TS1005: ';' expected.
lib/visualLab/data/poiExtraBrazilReliefV2.ts(218,9): error TS1005: ';' expected.
lib/visualLab/data/poiExtraBrazilReliefV2.ts(219,5): error TS1109: Expression expected.
lib/visualLab/data/poiExtraBrazilReliefV2.ts(220,24): error TS1005: ';' expected.
lib/visualLab/data/poiExtraBrazilReliefV2.ts(222,6): error TS1128: Declaration or statement expected.
lib/visualLab/data/poiExtraBrazilReliefV2.ts(226,4): error TS1128: Declaration or statement expected.
lib/visualLab/data/poiExtraBrazilReliefV2.ts(229,9): error TS1005: ';' expected.
lib/visualLab/data/poiExtraBrazilReliefV2.ts(230,9): error TS1005: ';' expected.
lib/visualLab/data/poiExtraBrazilReliefV2.ts(231,9): error TS1005: ';' expected.
lib/visualLab/data/poiExtraBrazilReliefV2.ts(232,5): error TS1109: Expression expected.
lib/visualLab/data/poiExtraBrazilReliefV2.ts(232,6): error TS1128: Declaration or statement expected.
lib/visualLab/data/poiExtraBrazilReliefV2.ts(240,9): error TS1005: ';' expected.
lib/visualLab/data/poiExtraBrazilReliefV2.ts(246,9): error TS1005: ';' expected.
lib/visualLab/data/poiExtraBrazilReliefV2.ts(252,9): error TS1005: ';' expected.
lib/visualLab/data/poiExtraBrazilReliefV2.ts(258,5): error TS1109: Expression expected.
lib/visualLab/data/poiExtraBrazilReliefV2.ts(259,4): error TS1128: Declaration or statement expected.
lib/visualLab/data/poiExtraBrazilReliefV2.ts(262,9): error TS1005: ';' expected.
lib/visualLab/data/poiExtraBrazilReliefV2.ts(263,11): error TS1005: ';' expected.
lib/visualLab/data/poiExtraBrazilReliefV2.ts(264,11): error TS1005: ';' expected.
lib/visualLab/data/poiExtraBrazilReliefV2.ts(265,9): error TS1005: ';' expected.
lib/visualLab/data/poiExtraBrazilReliefV2.ts(267,9): error TS1005: ';' expected.
lib/visualLab/data/poiExtraBrazilReliefV2.ts(268,9): error TS1005: ';' expected.
lib/visualLab/data/poiExtraBrazilReliefV2.ts(269,9): error TS1005: ';' expected.
lib/visualLab/data/poiExtraBrazilReliefV2.ts(270,5): error TS1109: Expression expected.
lib/visualLab/data/poiExtraBrazilReliefV2.ts(270,6): error TS1128: Declaration or statement expected.
lib/visualLab/data/poiExtraBrazilReliefV2.ts(273,9): error TS1005: ';' expected.
lib/visualLab/data/poiExtraBrazilReliefV2.ts(274,9): error TS1005: ';' expected.
lib/visualLab/data/poiExtraBrazilReliefV2.ts(275,9): error TS1005: ';' expected.
lib/visualLab/data/poiExtraBrazilReliefV2.ts(276,5): error TS1109: Expression expected.
lib/visualLab/data/poiExtraBrazilReliefV2.ts(276,6): error TS1128: Declaration or statement expected.
lib/visualLab/data/poiExtraBrazilReliefV2.ts(284,9): error TS1005: ';' expected.
lib/visualLab/data/poiExtraBrazilReliefV2.ts(290,9): error TS1005: ';' expected.
lib/visualLab/data/poiExtraBrazilReliefV2.ts(296,9): error TS1005: ';' expected.
lib/visualLab/data/poiExtraBrazilReliefV2.ts(302,5): error TS1109: Expression expected.
lib/visualLab/data/poiExtraBrazilReliefV2.ts(303,4): error TS1128: Declaration or statement expected.
lib/visualLab/data/poiExtraBrazilReliefV2.ts(306,9): error TS1005: ';' expected.
lib/visualLab/data/poiExtraBrazilReliefV2.ts(307,11): error TS1005: ';' expected.
lib/visualLab/data/poiExtraBrazilReliefV2.ts(308,11): error TS1005: ';' expected.
lib/visualLab/data/poiExtraBrazilReliefV2.ts(309,9): error TS1005: ';' expected.
lib/visualLab/data/poiExtraBrazilReliefV2.ts(311,9): error TS1005: ';' expected.
lib/visualLab/data/poiExtraBrazilReliefV2.ts(312,9): error TS1005: ';' expected.
lib/visualLab/data/poiExtraBrazilReliefV2.ts(313,9): error TS1005: ';' expected.
lib/visualLab/data/poiExtraBrazilReliefV2.ts(314,5): error TS1109: Expression expected.
lib/visualLab/data/poiExtraBrazilReliefV2.ts(314,6): error TS1128: Declaration or statement expected.
lib/visualLab/data/poiExtraBrazilReliefV2.ts(317,9): error TS1005: ';' expected.
lib/visualLab/data/poiExtraBrazilReliefV2.ts(318,9): error TS1005: ';' expected.
lib/visualLab/data/poiExtraBrazilReliefV2.ts(319,9): error TS1005: ';' expected.
lib/visualLab/data/poiExtraBrazilReliefV2.ts(320,5): error TS1109: Expression expected.
lib/visualLab/data/poiExtraBrazilReliefV2.ts(320,6): error TS1128: Declaration or statement expected.
lib/visualLab/data/poiExtraBrazilReliefV2.ts(328,9): error TS1005: ';' expected.
lib/visualLab/data/poiExtraBrazilReliefV2.ts(334,9): error TS1005: ';' expected.
lib/visualLab/data/poiExtraBrazilReliefV2.ts(340,9): error TS1005: ';' expected.
lib/visualLab/data/poiExtraBrazilReliefV2.ts(346,5): error TS1109: Expression expected.
lib/visualLab/data/poiExtraBrazilReliefV2.ts(347,4): error TS1128: Declaration or statement expected.
lib/visualLab/data/poiExtraBrazilReliefV2.ts(350,9): error TS1005: ';' expected.
lib/visualLab/data/poiExtraBrazilReliefV2.ts(351,11): error TS1005: ';' expected.
lib/visualLab/data/poiExtraBrazilReliefV2.ts(352,11): error TS1005: ';' expected.
lib/visualLab/data/poiExtraBrazilReliefV2.ts(353,9): error TS1005: ';' expected.
lib/visualLab/data/poiExtraBrazilReliefV2.ts(355,9): error TS1005: ';' expected.
lib/visualLab/data/poiExtraBrazilReliefV2.ts(356,9): error TS1005: ';' expected.
lib/visualLab/data/poiExtraBrazilReliefV2.ts(357,9): error TS1005: ';' expected.
lib/visualLab/data/poiExtraBrazilReliefV2.ts(358,5): error TS1109: Expression expected.
lib/visualLab/data/poiExtraBrazilReliefV2.ts(358,6): error TS1128: Declaration or statement expected.
lib/visualLab/data/poiExtraBrazilReliefV2.ts(361,9): error TS1005: ';' expected.
lib/visualLab/data/poiExtraBrazilReliefV2.ts(362,9): error TS1005: ';' expected.
lib/visualLab/data/poiExtraBrazilReliefV2.ts(363,9): error TS1005: ';' expected.
lib/visualLab/data/poiExtraBrazilReliefV2.ts(364,5): error TS1109: Expression expected.
lib/visualLab/data/poiExtraBrazilReliefV2.ts(364,6): error TS1128: Declaration or statement expected.
lib/visualLab/data/poiExtraBrazilReliefV2.ts(372,9): error TS1005: ';' expected.
lib/visualLab/data/poiExtraBrazilReliefV2.ts(378,9): error TS1005: ';' expected.
lib/visualLab/data/poiExtraBrazilReliefV2.ts(384,9): error TS1005: ';' expected.
lib/visualLab/data/poiExtraBrazilReliefV2.ts(390,5): error TS1109: Expression expected.
lib/visualLab/data/poiExtraBrazilReliefV2.ts(391,4): error TS1128: Declaration or statement expected.
lib/visualLab/data/poiExtraBrazilReliefV2.ts(394,9): error TS1005: ';' expected.
lib/visualLab/data/poiExtraBrazilReliefV2.ts(395,11): error TS1005: ';' expected.
lib/visualLab/data/poiExtraBrazilReliefV2.ts(396,11): error TS1005: ';' expected.
lib/visualLab/data/poiExtraBrazilReliefV2.ts(397,9): error TS1005: ';' expected.
lib/visualLab/data/poiExtraBrazilReliefV2.ts(399,9): error TS1005: ';' expected.
lib/visualLab/data/poiExtraBrazilReliefV2.ts(400,9): error TS1005: ';' expected.
lib/visualLab/data/poiExtraBrazilReliefV2.ts(401,9): error TS1005: ';' expected.
lib/visualLab/data/poiExtraBrazilReliefV2.ts(402,5): error TS1109: Expression expected.
lib/visualLab/data/poiExtraBrazilReliefV2.ts(402,6): error TS1128: Declaration or statement expected.
lib/visualLab/data/poiExtraBrazilReliefV2.ts(405,9): error TS1005: ';' expected.
lib/visualLab/data/poiExtraBrazilReliefV2.ts(406,9): error TS1005: ';' expected.
lib/visualLab/data/poiExtraBrazilReliefV2.ts(407,9): error TS1005: ';' expected.
lib/visualLab/data/poiExtraBrazilReliefV2.ts(408,5): error TS1109: Expression expected.
lib/visualLab/data/poiExtraBrazilReliefV2.ts(408,6): error TS1128: Declaration or statement expected.
lib/visualLab/data/poiExtraBrazilReliefV2.ts(416,9): error TS1005: ';' expected.
lib/visualLab/data/poiExtraBrazilReliefV2.ts(422,9): error TS1005: ';' expected.
lib/visualLab/data/poiExtraBrazilReliefV2.ts(428,9): error TS1005: ';' expected.
lib/visualLab/data/poiExtraBrazilReliefV2.ts(434,5): error TS1109: Expression expected.
lib/visualLab/data/poiExtraBrazilReliefV2.ts(435,4): error TS1128: Declaration or statement expected.
lib/visualLab/data/poiExtraBrazilReliefV2.ts(438,9): error TS1005: ';' expected.
lib/visualLab/data/poiExtraBrazilReliefV2.ts(439,11): error TS1005: ';' expected.
lib/visualLab/data/poiExtraBrazilReliefV2.ts(440,11): error TS1005: ';' expected.
lib/visualLab/data/poiExtraBrazilReliefV2.ts(441,9): error TS1005: ';' expected.
lib/visualLab/data/poiExtraBrazilReliefV2.ts(443,9): error TS1005: ';' expected.
lib/visualLab/data/poiExtraBrazilReliefV2.ts(444,9): error TS1005: ';' expected.
lib/visualLab/data/poiExtraBrazilReliefV2.ts(445,9): error TS1005: ';' expected.
lib/visualLab/data/poiExtraBrazilReliefV2.ts(446,5): error TS1109: Expression expected.
lib/visualLab/data/poiExtraBrazilReliefV2.ts(446,6): error TS1128: Declaration or statement expected.
lib/visualLab/data/poiExtraBrazilReliefV2.ts(449,9): error TS1005: ';' expected.
lib/visualLab/data/poiExtraBrazilReliefV2.ts(450,9): error TS1005: ';' expected.
lib/visualLab/data/poiExtraBrazilReliefV2.ts(451,9): error TS1005: ';' expected.
lib/visualLab/data/poiExtraBrazilReliefV2.ts(452,5): error TS1109: Expression expected.
lib/visualLab/data/poiExtraBrazilReliefV2.ts(452,6): error TS1128: Declaration or statement expected.
lib/visualLab/data/poiExtraBrazilReliefV2.ts(460,9): error TS1005: ';' expected.
lib/visualLab/data/poiExtraBrazilReliefV2.ts(466,9): error TS1005: ';' expected.
lib/visualLab/data/poiExtraBrazilReliefV2.ts(472,9): error TS1005: ';' expected.
lib/visualLab/data/poiExtraBrazilReliefV2.ts(478,5): error TS1109: Expression expected.
lib/visualLab/data/poiExtraBrazilReliefV2.ts(479,4): error TS1128: Declaration or statement expected.
lib/visualLab/data/poiExtraBrazilReliefV2.ts(482,9): error TS1005: ';' expected.
lib/visualLab/data/poiExtraBrazilReliefV2.ts(483,11): error TS1005: ';' expected.
lib/visualLab/data/poiExtraBrazilReliefV2.ts(484,11): error TS1005: ';' expected.
lib/visualLab/data/poiExtraBrazilReliefV2.ts(485,9): error TS1005: ';' expected.
lib/visualLab/data/poiExtraBrazilReliefV2.ts(487,9): error TS1005: ';' expected.
lib/visualLab/data/poiExtraBrazilReliefV2.ts(488,9): error TS1005: ';' expected.
lib/visualLab/data/poiExtraBrazilReliefV2.ts(489,9): error TS1005: ';' expected.
lib/visualLab/data/poiExtraBrazilReliefV2.ts(490,5): error TS1109: Expression expected.
lib/visualLab/data/poiExtraBrazilReliefV2.ts(490,6): error TS1128: Declaration or statement expected.
lib/visualLab/data/poiExtraBrazilReliefV2.ts(493,9): error TS1005: ';' expected.
lib/visualLab/data/poiExtraBrazilReliefV2.ts(494,9): error TS1005: ';' expected.
lib/visualLab/data/poiExtraBrazilReliefV2.ts(495,9): error TS1005: ';' expected.
lib/visualLab/data/poiExtraBrazilReliefV2.ts(496,5): error TS1109: Expression expected.
lib/visualLab/data/poiExtraBrazilReliefV2.ts(496,6): error TS1128: Declaration or statement expected.
lib/visualLab/data/poiExtraBrazilReliefV2.ts(504,9): error TS1005: ';' expected.
lib/visualLab/data/poiExtraBrazilReliefV2.ts(510,9): error TS1005: ';' expected.
lib/visualLab/data/poiExtraBrazilReliefV2.ts(516,9): error TS1005: ';' expected.
lib/visualLab/data/poiExtraBrazilReliefV2.ts(522,5): error TS1109: Expression expected.
lib/visualLab/data/poiExtraBrazilReliefV2.ts(523,4): error TS1128: Declaration or statement expected.
lib/visualLab/data/poiExtraBrazilReliefV2.ts(526,9): error TS1005: ';' expected.
lib/visualLab/data/poiExtraBrazilReliefV2.ts(527,11): error TS1005: ';' expected.
lib/visualLab/data/poiExtraBrazilReliefV2.ts(528,11): error TS1005: ';' expected.
lib/visualLab/data/poiExtraBrazilReliefV2.ts(529,9): error TS1005: ';' expected.
lib/visualLab/data/poiExtraBrazilReliefV2.ts(531,9): error TS1005: ';' expected.
lib/visualLab/data/poiExtraBrazilReliefV2.ts(532,9): error TS1005: ';' expected.
lib/visualLab/data/poiExtraBrazilReliefV2.ts(533,9): error TS1005: ';' expected.
lib/visualLab/data/poiExtraBrazilReliefV2.ts(534,5): error TS1109: Expression expected.
lib/visualLab/data/poiExtraBrazilReliefV2.ts(534,6): error TS1128: Declaration or statement expected.
lib/visualLab/data/poiExtraBrazilReliefV2.ts(537,9): error TS1005: ';' expected.
lib/visualLab/data/poiExtraBrazilReliefV2.ts(538,9): error TS1005: ';' expected.
lib/visualLab/data/poiExtraBrazilReliefV2.ts(539,9): error TS1005: ';' expected.
lib/visualLab/data/poiExtraBrazilReliefV2.ts(540,5): error TS1109: Expression expected.
lib/visualLab/data/poiExtraBrazilReliefV2.ts(540,6): error TS1128: Declaration or statement expected.
lib/visualLab/data/poiExtraBrazilReliefV2.ts(548,9): error TS1005: ';' expected.
lib/visualLab/data/poiExtraBrazilReliefV2.ts(554,9): error TS1005: ';' expected.
lib/visualLab/data/poiExtraBrazilReliefV2.ts(560,9): error TS1005: ';' expected.
lib/visualLab/data/poiExtraBrazilReliefV2.ts(566,5): error TS1109: Expression expected.
lib/visualLab/data/poiExtraBrazilReliefV2.ts(567,4): error TS1128: Declaration or statement expected.
lib/visualLab/data/poiExtraBrazilReliefV2.ts(570,9): error TS1005: ';' expected.
lib/visualLab/data/poiExtraBrazilReliefV2.ts(571,11): error TS1005: ';' expected.
lib/visualLab/data/poiExtraBrazilReliefV2.ts(572,11): error TS1005: ';' expected.
lib/visualLab/data/poiExtraBrazilReliefV2.ts(573,9): error TS1005: ';' expected.
lib/visualLab/data/poiExtraBrazilReliefV2.ts(575,9): error TS1005: ';' expected.
lib/visualLab/data/poiExtraBrazilReliefV2.ts(576,9): error TS1005: ';' expected.
lib/visualLab/data/poiExtraBrazilReliefV2.ts(577,9): error TS1005: ';' expected.
lib/visualLab/data/poiExtraBrazilReliefV2.ts(578,5): error TS1109: Expression expected.
lib/visualLab/data/poiExtraBrazilReliefV2.ts(578,6): error TS1128: Declaration or statement expected.
lib/visualLab/data/poiExtraBrazilReliefV2.ts(581,9): error TS1005: ';' expected.
lib/visualLab/data/poiExtraBrazilReliefV2.ts(582,9): error TS1005: ';' expected.
lib/visualLab/data/poiExtraBrazilReliefV2.ts(583,9): error TS1005: ';' expected.
lib/visualLab/data/poiExtraBrazilReliefV2.ts(584,5): error TS1109: Expression expected.
lib/visualLab/data/poiExtraBrazilReliefV2.ts(584,6): error TS1128: Declaration or statement expected.
lib/visualLab/data/poiExtraBrazilReliefV2.ts(592,9): error TS1005: ';' expected.
lib/visualLab/data/poiExtraBrazilReliefV2.ts(598,9): error TS1005: ';' expected.
lib/visualLab/data/poiExtraBrazilReliefV2.ts(604,9): error TS1005: ';' expected.
lib/visualLab/data/poiExtraBrazilReliefV2.ts(610,5): error TS1109: Expression expected.
lib/visualLab/data/poiExtraBrazilReliefV2.ts(611,4): error TS1128: Declaration or statement expected.
lib/visualLab/data/poiExtraBrazilReliefV2.ts(614,9): error TS1005: ';' expected.
lib/visualLab/data/poiExtraBrazilReliefV2.ts(615,11): error TS1005: ';' expected.
lib/visualLab/data/poiExtraBrazilReliefV2.ts(616,11): error TS1005: ';' expected.
lib/visualLab/data/poiExtraBrazilReliefV2.ts(617,9): error TS1005: ';' expected.
lib/visualLab/data/poiExtraBrazilReliefV2.ts(619,9): error TS1005: ';' expected.
lib/visualLab/data/poiExtraBrazilReliefV2.ts(620,9): error TS1005: ';' expected.
lib/visualLab/data/poiExtraBrazilReliefV2.ts(621,9): error TS1005: ';' expected.
lib/visualLab/data/poiExtraBrazilReliefV2.ts(622,5): error TS1109: Expression expected.
lib/visualLab/data/poiExtraBrazilReliefV2.ts(622,6): error TS1128: Declaration or statement expected.
lib/visualLab/data/poiExtraBrazilReliefV2.ts(625,9): error TS1005: ';' expected.
lib/visualLab/data/poiExtraBrazilReliefV2.ts(626,9): error TS1005: ';' expected.
lib/visualLab/data/poiExtraBrazilReliefV2.ts(627,9): error TS1005: ';' expected.
lib/visualLab/data/poiExtraBrazilReliefV2.ts(628,5): error TS1109: Expression expected.
lib/visualLab/data/poiExtraBrazilReliefV2.ts(628,6): error TS1128: Declaration or statement expected.
lib/visualLab/data/poiExtraBrazilReliefV2.ts(636,9): error TS1005: ';' expected.
lib/visualLab/data/poiExtraBrazilReliefV2.ts(642,9): error TS1005: ';' expected.
lib/visualLab/data/poiExtraBrazilReliefV2.ts(648,9): error TS1005: ';' expected.
lib/visualLab/data/poiExtraBrazilReliefV2.ts(654,5): error TS1109: Expression expected.
lib/visualLab/data/poiExtraBrazilReliefV2.ts(655,4): error TS1128: Declaration or statement expected.
lib/visualLab/data/poiExtraBrazilReliefV2.ts(658,9): error TS1005: ';' expected.
lib/visualLab/data/poiExtraBrazilReliefV2.ts(659,11): error TS1005: ';' expected.
lib/visualLab/data/poiExtraBrazilReliefV2.ts(660,11): error TS1005: ';' expected.
lib/visualLab/data/poiExtraBrazilReliefV2.ts(661,9): error TS1005: ';' expected.
lib/visualLab/data/poiExtraBrazilReliefV2.ts(663,9): error TS1005: ';' expected.
lib/visualLab/data/poiExtraBrazilReliefV2.ts(664,9): error TS1005: ';' expected.
lib/visualLab/data/poiExtraBrazilReliefV2.ts(665,9): error TS1005: ';' expected.
lib/visualLab/data/poiExtraBrazilReliefV2.ts(666,5): error TS1109: Expression expected.
lib/visualLab/data/poiExtraBrazilReliefV2.ts(666,6): error TS1128: Declaration or statement expected.
lib/visualLab/data/poiExtraBrazilReliefV2.ts(669,9): error TS1005: ';' expected.
lib/visualLab/data/poiExtraBrazilReliefV2.ts(670,9): error TS1005: ';' expected.
lib/visualLab/data/poiExtraBrazilReliefV2.ts(671,9): error TS1005: ';' expected.
lib/visualLab/data/poiExtraBrazilReliefV2.ts(672,5): error TS1109: Expression expected.
lib/visualLab/data/poiExtraBrazilReliefV2.ts(672,6): error TS1128: Declaration or statement expected.
lib/visualLab/data/poiExtraBrazilReliefV2.ts(680,9): error TS1005: ';' expected.
lib/visualLab/data/poiExtraBrazilReliefV2.ts(686,9): error TS1005: ';' expected.
lib/visualLab/data/poiExtraBrazilReliefV2.ts(692,9): error TS1005: ';' expected.
lib/visualLab/data/poiExtraBrazilReliefV2.ts(698,5): error TS1109: Expression expected.
lib/visualLab/data/poiExtraBrazilReliefV2.ts(699,4): error TS1128: Declaration or statement expected.
lib/visualLab/data/poiExtraBrazilReliefV2.ts(702,9): error TS1005: ';' expected.
lib/visualLab/data/poiExtraBrazilReliefV2.ts(703,11): error TS1005: ';' expected.
lib/visualLab/data/poiExtraBrazilReliefV2.ts(704,11): error TS1005: ';' expected.
lib/visualLab/data/poiExtraBrazilReliefV2.ts(705,9): error TS1005: ';' expected.
lib/visualLab/data/poiExtraBrazilReliefV2.ts(707,9): error TS1005: ';' expected.
lib/visualLab/data/poiExtraBrazilReliefV2.ts(708,9): error TS1005: ';' expected.
lib/visualLab/data/poiExtraBrazilReliefV2.ts(709,9): error TS1005: ';' expected.
lib/visualLab/data/poiExtraBrazilReliefV2.ts(710,5): error TS1109: Expression expected.
lib/visualLab/data/poiExtraBrazilReliefV2.ts(710,6): error TS1128: Declaration or statement expected.
lib/visualLab/data/poiExtraBrazilReliefV2.ts(713,9): error TS1005: ';' expected.
lib/visualLab/data/poiExtraBrazilReliefV2.ts(714,9): error TS1005: ';' expected.
lib/visualLab/data/poiExtraBrazilReliefV2.ts(715,9): error TS1005: ';' expected.
lib/visualLab/data/poiExtraBrazilReliefV2.ts(716,5): error TS1109: Expression expected.
lib/visualLab/data/poiExtraBrazilReliefV2.ts(716,6): error TS1128: Declaration or statement expected.
lib/visualLab/data/poiExtraBrazilReliefV2.ts(724,9): error TS1005: ';' expected.
lib/visualLab/data/poiExtraBrazilReliefV2.ts(730,9): error TS1005: ';' expected.
lib/visualLab/data/poiExtraBrazilReliefV2.ts(736,9): error TS1005: ';' expected.
lib/visualLab/data/poiExtraBrazilReliefV2.ts(742,5): error TS1109: Expression expected.
lib/visualLab/data/poiExtraBrazilReliefV2.ts(743,4): error TS1128: Declaration or statement expected.
lib/visualLab/data/poiExtraBrazilReliefV2.ts(746,9): error TS1005: ';' expected.
lib/visualLab/data/poiExtraBrazilReliefV2.ts(747,11): error TS1005: ';' expected.
lib/visualLab/data/poiExtraBrazilReliefV2.ts(748,11): error TS1005: ';' expected.
lib/visualLab/data/poiExtraBrazilReliefV2.ts(749,9): error TS1005: ';' expected.
lib/visualLab/data/poiExtraBrazilReliefV2.ts(751,9): error TS1005: ';' expected.
lib/visualLab/data/poiExtraBrazilReliefV2.ts(752,9): error TS1005: ';' expected.
lib/visualLab/data/poiExtraBrazilReliefV2.ts(753,9): error TS1005: ';' expected.
lib/visualLab/data/poiExtraBrazilReliefV2.ts(754,5): error TS1109: Expression expected.
lib/visualLab/data/poiExtraBrazilReliefV2.ts(754,6): error TS1128: Declaration or statement expected.
lib/visualLab/data/poiExtraBrazilReliefV2.ts(757,9): error TS1005: ';' expected.
lib/visualLab/data/poiExtraBrazilReliefV2.ts(758,9): error TS1005: ';' expected.
lib/visualLab/data/poiExtraBrazilReliefV2.ts(759,9): error TS1005: ';' expected.
lib/visualLab/data/poiExtraBrazilReliefV2.ts(760,5): error TS1109: Expression expected.
lib/visualLab/data/poiExtraBrazilReliefV2.ts(760,6): error TS1128: Declaration or statement expected.
lib/visualLab/data/poiExtraBrazilReliefV2.ts(768,9): error TS1005: ';' expected.
lib/visualLab/data/poiExtraBrazilReliefV2.ts(774,9): error TS1005: ';' expected.
lib/visualLab/data/poiExtraBrazilReliefV2.ts(780,9): error TS1005: ';' expected.
lib/visualLab/data/poiExtraBrazilReliefV2.ts(786,5): error TS1109: Expression expected.
lib/visualLab/data/poiExtraBrazilReliefV2.ts(787,4): error TS1128: Declaration or statement expected.
lib/visualLab/data/poiExtraBrazilReliefV2.ts(790,9): error TS1005: ';' expected.
lib/visualLab/data/poiExtraBrazilReliefV2.ts(791,11): error TS1005: ';' expected.
lib/visualLab/data/poiExtraBrazilReliefV2.ts(792,11): error TS1005: ';' expected.
lib/visualLab/data/poiExtraBrazilReliefV2.ts(793,9): error TS1005: ';' expected.
lib/visualLab/data/poiExtraBrazilReliefV2.ts(795,9): error TS1005: ';' expected.
lib/visualLab/data/poiExtraBrazilReliefV2.ts(796,9): error TS1005: ';' expected.
lib/visualLab/data/poiExtraBrazilReliefV2.ts(797,9): error TS1005: ';' expected.
lib/visualLab/data/poiExtraBrazilReliefV2.ts(798,5): error TS1109: Expression expected.
lib/visualLab/data/poiExtraBrazilReliefV2.ts(798,6): error TS1128: Declaration or statement expected.
lib/visualLab/data/poiExtraBrazilReliefV2.ts(801,9): error TS1005: ';' expected.
lib/visualLab/data/poiExtraBrazilReliefV2.ts(802,9): error TS1005: ';' expected.
lib/visualLab/data/poiExtraBrazilReliefV2.ts(803,9): error TS1005: ';' expected.
lib/visualLab/data/poiExtraBrazilReliefV2.ts(804,5): error TS1109: Expression expected.
lib/visualLab/data/poiExtraBrazilReliefV2.ts(804,6): error TS1128: Declaration or statement expected.
lib/visualLab/data/poiExtraBrazilReliefV2.ts(812,9): error TS1005: ';' expected.
lib/visualLab/data/poiExtraBrazilReliefV2.ts(818,9): error TS1005: ';' expected.
lib/visualLab/data/poiExtraBrazilReliefV2.ts(824,9): error TS1005: ';' expected.
lib/visualLab/data/poiExtraBrazilReliefV2.ts(830,5): error TS1109: Expression expected.
lib/visualLab/data/poiExtraBrazilReliefV2.ts(831,4): error TS1128: Declaration or statement expected.
lib/visualLab/data/poiExtraBrazilReliefV2.ts(834,9): error TS1005: ';' expected.
lib/visualLab/data/poiExtraBrazilReliefV2.ts(835,11): error TS1005: ';' expected.
lib/visualLab/data/poiExtraBrazilReliefV2.ts(836,11): error TS1005: ';' expected.
lib/visualLab/data/poiExtraBrazilReliefV2.ts(837,9): error TS1005: ';' expected.
lib/visualLab/data/poiExtraBrazilReliefV2.ts(839,9): error TS1005: ';' expected.
lib/visualLab/data/poiExtraBrazilReliefV2.ts(840,9): error TS1005: ';' expected.
lib/visualLab/data/poiExtraBrazilReliefV2.ts(841,9): error TS1005: ';' expected.
lib/visualLab/data/poiExtraBrazilReliefV2.ts(842,5): error TS1109: Expression expected.
lib/visualLab/data/poiExtraBrazilReliefV2.ts(842,6): error TS1128: Declaration or statement expected.
lib/visualLab/data/poiExtraBrazilReliefV2.ts(845,9): error TS1005: ';' expected.
lib/visualLab/data/poiExtraBrazilReliefV2.ts(846,9): error TS1005: ';' expected.
lib/visualLab/data/poiExtraBrazilReliefV2.ts(847,9): error TS1005: ';' expected.
lib/visualLab/data/poiExtraBrazilReliefV2.ts(848,5): error TS1109: Expression expected.
lib/visualLab/data/poiExtraBrazilReliefV2.ts(848,6): error TS1128: Declaration or statement expected.
lib/visualLab/data/poiExtraBrazilReliefV2.ts(856,9): error TS1005: ';' expected.
lib/visualLab/data/poiExtraBrazilReliefV2.ts(862,9): error TS1005: ';' expected.
lib/visualLab/data/poiExtraBrazilReliefV2.ts(868,9): error TS1005: ';' expected.
lib/visualLab/data/poiExtraBrazilReliefV2.ts(874,5): error TS1109: Expression expected.
lib/visualLab/data/poiExtraBrazilReliefV2.ts(875,4): error TS1128: Declaration or statement expected.
lib/visualLab/data/poiExtraBrazilReliefV2.ts(878,9): error TS1005: ';' expected.
lib/visualLab/data/poiExtraBrazilReliefV2.ts(879,11): error TS1005: ';' expected.
lib/visualLab/data/poiExtraBrazilReliefV2.ts(880,11): error TS1005: ';' expected.
lib/visualLab/data/poiExtraBrazilReliefV2.ts(881,9): error TS1005: ';' expected.
lib/visualLab/data/poiExtraBrazilReliefV2.ts(883,9): error TS1005: ';' expected.
lib/visualLab/data/poiExtraBrazilReliefV2.ts(884,9): error TS1005: ';' expected.
lib/visualLab/data/poiExtraBrazilReliefV2.ts(885,9): error TS1005: ';' expected.
lib/visualLab/data/poiExtraBrazilReliefV2.ts(886,5): error TS1109: Expression expected.
lib/visualLab/data/poiExtraBrazilReliefV2.ts(886,6): error TS1128: Declaration or statement expected.
lib/visualLab/data/poiExtraBrazilReliefV2.ts(889,9): error TS1005: ';' expected.
lib/visualLab/data/poiExtraBrazilReliefV2.ts(890,9): error TS1005: ';' expected.
lib/visualLab/data/poiExtraBrazilReliefV2.ts(891,9): error TS1005: ';' expected.
lib/visualLab/data/poiExtraBrazilReliefV2.ts(892,5): error TS1109: Expression expected.
lib/visualLab/data/poiExtraBrazilReliefV2.ts(892,6): error TS1128: Declaration or statement expected.
lib/visualLab/data/poiExtraBrazilReliefV2.ts(900,9): error TS1005: ';' expected.
lib/visualLab/data/poiExtraBrazilReliefV2.ts(906,9): error TS1005: ';' expected.
lib/visualLab/data/poiExtraBrazilReliefV2.ts(912,9): error TS1005: ';' expected.
lib/visualLab/data/poiExtraBrazilReliefV2.ts(918,5): error TS1109: Expression expected.
lib/visualLab/data/poiExtraBrazilReliefV2.ts(919,4): error TS1128: Declaration or statement expected.
lib/visualLab/data/poiExtraBrazilReliefV2.ts(922,9): error TS1005: ';' expected.
lib/visualLab/data/poiExtraBrazilReliefV2.ts(923,11): error TS1005: ';' expected.
lib/visualLab/data/poiExtraBrazilReliefV2.ts(924,11): error TS1005: ';' expected.
lib/visualLab/data/poiExtraBrazilReliefV2.ts(925,9): error TS1005: ';' expected.
lib/visualLab/data/poiExtraBrazilReliefV2.ts(927,9): error TS1005: ';' expected.
lib/visualLab/data/poiExtraBrazilReliefV2.ts(928,9): error TS1005: ';' expected.
lib/visualLab/data/poiExtraBrazilReliefV2.ts(929,9): error TS1005: ';' expected.
lib/visualLab/data/poiExtraBrazilReliefV2.ts(930,5): error TS1109: Expression expected.
lib/visualLab/data/poiExtraBrazilReliefV2.ts(930,6): error TS1128: Declaration or statement expected.
lib/visualLab/data/poiExtraBrazilReliefV2.ts(933,9): error TS1005: ';' expected.
lib/visualLab/data/poiExtraBrazilReliefV2.ts(934,9): error TS1005: ';' expected.
lib/visualLab/data/poiExtraBrazilReliefV2.ts(935,9): error TS1005: ';' expected.
lib/visualLab/data/poiExtraBrazilReliefV2.ts(936,5): error TS1109: Expression expected.
lib/visualLab/data/poiExtraBrazilReliefV2.ts(936,6): error TS1128: Declaration or statement expected.
lib/visualLab/data/poiExtraBrazilReliefV2.ts(944,9): error TS1005: ';' expected.
lib/visualLab/data/poiExtraBrazilReliefV2.ts(950,9): error TS1005: ';' expected.
lib/visualLab/data/poiExtraBrazilReliefV2.ts(956,9): error TS1005: ';' expected.
lib/visualLab/data/poiExtraBrazilReliefV2.ts(962,5): error TS1109: Expression expected.
lib/visualLab/data/poiExtraBrazilReliefV2.ts(963,4): error TS1128: Declaration or statement expected.
lib/visualLab/data/poiExtraBrazilReliefV2.ts(966,9): error TS1005: ';' expected.
lib/visualLab/data/poiExtraBrazilReliefV2.ts(967,11): error TS1005: ';' expected.
lib/visualLab/data/poiExtraBrazilReliefV2.ts(968,11): error TS1005: ';' expected.
lib/visualLab/data/poiExtraBrazilReliefV2.ts(969,9): error TS1005: ';' expected.
lib/visualLab/data/poiExtraBrazilReliefV2.ts(971,9): error TS1005: ';' expected.
lib/visualLab/data/poiExtraBrazilReliefV2.ts(972,9): error TS1005: ';' expected.
lib/visualLab/data/poiExtraBrazilReliefV2.ts(973,9): error TS1005: ';' expected.
lib/visualLab/data/poiExtraBrazilReliefV2.ts(974,5): error TS1109: Expression expected.
lib/visualLab/data/poiExtraBrazilReliefV2.ts(974,6): error TS1128: Declaration or statement expected.
lib/visualLab/data/poiExtraBrazilReliefV2.ts(977,9): error TS1005: ';' expected.
lib/visualLab/data/poiExtraBrazilReliefV2.ts(978,9): error TS1005: ';' expected.
lib/visualLab/data/poiExtraBrazilReliefV2.ts(979,9): error TS1005: ';' expected.
lib/visualLab/data/poiExtraBrazilReliefV2.ts(980,5): error TS1109: Expression expected.
lib/visualLab/data/poiExtraBrazilReliefV2.ts(980,6): error TS1128: Declaration or statement expected.
lib/visualLab/data/poiExtraBrazilReliefV2.ts(988,9): error TS1005: ';' expected.
lib/visualLab/data/poiExtraBrazilReliefV2.ts(994,9): error TS1005: ';' expected.
lib/visualLab/data/poiExtraBrazilReliefV2.ts(1000,9): error TS1005: ';' expected.
lib/visualLab/data/poiExtraBrazilReliefV2.ts(1006,5): error TS1109: Expression expected.
lib/visualLab/data/poiExtraBrazilReliefV2.ts(1007,4): error TS1128: Declaration or statement expected.
lib/visualLab/data/poiExtraBrazilReliefV2.ts(1010,9): error TS1005: ';' expected.
lib/visualLab/data/poiExtraBrazilReliefV2.ts(1011,11): error TS1005: ';' expected.
lib/visualLab/data/poiExtraBrazilReliefV2.ts(1012,11): error TS1005: ';' expected.
lib/visualLab/data/poiExtraBrazilReliefV2.ts(1013,9): error TS1005: ';' expected.
lib/visualLab/data/poiExtraBrazilReliefV2.ts(1015,9): error TS1005: ';' expected.
lib/visualLab/data/poiExtraBrazilReliefV2.ts(1016,9): error TS1005: ';' expected.
lib/visualLab/data/poiExtraBrazilReliefV2.ts(1017,9): error TS1005: ';' expected.
lib/visualLab/data/poiExtraBrazilReliefV2.ts(1018,5): error TS1109: Expression expected.
lib/visualLab/data/poiExtraBrazilReliefV2.ts(1018,6): error TS1128: Declaration or statement expected.
lib/visualLab/data/poiExtraBrazilReliefV2.ts(1021,9): error TS1005: ';' expected.
lib/visualLab/data/poiExtraBrazilReliefV2.ts(1022,9): error TS1005: ';' expected.
lib/visualLab/data/poiExtraBrazilReliefV2.ts(1023,9): error TS1005: ';' expected.
lib/visualLab/data/poiExtraBrazilReliefV2.ts(1024,5): error TS1109: Expression expected.
lib/visualLab/data/poiExtraBrazilReliefV2.ts(1024,6): error TS1128: Declaration or statement expected.
lib/visualLab/data/poiExtraBrazilReliefV2.ts(1032,9): error TS1005: ';' expected.
lib/visualLab/data/poiExtraBrazilReliefV2.ts(1038,9): error TS1005: ';' expected.
lib/visualLab/data/poiExtraBrazilReliefV2.ts(1044,9): error TS1005: ';' expected.
lib/visualLab/data/poiExtraBrazilReliefV2.ts(1050,5): error TS1109: Expression expected.
lib/visualLab/data/poiExtraBrazilReliefV2.ts(1051,4): error TS1128: Declaration or statement expected.
lib/visualLab/data/poiExtraBrazilReliefV2.ts(1054,9): error TS1005: ';' expected.
lib/visualLab/data/poiExtraBrazilReliefV2.ts(1055,11): error TS1005: ';' expected.
lib/visualLab/data/poiExtraBrazilReliefV2.ts(1056,11): error TS1005: ';' expected.
lib/visualLab/data/poiExtraBrazilReliefV2.ts(1057,9): error TS1005: ';' expected.
lib/visualLab/data/poiExtraBrazilReliefV2.ts(1059,9): error TS1005: ';' expected.
lib/visualLab/data/poiExtraBrazilReliefV2.ts(1060,9): error TS1005: ';' expected.
lib/visualLab/data/poiExtraBrazilReliefV2.ts(1061,9): error TS1005: ';' expected.
lib/visualLab/data/poiExtraBrazilReliefV2.ts(1062,5): error TS1109: Expression expected.
lib/visualLab/data/poiExtraBrazilReliefV2.ts(1062,6): error TS1128: Declaration or statement expected.
lib/visualLab/data/poiExtraBrazilReliefV2.ts(1065,9): error TS1005: ';' expected.
lib/visualLab/data/poiExtraBrazilReliefV2.ts(1066,9): error TS1005: ';' expected.
lib/visualLab/data/poiExtraBrazilReliefV2.ts(1067,9): error TS1005: ';' expected.
lib/visualLab/data/poiExtraBrazilReliefV2.ts(1068,5): error TS1109: Expression expected.
lib/visualLab/data/poiExtraBrazilReliefV2.ts(1068,6): error TS1128: Declaration or statement expected.
lib/visualLab/data/poiExtraBrazilReliefV2.ts(1076,9): error TS1005: ';' expected.
lib/visualLab/data/poiExtraBrazilReliefV2.ts(1082,9): error TS1005: ';' expected.
lib/visualLab/data/poiExtraBrazilReliefV2.ts(1088,9): error TS1005: ';' expected.
lib/visualLab/data/poiExtraBrazilReliefV2.ts(1094,5): error TS1109: Expression expected.
lib/visualLab/data/poiExtraBrazilReliefV2.ts(1095,4): error TS1128: Declaration or statement expected.
lib/visualLab/data/poiExtraBrazilReliefV2.ts(1098,9): error TS1005: ';' expected.
lib/visualLab/data/poiExtraBrazilReliefV2.ts(1099,11): error TS1005: ';' expected.
lib/visualLab/data/poiExtraBrazilReliefV2.ts(1100,11): error TS1005: ';' expected.
lib/visualLab/data/poiExtraBrazilReliefV2.ts(1101,9): error TS1005: ';' expected.
lib/visualLab/data/poiExtraBrazilReliefV2.ts(1103,9): error TS1005: ';' expected.
lib/visualLab/data/poiExtraBrazilReliefV2.ts(1104,9): error TS1005: ';' expected.
lib/visualLab/data/poiExtraBrazilReliefV2.ts(1105,9): error TS1005: ';' expected.
lib/visualLab/data/poiExtraBrazilReliefV2.ts(1106,5): error TS1109: Expression expected.
lib/visualLab/data/poiExtraBrazilReliefV2.ts(1106,6): error TS1128: Declaration or statement expected.
lib/visualLab/data/poiExtraBrazilReliefV2.ts(1109,9): error TS1005: ';' expected.
lib/visualLab/data/poiExtraBrazilReliefV2.ts(1110,9): error TS1005: ';' expected.
lib/visualLab/data/poiExtraBrazilReliefV2.ts(1111,9): error TS1005: ';' expected.
lib/visualLab/data/poiExtraBrazilReliefV2.ts(1112,5): error TS1109: Expression expected.
lib/visualLab/data/poiExtraBrazilReliefV2.ts(1112,6): error TS1128: Declaration or statement expected.
lib/visualLab/data/poiExtraBrazilReliefV2.ts(1120,9): error TS1005: ';' expected.
lib/visualLab/data/poiExtraBrazilReliefV2.ts(1126,9): error TS1005: ';' expected.
lib/visualLab/data/poiExtraBrazilReliefV2.ts(1132,9): error TS1005: ';' expected.
lib/visualLab/data/poiExtraBrazilReliefV2.ts(1138,5): error TS1109: Expression expected.
lib/visualLab/data/poiExtraBrazilReliefV2.ts(1140,1): error TS1128: Declaration or statement expected.
lib/visualLab/data/poiExtraBurkinafasoLandmarksV2.ts(18,8): error TS1005: ',' expected.
lib/visualLab/data/poiExtraBurkinafasoLandmarksV2.ts(22,8): error TS1005: ',' expected.
lib/visualLab/data/poiExtraBurkinafasoLandmarksV2.ts(24,3): error TS1005: ',' expected.
lib/visualLab/data/poiExtraBurkinafasoLandmarksV2.ts(24,4): error TS1128: Declaration or statement expected.
lib/visualLab/data/poiExtraBurkinafasoLandmarksV2.ts(27,9): error TS1005: ';' expected.
lib/visualLab/data/poiExtraBurkinafasoLandmarksV2.ts(28,9): error TS1005: ';' expected.
lib/visualLab/data/poiExtraBurkinafasoLandmarksV2.ts(29,9): error TS1005: ';' expected.
lib/visualLab/data/poiExtraBurkinafasoLandmarksV2.ts(30,6): error TS1128: Declaration or statement expected.
lib/visualLab/data/poiExtraBurkinafasoLandmarksV2.ts(33,9): error TS1005: ';' expected.
lib/visualLab/data/poiExtraBurkinafasoLandmarksV2.ts(34,9): error TS1005: ';' expected.
lib/visualLab/data/poiExtraBurkinafasoLandmarksV2.ts(35,9): error TS1005: ';' expected.
lib/visualLab/data/poiExtraBurkinafasoLandmarksV2.ts(37,3): error TS1128: Declaration or statement expected.
lib/visualLab/data/poiExtraBurkinafasoLandmarksV2.ts(37,4): error TS1128: Declaration or statement expected.
lib/visualLab/data/poiExtraBurkinafasoLandmarksV2.ts(40,9): error TS1005: ';' expected.
lib/visualLab/data/poiExtraBurkinafasoLandmarksV2.ts(41,11): error TS1005: ';' expected.
lib/visualLab/data/poiExtraBurkinafasoLandmarksV2.ts(42,11): error TS1005: ';' expected.
lib/visualLab/data/poiExtraBurkinafasoLandmarksV2.ts(43,9): error TS1005: ';' expected.
lib/visualLab/data/poiExtraBurkinafasoLandmarksV2.ts(45,9): error TS1005: ';' expected.
lib/visualLab/data/poiExtraBurkinafasoLandmarksV2.ts(46,9): error TS1005: ';' expected.
lib/visualLab/data/poiExtraBurkinafasoLandmarksV2.ts(47,9): error TS1005: ';' expected.
lib/visualLab/data/poiExtraBurkinafasoLandmarksV2.ts(49,24): error TS1005: ';' expected.
lib/visualLab/data/poiExtraBurkinafasoLandmarksV2.ts(51,7): error TS1109: Expression expected.
lib/visualLab/data/poiExtraBurkinafasoLandmarksV2.ts(52,6): error TS1128: Declaration or statement expected.
lib/visualLab/data/poiExtraBurkinafasoLandmarksV2.ts(55,7): error TS1109: Expression expected.
lib/visualLab/data/poiExtraBurkinafasoLandmarksV2.ts(57,3): error TS1128: Declaration or statement expected.
lib/visualLab/data/poiExtraBurkinafasoLandmarksV2.ts(57,4): error TS1128: Declaration or statement expected.
lib/visualLab/data/poiExtraBurkinafasoLandmarksV2.ts(60,9): error TS1005: ';' expected.
lib/visualLab/data/poiExtraBurkinafasoLandmarksV2.ts(61,9): error TS1005: ';' expected.
lib/visualLab/data/poiExtraBurkinafasoLandmarksV2.ts(62,9): error TS1005: ';' expected.
lib/visualLab/data/poiExtraBurkinafasoLandmarksV2.ts(63,6): error TS1128: Declaration or statement expected.
lib/visualLab/data/poiExtraBurkinafasoLandmarksV2.ts(66,9): error TS1005: ';' expected.
lib/visualLab/data/poiExtraBurkinafasoLandmarksV2.ts(67,9): error TS1005: ';' expected.
lib/visualLab/data/poiExtraBurkinafasoLandmarksV2.ts(68,9): error TS1005: ';' expected.
lib/visualLab/data/poiExtraBurkinafasoLandmarksV2.ts(70,3): error TS1128: Declaration or statement expected.
lib/visualLab/data/poiExtraBurkinafasoLandmarksV2.ts(70,4): error TS1128: Declaration or statement expected.
lib/visualLab/data/poiExtraBurkinafasoLandmarksV2.ts(73,9): error TS1005: ';' expected.
lib/visualLab/data/poiExtraBurkinafasoLandmarksV2.ts(74,11): error TS1005: ';' expected.
lib/visualLab/data/poiExtraBurkinafasoLandmarksV2.ts(75,11): error TS1005: ';' expected.
lib/visualLab/data/poiExtraBurkinafasoLandmarksV2.ts(76,9): error TS1005: ';' expected.
lib/visualLab/data/poiExtraBurkinafasoLandmarksV2.ts(78,9): error TS1005: ';' expected.
lib/visualLab/data/poiExtraBurkinafasoLandmarksV2.ts(79,9): error TS1005: ';' expected.
lib/visualLab/data/poiExtraBurkinafasoLandmarksV2.ts(80,9): error TS1005: ';' expected.
lib/visualLab/data/poiExtraBurkinafasoLandmarksV2.ts(82,24): error TS1005: ';' expected.
lib/visualLab/data/poiExtraBurkinafasoLandmarksV2.ts(84,7): error TS1109: Expression expected.
lib/visualLab/data/poiExtraBurkinafasoLandmarksV2.ts(85,6): error TS1128: Declaration or statement expected.
lib/visualLab/data/poiExtraBurkinafasoLandmarksV2.ts(88,7): error TS1109: Expression expected.
lib/visualLab/data/poiExtraBurkinafasoLandmarksV2.ts(90,3): error TS1128: Declaration or statement expected.
lib/visualLab/data/poiExtraBurkinafasoLandmarksV2.ts(90,4): error TS1128: Declaration or statement expected.
lib/visualLab/data/poiExtraBurkinafasoLandmarksV2.ts(93,9): error TS1005: ';' expected.
lib/visualLab/data/poiExtraBurkinafasoLandmarksV2.ts(94,9): error TS1005: ';' expected.
lib/visualLab/data/poiExtraBurkinafasoLandmarksV2.ts(95,9): error TS1005: ';' expected.
lib/visualLab/data/poiExtraBurkinafasoLandmarksV2.ts(96,6): error TS1128: Declaration or statement expected.
lib/visualLab/data/poiExtraBurkinafasoLandmarksV2.ts(99,9): error TS1005: ';' expected.
lib/visualLab/data/poiExtraBurkinafasoLandmarksV2.ts(100,9): error TS1005: ';' expected.
lib/visualLab/data/poiExtraBurkinafasoLandmarksV2.ts(101,9): error TS1005: ';' expected.
lib/visualLab/data/poiExtraBurkinafasoLandmarksV2.ts(103,3): error TS1128: Declaration or statement expected.
lib/visualLab/data/poiExtraBurkinafasoLandmarksV2.ts(103,4): error TS1128: Declaration or statement expected.
lib/visualLab/data/poiExtraBurkinafasoLandmarksV2.ts(106,9): error TS1005: ';' expected.
lib/visualLab/data/poiExtraBurkinafasoLandmarksV2.ts(107,11): error TS1005: ';' expected.
lib/visualLab/data/poiExtraBurkinafasoLandmarksV2.ts(108,11): error TS1005: ';' expected.
lib/visualLab/data/poiExtraBurkinafasoLandmarksV2.ts(109,9): error TS1005: ';' expected.
lib/visualLab/data/poiExtraBurkinafasoLandmarksV2.ts(111,9): error TS1005: ';' expected.
lib/visualLab/data/poiExtraBurkinafasoLandmarksV2.ts(112,9): error TS1005: ';' expected.
lib/visualLab/data/poiExtraBurkinafasoLandmarksV2.ts(113,9): error TS1005: ';' expected.
lib/visualLab/data/poiExtraBurkinafasoLandmarksV2.ts(115,24): error TS1005: ';' expected.
lib/visualLab/data/poiExtraBurkinafasoLandmarksV2.ts(117,7): error TS1109: Expression expected.
lib/visualLab/data/poiExtraBurkinafasoLandmarksV2.ts(118,6): error TS1128: Declaration or statement expected.
lib/visualLab/data/poiExtraBurkinafasoLandmarksV2.ts(121,7): error TS1109: Expression expected.
lib/visualLab/data/poiExtraBurkinafasoLandmarksV2.ts(123,3): error TS1128: Declaration or statement expected.
lib/visualLab/data/poiExtraBurkinafasoLandmarksV2.ts(123,4): error TS1128: Declaration or statement expected.
lib/visualLab/data/poiExtraBurkinafasoLandmarksV2.ts(126,9): error TS1005: ';' expected.
lib/visualLab/data/poiExtraBurkinafasoLandmarksV2.ts(127,9): error TS1005: ';' expected.
lib/visualLab/data/poiExtraBurkinafasoLandmarksV2.ts(128,9): error TS1005: ';' expected.
lib/visualLab/data/poiExtraBurkinafasoLandmarksV2.ts(129,6): error TS1128: Declaration or statement expected.
lib/visualLab/data/poiExtraBurkinafasoLandmarksV2.ts(132,9): error TS1005: ';' expected.
lib/visualLab/data/poiExtraBurkinafasoLandmarksV2.ts(133,9): error TS1005: ';' expected.
lib/visualLab/data/poiExtraBurkinafasoLandmarksV2.ts(134,9): error TS1005: ';' expected.
lib/visualLab/data/poiExtraBurkinafasoLandmarksV2.ts(136,3): error TS1128: Declaration or statement expected.
lib/visualLab/data/poiExtraBurkinafasoLandmarksV2.ts(136,4): error TS1128: Declaration or statement expected.
lib/visualLab/data/poiExtraBurkinafasoLandmarksV2.ts(139,9): error TS1005: ';' expected.
lib/visualLab/data/poiExtraBurkinafasoLandmarksV2.ts(140,11): error TS1005: ';' expected.
lib/visualLab/data/poiExtraBurkinafasoLandmarksV2.ts(141,11): error TS1005: ';' expected.
lib/visualLab/data/poiExtraBurkinafasoLandmarksV2.ts(142,9): error TS1005: ';' expected.
lib/visualLab/data/poiExtraBurkinafasoLandmarksV2.ts(144,9): error TS1005: ';' expected.
lib/visualLab/data/poiExtraBurkinafasoLandmarksV2.ts(145,9): error TS1005: ';' expected.
lib/visualLab/data/poiExtraBurkinafasoLandmarksV2.ts(146,9): error TS1005: ';' expected.
lib/visualLab/data/poiExtraBurkinafasoLandmarksV2.ts(148,24): error TS1005: ';' expected.
lib/visualLab/data/poiExtraBurkinafasoLandmarksV2.ts(150,6): error TS1128: Declaration or statement expected.
lib/visualLab/data/poiExtraBurkinafasoLandmarksV2.ts(154,4): error TS1128: Declaration or statement expected.
lib/visualLab/data/poiExtraBurkinafasoLandmarksV2.ts(157,9): error TS1005: ';' expected.
lib/visualLab/data/poiExtraBurkinafasoLandmarksV2.ts(158,9): error TS1005: ';' expected.
lib/visualLab/data/poiExtraBurkinafasoLandmarksV2.ts(159,9): error TS1005: ';' expected.
lib/visualLab/data/poiExtraBurkinafasoLandmarksV2.ts(160,6): error TS1128: Declaration or statement expected.
lib/visualLab/data/poiExtraBurkinafasoLandmarksV2.ts(163,9): error TS1005: ';' expected.
lib/visualLab/data/poiExtraBurkinafasoLandmarksV2.ts(164,9): error TS1005: ';' expected.
lib/visualLab/data/poiExtraBurkinafasoLandmarksV2.ts(165,9): error TS1005: ';' expected.
lib/visualLab/data/poiExtraBurkinafasoLandmarksV2.ts(167,4): error TS1128: Declaration or statement expected.
lib/visualLab/data/poiExtraBurkinafasoLandmarksV2.ts(170,9): error TS1005: ';' expected.
lib/visualLab/data/poiExtraBurkinafasoLandmarksV2.ts(171,11): error TS1005: ';' expected.
lib/visualLab/data/poiExtraBurkinafasoLandmarksV2.ts(172,11): error TS1005: ';' expected.
lib/visualLab/data/poiExtraBurkinafasoLandmarksV2.ts(173,9): error TS1005: ';' expected.
lib/visualLab/data/poiExtraBurkinafasoLandmarksV2.ts(175,9): error TS1005: ';' expected.
lib/visualLab/data/poiExtraBurkinafasoLandmarksV2.ts(176,9): error TS1005: ';' expected.
lib/visualLab/data/poiExtraBurkinafasoLandmarksV2.ts(177,9): error TS1005: ';' expected.
lib/visualLab/data/poiExtraBurkinafasoLandmarksV2.ts(179,24): error TS1005: ';' expected.
lib/visualLab/data/poiExtraBurkinafasoLandmarksV2.ts(181,6): error TS1128: Declaration or statement expected.
lib/visualLab/data/poiExtraBurkinafasoLandmarksV2.ts(185,4): error TS1128: Declaration or statement expected.
lib/visualLab/data/poiExtraBurkinafasoLandmarksV2.ts(188,9): error TS1005: ';' expected.
lib/visualLab/data/poiExtraBurkinafasoLandmarksV2.ts(189,9): error TS1005: ';' expected.
lib/visualLab/data/poiExtraBurkinafasoLandmarksV2.ts(190,9): error TS1005: ';' expected.
lib/visualLab/data/poiExtraBurkinafasoLandmarksV2.ts(191,6): error TS1128: Declaration or statement expected.
lib/visualLab/data/poiExtraBurkinafasoLandmarksV2.ts(194,9): error TS1005: ';' expected.
lib/visualLab/data/poiExtraBurkinafasoLandmarksV2.ts(195,9): error TS1005: ';' expected.
lib/visualLab/data/poiExtraBurkinafasoLandmarksV2.ts(196,9): error TS1005: ';' expected.
lib/visualLab/data/poiExtraBurkinafasoLandmarksV2.ts(198,4): error TS1128: Declaration or statement expected.
lib/visualLab/data/poiExtraBurkinafasoLandmarksV2.ts(201,9): error TS1005: ';' expected.
lib/visualLab/data/poiExtraBurkinafasoLandmarksV2.ts(202,11): error TS1005: ';' expected.
lib/visualLab/data/poiExtraBurkinafasoLandmarksV2.ts(203,11): error TS1005: ';' expected.
lib/visualLab/data/poiExtraBurkinafasoLandmarksV2.ts(204,9): error TS1005: ';' expected.
lib/visualLab/data/poiExtraBurkinafasoLandmarksV2.ts(206,9): error TS1005: ';' expected.
lib/visualLab/data/poiExtraBurkinafasoLandmarksV2.ts(207,9): error TS1005: ';' expected.
lib/visualLab/data/poiExtraBurkinafasoLandmarksV2.ts(208,9): error TS1005: ';' expected.
lib/visualLab/data/poiExtraBurkinafasoLandmarksV2.ts(210,24): error TS1005: ';' expected.
lib/visualLab/data/poiExtraBurkinafasoLandmarksV2.ts(212,6): error TS1128: Declaration or statement expected.
lib/visualLab/data/poiExtraBurkinafasoLandmarksV2.ts(216,4): error TS1128: Declaration or statement expected.
lib/visualLab/data/poiExtraBurkinafasoLandmarksV2.ts(219,9): error TS1005: ';' expected.
lib/visualLab/data/poiExtraBurkinafasoLandmarksV2.ts(220,9): error TS1005: ';' expected.
lib/visualLab/data/poiExtraBurkinafasoLandmarksV2.ts(221,9): error TS1005: ';' expected.
lib/visualLab/data/poiExtraBurkinafasoLandmarksV2.ts(222,6): error TS1128: Declaration or statement expected.
lib/visualLab/data/poiExtraBurkinafasoLandmarksV2.ts(225,9): error TS1005: ';' expected.
lib/visualLab/data/poiExtraBurkinafasoLandmarksV2.ts(226,9): error TS1005: ';' expected.
lib/visualLab/data/poiExtraBurkinafasoLandmarksV2.ts(227,9): error TS1005: ';' expected.
lib/visualLab/data/poiExtraBurkinafasoLandmarksV2.ts(229,4): error TS1128: Declaration or statement expected.
lib/visualLab/data/poiExtraBurkinafasoLandmarksV2.ts(232,9): error TS1005: ';' expected.
lib/visualLab/data/poiExtraBurkinafasoLandmarksV2.ts(233,11): error TS1005: ';' expected.
lib/visualLab/data/poiExtraBurkinafasoLandmarksV2.ts(234,11): error TS1005: ';' expected.
lib/visualLab/data/poiExtraBurkinafasoLandmarksV2.ts(235,9): error TS1005: ';' expected.
lib/visualLab/data/poiExtraBurkinafasoLandmarksV2.ts(237,9): error TS1005: ';' expected.
lib/visualLab/data/poiExtraBurkinafasoLandmarksV2.ts(238,9): error TS1005: ';' expected.
lib/visualLab/data/poiExtraBurkinafasoLandmarksV2.ts(239,9): error TS1005: ';' expected.
lib/visualLab/data/poiExtraBurkinafasoLandmarksV2.ts(241,24): error TS1005: ';' expected.
lib/visualLab/data/poiExtraBurkinafasoLandmarksV2.ts(243,6): error TS1128: Declaration or statement expected.
lib/visualLab/data/poiExtraBurkinafasoLandmarksV2.ts(247,4): error TS1128: Declaration or statement expected.
lib/visualLab/data/poiExtraBurkinafasoLandmarksV2.ts(250,9): error TS1005: ';' expected.
lib/visualLab/data/poiExtraBurkinafasoLandmarksV2.ts(251,9): error TS1005: ';' expected.
lib/visualLab/data/poiExtraBurkinafasoLandmarksV2.ts(252,9): error TS1005: ';' expected.
lib/visualLab/data/poiExtraBurkinafasoLandmarksV2.ts(253,6): error TS1128: Declaration or statement expected.
lib/visualLab/data/poiExtraBurkinafasoLandmarksV2.ts(256,9): error TS1005: ';' expected.
lib/visualLab/data/poiExtraBurkinafasoLandmarksV2.ts(257,9): error TS1005: ';' expected.
lib/visualLab/data/poiExtraBurkinafasoLandmarksV2.ts(258,9): error TS1005: ';' expected.
lib/visualLab/data/poiExtraBurkinafasoLandmarksV2.ts(260,4): error TS1128: Declaration or statement expected.
lib/visualLab/data/poiExtraBurkinafasoLandmarksV2.ts(263,9): error TS1005: ';' expected.
lib/visualLab/data/poiExtraBurkinafasoLandmarksV2.ts(264,11): error TS1005: ';' expected.
lib/visualLab/data/poiExtraBurkinafasoLandmarksV2.ts(265,11): error TS1005: ';' expected.
lib/visualLab/data/poiExtraBurkinafasoLandmarksV2.ts(266,9): error TS1005: ';' expected.
lib/visualLab/data/poiExtraBurkinafasoLandmarksV2.ts(268,9): error TS1005: ';' expected.
lib/visualLab/data/poiExtraBurkinafasoLandmarksV2.ts(269,9): error TS1005: ';' expected.
lib/visualLab/data/poiExtraBurkinafasoLandmarksV2.ts(270,9): error TS1005: ';' expected.
lib/visualLab/data/poiExtraBurkinafasoLandmarksV2.ts(272,24): error TS1005: ';' expected.
lib/visualLab/data/poiExtraBurkinafasoLandmarksV2.ts(274,6): error TS1128: Declaration or statement expected.
lib/visualLab/data/poiExtraBurkinafasoLandmarksV2.ts(278,4): error TS1128: Declaration or statement expected.
lib/visualLab/data/poiExtraBurkinafasoLandmarksV2.ts(281,9): error TS1005: ';' expected.
lib/visualLab/data/poiExtraBurkinafasoLandmarksV2.ts(282,9): error TS1005: ';' expected.
lib/visualLab/data/poiExtraBurkinafasoLandmarksV2.ts(283,9): error TS1005: ';' expected.
lib/visualLab/data/poiExtraBurkinafasoLandmarksV2.ts(284,6): error TS1128: Declaration or statement expected.
lib/visualLab/data/poiExtraBurkinafasoLandmarksV2.ts(287,9): error TS1005: ';' expected.
lib/visualLab/data/poiExtraBurkinafasoLandmarksV2.ts(288,9): error TS1005: ';' expected.
lib/visualLab/data/poiExtraBurkinafasoLandmarksV2.ts(289,9): error TS1005: ';' expected.
lib/visualLab/data/poiExtraBurkinafasoLandmarksV2.ts(291,4): error TS1128: Declaration or statement expected.
lib/visualLab/data/poiExtraBurkinafasoLandmarksV2.ts(294,9): error TS1005: ';' expected.
lib/visualLab/data/poiExtraBurkinafasoLandmarksV2.ts(295,11): error TS1005: ';' expected.
lib/visualLab/data/poiExtraBurkinafasoLandmarksV2.ts(296,11): error TS1005: ';' expected.
lib/visualLab/data/poiExtraBurkinafasoLandmarksV2.ts(297,9): error TS1005: ';' expected.
lib/visualLab/data/poiExtraBurkinafasoLandmarksV2.ts(299,9): error TS1005: ';' expected.
lib/visualLab/data/poiExtraBurkinafasoLandmarksV2.ts(300,9): error TS1005: ';' expected.
lib/visualLab/data/poiExtraBurkinafasoLandmarksV2.ts(301,9): error TS1005: ';' expected.
lib/visualLab/data/poiExtraBurkinafasoLandmarksV2.ts(303,24): error TS1005: ';' expected.
lib/visualLab/data/poiExtraBurkinafasoLandmarksV2.ts(305,7): error TS1109: Expression expected.
lib/visualLab/data/poiExtraBurkinafasoLandmarksV2.ts(306,6): error TS1128: Declaration or statement expected.
lib/visualLab/data/poiExtraBurkinafasoLandmarksV2.ts(309,7): error TS1109: Expression expected.
lib/visualLab/data/poiExtraBurkinafasoLandmarksV2.ts(311,3): error TS1128: Declaration or statement expected.
lib/visualLab/data/poiExtraBurkinafasoLandmarksV2.ts(311,4): error TS1128: Declaration or statement expected.
lib/visualLab/data/poiExtraBurkinafasoLandmarksV2.ts(314,9): error TS1005: ';' expected.
lib/visualLab/data/poiExtraBurkinafasoLandmarksV2.ts(315,9): error TS1005: ';' expected.
lib/visualLab/data/poiExtraBurkinafasoLandmarksV2.ts(316,9): error TS1005: ';' expected.
lib/visualLab/data/poiExtraBurkinafasoLandmarksV2.ts(317,6): error TS1128: Declaration or statement expected.
lib/visualLab/data/poiExtraBurkinafasoLandmarksV2.ts(320,9): error TS1005: ';' expected.
lib/visualLab/data/poiExtraBurkinafasoLandmarksV2.ts(321,9): error TS1005: ';' expected.
lib/visualLab/data/poiExtraBurkinafasoLandmarksV2.ts(322,9): error TS1005: ';' expected.
lib/visualLab/data/poiExtraBurkinafasoLandmarksV2.ts(324,3): error TS1128: Declaration or statement expected.
lib/visualLab/data/poiExtraBurkinafasoLandmarksV2.ts(324,4): error TS1128: Declaration or statement expected.
lib/visualLab/data/poiExtraBurkinafasoLandmarksV2.ts(327,9): error TS1005: ';' expected.
lib/visualLab/data/poiExtraBurkinafasoLandmarksV2.ts(328,11): error TS1005: ';' expected.
lib/visualLab/data/poiExtraBurkinafasoLandmarksV2.ts(329,11): error TS1005: ';' expected.
lib/visualLab/data/poiExtraBurkinafasoLandmarksV2.ts(330,9): error TS1005: ';' expected.
lib/visualLab/data/poiExtraBurkinafasoLandmarksV2.ts(332,9): error TS1005: ';' expected.
lib/visualLab/data/poiExtraBurkinafasoLandmarksV2.ts(333,9): error TS1005: ';' expected.
lib/visualLab/data/poiExtraBurkinafasoLandmarksV2.ts(334,9): error TS1005: ';' expected.
lib/visualLab/data/poiExtraBurkinafasoLandmarksV2.ts(335,6): error TS1128: Declaration or statement expected.
lib/visualLab/data/poiExtraBurkinafasoLandmarksV2.ts(338,9): error TS1005: ';' expected.
lib/visualLab/data/poiExtraBurkinafasoLandmarksV2.ts(339,9): error TS1005: ';' expected.
lib/visualLab/data/poiExtraBurkinafasoLandmarksV2.ts(340,9): error TS1005: ';' expected.
lib/visualLab/data/poiExtraBurkinafasoLandmarksV2.ts(341,6): error TS1128: Declaration or statement expected.
lib/visualLab/data/poiExtraBurkinafasoLandmarksV2.ts(344,9): error TS1005: ';' expected.
lib/visualLab/data/poiExtraBurkinafasoLandmarksV2.ts(345,9): error TS1005: ';' expected.
lib/visualLab/data/poiExtraBurkinafasoLandmarksV2.ts(346,9): error TS1005: ';' expected.
lib/visualLab/data/poiExtraBurkinafasoLandmarksV2.ts(348,4): error TS1128: Declaration or statement expected.
lib/visualLab/data/poiExtraBurkinafasoLandmarksV2.ts(351,9): error TS1005: ';' expected.
lib/visualLab/data/poiExtraBurkinafasoLandmarksV2.ts(352,11): error TS1005: ';' expected.
lib/visualLab/data/poiExtraBurkinafasoLandmarksV2.ts(353,11): error TS1005: ';' expected.
lib/visualLab/data/poiExtraBurkinafasoLandmarksV2.ts(354,9): error TS1005: ';' expected.
lib/visualLab/data/poiExtraBurkinafasoLandmarksV2.ts(356,9): error TS1005: ';' expected.
lib/visualLab/data/poiExtraBurkinafasoLandmarksV2.ts(357,9): error TS1005: ';' expected.
lib/visualLab/data/poiExtraBurkinafasoLandmarksV2.ts(358,9): error TS1005: ';' expected.
lib/visualLab/data/poiExtraBurkinafasoLandmarksV2.ts(359,6): error TS1128: Declaration or statement expected.
lib/visualLab/data/poiExtraBurkinafasoLandmarksV2.ts(362,9): error TS1005: ';' expected.
lib/visualLab/data/poiExtraBurkinafasoLandmarksV2.ts(363,9): error TS1005: ';' expected.
lib/visualLab/data/poiExtraBurkinafasoLandmarksV2.ts(364,9): error TS1005: ';' expected.
lib/visualLab/data/poiExtraBurkinafasoLandmarksV2.ts(365,6): error TS1128: Declaration or statement expected.
lib/visualLab/data/poiExtraBurkinafasoLandmarksV2.ts(368,9): error TS1005: ';' expected.
lib/visualLab/data/poiExtraBurkinafasoLandmarksV2.ts(369,9): error TS1005: ';' expected.
lib/visualLab/data/poiExtraBurkinafasoLandmarksV2.ts(370,9): error TS1005: ';' expected.
lib/visualLab/data/poiExtraBurkinafasoLandmarksV2.ts(372,4): error TS1128: Declaration or statement expected.
lib/visualLab/data/poiExtraBurkinafasoLandmarksV2.ts(375,9): error TS1005: ';' expected.
lib/visualLab/data/poiExtraBurkinafasoLandmarksV2.ts(376,11): error TS1005: ';' expected.
lib/visualLab/data/poiExtraBurkinafasoLandmarksV2.ts(377,11): error TS1005: ';' expected.
lib/visualLab/data/poiExtraBurkinafasoLandmarksV2.ts(378,9): error TS1005: ';' expected.
lib/visualLab/data/poiExtraBurkinafasoLandmarksV2.ts(380,9): error TS1005: ';' expected.
lib/visualLab/data/poiExtraBurkinafasoLandmarksV2.ts(381,9): error TS1005: ';' expected.
lib/visualLab/data/poiExtraBurkinafasoLandmarksV2.ts(382,9): error TS1005: ';' expected.
lib/visualLab/data/poiExtraBurkinafasoLandmarksV2.ts(383,6): error TS1128: Declaration or statement expected.
lib/visualLab/data/poiExtraBurkinafasoLandmarksV2.ts(386,9): error TS1005: ';' expected.
lib/visualLab/data/poiExtraBurkinafasoLandmarksV2.ts(387,9): error TS1005: ';' expected.
lib/visualLab/data/poiExtraBurkinafasoLandmarksV2.ts(388,9): error TS1005: ';' expected.
lib/visualLab/data/poiExtraBurkinafasoLandmarksV2.ts(389,6): error TS1128: Declaration or statement expected.
lib/visualLab/data/poiExtraBurkinafasoLandmarksV2.ts(392,9): error TS1005: ';' expected.
lib/visualLab/data/poiExtraBurkinafasoLandmarksV2.ts(393,9): error TS1005: ';' expected.
lib/visualLab/data/poiExtraBurkinafasoLandmarksV2.ts(394,9): error TS1005: ';' expected.
lib/visualLab/data/poiExtraBurkinafasoLandmarksV2.ts(396,4): error TS1128: Declaration or statement expected.
lib/visualLab/data/poiExtraBurkinafasoLandmarksV2.ts(399,9): error TS1005: ';' expected.
lib/visualLab/data/poiExtraBurkinafasoLandmarksV2.ts(400,11): error TS1005: ';' expected.
lib/visualLab/data/poiExtraBurkinafasoLandmarksV2.ts(401,11): error TS1005: ';' expected.
lib/visualLab/data/poiExtraBurkinafasoLandmarksV2.ts(402,9): error TS1005: ';' expected.
lib/visualLab/data/poiExtraBurkinafasoLandmarksV2.ts(404,9): error TS1005: ';' expected.
lib/visualLab/data/poiExtraBurkinafasoLandmarksV2.ts(405,9): error TS1005: ';' expected.
lib/visualLab/data/poiExtraBurkinafasoLandmarksV2.ts(406,9): error TS1005: ';' expected.
lib/visualLab/data/poiExtraBurkinafasoLandmarksV2.ts(407,6): error TS1128: Declaration or statement expected.
lib/visualLab/data/poiExtraBurkinafasoLandmarksV2.ts(410,9): error TS1005: ';' expected.
lib/visualLab/data/poiExtraBurkinafasoLandmarksV2.ts(411,9): error TS1005: ';' expected.
lib/visualLab/data/poiExtraBurkinafasoLandmarksV2.ts(412,9): error TS1005: ';' expected.
lib/visualLab/data/poiExtraBurkinafasoLandmarksV2.ts(413,6): error TS1128: Declaration or statement expected.
lib/visualLab/data/poiExtraBurkinafasoLandmarksV2.ts(416,9): error TS1005: ';' expected.
lib/visualLab/data/poiExtraBurkinafasoLandmarksV2.ts(417,9): error TS1005: ';' expected.
lib/visualLab/data/poiExtraBurkinafasoLandmarksV2.ts(418,9): error TS1005: ';' expected.
lib/visualLab/data/poiExtraBurkinafasoLandmarksV2.ts(420,4): error TS1128: Declaration or statement expected.
lib/visualLab/data/poiExtraBurkinafasoLandmarksV2.ts(423,9): error TS1005: ';' expected.
lib/visualLab/data/poiExtraBurkinafasoLandmarksV2.ts(424,11): error TS1005: ';' expected.
lib/visualLab/data/poiExtraBurkinafasoLandmarksV2.ts(425,11): error TS1005: ';' expected.
lib/visualLab/data/poiExtraBurkinafasoLandmarksV2.ts(426,9): error TS1005: ';' expected.
lib/visualLab/data/poiExtraBurkinafasoLandmarksV2.ts(428,9): error TS1005: ';' expected.
lib/visualLab/data/poiExtraBurkinafasoLandmarksV2.ts(429,9): error TS1005: ';' expected.
lib/visualLab/data/poiExtraBurkinafasoLandmarksV2.ts(430,9): error TS1005: ';' expected.
lib/visualLab/data/poiExtraBurkinafasoLandmarksV2.ts(431,6): error TS1128: Declaration or statement expected.
lib/visualLab/data/poiExtraBurkinafasoLandmarksV2.ts(434,9): error TS1005: ';' expected.
lib/visualLab/data/poiExtraBurkinafasoLandmarksV2.ts(435,9): error TS1005: ';' expected.
lib/visualLab/data/poiExtraBurkinafasoLandmarksV2.ts(436,9): error TS1005: ';' expected.
lib/visualLab/data/poiExtraBurkinafasoLandmarksV2.ts(437,6): error TS1128: Declaration or statement expected.
lib/visualLab/data/poiExtraBurkinafasoLandmarksV2.ts(440,9): error TS1005: ';' expected.
lib/visualLab/data/poiExtraBurkinafasoLandmarksV2.ts(441,9): error TS1005: ';' expected.
lib/visualLab/data/poiExtraBurkinafasoLandmarksV2.ts(442,9): error TS1005: ';' expected.
lib/visualLab/data/poiExtraBurkinafasoLandmarksV2.ts(444,4): error TS1128: Declaration or statement expected.
lib/visualLab/data/poiExtraBurkinafasoLandmarksV2.ts(447,9): error TS1005: ';' expected.
lib/visualLab/data/poiExtraBurkinafasoLandmarksV2.ts(448,11): error TS1005: ';' expected.
lib/visualLab/data/poiExtraBurkinafasoLandmarksV2.ts(449,11): error TS1005: ';' expected.
lib/visualLab/data/poiExtraBurkinafasoLandmarksV2.ts(450,9): error TS1005: ';' expected.
lib/visualLab/data/poiExtraBurkinafasoLandmarksV2.ts(452,9): error TS1005: ';' expected.
lib/visualLab/data/poiExtraBurkinafasoLandmarksV2.ts(453,9): error TS1005: ';' expected.
lib/visualLab/data/poiExtraBurkinafasoLandmarksV2.ts(454,9): error TS1005: ';' expected.
lib/visualLab/data/poiExtraBurkinafasoLandmarksV2.ts(455,6): error TS1128: Declaration or statement expected.
lib/visualLab/data/poiExtraBurkinafasoLandmarksV2.ts(458,9): error TS1005: ';' expected.
lib/visualLab/data/poiExtraBurkinafasoLandmarksV2.ts(459,9): error TS1005: ';' expected.
lib/visualLab/data/poiExtraBurkinafasoLandmarksV2.ts(460,9): error TS1005: ';' expected.
lib/visualLab/data/poiExtraBurkinafasoLandmarksV2.ts(461,6): error TS1128: Declaration or statement expected.
lib/visualLab/data/poiExtraBurkinafasoLandmarksV2.ts(464,9): error TS1005: ';' expected.
lib/visualLab/data/poiExtraBurkinafasoLandmarksV2.ts(465,9): error TS1005: ';' expected.
lib/visualLab/data/poiExtraBurkinafasoLandmarksV2.ts(466,9): error TS1005: ';' expected.
lib/visualLab/data/poiExtraBurkinafasoLandmarksV2.ts(468,4): error TS1128: Declaration or statement expected.
lib/visualLab/data/poiExtraBurkinafasoLandmarksV2.ts(471,9): error TS1005: ';' expected.
lib/visualLab/data/poiExtraBurkinafasoLandmarksV2.ts(472,11): error TS1005: ';' expected.
lib/visualLab/data/poiExtraBurkinafasoLandmarksV2.ts(473,11): error TS1005: ';' expected.
lib/visualLab/data/poiExtraBurkinafasoLandmarksV2.ts(474,9): error TS1005: ';' expected.
lib/visualLab/data/poiExtraBurkinafasoLandmarksV2.ts(476,9): error TS1005: ';' expected.
lib/visualLab/data/poiExtraBurkinafasoLandmarksV2.ts(477,9): error TS1005: ';' expected.
lib/visualLab/data/poiExtraBurkinafasoLandmarksV2.ts(478,9): error TS1005: ';' expected.
lib/visualLab/data/poiExtraBurkinafasoLandmarksV2.ts(479,6): error TS1128: Declaration or statement expected.
lib/visualLab/data/poiExtraBurkinafasoLandmarksV2.ts(482,9): error TS1005: ';' expected.
lib/visualLab/data/poiExtraBurkinafasoLandmarksV2.ts(483,9): error TS1005: ';' expected.
lib/visualLab/data/poiExtraBurkinafasoLandmarksV2.ts(484,9): error TS1005: ';' expected.
lib/visualLab/data/poiExtraBurkinafasoLandmarksV2.ts(485,6): error TS1128: Declaration or statement expected.
lib/visualLab/data/poiExtraBurkinafasoLandmarksV2.ts(488,9): error TS1005: ';' expected.
lib/visualLab/data/poiExtraBurkinafasoLandmarksV2.ts(489,9): error TS1005: ';' expected.
lib/visualLab/data/poiExtraBurkinafasoLandmarksV2.ts(490,9): error TS1005: ';' expected.
lib/visualLab/data/poiExtraBurkinafasoLandmarksV2.ts(492,4): error TS1128: Declaration or statement expected.
lib/visualLab/data/poiExtraBurkinafasoLandmarksV2.ts(495,9): error TS1005: ';' expected.
lib/visualLab/data/poiExtraBurkinafasoLandmarksV2.ts(496,11): error TS1005: ';' expected.
lib/visualLab/data/poiExtraBurkinafasoLandmarksV2.ts(497,11): error TS1005: ';' expected.
lib/visualLab/data/poiExtraBurkinafasoLandmarksV2.ts(498,9): error TS1005: ';' expected.
lib/visualLab/data/poiExtraBurkinafasoLandmarksV2.ts(500,9): error TS1005: ';' expected.
lib/visualLab/data/poiExtraBurkinafasoLandmarksV2.ts(501,9): error TS1005: ';' expected.
lib/visualLab/data/poiExtraBurkinafasoLandmarksV2.ts(502,9): error TS1005: ';' expected.
lib/visualLab/data/poiExtraBurkinafasoLandmarksV2.ts(503,6): error TS1128: Declaration or statement expected.
lib/visualLab/data/poiExtraBurkinafasoLandmarksV2.ts(506,9): error TS1005: ';' expected.
lib/visualLab/data/poiExtraBurkinafasoLandmarksV2.ts(507,9): error TS1005: ';' expected.
lib/visualLab/data/poiExtraBurkinafasoLandmarksV2.ts(508,9): error TS1005: ';' expected.
lib/visualLab/data/poiExtraBurkinafasoLandmarksV2.ts(509,6): error TS1128: Declaration or statement expected.
lib/visualLab/data/poiExtraBurkinafasoLandmarksV2.ts(512,9): error TS1005: ';' expected.
lib/visualLab/data/poiExtraBurkinafasoLandmarksV2.ts(513,9): error TS1005: ';' expected.
lib/visualLab/data/poiExtraBurkinafasoLandmarksV2.ts(514,9): error TS1005: ';' expected.
lib/visualLab/data/poiExtraBurkinafasoLandmarksV2.ts(516,4): error TS1128: Declaration or statement expected.
lib/visualLab/data/poiExtraBurkinafasoLandmarksV2.ts(519,9): error TS1005: ';' expected.
lib/visualLab/data/poiExtraBurkinafasoLandmarksV2.ts(520,11): error TS1005: ';' expected.
lib/visualLab/data/poiExtraBurkinafasoLandmarksV2.ts(521,11): error TS1005: ';' expected.
lib/visualLab/data/poiExtraBurkinafasoLandmarksV2.ts(522,9): error TS1005: ';' expected.
lib/visualLab/data/poiExtraBurkinafasoLandmarksV2.ts(524,9): error TS1005: ';' expected.
lib/visualLab/data/poiExtraBurkinafasoLandmarksV2.ts(525,9): error TS1005: ';' expected.
lib/visualLab/data/poiExtraBurkinafasoLandmarksV2.ts(526,9): error TS1005: ';' expected.
lib/visualLab/data/poiExtraBurkinafasoLandmarksV2.ts(527,6): error TS1128: Declaration or statement expected.
lib/visualLab/data/poiExtraBurkinafasoLandmarksV2.ts(530,9): error TS1005: ';' expected.
lib/visualLab/data/poiExtraBurkinafasoLandmarksV2.ts(531,9): error TS1005: ';' expected.
lib/visualLab/data/poiExtraBurkinafasoLandmarksV2.ts(532,9): error TS1005: ';' expected.
lib/visualLab/data/poiExtraBurkinafasoLandmarksV2.ts(533,6): error TS1128: Declaration or statement expected.
lib/visualLab/data/poiExtraBurkinafasoLandmarksV2.ts(536,9): error TS1005: ';' expected.
lib/visualLab/data/poiExtraBurkinafasoLandmarksV2.ts(537,9): error TS1005: ';' expected.
lib/visualLab/data/poiExtraBurkinafasoLandmarksV2.ts(538,9): error TS1005: ';' expected.
lib/visualLab/data/poiExtraBurkinafasoLandmarksV2.ts(540,4): error TS1128: Declaration or statement expected.
lib/visualLab/data/poiExtraBurkinafasoLandmarksV2.ts(543,9): error TS1005: ';' expected.
lib/visualLab/data/poiExtraBurkinafasoLandmarksV2.ts(544,11): error TS1005: ';' expected.
lib/visualLab/data/poiExtraBurkinafasoLandmarksV2.ts(545,11): error TS1005: ';' expected.
lib/visualLab/data/poiExtraBurkinafasoLandmarksV2.ts(546,9): error TS1005: ';' expected.
lib/visualLab/data/poiExtraBurkinafasoLandmarksV2.ts(548,9): error TS1005: ';' expected.
lib/visualLab/data/poiExtraBurkinafasoLandmarksV2.ts(549,9): error TS1005: ';' expected.
lib/visualLab/data/poiExtraBurkinafasoLandmarksV2.ts(550,9): error TS1005: ';' expected.
lib/visualLab/data/poiExtraBurkinafasoLandmarksV2.ts(551,6): error TS1128: Declaration or statement expected.
lib/visualLab/data/poiExtraBurkinafasoLandmarksV2.ts(554,9): error TS1005: ';' expected.
lib/visualLab/data/poiExtraBurkinafasoLandmarksV2.ts(555,9): error TS1005: ';' expected.
lib/visualLab/data/poiExtraBurkinafasoLandmarksV2.ts(556,9): error TS1005: ';' expected.
lib/visualLab/data/poiExtraBurkinafasoLandmarksV2.ts(557,6): error TS1128: Declaration or statement expected.
lib/visualLab/data/poiExtraBurkinafasoLandmarksV2.ts(560,9): error TS1005: ';' expected.
lib/visualLab/data/poiExtraBurkinafasoLandmarksV2.ts(561,9): error TS1005: ';' expected.
lib/visualLab/data/poiExtraBurkinafasoLandmarksV2.ts(562,9): error TS1005: ';' expected.
lib/visualLab/data/poiExtraBurkinafasoLandmarksV2.ts(564,4): error TS1128: Declaration or statement expected.
lib/visualLab/data/poiExtraBurkinafasoLandmarksV2.ts(567,9): error TS1005: ';' expected.
lib/visualLab/data/poiExtraBurkinafasoLandmarksV2.ts(568,11): error TS1005: ';' expected.
lib/visualLab/data/poiExtraBurkinafasoLandmarksV2.ts(569,11): error TS1005: ';' expected.
lib/visualLab/data/poiExtraBurkinafasoLandmarksV2.ts(570,9): error TS1005: ';' expected.
lib/visualLab/data/poiExtraBurkinafasoLandmarksV2.ts(572,9): error TS1005: ';' expected.
lib/visualLab/data/poiExtraBurkinafasoLandmarksV2.ts(573,9): error TS1005: ';' expected.
lib/visualLab/data/poiExtraBurkinafasoLandmarksV2.ts(574,9): error TS1005: ';' expected.
lib/visualLab/data/poiExtraBurkinafasoLandmarksV2.ts(575,6): error TS1128: Declaration or statement expected.
lib/visualLab/data/poiExtraBurkinafasoLandmarksV2.ts(578,9): error TS1005: ';' expected.
lib/visualLab/data/poiExtraBurkinafasoLandmarksV2.ts(579,9): error TS1005: ';' expected.
lib/visualLab/data/poiExtraBurkinafasoLandmarksV2.ts(580,9): error TS1005: ';' expected.
lib/visualLab/data/poiExtraBurkinafasoLandmarksV2.ts(581,6): error TS1128: Declaration or statement expected.
lib/visualLab/data/poiExtraBurkinafasoLandmarksV2.ts(584,9): error TS1005: ';' expected.
lib/visualLab/data/poiExtraBurkinafasoLandmarksV2.ts(585,9): error TS1005: ';' expected.
lib/visualLab/data/poiExtraBurkinafasoLandmarksV2.ts(586,9): error TS1005: ';' expected.
lib/visualLab/data/poiExtraBurkinafasoLandmarksV2.ts(588,4): error TS1128: Declaration or statement expected.
lib/visualLab/data/poiExtraBurkinafasoLandmarksV2.ts(591,9): error TS1005: ';' expected.
lib/visualLab/data/poiExtraBurkinafasoLandmarksV2.ts(592,11): error TS1005: ';' expected.
lib/visualLab/data/poiExtraBurkinafasoLandmarksV2.ts(593,11): error TS1005: ';' expected.
lib/visualLab/data/poiExtraBurkinafasoLandmarksV2.ts(594,9): error TS1005: ';' expected.
lib/visualLab/data/poiExtraBurkinafasoLandmarksV2.ts(596,9): error TS1005: ';' expected.
lib/visualLab/data/poiExtraBurkinafasoLandmarksV2.ts(597,9): error TS1005: ';' expected.
lib/visualLab/data/poiExtraBurkinafasoLandmarksV2.ts(598,9): error TS1005: ';' expected.
lib/visualLab/data/poiExtraBurkinafasoLandmarksV2.ts(599,6): error TS1128: Declaration or statement expected.
lib/visualLab/data/poiExtraBurkinafasoLandmarksV2.ts(602,9): error TS1005: ';' expected.
lib/visualLab/data/poiExtraBurkinafasoLandmarksV2.ts(603,9): error TS1005: ';' expected.
lib/visualLab/data/poiExtraBurkinafasoLandmarksV2.ts(604,9): error TS1005: ';' expected.
lib/visualLab/data/poiExtraBurkinafasoLandmarksV2.ts(605,6): error TS1128: Declaration or statement expected.
lib/visualLab/data/poiExtraBurkinafasoLandmarksV2.ts(608,9): error TS1005: ';' expected.
lib/visualLab/data/poiExtraBurkinafasoLandmarksV2.ts(609,9): error TS1005: ';' expected.
lib/visualLab/data/poiExtraBurkinafasoLandmarksV2.ts(610,9): error TS1005: ';' expected.
lib/visualLab/data/poiExtraBurkinafasoLandmarksV2.ts(612,4): error TS1128: Declaration or statement expected.
lib/visualLab/data/poiExtraBurkinafasoLandmarksV2.ts(615,9): error TS1005: ';' expected.
lib/visualLab/data/poiExtraBurkinafasoLandmarksV2.ts(616,11): error TS1005: ';' expected.
lib/visualLab/data/poiExtraBurkinafasoLandmarksV2.ts(617,11): error TS1005: ';' expected.
lib/visualLab/data/poiExtraBurkinafasoLandmarksV2.ts(618,9): error TS1005: ';' expected.
lib/visualLab/data/poiExtraBurkinafasoLandmarksV2.ts(620,9): error TS1005: ';' expected.
lib/visualLab/data/poiExtraBurkinafasoLandmarksV2.ts(621,9): error TS1005: ';' expected.
lib/visualLab/data/poiExtraBurkinafasoLandmarksV2.ts(622,9): error TS1005: ';' expected.
lib/visualLab/data/poiExtraBurkinafasoLandmarksV2.ts(623,6): error TS1128: Declaration or statement expected.
lib/visualLab/data/poiExtraBurkinafasoLandmarksV2.ts(626,9): error TS1005: ';' expected.
lib/visualLab/data/poiExtraBurkinafasoLandmarksV2.ts(627,9): error TS1005: ';' expected.
lib/visualLab/data/poiExtraBurkinafasoLandmarksV2.ts(628,9): error TS1005: ';' expected.
lib/visualLab/data/poiExtraBurkinafasoLandmarksV2.ts(629,6): error TS1128: Declaration or statement expected.
lib/visualLab/data/poiExtraBurkinafasoLandmarksV2.ts(632,9): error TS1005: ';' expected.
lib/visualLab/data/poiExtraBurkinafasoLandmarksV2.ts(633,9): error TS1005: ';' expected.
lib/visualLab/data/poiExtraBurkinafasoLandmarksV2.ts(634,9): error TS1005: ';' expected.
lib/visualLab/data/poiExtraBurkinafasoLandmarksV2.ts(636,4): error TS1128: Declaration or statement expected.
lib/visualLab/data/poiExtraBurkinafasoLandmarksV2.ts(639,9): error TS1005: ';' expected.
lib/visualLab/data/poiExtraBurkinafasoLandmarksV2.ts(640,11): error TS1005: ';' expected.
lib/visualLab/data/poiExtraBurkinafasoLandmarksV2.ts(641,11): error TS1005: ';' expected.
lib/visualLab/data/poiExtraBurkinafasoLandmarksV2.ts(642,9): error TS1005: ';' expected.
lib/visualLab/data/poiExtraBurkinafasoLandmarksV2.ts(644,9): error TS1005: ';' expected.
lib/visualLab/data/poiExtraBurkinafasoLandmarksV2.ts(645,9): error TS1005: ';' expected.
lib/visualLab/data/poiExtraBurkinafasoLandmarksV2.ts(646,9): error TS1005: ';' expected.
lib/visualLab/data/poiExtraBurkinafasoLandmarksV2.ts(647,6): error TS1128: Declaration or statement expected.
lib/visualLab/data/poiExtraBurkinafasoLandmarksV2.ts(650,9): error TS1005: ';' expected.
lib/visualLab/data/poiExtraBurkinafasoLandmarksV2.ts(651,9): error TS1005: ';' expected.
lib/visualLab/data/poiExtraBurkinafasoLandmarksV2.ts(652,9): error TS1005: ';' expected.
lib/visualLab/data/poiExtraBurkinafasoLandmarksV2.ts(653,6): error TS1128: Declaration or statement expected.
lib/visualLab/data/poiExtraBurkinafasoLandmarksV2.ts(656,9): error TS1005: ';' expected.
lib/visualLab/data/poiExtraBurkinafasoLandmarksV2.ts(657,9): error TS1005: ';' expected.
lib/visualLab/data/poiExtraBurkinafasoLandmarksV2.ts(658,9): error TS1005: ';' expected.
lib/visualLab/data/poiExtraBurkinafasoLandmarksV2.ts(660,4): error TS1128: Declaration or statement expected.
lib/visualLab/data/poiExtraBurkinafasoLandmarksV2.ts(663,9): error TS1005: ';' expected.
lib/visualLab/data/poiExtraBurkinafasoLandmarksV2.ts(664,11): error TS1005: ';' expected.
lib/visualLab/data/poiExtraBurkinafasoLandmarksV2.ts(665,11): error TS1005: ';' expected.
lib/visualLab/data/poiExtraBurkinafasoLandmarksV2.ts(666,9): error TS1005: ';' expected.
lib/visualLab/data/poiExtraBurkinafasoLandmarksV2.ts(668,9): error TS1005: ';' expected.
lib/visualLab/data/poiExtraBurkinafasoLandmarksV2.ts(669,9): error TS1005: ';' expected.
lib/visualLab/data/poiExtraBurkinafasoLandmarksV2.ts(670,9): error TS1005: ';' expected.
lib/visualLab/data/poiExtraBurkinafasoLandmarksV2.ts(671,6): error TS1128: Declaration or statement expected.
lib/visualLab/data/poiExtraBurkinafasoLandmarksV2.ts(674,9): error TS1005: ';' expected.
lib/visualLab/data/poiExtraBurkinafasoLandmarksV2.ts(675,9): error TS1005: ';' expected.
lib/visualLab/data/poiExtraBurkinafasoLandmarksV2.ts(676,9): error TS1005: ';' expected.
lib/visualLab/data/poiExtraBurkinafasoLandmarksV2.ts(677,6): error TS1128: Declaration or statement expected.
lib/visualLab/data/poiExtraBurkinafasoLandmarksV2.ts(680,9): error TS1005: ';' expected.
lib/visualLab/data/poiExtraBurkinafasoLandmarksV2.ts(681,9): error TS1005: ';' expected.
lib/visualLab/data/poiExtraBurkinafasoLandmarksV2.ts(682,9): error TS1005: ';' expected.
lib/visualLab/data/poiExtraBurkinafasoLandmarksV2.ts(684,4): error TS1128: Declaration or statement expected.
lib/visualLab/data/poiExtraBurkinafasoLandmarksV2.ts(687,9): error TS1005: ';' expected.
lib/visualLab/data/poiExtraBurkinafasoLandmarksV2.ts(688,11): error TS1005: ';' expected.
lib/visualLab/data/poiExtraBurkinafasoLandmarksV2.ts(689,11): error TS1005: ';' expected.
lib/visualLab/data/poiExtraBurkinafasoLandmarksV2.ts(690,9): error TS1005: ';' expected.
lib/visualLab/data/poiExtraBurkinafasoLandmarksV2.ts(692,9): error TS1005: ';' expected.
lib/visualLab/data/poiExtraBurkinafasoLandmarksV2.ts(693,9): error TS1005: ';' expected.
lib/visualLab/data/poiExtraBurkinafasoLandmarksV2.ts(694,9): error TS1005: ';' expected.
lib/visualLab/data/poiExtraBurkinafasoLandmarksV2.ts(695,6): error TS1128: Declaration or statement expected.
lib/visualLab/data/poiExtraBurkinafasoLandmarksV2.ts(698,9): error TS1005: ';' expected.
lib/visualLab/data/poiExtraBurkinafasoLandmarksV2.ts(699,9): error TS1005: ';' expected.
lib/visualLab/data/poiExtraBurkinafasoLandmarksV2.ts(700,9): error TS1005: ';' expected.
lib/visualLab/data/poiExtraBurkinafasoLandmarksV2.ts(701,6): error TS1128: Declaration or statement expected.
lib/visualLab/data/poiExtraBurkinafasoLandmarksV2.ts(704,9): error TS1005: ';' expected.
lib/visualLab/data/poiExtraBurkinafasoLandmarksV2.ts(705,9): error TS1005: ';' expected.
lib/visualLab/data/poiExtraBurkinafasoLandmarksV2.ts(706,9): error TS1005: ';' expected.
lib/visualLab/data/poiExtraBurkinafasoLandmarksV2.ts(708,4): error TS1128: Declaration or statement expected.
lib/visualLab/data/poiExtraBurkinafasoLandmarksV2.ts(711,9): error TS1005: ';' expected.
lib/visualLab/data/poiExtraBurkinafasoLandmarksV2.ts(712,11): error TS1005: ';' expected.
lib/visualLab/data/poiExtraBurkinafasoLandmarksV2.ts(713,11): error TS1005: ';' expected.
lib/visualLab/data/poiExtraBurkinafasoLandmarksV2.ts(714,9): error TS1005: ';' expected.
lib/visualLab/data/poiExtraBurkinafasoLandmarksV2.ts(716,9): error TS1005: ';' expected.
lib/visualLab/data/poiExtraBurkinafasoLandmarksV2.ts(717,9): error TS1005: ';' expected.
lib/visualLab/data/poiExtraBurkinafasoLandmarksV2.ts(718,9): error TS1005: ';' expected.
lib/visualLab/data/poiExtraBurkinafasoLandmarksV2.ts(719,6): error TS1128: Declaration or statement expected.
lib/visualLab/data/poiExtraBurkinafasoLandmarksV2.ts(722,9): error TS1005: ';' expected.
lib/visualLab/data/poiExtraBurkinafasoLandmarksV2.ts(723,9): error TS1005: ';' expected.
lib/visualLab/data/poiExtraBurkinafasoLandmarksV2.ts(724,9): error TS1005: ';' expected.
lib/visualLab/data/poiExtraBurkinafasoLandmarksV2.ts(725,6): error TS1128: Declaration or statement expected.
lib/visualLab/data/poiExtraBurkinafasoLandmarksV2.ts(728,9): error TS1005: ';' expected.
lib/visualLab/data/poiExtraBurkinafasoLandmarksV2.ts(729,9): error TS1005: ';' expected.
lib/visualLab/data/poiExtraBurkinafasoLandmarksV2.ts(730,9): error TS1005: ';' expected.
lib/visualLab/data/poiExtraBurkinafasoLandmarksV2.ts(732,4): error TS1128: Declaration or statement expected.
lib/visualLab/data/poiExtraBurkinafasoLandmarksV2.ts(735,9): error TS1005: ';' expected.
lib/visualLab/data/poiExtraBurkinafasoLandmarksV2.ts(736,11): error TS1005: ';' expected.
lib/visualLab/data/poiExtraBurkinafasoLandmarksV2.ts(737,11): error TS1005: ';' expected.
lib/visualLab/data/poiExtraBurkinafasoLandmarksV2.ts(738,9): error TS1005: ';' expected.
lib/visualLab/data/poiExtraBurkinafasoLandmarksV2.ts(740,9): error TS1005: ';' expected.
lib/visualLab/data/poiExtraBurkinafasoLandmarksV2.ts(741,9): error TS1005: ';' expected.
lib/visualLab/data/poiExtraBurkinafasoLandmarksV2.ts(742,9): error TS1005: ';' expected.
lib/visualLab/data/poiExtraBurkinafasoLandmarksV2.ts(743,6): error TS1128: Declaration or statement expected.
lib/visualLab/data/poiExtraBurkinafasoLandmarksV2.ts(746,9): error TS1005: ';' expected.
lib/visualLab/data/poiExtraBurkinafasoLandmarksV2.ts(747,9): error TS1005: ';' expected.
lib/visualLab/data/poiExtraBurkinafasoLandmarksV2.ts(748,9): error TS1005: ';' expected.
lib/visualLab/data/poiExtraBurkinafasoLandmarksV2.ts(749,6): error TS1128: Declaration or statement expected.
lib/visualLab/data/poiExtraBurkinafasoLandmarksV2.ts(752,9): error TS1005: ';' expected.
lib/visualLab/data/poiExtraBurkinafasoLandmarksV2.ts(753,9): error TS1005: ';' expected.
lib/visualLab/data/poiExtraBurkinafasoLandmarksV2.ts(754,9): error TS1005: ';' expected.
lib/visualLab/data/poiExtraBurkinafasoLandmarksV2.ts(756,4): error TS1128: Declaration or statement expected.
lib/visualLab/data/poiExtraBurkinafasoLandmarksV2.ts(759,9): error TS1005: ';' expected.
lib/visualLab/data/poiExtraBurkinafasoLandmarksV2.ts(760,11): error TS1005: ';' expected.
lib/visualLab/data/poiExtraBurkinafasoLandmarksV2.ts(761,11): error TS1005: ';' expected.
lib/visualLab/data/poiExtraBurkinafasoLandmarksV2.ts(762,9): error TS1005: ';' expected.
lib/visualLab/data/poiExtraBurkinafasoLandmarksV2.ts(764,9): error TS1005: ';' expected.
lib/visualLab/data/poiExtraBurkinafasoLandmarksV2.ts(765,9): error TS1005: ';' expected.
lib/visualLab/data/poiExtraBurkinafasoLandmarksV2.ts(766,9): error TS1005: ';' expected.
lib/visualLab/data/poiExtraBurkinafasoLandmarksV2.ts(767,6): error TS1128: Declaration or statement expected.
lib/visualLab/data/poiExtraBurkinafasoLandmarksV2.ts(770,9): error TS1005: ';' expected.
lib/visualLab/data/poiExtraBurkinafasoLandmarksV2.ts(771,9): error TS1005: ';' expected.
lib/visualLab/data/poiExtraBurkinafasoLandmarksV2.ts(772,9): error TS1005: ';' expected.
lib/visualLab/data/poiExtraBurkinafasoLandmarksV2.ts(773,6): error TS1128: Declaration or statement expected.
lib/visualLab/data/poiExtraBurkinafasoLandmarksV2.ts(776,9): error TS1005: ';' expected.
lib/visualLab/data/poiExtraBurkinafasoLandmarksV2.ts(777,9): error TS1005: ';' expected.
lib/visualLab/data/poiExtraBurkinafasoLandmarksV2.ts(778,9): error TS1005: ';' expected.
lib/visualLab/data/poiExtraBurkinafasoLandmarksV2.ts(780,4): error TS1128: Declaration or statement expected.
lib/visualLab/data/poiExtraBurkinafasoLandmarksV2.ts(783,9): error TS1005: ';' expected.
lib/visualLab/data/poiExtraBurkinafasoLandmarksV2.ts(784,11): error TS1005: ';' expected.
lib/visualLab/data/poiExtraBurkinafasoLandmarksV2.ts(785,11): error TS1005: ';' expected.
lib/visualLab/data/poiExtraBurkinafasoLandmarksV2.ts(786,9): error TS1005: ';' expected.
lib/visualLab/data/poiExtraBurkinafasoLandmarksV2.ts(788,9): error TS1005: ';' expected.
lib/visualLab/data/poiExtraBurkinafasoLandmarksV2.ts(789,9): error TS1005: ';' expected.
lib/visualLab/data/poiExtraBurkinafasoLandmarksV2.ts(790,9): error TS1005: ';' expected.
lib/visualLab/data/poiExtraBurkinafasoLandmarksV2.ts(791,6): error TS1128: Declaration or statement expected.
lib/visualLab/data/poiExtraBurkinafasoLandmarksV2.ts(794,9): error TS1005: ';' expected.
lib/visualLab/data/poiExtraBurkinafasoLandmarksV2.ts(795,9): error TS1005: ';' expected.
lib/visualLab/data/poiExtraBurkinafasoLandmarksV2.ts(796,9): error TS1005: ';' expected.
lib/visualLab/data/poiExtraBurkinafasoLandmarksV2.ts(797,6): error TS1128: Declaration or statement expected.
lib/visualLab/data/poiExtraBurkinafasoLandmarksV2.ts(800,9): error TS1005: ';' expected.
lib/visualLab/data/poiExtraBurkinafasoLandmarksV2.ts(801,9): error TS1005: ';' expected.
lib/visualLab/data/poiExtraBurkinafasoLandmarksV2.ts(802,9): error TS1005: ';' expected.
lib/visualLab/data/poiExtraBurkinafasoLandmarksV2.ts(805,1): error TS1128: Declaration or statement expected.
lib/visualLab/data/poiExtraJamaicaCitiesV2.ts(81,8): error TS1005: ',' expected.
lib/visualLab/data/poiExtraJamaicaCitiesV2.ts(85,8): error TS1005: ',' expected.
lib/visualLab/data/poiExtraJamaicaCitiesV2.ts(87,3): error TS1005: ',' expected.
lib/visualLab/data/poiExtraJamaicaCitiesV2.ts(87,4): error TS1128: Declaration or statement expected.
lib/visualLab/data/poiExtraJamaicaCitiesV2.ts(90,6): error TS1128: Declaration or statement expected.
lib/visualLab/data/poiExtraJamaicaCitiesV2.ts(94,3): error TS1128: Declaration or statement expected.
lib/visualLab/data/poiExtraJamaicaCitiesV2.ts(94,4): error TS1128: Declaration or statement expected.
lib/visualLab/data/poiExtraJamaicaCitiesV2.ts(97,9): error TS1005: ';' expected.
lib/visualLab/data/poiExtraJamaicaCitiesV2.ts(98,11): error TS1005: ';' expected.
lib/visualLab/data/poiExtraJamaicaCitiesV2.ts(99,11): error TS1005: ';' expected.
lib/visualLab/data/poiExtraJamaicaCitiesV2.ts(100,9): error TS1005: ';' expected.
lib/visualLab/data/poiExtraJamaicaCitiesV2.ts(100,30): error TS1005: ';' expected.
lib/visualLab/data/poiExtraJamaicaCitiesV2.ts(100,45): error TS1005: ';' expected.
lib/visualLab/data/poiExtraJamaicaCitiesV2.ts(100,60): error TS1005: ';' expected.
lib/visualLab/data/poiExtraJamaicaCitiesV2.ts(100,73): error TS1128: Declaration or statement expected.
lib/visualLab/data/poiExtraJamaicaCitiesV2.ts(103,9): error TS1005: ';' expected.
lib/visualLab/data/poiExtraJamaicaCitiesV2.ts(104,9): error TS1005: ';' expected.
lib/visualLab/data/poiExtraJamaicaCitiesV2.ts(105,9): error TS1005: ';' expected.
lib/visualLab/data/poiExtraJamaicaCitiesV2.ts(107,24): error TS1005: ';' expected.
lib/visualLab/data/poiExtraJamaicaCitiesV2.ts(109,7): error TS1109: Expression expected.
lib/visualLab/data/poiExtraJamaicaCitiesV2.ts(110,6): error TS1128: Declaration or statement expected.
lib/visualLab/data/poiExtraJamaicaCitiesV2.ts(113,7): error TS1109: Expression expected.
lib/visualLab/data/poiExtraJamaicaCitiesV2.ts(115,3): error TS1128: Declaration or statement expected.
lib/visualLab/data/poiExtraJamaicaCitiesV2.ts(115,4): error TS1128: Declaration or statement expected.
lib/visualLab/data/poiExtraJamaicaCitiesV2.ts(118,6): error TS1128: Declaration or statement expected.
lib/visualLab/data/poiExtraJamaicaCitiesV2.ts(122,3): error TS1128: Declaration or statement expected.
lib/visualLab/data/poiExtraJamaicaCitiesV2.ts(122,4): error TS1128: Declaration or statement expected.
lib/visualLab/data/poiExtraJamaicaCitiesV2.ts(125,9): error TS1005: ';' expected.
lib/visualLab/data/poiExtraJamaicaCitiesV2.ts(126,11): error TS1005: ';' expected.
lib/visualLab/data/poiExtraJamaicaCitiesV2.ts(127,11): error TS1005: ';' expected.
lib/visualLab/data/poiExtraJamaicaCitiesV2.ts(128,9): error TS1005: ';' expected.
lib/visualLab/data/poiExtraJamaicaCitiesV2.ts(128,37): error TS1005: ';' expected.
lib/visualLab/data/poiExtraJamaicaCitiesV2.ts(128,59): error TS1005: ';' expected.
lib/visualLab/data/poiExtraJamaicaCitiesV2.ts(128,81): error TS1005: ';' expected.
lib/visualLab/data/poiExtraJamaicaCitiesV2.ts(128,101): error TS1128: Declaration or statement expected.
lib/visualLab/data/poiExtraJamaicaCitiesV2.ts(131,9): error TS1005: ';' expected.
lib/visualLab/data/poiExtraJamaicaCitiesV2.ts(132,9): error TS1005: ';' expected.
lib/visualLab/data/poiExtraJamaicaCitiesV2.ts(133,9): error TS1005: ';' expected.
lib/visualLab/data/poiExtraJamaicaCitiesV2.ts(135,24): error TS1005: ';' expected.
lib/visualLab/data/poiExtraJamaicaCitiesV2.ts(137,7): error TS1109: Expression expected.
lib/visualLab/data/poiExtraJamaicaCitiesV2.ts(138,6): error TS1128: Declaration or statement expected.
lib/visualLab/data/poiExtraJamaicaCitiesV2.ts(141,7): error TS1109: Expression expected.
lib/visualLab/data/poiExtraJamaicaCitiesV2.ts(143,3): error TS1128: Declaration or statement expected.
lib/visualLab/data/poiExtraJamaicaCitiesV2.ts(143,4): error TS1128: Declaration or statement expected.
lib/visualLab/data/poiExtraJamaicaCitiesV2.ts(146,6): error TS1128: Declaration or statement expected.
lib/visualLab/data/poiExtraJamaicaCitiesV2.ts(150,3): error TS1128: Declaration or statement expected.
lib/visualLab/data/poiExtraJamaicaCitiesV2.ts(150,4): error TS1128: Declaration or statement expected.
lib/visualLab/data/poiExtraJamaicaCitiesV2.ts(153,9): error TS1005: ';' expected.
lib/visualLab/data/poiExtraJamaicaCitiesV2.ts(154,11): error TS1005: ';' expected.
lib/visualLab/data/poiExtraJamaicaCitiesV2.ts(155,11): error TS1005: ';' expected.
lib/visualLab/data/poiExtraJamaicaCitiesV2.ts(156,9): error TS1005: ';' expected.
lib/visualLab/data/poiExtraJamaicaCitiesV2.ts(156,31): error TS1005: ';' expected.
lib/visualLab/data/poiExtraJamaicaCitiesV2.ts(156,47): error TS1005: ';' expected.
lib/visualLab/data/poiExtraJamaicaCitiesV2.ts(156,63): error TS1005: ';' expected.
lib/visualLab/data/poiExtraJamaicaCitiesV2.ts(156,77): error TS1128: Declaration or statement expected.
lib/visualLab/data/poiExtraJamaicaCitiesV2.ts(159,9): error TS1005: ';' expected.
lib/visualLab/data/poiExtraJamaicaCitiesV2.ts(160,9): error TS1005: ';' expected.
lib/visualLab/data/poiExtraJamaicaCitiesV2.ts(161,9): error TS1005: ';' expected.
lib/visualLab/data/poiExtraJamaicaCitiesV2.ts(163,24): error TS1005: ';' expected.
lib/visualLab/data/poiExtraJamaicaCitiesV2.ts(165,7): error TS1109: Expression expected.
lib/visualLab/data/poiExtraJamaicaCitiesV2.ts(166,6): error TS1128: Declaration or statement expected.
lib/visualLab/data/poiExtraJamaicaCitiesV2.ts(169,7): error TS1109: Expression expected.
lib/visualLab/data/poiExtraJamaicaCitiesV2.ts(171,3): error TS1128: Declaration or statement expected.
lib/visualLab/data/poiExtraJamaicaCitiesV2.ts(171,4): error TS1128: Declaration or statement expected.
lib/visualLab/data/poiExtraJamaicaCitiesV2.ts(174,6): error TS1128: Declaration or statement expected.
lib/visualLab/data/poiExtraJamaicaCitiesV2.ts(178,3): error TS1128: Declaration or statement expected.
lib/visualLab/data/poiExtraJamaicaCitiesV2.ts(178,4): error TS1128: Declaration or statement expected.
lib/visualLab/data/poiExtraJamaicaCitiesV2.ts(181,9): error TS1005: ';' expected.
lib/visualLab/data/poiExtraJamaicaCitiesV2.ts(182,11): error TS1005: ';' expected.
lib/visualLab/data/poiExtraJamaicaCitiesV2.ts(183,11): error TS1005: ';' expected.
lib/visualLab/data/poiExtraJamaicaCitiesV2.ts(184,9): error TS1005: ';' expected.
lib/visualLab/data/poiExtraJamaicaCitiesV2.ts(184,38): error TS1005: ';' expected.
lib/visualLab/data/poiExtraJamaicaCitiesV2.ts(184,61): error TS1005: ';' expected.
lib/visualLab/data/poiExtraJamaicaCitiesV2.ts(184,84): error TS1005: ';' expected.
lib/visualLab/data/poiExtraJamaicaCitiesV2.ts(184,105): error TS1128: Declaration or statement expected.
lib/visualLab/data/poiExtraJamaicaCitiesV2.ts(187,9): error TS1005: ';' expected.
lib/visualLab/data/poiExtraJamaicaCitiesV2.ts(188,9): error TS1005: ';' expected.
lib/visualLab/data/poiExtraJamaicaCitiesV2.ts(189,9): error TS1005: ';' expected.
lib/visualLab/data/poiExtraJamaicaCitiesV2.ts(191,24): error TS1005: ';' expected.
lib/visualLab/data/poiExtraJamaicaCitiesV2.ts(193,7): error TS1109: Expression expected.
lib/visualLab/data/poiExtraJamaicaCitiesV2.ts(194,6): error TS1128: Declaration or statement expected.
lib/visualLab/data/poiExtraJamaicaCitiesV2.ts(197,7): error TS1109: Expression expected.
lib/visualLab/data/poiExtraJamaicaCitiesV2.ts(199,3): error TS1128: Declaration or statement expected.
lib/visualLab/data/poiExtraJamaicaCitiesV2.ts(199,4): error TS1128: Declaration or statement expected.
lib/visualLab/data/poiExtraJamaicaCitiesV2.ts(202,6): error TS1128: Declaration or statement expected.
lib/visualLab/data/poiExtraJamaicaCitiesV2.ts(206,3): error TS1128: Declaration or statement expected.
lib/visualLab/data/poiExtraJamaicaCitiesV2.ts(206,4): error TS1128: Declaration or statement expected.
lib/visualLab/data/poiExtraJamaicaCitiesV2.ts(209,9): error TS1005: ';' expected.
lib/visualLab/data/poiExtraJamaicaCitiesV2.ts(210,11): error TS1005: ';' expected.
lib/visualLab/data/poiExtraJamaicaCitiesV2.ts(211,11): error TS1005: ';' expected.
lib/visualLab/data/poiExtraJamaicaCitiesV2.ts(212,9): error TS1005: ';' expected.
lib/visualLab/data/poiExtraJamaicaCitiesV2.ts(212,33): error TS1005: ';' expected.
lib/visualLab/data/poiExtraJamaicaCitiesV2.ts(212,51): error TS1005: ';' expected.
lib/visualLab/data/poiExtraJamaicaCitiesV2.ts(212,69): error TS1005: ';' expected.
lib/visualLab/data/poiExtraJamaicaCitiesV2.ts(212,85): error TS1128: Declaration or statement expected.
lib/visualLab/data/poiExtraJamaicaCitiesV2.ts(215,9): error TS1005: ';' expected.
lib/visualLab/data/poiExtraJamaicaCitiesV2.ts(216,9): error TS1005: ';' expected.
lib/visualLab/data/poiExtraJamaicaCitiesV2.ts(217,9): error TS1005: ';' expected.
lib/visualLab/data/poiExtraJamaicaCitiesV2.ts(218,6): error TS1128: Declaration or statement expected.
lib/visualLab/data/poiExtraJamaicaCitiesV2.ts(221,7): error TS1109: Expression expected.
lib/visualLab/data/poiExtraJamaicaCitiesV2.ts(222,6): error TS1128: Declaration or statement expected.
lib/visualLab/data/poiExtraJamaicaCitiesV2.ts(225,7): error TS1109: Expression expected.
lib/visualLab/data/poiExtraJamaicaCitiesV2.ts(226,5): error TS1128: Declaration or statement expected.
lib/visualLab/data/poiExtraJamaicaCitiesV2.ts(227,3): error TS1128: Declaration or statement expected.
lib/visualLab/data/poiExtraJamaicaCitiesV2.ts(227,4): error TS1128: Declaration or statement expected.
lib/visualLab/data/poiExtraJamaicaCitiesV2.ts(230,9): error TS1005: ';' expected.
lib/visualLab/data/poiExtraJamaicaCitiesV2.ts(231,11): error TS1005: ';' expected.
lib/visualLab/data/poiExtraJamaicaCitiesV2.ts(232,11): error TS1005: ';' expected.
lib/visualLab/data/poiExtraJamaicaCitiesV2.ts(233,9): error TS1005: ';' expected.
lib/visualLab/data/poiExtraJamaicaCitiesV2.ts(233,28): error TS1005: ';' expected.
lib/visualLab/data/poiExtraJamaicaCitiesV2.ts(233,41): error TS1005: ';' expected.
lib/visualLab/data/poiExtraJamaicaCitiesV2.ts(233,54): error TS1005: ';' expected.
lib/visualLab/data/poiExtraJamaicaCitiesV2.ts(233,65): error TS1128: Declaration or statement expected.
lib/visualLab/data/poiExtraJamaicaCitiesV2.ts(236,9): error TS1005: ';' expected.
lib/visualLab/data/poiExtraJamaicaCitiesV2.ts(237,9): error TS1005: ';' expected.
lib/visualLab/data/poiExtraJamaicaCitiesV2.ts(238,9): error TS1005: ';' expected.
lib/visualLab/data/poiExtraJamaicaCitiesV2.ts(239,6): error TS1128: Declaration or statement expected.
lib/visualLab/data/poiExtraJamaicaCitiesV2.ts(242,7): error TS1109: Expression expected.
lib/visualLab/data/poiExtraJamaicaCitiesV2.ts(243,6): error TS1128: Declaration or statement expected.
lib/visualLab/data/poiExtraJamaicaCitiesV2.ts(246,7): error TS1109: Expression expected.
lib/visualLab/data/poiExtraJamaicaCitiesV2.ts(247,5): error TS1128: Declaration or statement expected.
lib/visualLab/data/poiExtraJamaicaCitiesV2.ts(248,3): error TS1128: Declaration or statement expected.
lib/visualLab/data/poiExtraJamaicaCitiesV2.ts(248,4): error TS1128: Declaration or statement expected.
lib/visualLab/data/poiExtraJamaicaCitiesV2.ts(251,9): error TS1005: ';' expected.
lib/visualLab/data/poiExtraJamaicaCitiesV2.ts(252,11): error TS1005: ';' expected.
lib/visualLab/data/poiExtraJamaicaCitiesV2.ts(253,11): error TS1005: ';' expected.
lib/visualLab/data/poiExtraJamaicaCitiesV2.ts(254,9): error TS1005: ';' expected.
lib/visualLab/data/poiExtraJamaicaCitiesV2.ts(254,42): error TS1005: ';' expected.
lib/visualLab/data/poiExtraJamaicaCitiesV2.ts(254,69): error TS1005: ';' expected.
lib/visualLab/data/poiExtraJamaicaCitiesV2.ts(254,95): error TS1005: ';' expected.
lib/visualLab/data/poiExtraJamaicaCitiesV2.ts(254,119): error TS1128: Declaration or statement expected.
lib/visualLab/data/poiExtraJamaicaCitiesV2.ts(257,9): error TS1005: ';' expected.
lib/visualLab/data/poiExtraJamaicaCitiesV2.ts(258,9): error TS1005: ';' expected.
lib/visualLab/data/poiExtraJamaicaCitiesV2.ts(259,9): error TS1005: ';' expected.
lib/visualLab/data/poiExtraJamaicaCitiesV2.ts(260,6): error TS1128: Declaration or statement expected.
lib/visualLab/data/poiExtraJamaicaCitiesV2.ts(263,7): error TS1109: Expression expected.
lib/visualLab/data/poiExtraJamaicaCitiesV2.ts(264,6): error TS1128: Declaration or statement expected.
lib/visualLab/data/poiExtraJamaicaCitiesV2.ts(267,7): error TS1109: Expression expected.
lib/visualLab/data/poiExtraJamaicaCitiesV2.ts(268,5): error TS1128: Declaration or statement expected.
lib/visualLab/data/poiExtraJamaicaCitiesV2.ts(269,3): error TS1128: Declaration or statement expected.
lib/visualLab/data/poiExtraJamaicaCitiesV2.ts(269,4): error TS1128: Declaration or statement expected.
lib/visualLab/data/poiExtraJamaicaCitiesV2.ts(272,9): error TS1005: ';' expected.
lib/visualLab/data/poiExtraJamaicaCitiesV2.ts(273,11): error TS1005: ';' expected.
lib/visualLab/data/poiExtraJamaicaCitiesV2.ts(274,11): error TS1005: ';' expected.
lib/visualLab/data/poiExtraJamaicaCitiesV2.ts(275,9): error TS1005: ';' expected.
lib/visualLab/data/poiExtraJamaicaCitiesV2.ts(275,33): error TS1005: ';' expected.
lib/visualLab/data/poiExtraJamaicaCitiesV2.ts(275,51): error TS1005: ';' expected.
lib/visualLab/data/poiExtraJamaicaCitiesV2.ts(275,69): error TS1005: ';' expected.
lib/visualLab/data/poiExtraJamaicaCitiesV2.ts(275,85): error TS1128: Declaration or statement expected.
lib/visualLab/data/poiExtraJamaicaCitiesV2.ts(278,9): error TS1005: ';' expected.
lib/visualLab/data/poiExtraJamaicaCitiesV2.ts(279,9): error TS1005: ';' expected.
lib/visualLab/data/poiExtraJamaicaCitiesV2.ts(280,9): error TS1005: ';' expected.
lib/visualLab/data/poiExtraJamaicaCitiesV2.ts(281,6): error TS1128: Declaration or statement expected.
lib/visualLab/data/poiExtraJamaicaCitiesV2.ts(284,7): error TS1109: Expression expected.
lib/visualLab/data/poiExtraJamaicaCitiesV2.ts(285,6): error TS1128: Declaration or statement expected.
lib/visualLab/data/poiExtraJamaicaCitiesV2.ts(288,7): error TS1109: Expression expected.
lib/visualLab/data/poiExtraJamaicaCitiesV2.ts(289,5): error TS1128: Declaration or statement expected.
lib/visualLab/data/poiExtraJamaicaCitiesV2.ts(290,3): error TS1128: Declaration or statement expected.
lib/visualLab/data/poiExtraJamaicaCitiesV2.ts(290,4): error TS1128: Declaration or statement expected.
lib/visualLab/data/poiExtraJamaicaCitiesV2.ts(293,9): error TS1005: ';' expected.
lib/visualLab/data/poiExtraJamaicaCitiesV2.ts(294,11): error TS1005: ';' expected.
lib/visualLab/data/poiExtraJamaicaCitiesV2.ts(295,11): error TS1005: ';' expected.
lib/visualLab/data/poiExtraJamaicaCitiesV2.ts(296,9): error TS1005: ';' expected.
lib/visualLab/data/poiExtraJamaicaCitiesV2.ts(296,31): error TS1005: ';' expected.
lib/visualLab/data/poiExtraJamaicaCitiesV2.ts(296,47): error TS1005: ';' expected.
lib/visualLab/data/poiExtraJamaicaCitiesV2.ts(296,63): error TS1005: ';' expected.
lib/visualLab/data/poiExtraJamaicaCitiesV2.ts(296,77): error TS1128: Declaration or statement expected.
lib/visualLab/data/poiExtraJamaicaCitiesV2.ts(299,9): error TS1005: ';' expected.
lib/visualLab/data/poiExtraJamaicaCitiesV2.ts(300,9): error TS1005: ';' expected.
lib/visualLab/data/poiExtraJamaicaCitiesV2.ts(301,9): error TS1005: ';' expected.
lib/visualLab/data/poiExtraJamaicaCitiesV2.ts(302,6): error TS1128: Declaration or statement expected.
lib/visualLab/data/poiExtraJamaicaCitiesV2.ts(305,7): error TS1109: Expression expected.
lib/visualLab/data/poiExtraJamaicaCitiesV2.ts(306,6): error TS1128: Declaration or statement expected.
lib/visualLab/data/poiExtraJamaicaCitiesV2.ts(309,7): error TS1109: Expression expected.
lib/visualLab/data/poiExtraJamaicaCitiesV2.ts(310,5): error TS1128: Declaration or statement expected.
lib/visualLab/data/poiExtraJamaicaCitiesV2.ts(311,3): error TS1128: Declaration or statement expected.
lib/visualLab/data/poiExtraJamaicaCitiesV2.ts(311,4): error TS1128: Declaration or statement expected.
lib/visualLab/data/poiExtraJamaicaCitiesV2.ts(314,9): error TS1005: ';' expected.
lib/visualLab/data/poiExtraJamaicaCitiesV2.ts(315,11): error TS1005: ';' expected.
lib/visualLab/data/poiExtraJamaicaCitiesV2.ts(316,11): error TS1005: ';' expected.
lib/visualLab/data/poiExtraJamaicaCitiesV2.ts(317,9): error TS1005: ';' expected.
lib/visualLab/data/poiExtraJamaicaCitiesV2.ts(317,34): error TS1005: ';' expected.
lib/visualLab/data/poiExtraJamaicaCitiesV2.ts(317,53): error TS1005: ';' expected.
lib/visualLab/data/poiExtraJamaicaCitiesV2.ts(317,72): error TS1005: ';' expected.
lib/visualLab/data/poiExtraJamaicaCitiesV2.ts(317,89): error TS1128: Declaration or statement expected.
lib/visualLab/data/poiExtraJamaicaCitiesV2.ts(320,9): error TS1005: ';' expected.
lib/visualLab/data/poiExtraJamaicaCitiesV2.ts(321,9): error TS1005: ';' expected.
lib/visualLab/data/poiExtraJamaicaCitiesV2.ts(322,9): error TS1005: ';' expected.
lib/visualLab/data/poiExtraJamaicaCitiesV2.ts(323,6): error TS1128: Declaration or statement expected.
lib/visualLab/data/poiExtraJamaicaCitiesV2.ts(326,7): error TS1109: Expression expected.
lib/visualLab/data/poiExtraJamaicaCitiesV2.ts(327,6): error TS1128: Declaration or statement expected.
lib/visualLab/data/poiExtraJamaicaCitiesV2.ts(330,7): error TS1109: Expression expected.
lib/visualLab/data/poiExtraJamaicaCitiesV2.ts(331,5): error TS1128: Declaration or statement expected.
lib/visualLab/data/poiExtraJamaicaCitiesV2.ts(332,3): error TS1128: Declaration or statement expected.
lib/visualLab/data/poiExtraJamaicaCitiesV2.ts(332,4): error TS1128: Declaration or statement expected.
lib/visualLab/data/poiExtraJamaicaCitiesV2.ts(335,9): error TS1005: ';' expected.
lib/visualLab/data/poiExtraJamaicaCitiesV2.ts(336,11): error TS1005: ';' expected.
lib/visualLab/data/poiExtraJamaicaCitiesV2.ts(337,11): error TS1005: ';' expected.
lib/visualLab/data/poiExtraJamaicaCitiesV2.ts(338,9): error TS1005: ';' expected.
lib/visualLab/data/poiExtraJamaicaCitiesV2.ts(338,36): error TS1005: ';' expected.
lib/visualLab/data/poiExtraJamaicaCitiesV2.ts(338,57): error TS1005: ';' expected.
lib/visualLab/data/poiExtraJamaicaCitiesV2.ts(338,78): error TS1005: ';' expected.
lib/visualLab/data/poiExtraJamaicaCitiesV2.ts(338,97): error TS1128: Declaration or statement expected.
lib/visualLab/data/poiExtraJamaicaCitiesV2.ts(341,9): error TS1005: ';' expected.
lib/visualLab/data/poiExtraJamaicaCitiesV2.ts(342,9): error TS1005: ';' expected.
lib/visualLab/data/poiExtraJamaicaCitiesV2.ts(343,9): error TS1005: ';' expected.
lib/visualLab/data/poiExtraJamaicaCitiesV2.ts(344,6): error TS1128: Declaration or statement expected.
lib/visualLab/data/poiExtraJamaicaCitiesV2.ts(347,7): error TS1109: Expression expected.
lib/visualLab/data/poiExtraJamaicaCitiesV2.ts(348,6): error TS1128: Declaration or statement expected.
lib/visualLab/data/poiExtraJamaicaCitiesV2.ts(351,7): error TS1109: Expression expected.
lib/visualLab/data/poiExtraJamaicaCitiesV2.ts(352,5): error TS1128: Declaration or statement expected.
lib/visualLab/data/poiExtraJamaicaCitiesV2.ts(353,3): error TS1128: Declaration or statement expected.
lib/visualLab/data/poiExtraJamaicaCitiesV2.ts(353,4): error TS1128: Declaration or statement expected.
lib/visualLab/data/poiExtraJamaicaCitiesV2.ts(356,9): error TS1005: ';' expected.
lib/visualLab/data/poiExtraJamaicaCitiesV2.ts(357,11): error TS1005: ';' expected.
lib/visualLab/data/poiExtraJamaicaCitiesV2.ts(358,11): error TS1005: ';' expected.
lib/visualLab/data/poiExtraJamaicaCitiesV2.ts(359,9): error TS1005: ';' expected.
lib/visualLab/data/poiExtraJamaicaCitiesV2.ts(359,34): error TS1005: ';' expected.
lib/visualLab/data/poiExtraJamaicaCitiesV2.ts(359,53): error TS1005: ';' expected.
lib/visualLab/data/poiExtraJamaicaCitiesV2.ts(359,72): error TS1005: ';' expected.
lib/visualLab/data/poiExtraJamaicaCitiesV2.ts(359,89): error TS1128: Declaration or statement expected.
lib/visualLab/data/poiExtraJamaicaCitiesV2.ts(362,9): error TS1005: ';' expected.
lib/visualLab/data/poiExtraJamaicaCitiesV2.ts(363,9): error TS1005: ';' expected.
lib/visualLab/data/poiExtraJamaicaCitiesV2.ts(364,9): error TS1005: ';' expected.
lib/visualLab/data/poiExtraJamaicaCitiesV2.ts(365,6): error TS1128: Declaration or statement expected.
lib/visualLab/data/poiExtraJamaicaCitiesV2.ts(368,7): error TS1109: Expression expected.
lib/visualLab/data/poiExtraJamaicaCitiesV2.ts(369,6): error TS1128: Declaration or statement expected.
lib/visualLab/data/poiExtraJamaicaCitiesV2.ts(372,7): error TS1109: Expression expected.
lib/visualLab/data/poiExtraJamaicaCitiesV2.ts(373,5): error TS1128: Declaration or statement expected.
lib/visualLab/data/poiExtraJamaicaCitiesV2.ts(374,3): error TS1128: Declaration or statement expected.
lib/visualLab/data/poiExtraJamaicaCitiesV2.ts(374,4): error TS1128: Declaration or statement expected.
lib/visualLab/data/poiExtraJamaicaCitiesV2.ts(377,9): error TS1005: ';' expected.
lib/visualLab/data/poiExtraJamaicaCitiesV2.ts(378,11): error TS1005: ';' expected.
lib/visualLab/data/poiExtraJamaicaCitiesV2.ts(379,11): error TS1005: ';' expected.
lib/visualLab/data/poiExtraJamaicaCitiesV2.ts(380,9): error TS1005: ';' expected.
lib/visualLab/data/poiExtraJamaicaCitiesV2.ts(380,33): error TS1005: ';' expected.
lib/visualLab/data/poiExtraJamaicaCitiesV2.ts(380,51): error TS1005: ';' expected.
lib/visualLab/data/poiExtraJamaicaCitiesV2.ts(380,69): error TS1005: ';' expected.
lib/visualLab/data/poiExtraJamaicaCitiesV2.ts(380,85): error TS1128: Declaration or statement expected.
lib/visualLab/data/poiExtraJamaicaCitiesV2.ts(383,9): error TS1005: ';' expected.
lib/visualLab/data/poiExtraJamaicaCitiesV2.ts(384,9): error TS1005: ';' expected.
lib/visualLab/data/poiExtraJamaicaCitiesV2.ts(385,9): error TS1005: ';' expected.
lib/visualLab/data/poiExtraJamaicaCitiesV2.ts(386,6): error TS1128: Declaration or statement expected.
lib/visualLab/data/poiExtraJamaicaCitiesV2.ts(389,7): error TS1109: Expression expected.
lib/visualLab/data/poiExtraJamaicaCitiesV2.ts(390,6): error TS1128: Declaration or statement expected.
lib/visualLab/data/poiExtraJamaicaCitiesV2.ts(393,7): error TS1109: Expression expected.
lib/visualLab/data/poiExtraJamaicaCitiesV2.ts(394,5): error TS1128: Declaration or statement expected.
lib/visualLab/data/poiExtraJamaicaCitiesV2.ts(395,3): error TS1128: Declaration or statement expected.
lib/visualLab/data/poiExtraJamaicaCitiesV2.ts(395,4): error TS1128: Declaration or statement expected.
lib/visualLab/data/poiExtraJamaicaCitiesV2.ts(398,9): error TS1005: ';' expected.
lib/visualLab/data/poiExtraJamaicaCitiesV2.ts(399,11): error TS1005: ';' expected.
lib/visualLab/data/poiExtraJamaicaCitiesV2.ts(400,11): error TS1005: ';' expected.
lib/visualLab/data/poiExtraJamaicaCitiesV2.ts(401,9): error TS1005: ';' expected.
lib/visualLab/data/poiExtraJamaicaCitiesV2.ts(401,28): error TS1005: ';' expected.
lib/visualLab/data/poiExtraJamaicaCitiesV2.ts(401,41): error TS1005: ';' expected.
lib/visualLab/data/poiExtraJamaicaCitiesV2.ts(401,54): error TS1005: ';' expected.
lib/visualLab/data/poiExtraJamaicaCitiesV2.ts(401,65): error TS1128: Declaration or statement expected.
lib/visualLab/data/poiExtraJamaicaCitiesV2.ts(404,9): error TS1005: ';' expected.
lib/visualLab/data/poiExtraJamaicaCitiesV2.ts(405,9): error TS1005: ';' expected.
lib/visualLab/data/poiExtraJamaicaCitiesV2.ts(406,9): error TS1005: ';' expected.
lib/visualLab/data/poiExtraJamaicaCitiesV2.ts(407,6): error TS1128: Declaration or statement expected.
lib/visualLab/data/poiExtraJamaicaCitiesV2.ts(410,7): error TS1109: Expression expected.
lib/visualLab/data/poiExtraJamaicaCitiesV2.ts(411,6): error TS1128: Declaration or statement expected.
lib/visualLab/data/poiExtraJamaicaCitiesV2.ts(414,7): error TS1109: Expression expected.
lib/visualLab/data/poiExtraJamaicaCitiesV2.ts(415,5): error TS1128: Declaration or statement expected.
lib/visualLab/data/poiExtraJamaicaCitiesV2.ts(416,3): error TS1128: Declaration or statement expected.
lib/visualLab/data/poiExtraJamaicaCitiesV2.ts(416,4): error TS1128: Declaration or statement expected.
lib/visualLab/data/poiExtraJamaicaCitiesV2.ts(419,9): error TS1005: ';' expected.
lib/visualLab/data/poiExtraJamaicaCitiesV2.ts(420,11): error TS1005: ';' expected.
lib/visualLab/data/poiExtraJamaicaCitiesV2.ts(421,11): error TS1005: ';' expected.
lib/visualLab/data/poiExtraJamaicaCitiesV2.ts(422,9): error TS1005: ';' expected.
lib/visualLab/data/poiExtraJamaicaCitiesV2.ts(422,32): error TS1005: ';' expected.
lib/visualLab/data/poiExtraJamaicaCitiesV2.ts(422,49): error TS1005: ';' expected.
lib/visualLab/data/poiExtraJamaicaCitiesV2.ts(422,66): error TS1005: ';' expected.
lib/visualLab/data/poiExtraJamaicaCitiesV2.ts(422,81): error TS1128: Declaration or statement expected.
lib/visualLab/data/poiExtraJamaicaCitiesV2.ts(425,9): error TS1005: ';' expected.
lib/visualLab/data/poiExtraJamaicaCitiesV2.ts(426,9): error TS1005: ';' expected.
lib/visualLab/data/poiExtraJamaicaCitiesV2.ts(427,9): error TS1005: ';' expected.
lib/visualLab/data/poiExtraJamaicaCitiesV2.ts(428,6): error TS1128: Declaration or statement expected.
lib/visualLab/data/poiExtraJamaicaCitiesV2.ts(431,7): error TS1109: Expression expected.
lib/visualLab/data/poiExtraJamaicaCitiesV2.ts(432,6): error TS1128: Declaration or statement expected.
lib/visualLab/data/poiExtraJamaicaCitiesV2.ts(435,7): error TS1109: Expression expected.
lib/visualLab/data/poiExtraJamaicaCitiesV2.ts(436,5): error TS1128: Declaration or statement expected.
lib/visualLab/data/poiExtraJamaicaCitiesV2.ts(437,3): error TS1128: Declaration or statement expected.
lib/visualLab/data/poiExtraJamaicaCitiesV2.ts(437,4): error TS1128: Declaration or statement expected.
lib/visualLab/data/poiExtraJamaicaCitiesV2.ts(440,9): error TS1005: ';' expected.
lib/visualLab/data/poiExtraJamaicaCitiesV2.ts(441,11): error TS1005: ';' expected.
lib/visualLab/data/poiExtraJamaicaCitiesV2.ts(442,11): error TS1005: ';' expected.
lib/visualLab/data/poiExtraJamaicaCitiesV2.ts(443,9): error TS1005: ';' expected.
lib/visualLab/data/poiExtraJamaicaCitiesV2.ts(443,35): error TS1005: ';' expected.
lib/visualLab/data/poiExtraJamaicaCitiesV2.ts(443,55): error TS1005: ';' expected.
lib/visualLab/data/poiExtraJamaicaCitiesV2.ts(443,75): error TS1005: ';' expected.
lib/visualLab/data/poiExtraJamaicaCitiesV2.ts(443,93): error TS1128: Declaration or statement expected.
lib/visualLab/data/poiExtraJamaicaCitiesV2.ts(446,9): error TS1005: ';' expected.
lib/visualLab/data/poiExtraJamaicaCitiesV2.ts(447,9): error TS1005: ';' expected.
lib/visualLab/data/poiExtraJamaicaCitiesV2.ts(448,9): error TS1005: ';' expected.
lib/visualLab/data/poiExtraJamaicaCitiesV2.ts(449,6): error TS1128: Declaration or statement expected.
lib/visualLab/data/poiExtraJamaicaCitiesV2.ts(452,7): error TS1109: Expression expected.
lib/visualLab/data/poiExtraJamaicaCitiesV2.ts(453,6): error TS1128: Declaration or statement expected.
lib/visualLab/data/poiExtraJamaicaCitiesV2.ts(456,7): error TS1109: Expression expected.
lib/visualLab/data/poiExtraJamaicaCitiesV2.ts(457,5): error TS1128: Declaration or statement expected.
lib/visualLab/data/poiExtraJamaicaCitiesV2.ts(458,3): error TS1128: Declaration or statement expected.
lib/visualLab/data/poiExtraJamaicaCitiesV2.ts(458,4): error TS1128: Declaration or statement expected.
lib/visualLab/data/poiExtraJamaicaCitiesV2.ts(461,9): error TS1005: ';' expected.
lib/visualLab/data/poiExtraJamaicaCitiesV2.ts(462,11): error TS1005: ';' expected.
lib/visualLab/data/poiExtraJamaicaCitiesV2.ts(463,11): error TS1005: ';' expected.
lib/visualLab/data/poiExtraJamaicaCitiesV2.ts(464,9): error TS1005: ';' expected.
lib/visualLab/data/poiExtraJamaicaCitiesV2.ts(464,30): error TS1005: ';' expected.
lib/visualLab/data/poiExtraJamaicaCitiesV2.ts(464,45): error TS1005: ';' expected.
lib/visualLab/data/poiExtraJamaicaCitiesV2.ts(464,60): error TS1005: ';' expected.
lib/visualLab/data/poiExtraJamaicaCitiesV2.ts(464,73): error TS1128: Declaration or statement expected.
lib/visualLab/data/poiExtraJamaicaCitiesV2.ts(467,9): error TS1005: ';' expected.
lib/visualLab/data/poiExtraJamaicaCitiesV2.ts(468,9): error TS1005: ';' expected.
lib/visualLab/data/poiExtraJamaicaCitiesV2.ts(469,9): error TS1005: ';' expected.
lib/visualLab/data/poiExtraJamaicaCitiesV2.ts(470,6): error TS1128: Declaration or statement expected.
lib/visualLab/data/poiExtraJamaicaCitiesV2.ts(473,7): error TS1109: Expression expected.
lib/visualLab/data/poiExtraJamaicaCitiesV2.ts(474,6): error TS1128: Declaration or statement expected.
lib/visualLab/data/poiExtraJamaicaCitiesV2.ts(477,7): error TS1109: Expression expected.
lib/visualLab/data/poiExtraJamaicaCitiesV2.ts(478,5): error TS1128: Declaration or statement expected.
lib/visualLab/data/poiExtraJamaicaCitiesV2.ts(479,3): error TS1128: Declaration or statement expected.
lib/visualLab/data/poiExtraJamaicaCitiesV2.ts(479,4): error TS1128: Declaration or statement expected.
lib/visualLab/data/poiExtraJamaicaCitiesV2.ts(482,9): error TS1005: ';' expected.
lib/visualLab/data/poiExtraJamaicaCitiesV2.ts(483,11): error TS1005: ';' expected.
lib/visualLab/data/poiExtraJamaicaCitiesV2.ts(484,11): error TS1005: ';' expected.
lib/visualLab/data/poiExtraJamaicaCitiesV2.ts(485,9): error TS1005: ';' expected.
lib/visualLab/data/poiExtraJamaicaCitiesV2.ts(485,36): error TS1005: ';' expected.
lib/visualLab/data/poiExtraJamaicaCitiesV2.ts(485,57): error TS1005: ';' expected.
lib/visualLab/data/poiExtraJamaicaCitiesV2.ts(485,78): error TS1005: ';' expected.
lib/visualLab/data/poiExtraJamaicaCitiesV2.ts(485,97): error TS1128: Declaration or statement expected.
lib/visualLab/data/poiExtraJamaicaCitiesV2.ts(488,9): error TS1005: ';' expected.
lib/visualLab/data/poiExtraJamaicaCitiesV2.ts(489,9): error TS1005: ';' expected.
lib/visualLab/data/poiExtraJamaicaCitiesV2.ts(490,9): error TS1005: ';' expected.
lib/visualLab/data/poiExtraJamaicaCitiesV2.ts(491,6): error TS1128: Declaration or statement expected.
lib/visualLab/data/poiExtraJamaicaCitiesV2.ts(494,7): error TS1109: Expression expected.
lib/visualLab/data/poiExtraJamaicaCitiesV2.ts(495,6): error TS1128: Declaration or statement expected.
lib/visualLab/data/poiExtraJamaicaCitiesV2.ts(498,7): error TS1109: Expression expected.
lib/visualLab/data/poiExtraJamaicaCitiesV2.ts(499,5): error TS1128: Declaration or statement expected.
lib/visualLab/data/poiExtraJamaicaCitiesV2.ts(500,3): error TS1128: Declaration or statement expected.
lib/visualLab/data/poiExtraJamaicaCitiesV2.ts(500,4): error TS1128: Declaration or statement expected.
lib/visualLab/data/poiExtraJamaicaCitiesV2.ts(503,9): error TS1005: ';' expected.
lib/visualLab/data/poiExtraJamaicaCitiesV2.ts(504,11): error TS1005: ';' expected.
lib/visualLab/data/poiExtraJamaicaCitiesV2.ts(505,11): error TS1005: ';' expected.
lib/visualLab/data/poiExtraJamaicaCitiesV2.ts(506,9): error TS1005: ';' expected.
lib/visualLab/data/poiExtraJamaicaCitiesV2.ts(506,33): error TS1005: ';' expected.
lib/visualLab/data/poiExtraJamaicaCitiesV2.ts(506,51): error TS1005: ';' expected.
lib/visualLab/data/poiExtraJamaicaCitiesV2.ts(506,69): error TS1005: ';' expected.
lib/visualLab/data/poiExtraJamaicaCitiesV2.ts(506,85): error TS1128: Declaration or statement expected.
lib/visualLab/data/poiExtraJamaicaCitiesV2.ts(509,9): error TS1005: ';' expected.
lib/visualLab/data/poiExtraJamaicaCitiesV2.ts(510,9): error TS1005: ';' expected.
lib/visualLab/data/poiExtraJamaicaCitiesV2.ts(511,9): error TS1005: ';' expected.
lib/visualLab/data/poiExtraJamaicaCitiesV2.ts(512,6): error TS1128: Declaration or statement expected.
lib/visualLab/data/poiExtraJamaicaCitiesV2.ts(515,7): error TS1109: Expression expected.
lib/visualLab/data/poiExtraJamaicaCitiesV2.ts(516,6): error TS1128: Declaration or statement expected.
lib/visualLab/data/poiExtraJamaicaCitiesV2.ts(519,7): error TS1109: Expression expected.
lib/visualLab/data/poiExtraJamaicaCitiesV2.ts(520,5): error TS1128: Declaration or statement expected.
lib/visualLab/data/poiExtraJamaicaCitiesV2.ts(521,3): error TS1128: Declaration or statement expected.
lib/visualLab/data/poiExtraJamaicaCitiesV2.ts(521,4): error TS1128: Declaration or statement expected.
lib/visualLab/data/poiExtraJamaicaCitiesV2.ts(524,9): error TS1005: ';' expected.
lib/visualLab/data/poiExtraJamaicaCitiesV2.ts(525,11): error TS1005: ';' expected.
lib/visualLab/data/poiExtraJamaicaCitiesV2.ts(526,11): error TS1005: ';' expected.
lib/visualLab/data/poiExtraJamaicaCitiesV2.ts(527,9): error TS1005: ';' expected.
lib/visualLab/data/poiExtraJamaicaCitiesV2.ts(527,34): error TS1005: ';' expected.
lib/visualLab/data/poiExtraJamaicaCitiesV2.ts(527,53): error TS1005: ';' expected.
lib/visualLab/data/poiExtraJamaicaCitiesV2.ts(527,72): error TS1005: ';' expected.
lib/visualLab/data/poiExtraJamaicaCitiesV2.ts(527,89): error TS1128: Declaration or statement expected.
lib/visualLab/data/poiExtraJamaicaCitiesV2.ts(530,9): error TS1005: ';' expected.
lib/visualLab/data/poiExtraJamaicaCitiesV2.ts(531,9): error TS1005: ';' expected.
lib/visualLab/data/poiExtraJamaicaCitiesV2.ts(532,9): error TS1005: ';' expected.
lib/visualLab/data/poiExtraJamaicaCitiesV2.ts(533,6): error TS1128: Declaration or statement expected.
lib/visualLab/data/poiExtraJamaicaCitiesV2.ts(536,7): error TS1109: Expression expected.
lib/visualLab/data/poiExtraJamaicaCitiesV2.ts(537,6): error TS1128: Declaration or statement expected.
lib/visualLab/data/poiExtraJamaicaCitiesV2.ts(540,7): error TS1109: Expression expected.
lib/visualLab/data/poiExtraJamaicaCitiesV2.ts(541,5): error TS1128: Declaration or statement expected.
lib/visualLab/data/poiExtraJamaicaCitiesV2.ts(542,3): error TS1128: Declaration or statement expected.
lib/visualLab/data/poiExtraJamaicaCitiesV2.ts(542,4): error TS1128: Declaration or statement expected.
lib/visualLab/data/poiExtraJamaicaCitiesV2.ts(545,9): error TS1005: ';' expected.
lib/visualLab/data/poiExtraJamaicaCitiesV2.ts(546,11): error TS1005: ';' expected.
lib/visualLab/data/poiExtraJamaicaCitiesV2.ts(547,11): error TS1005: ';' expected.
lib/visualLab/data/poiExtraJamaicaCitiesV2.ts(548,9): error TS1005: ';' expected.
lib/visualLab/data/poiExtraJamaicaCitiesV2.ts(548,32): error TS1005: ';' expected.
lib/visualLab/data/poiExtraJamaicaCitiesV2.ts(548,49): error TS1005: ';' expected.
lib/visualLab/data/poiExtraJamaicaCitiesV2.ts(548,66): error TS1005: ';' expected.
lib/visualLab/data/poiExtraJamaicaCitiesV2.ts(548,81): error TS1128: Declaration or statement expected.
lib/visualLab/data/poiExtraJamaicaCitiesV2.ts(551,9): error TS1005: ';' expected.
lib/visualLab/data/poiExtraJamaicaCitiesV2.ts(552,9): error TS1005: ';' expected.
lib/visualLab/data/poiExtraJamaicaCitiesV2.ts(553,9): error TS1005: ';' expected.
lib/visualLab/data/poiExtraJamaicaCitiesV2.ts(554,6): error TS1128: Declaration or statement expected.
lib/visualLab/data/poiExtraJamaicaCitiesV2.ts(557,7): error TS1109: Expression expected.
lib/visualLab/data/poiExtraJamaicaCitiesV2.ts(558,6): error TS1128: Declaration or statement expected.
lib/visualLab/data/poiExtraJamaicaCitiesV2.ts(561,7): error TS1109: Expression expected.
lib/visualLab/data/poiExtraJamaicaCitiesV2.ts(562,5): error TS1128: Declaration or statement expected.
lib/visualLab/data/poiExtraJamaicaCitiesV2.ts(563,3): error TS1128: Declaration or statement expected.
lib/visualLab/data/poiExtraJamaicaCitiesV2.ts(563,4): error TS1128: Declaration or statement expected.
lib/visualLab/data/poiExtraJamaicaCitiesV2.ts(566,9): error TS1005: ';' expected.
lib/visualLab/data/poiExtraJamaicaCitiesV2.ts(567,11): error TS1005: ';' expected.
lib/visualLab/data/poiExtraJamaicaCitiesV2.ts(568,11): error TS1005: ';' expected.
lib/visualLab/data/poiExtraJamaicaCitiesV2.ts(569,9): error TS1005: ';' expected.
lib/visualLab/data/poiExtraJamaicaCitiesV2.ts(569,36): error TS1005: ';' expected.
lib/visualLab/data/poiExtraJamaicaCitiesV2.ts(569,57): error TS1005: ';' expected.
lib/visualLab/data/poiExtraJamaicaCitiesV2.ts(569,78): error TS1005: ';' expected.
lib/visualLab/data/poiExtraJamaicaCitiesV2.ts(569,97): error TS1128: Declaration or statement expected.
lib/visualLab/data/poiExtraJamaicaCitiesV2.ts(572,9): error TS1005: ';' expected.
lib/visualLab/data/poiExtraJamaicaCitiesV2.ts(573,9): error TS1005: ';' expected.
lib/visualLab/data/poiExtraJamaicaCitiesV2.ts(574,9): error TS1005: ';' expected.
lib/visualLab/data/poiExtraJamaicaCitiesV2.ts(575,6): error TS1128: Declaration or statement expected.
lib/visualLab/data/poiExtraJamaicaCitiesV2.ts(578,7): error TS1109: Expression expected.
lib/visualLab/data/poiExtraJamaicaCitiesV2.ts(579,6): error TS1128: Declaration or statement expected.
lib/visualLab/data/poiExtraJamaicaCitiesV2.ts(582,7): error TS1109: Expression expected.
lib/visualLab/data/poiExtraJamaicaCitiesV2.ts(583,5): error TS1128: Declaration or statement expected.
lib/visualLab/data/poiExtraJamaicaCitiesV2.ts(584,3): error TS1128: Declaration or statement expected.
lib/visualLab/data/poiExtraJamaicaCitiesV2.ts(584,4): error TS1128: Declaration or statement expected.
lib/visualLab/data/poiExtraJamaicaCitiesV2.ts(587,9): error TS1005: ';' expected.
lib/visualLab/data/poiExtraJamaicaCitiesV2.ts(588,11): error TS1005: ';' expected.
lib/visualLab/data/poiExtraJamaicaCitiesV2.ts(589,11): error TS1005: ';' expected.
lib/visualLab/data/poiExtraJamaicaCitiesV2.ts(590,9): error TS1005: ';' expected.
lib/visualLab/data/poiExtraJamaicaCitiesV2.ts(590,33): error TS1005: ';' expected.
lib/visualLab/data/poiExtraJamaicaCitiesV2.ts(590,51): error TS1005: ';' expected.
lib/visualLab/data/poiExtraJamaicaCitiesV2.ts(590,69): error TS1005: ';' expected.
lib/visualLab/data/poiExtraJamaicaCitiesV2.ts(590,85): error TS1128: Declaration or statement expected.
lib/visualLab/data/poiExtraJamaicaCitiesV2.ts(593,9): error TS1005: ';' expected.
lib/visualLab/data/poiExtraJamaicaCitiesV2.ts(594,9): error TS1005: ';' expected.
lib/visualLab/data/poiExtraJamaicaCitiesV2.ts(595,9): error TS1005: ';' expected.
lib/visualLab/data/poiExtraJamaicaCitiesV2.ts(596,6): error TS1128: Declaration or statement expected.
lib/visualLab/data/poiExtraJamaicaCitiesV2.ts(599,7): error TS1109: Expression expected.
lib/visualLab/data/poiExtraJamaicaCitiesV2.ts(600,6): error TS1128: Declaration or statement expected.
lib/visualLab/data/poiExtraJamaicaCitiesV2.ts(603,7): error TS1109: Expression expected.
lib/visualLab/data/poiExtraJamaicaCitiesV2.ts(604,5): error TS1128: Declaration or statement expected.
lib/visualLab/data/poiExtraJamaicaCitiesV2.ts(605,3): error TS1128: Declaration or statement expected.
lib/visualLab/data/poiExtraJamaicaCitiesV2.ts(605,4): error TS1128: Declaration or statement expected.
lib/visualLab/data/poiExtraJamaicaCitiesV2.ts(608,9): error TS1005: ';' expected.
lib/visualLab/data/poiExtraJamaicaCitiesV2.ts(609,11): error TS1005: ';' expected.
lib/visualLab/data/poiExtraJamaicaCitiesV2.ts(610,11): error TS1005: ';' expected.
lib/visualLab/data/poiExtraJamaicaCitiesV2.ts(611,9): error TS1005: ';' expected.
lib/visualLab/data/poiExtraJamaicaCitiesV2.ts(611,34): error TS1005: ';' expected.
lib/visualLab/data/poiExtraJamaicaCitiesV2.ts(611,53): error TS1005: ';' expected.
lib/visualLab/data/poiExtraJamaicaCitiesV2.ts(611,72): error TS1005: ';' expected.
lib/visualLab/data/poiExtraJamaicaCitiesV2.ts(611,89): error TS1128: Declaration or statement expected.
lib/visualLab/data/poiExtraJamaicaCitiesV2.ts(614,9): error TS1005: ';' expected.
lib/visualLab/data/poiExtraJamaicaCitiesV2.ts(615,9): error TS1005: ';' expected.
lib/visualLab/data/poiExtraJamaicaCitiesV2.ts(616,9): error TS1005: ';' expected.
lib/visualLab/data/poiExtraJamaicaCitiesV2.ts(617,6): error TS1128: Declaration or statement expected.
lib/visualLab/data/poiExtraJamaicaCitiesV2.ts(620,7): error TS1109: Expression expected.
lib/visualLab/data/poiExtraJamaicaCitiesV2.ts(621,6): error TS1128: Declaration or statement expected.
lib/visualLab/data/poiExtraJamaicaCitiesV2.ts(624,7): error TS1109: Expression expected.
lib/visualLab/data/poiExtraJamaicaCitiesV2.ts(625,5): error TS1128: Declaration or statement expected.
lib/visualLab/data/poiExtraJamaicaCitiesV2.ts(626,3): error TS1128: Declaration or statement expected.
lib/visualLab/data/poiExtraJamaicaCitiesV2.ts(626,4): error TS1128: Declaration or statement expected.
lib/visualLab/data/poiExtraJamaicaCitiesV2.ts(629,9): error TS1005: ';' expected.
lib/visualLab/data/poiExtraJamaicaCitiesV2.ts(630,11): error TS1005: ';' expected.
lib/visualLab/data/poiExtraJamaicaCitiesV2.ts(631,11): error TS1005: ';' expected.
lib/visualLab/data/poiExtraJamaicaCitiesV2.ts(632,9): error TS1005: ';' expected.
lib/visualLab/data/poiExtraJamaicaCitiesV2.ts(632,31): error TS1005: ';' expected.
lib/visualLab/data/poiExtraJamaicaCitiesV2.ts(632,47): error TS1005: ';' expected.
lib/visualLab/data/poiExtraJamaicaCitiesV2.ts(632,63): error TS1005: ';' expected.
lib/visualLab/data/poiExtraJamaicaCitiesV2.ts(632,77): error TS1128: Declaration or statement expected.
lib/visualLab/data/poiExtraJamaicaCitiesV2.ts(635,9): error TS1005: ';' expected.
lib/visualLab/data/poiExtraJamaicaCitiesV2.ts(636,9): error TS1005: ';' expected.
lib/visualLab/data/poiExtraJamaicaCitiesV2.ts(637,9): error TS1005: ';' expected.
lib/visualLab/data/poiExtraJamaicaCitiesV2.ts(638,6): error TS1128: Declaration or statement expected.
lib/visualLab/data/poiExtraJamaicaCitiesV2.ts(641,7): error TS1109: Expression expected.
lib/visualLab/data/poiExtraJamaicaCitiesV2.ts(642,6): error TS1128: Declaration or statement expected.
lib/visualLab/data/poiExtraJamaicaCitiesV2.ts(645,7): error TS1109: Expression expected.
lib/visualLab/data/poiExtraJamaicaCitiesV2.ts(646,5): error TS1128: Declaration or statement expected.
lib/visualLab/data/poiExtraJamaicaCitiesV2.ts(647,3): error TS1128: Declaration or statement expected.
lib/visualLab/data/poiExtraJamaicaCitiesV2.ts(647,4): error TS1128: Declaration or statement expected.
lib/visualLab/data/poiExtraJamaicaCitiesV2.ts(650,9): error TS1005: ';' expected.
lib/visualLab/data/poiExtraJamaicaCitiesV2.ts(651,11): error TS1005: ';' expected.
lib/visualLab/data/poiExtraJamaicaCitiesV2.ts(652,11): error TS1005: ';' expected.
lib/visualLab/data/poiExtraJamaicaCitiesV2.ts(653,9): error TS1005: ';' expected.
lib/visualLab/data/poiExtraJamaicaCitiesV2.ts(653,31): error TS1005: ';' expected.
lib/visualLab/data/poiExtraJamaicaCitiesV2.ts(653,47): error TS1005: ';' expected.
lib/visualLab/data/poiExtraJamaicaCitiesV2.ts(653,63): error TS1005: ';' expected.
lib/visualLab/data/poiExtraJamaicaCitiesV2.ts(653,77): error TS1128: Declaration or statement expected.
lib/visualLab/data/poiExtraJamaicaCitiesV2.ts(656,9): error TS1005: ';' expected.
lib/visualLab/data/poiExtraJamaicaCitiesV2.ts(657,9): error TS1005: ';' expected.
lib/visualLab/data/poiExtraJamaicaCitiesV2.ts(658,9): error TS1005: ';' expected.
lib/visualLab/data/poiExtraJamaicaCitiesV2.ts(659,6): error TS1128: Declaration or statement expected.
lib/visualLab/data/poiExtraJamaicaCitiesV2.ts(662,7): error TS1109: Expression expected.
lib/visualLab/data/poiExtraJamaicaCitiesV2.ts(663,6): error TS1128: Declaration or statement expected.
lib/visualLab/data/poiExtraJamaicaCitiesV2.ts(666,7): error TS1109: Expression expected.
lib/visualLab/data/poiExtraJamaicaCitiesV2.ts(667,5): error TS1128: Declaration or statement expected.
lib/visualLab/data/poiExtraJamaicaCitiesV2.ts(668,3): error TS1128: Declaration or statement expected.
lib/visualLab/data/poiExtraJamaicaCitiesV2.ts(668,4): error TS1128: Declaration or statement expected.
lib/visualLab/data/poiExtraJamaicaCitiesV2.ts(671,9): error TS1005: ';' expected.
lib/visualLab/data/poiExtraJamaicaCitiesV2.ts(672,11): error TS1005: ';' expected.
lib/visualLab/data/poiExtraJamaicaCitiesV2.ts(673,11): error TS1005: ';' expected.
lib/visualLab/data/poiExtraJamaicaCitiesV2.ts(674,9): error TS1005: ';' expected.
lib/visualLab/data/poiExtraJamaicaCitiesV2.ts(674,31): error TS1005: ';' expected.
lib/visualLab/data/poiExtraJamaicaCitiesV2.ts(674,47): error TS1005: ';' expected.
lib/visualLab/data/poiExtraJamaicaCitiesV2.ts(674,63): error TS1005: ';' expected.
lib/visualLab/data/poiExtraJamaicaCitiesV2.ts(674,77): error TS1128: Declaration or statement expected.
lib/visualLab/data/poiExtraJamaicaCitiesV2.ts(677,9): error TS1005: ';' expected.
lib/visualLab/data/poiExtraJamaicaCitiesV2.ts(678,9): error TS1005: ';' expected.
lib/visualLab/data/poiExtraJamaicaCitiesV2.ts(679,9): error TS1005: ';' expected.
lib/visualLab/data/poiExtraJamaicaCitiesV2.ts(680,6): error TS1128: Declaration or statement expected.
lib/visualLab/data/poiExtraJamaicaCitiesV2.ts(683,7): error TS1109: Expression expected.
lib/visualLab/data/poiExtraJamaicaCitiesV2.ts(684,6): error TS1128: Declaration or statement expected.
lib/visualLab/data/poiExtraJamaicaCitiesV2.ts(687,7): error TS1109: Expression expected.
lib/visualLab/data/poiExtraJamaicaCitiesV2.ts(688,5): error TS1128: Declaration or statement expected.
lib/visualLab/data/poiExtraJamaicaCitiesV2.ts(689,3): error TS1128: Declaration or statement expected.
lib/visualLab/data/poiExtraJamaicaCitiesV2.ts(689,4): error TS1128: Declaration or statement expected.
lib/visualLab/data/poiExtraJamaicaCitiesV2.ts(692,9): error TS1005: ';' expected.
lib/visualLab/data/poiExtraJamaicaCitiesV2.ts(693,11): error TS1005: ';' expected.
lib/visualLab/data/poiExtraJamaicaCitiesV2.ts(694,11): error TS1005: ';' expected.
lib/visualLab/data/poiExtraJamaicaCitiesV2.ts(695,9): error TS1005: ';' expected.
lib/visualLab/data/poiExtraJamaicaCitiesV2.ts(695,35): error TS1005: ';' expected.
lib/visualLab/data/poiExtraJamaicaCitiesV2.ts(695,55): error TS1005: ';' expected.
lib/visualLab/data/poiExtraJamaicaCitiesV2.ts(695,75): error TS1005: ';' expected.
lib/visualLab/data/poiExtraJamaicaCitiesV2.ts(695,93): error TS1128: Declaration or statement expected.
lib/visualLab/data/poiExtraJamaicaCitiesV2.ts(698,9): error TS1005: ';' expected.
lib/visualLab/data/poiExtraJamaicaCitiesV2.ts(699,9): error TS1005: ';' expected.
lib/visualLab/data/poiExtraJamaicaCitiesV2.ts(700,9): error TS1005: ';' expected.
lib/visualLab/data/poiExtraJamaicaCitiesV2.ts(701,6): error TS1128: Declaration or statement expected.
lib/visualLab/data/poiExtraJamaicaCitiesV2.ts(704,7): error TS1109: Expression expected.
lib/visualLab/data/poiExtraJamaicaCitiesV2.ts(705,6): error TS1128: Declaration or statement expected.
lib/visualLab/data/poiExtraJamaicaCitiesV2.ts(708,7): error TS1109: Expression expected.
lib/visualLab/data/poiExtraJamaicaCitiesV2.ts(709,5): error TS1128: Declaration or statement expected.
lib/visualLab/data/poiExtraJamaicaCitiesV2.ts(710,3): error TS1128: Declaration or statement expected.
lib/visualLab/data/poiExtraJamaicaCitiesV2.ts(710,4): error TS1128: Declaration or statement expected.
lib/visualLab/data/poiExtraJamaicaCitiesV2.ts(713,9): error TS1005: ';' expected.
lib/visualLab/data/poiExtraJamaicaCitiesV2.ts(714,11): error TS1005: ';' expected.
lib/visualLab/data/poiExtraJamaicaCitiesV2.ts(715,11): error TS1005: ';' expected.
lib/visualLab/data/poiExtraJamaicaCitiesV2.ts(716,9): error TS1005: ';' expected.
lib/visualLab/data/poiExtraJamaicaCitiesV2.ts(716,31): error TS1005: ';' expected.
lib/visualLab/data/poiExtraJamaicaCitiesV2.ts(716,47): error TS1005: ';' expected.
lib/visualLab/data/poiExtraJamaicaCitiesV2.ts(716,63): error TS1005: ';' expected.
lib/visualLab/data/poiExtraJamaicaCitiesV2.ts(716,77): error TS1128: Declaration or statement expected.
lib/visualLab/data/poiExtraJamaicaCitiesV2.ts(719,9): error TS1005: ';' expected.
lib/visualLab/data/poiExtraJamaicaCitiesV2.ts(720,9): error TS1005: ';' expected.
lib/visualLab/data/poiExtraJamaicaCitiesV2.ts(721,9): error TS1005: ';' expected.
lib/visualLab/data/poiExtraJamaicaCitiesV2.ts(722,6): error TS1128: Declaration or statement expected.
lib/visualLab/data/poiExtraJamaicaCitiesV2.ts(725,7): error TS1109: Expression expected.
lib/visualLab/data/poiExtraJamaicaCitiesV2.ts(726,6): error TS1128: Declaration or statement expected.
lib/visualLab/data/poiExtraJamaicaCitiesV2.ts(729,7): error TS1109: Expression expected.
lib/visualLab/data/poiExtraJamaicaCitiesV2.ts(730,5): error TS1128: Declaration or statement expected.
lib/visualLab/data/poiExtraJamaicaCitiesV2.ts(731,3): error TS1128: Declaration or statement expected.
lib/visualLab/data/poiExtraJamaicaCitiesV2.ts(731,4): error TS1128: Declaration or statement expected.
lib/visualLab/data/poiExtraJamaicaCitiesV2.ts(734,9): error TS1005: ';' expected.
lib/visualLab/data/poiExtraJamaicaCitiesV2.ts(735,11): error TS1005: ';' expected.
lib/visualLab/data/poiExtraJamaicaCitiesV2.ts(736,11): error TS1005: ';' expected.
lib/visualLab/data/poiExtraJamaicaCitiesV2.ts(737,9): error TS1005: ';' expected.
lib/visualLab/data/poiExtraJamaicaCitiesV2.ts(737,34): error TS1005: ';' expected.
lib/visualLab/data/poiExtraJamaicaCitiesV2.ts(737,53): error TS1005: ';' expected.
lib/visualLab/data/poiExtraJamaicaCitiesV2.ts(737,72): error TS1005: ';' expected.
lib/visualLab/data/poiExtraJamaicaCitiesV2.ts(737,89): error TS1128: Declaration or statement expected.
lib/visualLab/data/poiExtraJamaicaCitiesV2.ts(740,9): error TS1005: ';' expected.
lib/visualLab/data/poiExtraJamaicaCitiesV2.ts(741,9): error TS1005: ';' expected.
lib/visualLab/data/poiExtraJamaicaCitiesV2.ts(742,9): error TS1005: ';' expected.
lib/visualLab/data/poiExtraJamaicaCitiesV2.ts(743,6): error TS1128: Declaration or statement expected.
lib/visualLab/data/poiExtraJamaicaCitiesV2.ts(746,7): error TS1109: Expression expected.
lib/visualLab/data/poiExtraJamaicaCitiesV2.ts(747,6): error TS1128: Declaration or statement expected.
lib/visualLab/data/poiExtraJamaicaCitiesV2.ts(750,7): error TS1109: Expression expected.
lib/visualLab/data/poiExtraJamaicaCitiesV2.ts(751,5): error TS1128: Declaration or statement expected.
lib/visualLab/data/poiExtraJamaicaCitiesV2.ts(752,3): error TS1128: Declaration or statement expected.
lib/visualLab/data/poiExtraJamaicaCitiesV2.ts(752,4): error TS1128: Declaration or statement expected.
lib/visualLab/data/poiExtraJamaicaCitiesV2.ts(755,9): error TS1005: ';' expected.
lib/visualLab/data/poiExtraJamaicaCitiesV2.ts(756,11): error TS1005: ';' expected.
lib/visualLab/data/poiExtraJamaicaCitiesV2.ts(757,11): error TS1005: ';' expected.
lib/visualLab/data/poiExtraJamaicaCitiesV2.ts(758,9): error TS1005: ';' expected.
lib/visualLab/data/poiExtraJamaicaCitiesV2.ts(758,28): error TS1005: ';' expected.
lib/visualLab/data/poiExtraJamaicaCitiesV2.ts(758,41): error TS1005: ';' expected.
lib/visualLab/data/poiExtraJamaicaCitiesV2.ts(758,54): error TS1005: ';' expected.
lib/visualLab/data/poiExtraJamaicaCitiesV2.ts(758,65): error TS1128: Declaration or statement expected.
lib/visualLab/data/poiExtraJamaicaCitiesV2.ts(761,9): error TS1005: ';' expected.
lib/visualLab/data/poiExtraJamaicaCitiesV2.ts(762,9): error TS1005: ';' expected.
lib/visualLab/data/poiExtraJamaicaCitiesV2.ts(763,9): error TS1005: ';' expected.
lib/visualLab/data/poiExtraJamaicaCitiesV2.ts(764,6): error TS1128: Declaration or statement expected.
lib/visualLab/data/poiExtraJamaicaCitiesV2.ts(767,7): error TS1109: Expression expected.
lib/visualLab/data/poiExtraJamaicaCitiesV2.ts(768,6): error TS1128: Declaration or statement expected.
lib/visualLab/data/poiExtraJamaicaCitiesV2.ts(771,7): error TS1109: Expression expected.
lib/visualLab/data/poiExtraJamaicaCitiesV2.ts(772,5): error TS1128: Declaration or statement expected.
lib/visualLab/data/poiExtraJamaicaCitiesV2.ts(773,3): error TS1128: Declaration or statement expected.
lib/visualLab/data/poiExtraJamaicaCitiesV2.ts(773,4): error TS1128: Declaration or statement expected.
lib/visualLab/data/poiExtraJamaicaCitiesV2.ts(776,9): error TS1005: ';' expected.
lib/visualLab/data/poiExtraJamaicaCitiesV2.ts(777,11): error TS1005: ';' expected.
lib/visualLab/data/poiExtraJamaicaCitiesV2.ts(778,11): error TS1005: ';' expected.
lib/visualLab/data/poiExtraJamaicaCitiesV2.ts(779,9): error TS1005: ';' expected.
lib/visualLab/data/poiExtraJamaicaCitiesV2.ts(779,31): error TS1005: ';' expected.
lib/visualLab/data/poiExtraJamaicaCitiesV2.ts(779,47): error TS1005: ';' expected.
lib/visualLab/data/poiExtraJamaicaCitiesV2.ts(779,63): error TS1005: ';' expected.
lib/visualLab/data/poiExtraJamaicaCitiesV2.ts(779,77): error TS1128: Declaration or statement expected.
lib/visualLab/data/poiExtraJamaicaCitiesV2.ts(782,9): error TS1005: ';' expected.
lib/visualLab/data/poiExtraJamaicaCitiesV2.ts(783,9): error TS1005: ';' expected.
lib/visualLab/data/poiExtraJamaicaCitiesV2.ts(784,9): error TS1005: ';' expected.
lib/visualLab/data/poiExtraJamaicaCitiesV2.ts(785,6): error TS1128: Declaration or statement expected.
lib/visualLab/data/poiExtraJamaicaCitiesV2.ts(788,7): error TS1109: Expression expected.
lib/visualLab/data/poiExtraJamaicaCitiesV2.ts(789,6): error TS1128: Declaration or statement expected.
lib/visualLab/data/poiExtraJamaicaCitiesV2.ts(792,7): error TS1109: Expression expected.
lib/visualLab/data/poiExtraJamaicaCitiesV2.ts(793,5): error TS1128: Declaration or statement expected.
lib/visualLab/data/poiExtraJamaicaCitiesV2.ts(794,3): error TS1128: Declaration or statement expected.
lib/visualLab/data/poiExtraJamaicaCitiesV2.ts(794,4): error TS1128: Declaration or statement expected.
lib/visualLab/data/poiExtraJamaicaCitiesV2.ts(797,9): error TS1005: ';' expected.
lib/visualLab/data/poiExtraJamaicaCitiesV2.ts(798,11): error TS1005: ';' expected.
lib/visualLab/data/poiExtraJamaicaCitiesV2.ts(799,11): error TS1005: ';' expected.
lib/visualLab/data/poiExtraJamaicaCitiesV2.ts(800,9): error TS1005: ';' expected.
lib/visualLab/data/poiExtraJamaicaCitiesV2.ts(800,33): error TS1005: ';' expected.
lib/visualLab/data/poiExtraJamaicaCitiesV2.ts(800,51): error TS1005: ';' expected.
lib/visualLab/data/poiExtraJamaicaCitiesV2.ts(800,69): error TS1005: ';' expected.
lib/visualLab/data/poiExtraJamaicaCitiesV2.ts(800,85): error TS1128: Declaration or statement expected.
lib/visualLab/data/poiExtraJamaicaCitiesV2.ts(803,9): error TS1005: ';' expected.
lib/visualLab/data/poiExtraJamaicaCitiesV2.ts(804,9): error TS1005: ';' expected.
lib/visualLab/data/poiExtraJamaicaCitiesV2.ts(805,9): error TS1005: ';' expected.
lib/visualLab/data/poiExtraJamaicaCitiesV2.ts(806,6): error TS1128: Declaration or statement expected.
lib/visualLab/data/poiExtraJamaicaCitiesV2.ts(809,7): error TS1109: Expression expected.
lib/visualLab/data/poiExtraJamaicaCitiesV2.ts(810,6): error TS1128: Declaration or statement expected.
lib/visualLab/data/poiExtraJamaicaCitiesV2.ts(813,7): error TS1109: Expression expected.
lib/visualLab/data/poiExtraJamaicaCitiesV2.ts(814,5): error TS1128: Declaration or statement expected.
lib/visualLab/data/poiExtraJamaicaCitiesV2.ts(815,3): error TS1128: Declaration or statement expected.
lib/visualLab/data/poiExtraJamaicaCitiesV2.ts(815,4): error TS1128: Declaration or statement expected.
lib/visualLab/data/poiExtraJamaicaCitiesV2.ts(818,9): error TS1005: ';' expected.
lib/visualLab/data/poiExtraJamaicaCitiesV2.ts(819,11): error TS1005: ';' expected.
lib/visualLab/data/poiExtraJamaicaCitiesV2.ts(820,11): error TS1005: ';' expected.
lib/visualLab/data/poiExtraJamaicaCitiesV2.ts(821,9): error TS1005: ';' expected.
lib/visualLab/data/poiExtraJamaicaCitiesV2.ts(821,32): error TS1005: ';' expected.
lib/visualLab/data/poiExtraJamaicaCitiesV2.ts(821,49): error TS1005: ';' expected.
lib/visualLab/data/poiExtraJamaicaCitiesV2.ts(821,66): error TS1005: ';' expected.
lib/visualLab/data/poiExtraJamaicaCitiesV2.ts(821,81): error TS1128: Declaration or statement expected.
lib/visualLab/data/poiExtraJamaicaCitiesV2.ts(824,9): error TS1005: ';' expected.
lib/visualLab/data/poiExtraJamaicaCitiesV2.ts(825,9): error TS1005: ';' expected.
lib/visualLab/data/poiExtraJamaicaCitiesV2.ts(826,9): error TS1005: ';' expected.
lib/visualLab/data/poiExtraJamaicaCitiesV2.ts(827,6): error TS1128: Declaration or statement expected.
lib/visualLab/data/poiExtraJamaicaCitiesV2.ts(830,7): error TS1109: Expression expected.
lib/visualLab/data/poiExtraJamaicaCitiesV2.ts(831,6): error TS1128: Declaration or statement expected.
lib/visualLab/data/poiExtraJamaicaCitiesV2.ts(834,7): error TS1109: Expression expected.
lib/visualLab/data/poiExtraJamaicaCitiesV2.ts(835,5): error TS1128: Declaration or statement expected.
lib/visualLab/data/poiExtraJamaicaCitiesV2.ts(836,3): error TS1128: Declaration or statement expected.
lib/visualLab/data/poiExtraJamaicaCitiesV2.ts(836,4): error TS1128: Declaration or statement expected.
lib/visualLab/data/poiExtraJamaicaCitiesV2.ts(839,9): error TS1005: ';' expected.
lib/visualLab/data/poiExtraJamaicaCitiesV2.ts(840,11): error TS1005: ';' expected.
lib/visualLab/data/poiExtraJamaicaCitiesV2.ts(841,11): error TS1005: ';' expected.
lib/visualLab/data/poiExtraJamaicaCitiesV2.ts(842,9): error TS1005: ';' expected.
lib/visualLab/data/poiExtraJamaicaCitiesV2.ts(842,36): error TS1005: ';' expected.
lib/visualLab/data/poiExtraJamaicaCitiesV2.ts(842,57): error TS1005: ';' expected.
lib/visualLab/data/poiExtraJamaicaCitiesV2.ts(842,78): error TS1005: ';' expected.
lib/visualLab/data/poiExtraJamaicaCitiesV2.ts(842,97): error TS1128: Declaration or statement expected.
lib/visualLab/data/poiExtraJamaicaCitiesV2.ts(845,9): error TS1005: ';' expected.
lib/visualLab/data/poiExtraJamaicaCitiesV2.ts(846,9): error TS1005: ';' expected.
lib/visualLab/data/poiExtraJamaicaCitiesV2.ts(847,9): error TS1005: ';' expected.
lib/visualLab/data/poiExtraJamaicaCitiesV2.ts(848,6): error TS1128: Declaration or statement expected.
lib/visualLab/data/poiExtraJamaicaCitiesV2.ts(851,7): error TS1109: Expression expected.
lib/visualLab/data/poiExtraJamaicaCitiesV2.ts(852,6): error TS1128: Declaration or statement expected.
lib/visualLab/data/poiExtraJamaicaCitiesV2.ts(855,7): error TS1109: Expression expected.
lib/visualLab/data/poiExtraJamaicaCitiesV2.ts(856,5): error TS1128: Declaration or statement expected.
lib/visualLab/data/poiExtraJamaicaCitiesV2.ts(857,3): error TS1128: Declaration or statement expected.
lib/visualLab/data/poiExtraJamaicaCitiesV2.ts(857,4): error TS1128: Declaration or statement expected.
lib/visualLab/data/poiExtraJamaicaCitiesV2.ts(860,9): error TS1005: ';' expected.
lib/visualLab/data/poiExtraJamaicaCitiesV2.ts(861,11): error TS1005: ';' expected.
lib/visualLab/data/poiExtraJamaicaCitiesV2.ts(862,11): error TS1005: ';' expected.
lib/visualLab/data/poiExtraJamaicaCitiesV2.ts(863,9): error TS1005: ';' expected.
lib/visualLab/data/poiExtraJamaicaCitiesV2.ts(863,33): error TS1005: ';' expected.
lib/visualLab/data/poiExtraJamaicaCitiesV2.ts(863,51): error TS1005: ';' expected.
lib/visualLab/data/poiExtraJamaicaCitiesV2.ts(863,69): error TS1005: ';' expected.
lib/visualLab/data/poiExtraJamaicaCitiesV2.ts(863,85): error TS1128: Declaration or statement expected.
lib/visualLab/data/poiExtraJamaicaCitiesV2.ts(866,9): error TS1005: ';' expected.
lib/visualLab/data/poiExtraJamaicaCitiesV2.ts(867,9): error TS1005: ';' expected.
lib/visualLab/data/poiExtraJamaicaCitiesV2.ts(868,9): error TS1005: ';' expected.
lib/visualLab/data/poiExtraJamaicaCitiesV2.ts(869,6): error TS1128: Declaration or statement expected.
lib/visualLab/data/poiExtraJamaicaCitiesV2.ts(872,7): error TS1109: Expression expected.
lib/visualLab/data/poiExtraJamaicaCitiesV2.ts(873,6): error TS1128: Declaration or statement expected.
lib/visualLab/data/poiExtraJamaicaCitiesV2.ts(876,7): error TS1109: Expression expected.
lib/visualLab/data/poiExtraJamaicaCitiesV2.ts(877,5): error TS1128: Declaration or statement expected.
lib/visualLab/data/poiExtraJamaicaCitiesV2.ts(878,3): error TS1128: Declaration or statement expected.
lib/visualLab/data/poiExtraJamaicaCitiesV2.ts(878,4): error TS1128: Declaration or statement expected.
lib/visualLab/data/poiExtraJamaicaCitiesV2.ts(881,9): error TS1005: ';' expected.
lib/visualLab/data/poiExtraJamaicaCitiesV2.ts(882,11): error TS1005: ';' expected.
lib/visualLab/data/poiExtraJamaicaCitiesV2.ts(883,11): error TS1005: ';' expected.
lib/visualLab/data/poiExtraJamaicaCitiesV2.ts(884,9): error TS1005: ';' expected.
lib/visualLab/data/poiExtraJamaicaCitiesV2.ts(884,31): error TS1005: ';' expected.
lib/visualLab/data/poiExtraJamaicaCitiesV2.ts(884,47): error TS1005: ';' expected.
lib/visualLab/data/poiExtraJamaicaCitiesV2.ts(884,63): error TS1005: ';' expected.
lib/visualLab/data/poiExtraJamaicaCitiesV2.ts(884,77): error TS1128: Declaration or statement expected.
lib/visualLab/data/poiExtraJamaicaCitiesV2.ts(887,9): error TS1005: ';' expected.
lib/visualLab/data/poiExtraJamaicaCitiesV2.ts(888,9): error TS1005: ';' expected.
lib/visualLab/data/poiExtraJamaicaCitiesV2.ts(889,9): error TS1005: ';' expected.
lib/visualLab/data/poiExtraJamaicaCitiesV2.ts(890,6): error TS1128: Declaration or statement expected.
lib/visualLab/data/poiExtraJamaicaCitiesV2.ts(893,7): error TS1109: Expression expected.
lib/visualLab/data/poiExtraJamaicaCitiesV2.ts(894,6): error TS1128: Declaration or statement expected.
lib/visualLab/data/poiExtraJamaicaCitiesV2.ts(897,7): error TS1109: Expression expected.
lib/visualLab/data/poiExtraJamaicaCitiesV2.ts(898,5): error TS1128: Declaration or statement expected.
lib/visualLab/data/poiExtraJamaicaCitiesV2.ts(899,3): error TS1128: Declaration or statement expected.
lib/visualLab/data/poiExtraJamaicaCitiesV2.ts(899,4): error TS1128: Declaration or statement expected.
lib/visualLab/data/poiExtraJamaicaCitiesV2.ts(902,9): error TS1005: ';' expected.
lib/visualLab/data/poiExtraJamaicaCitiesV2.ts(903,11): error TS1005: ';' expected.
lib/visualLab/data/poiExtraJamaicaCitiesV2.ts(904,11): error TS1005: ';' expected.
lib/visualLab/data/poiExtraJamaicaCitiesV2.ts(905,9): error TS1005: ';' expected.
lib/visualLab/data/poiExtraJamaicaCitiesV2.ts(905,32): error TS1005: ';' expected.
lib/visualLab/data/poiExtraJamaicaCitiesV2.ts(905,49): error TS1005: ';' expected.
lib/visualLab/data/poiExtraJamaicaCitiesV2.ts(905,66): error TS1005: ';' expected.
lib/visualLab/data/poiExtraJamaicaCitiesV2.ts(905,81): error TS1128: Declaration or statement expected.
lib/visualLab/data/poiExtraJamaicaCitiesV2.ts(908,9): error TS1005: ';' expected.
lib/visualLab/data/poiExtraJamaicaCitiesV2.ts(909,9): error TS1005: ';' expected.
lib/visualLab/data/poiExtraJamaicaCitiesV2.ts(910,9): error TS1005: ';' expected.
lib/visualLab/data/poiExtraJamaicaCitiesV2.ts(911,6): error TS1128: Declaration or statement expected.
lib/visualLab/data/poiExtraJamaicaCitiesV2.ts(914,7): error TS1109: Expression expected.
lib/visualLab/data/poiExtraJamaicaCitiesV2.ts(915,6): error TS1128: Declaration or statement expected.
lib/visualLab/data/poiExtraJamaicaCitiesV2.ts(918,7): error TS1109: Expression expected.
lib/visualLab/data/poiExtraJamaicaCitiesV2.ts(919,5): error TS1128: Declaration or statement expected.
lib/visualLab/data/poiExtraJamaicaCitiesV2.ts(920,3): error TS1128: Declaration or statement expected.
lib/visualLab/data/poiExtraJamaicaCitiesV2.ts(920,4): error TS1128: Declaration or statement expected.
lib/visualLab/data/poiExtraJamaicaCitiesV2.ts(923,9): error TS1005: ';' expected.
lib/visualLab/data/poiExtraJamaicaCitiesV2.ts(924,11): error TS1005: ';' expected.
lib/visualLab/data/poiExtraJamaicaCitiesV2.ts(925,11): error TS1005: ';' expected.
lib/visualLab/data/poiExtraJamaicaCitiesV2.ts(926,9): error TS1005: ';' expected.
lib/visualLab/data/poiExtraJamaicaCitiesV2.ts(926,33): error TS1005: ';' expected.
lib/visualLab/data/poiExtraJamaicaCitiesV2.ts(926,51): error TS1005: ';' expected.
lib/visualLab/data/poiExtraJamaicaCitiesV2.ts(926,69): error TS1005: ';' expected.
lib/visualLab/data/poiExtraJamaicaCitiesV2.ts(926,85): error TS1128: Declaration or statement expected.
lib/visualLab/data/poiExtraJamaicaCitiesV2.ts(929,9): error TS1005: ';' expected.
lib/visualLab/data/poiExtraJamaicaCitiesV2.ts(930,9): error TS1005: ';' expected.
lib/visualLab/data/poiExtraJamaicaCitiesV2.ts(931,9): error TS1005: ';' expected.
lib/visualLab/data/poiExtraJamaicaCitiesV2.ts(932,6): error TS1128: Declaration or statement expected.
lib/visualLab/data/poiExtraJamaicaCitiesV2.ts(935,7): error TS1109: Expression expected.
lib/visualLab/data/poiExtraJamaicaCitiesV2.ts(936,6): error TS1128: Declaration or statement expected.
lib/visualLab/data/poiExtraJamaicaCitiesV2.ts(939,7): error TS1109: Expression expected.
lib/visualLab/data/poiExtraJamaicaCitiesV2.ts(940,5): error TS1128: Declaration or statement expected.
lib/visualLab/data/poiExtraJamaicaCitiesV2.ts(941,3): error TS1128: Declaration or statement expected.
lib/visualLab/data/poiExtraJamaicaCitiesV2.ts(941,4): error TS1128: Declaration or statement expected.
lib/visualLab/data/poiExtraJamaicaCitiesV2.ts(944,9): error TS1005: ';' expected.
lib/visualLab/data/poiExtraJamaicaCitiesV2.ts(945,11): error TS1005: ';' expected.
lib/visualLab/data/poiExtraJamaicaCitiesV2.ts(946,11): error TS1005: ';' expected.
lib/visualLab/data/poiExtraJamaicaCitiesV2.ts(947,9): error TS1005: ';' expected.
lib/visualLab/data/poiExtraJamaicaCitiesV2.ts(947,34): error TS1005: ';' expected.
lib/visualLab/data/poiExtraJamaicaCitiesV2.ts(947,53): error TS1005: ';' expected.
lib/visualLab/data/poiExtraJamaicaCitiesV2.ts(947,72): error TS1005: ';' expected.
lib/visualLab/data/poiExtraJamaicaCitiesV2.ts(947,89): error TS1128: Declaration or statement expected.
lib/visualLab/data/poiExtraJamaicaCitiesV2.ts(950,9): error TS1005: ';' expected.
lib/visualLab/data/poiExtraJamaicaCitiesV2.ts(951,9): error TS1005: ';' expected.
lib/visualLab/data/poiExtraJamaicaCitiesV2.ts(952,9): error TS1005: ';' expected.
lib/visualLab/data/poiExtraJamaicaCitiesV2.ts(953,6): error TS1128: Declaration or statement expected.
lib/visualLab/data/poiExtraJamaicaCitiesV2.ts(956,6): error TS1128: Declaration or statement expected.
lib/visualLab/data/poiExtraJamaicaCitiesV2.ts(960,4): error TS1128: Declaration or statement expected.
lib/visualLab/data/poiExtraJamaicaCitiesV2.ts(963,9): error TS1005: ';' expected.
lib/visualLab/data/poiExtraJamaicaCitiesV2.ts(964,11): error TS1005: ';' expected.
lib/visualLab/data/poiExtraJamaicaCitiesV2.ts(965,11): error TS1005: ';' expected.
lib/visualLab/data/poiExtraJamaicaCitiesV2.ts(966,9): error TS1005: ';' expected.
lib/visualLab/data/poiExtraJamaicaCitiesV2.ts(966,33): error TS1005: ';' expected.
lib/visualLab/data/poiExtraJamaicaCitiesV2.ts(966,51): error TS1005: ';' expected.
lib/visualLab/data/poiExtraJamaicaCitiesV2.ts(966,69): error TS1005: ';' expected.
lib/visualLab/data/poiExtraJamaicaCitiesV2.ts(966,85): error TS1128: Declaration or statement expected.
lib/visualLab/data/poiExtraJamaicaCitiesV2.ts(969,9): error TS1005: ';' expected.
lib/visualLab/data/poiExtraJamaicaCitiesV2.ts(970,9): error TS1005: ';' expected.
lib/visualLab/data/poiExtraJamaicaCitiesV2.ts(971,9): error TS1005: ';' expected.
lib/visualLab/data/poiExtraJamaicaCitiesV2.ts(972,6): error TS1128: Declaration or statement expected.
lib/visualLab/data/poiExtraJamaicaCitiesV2.ts(975,6): error TS1128: Declaration or statement expected.
lib/visualLab/data/poiExtraJamaicaCitiesV2.ts(979,4): error TS1128: Declaration or statement expected.
lib/visualLab/data/poiExtraJamaicaCitiesV2.ts(982,9): error TS1005: ';' expected.
lib/visualLab/data/poiExtraJamaicaCitiesV2.ts(983,11): error TS1005: ';' expected.
lib/visualLab/data/poiExtraJamaicaCitiesV2.ts(984,11): error TS1005: ';' expected.
lib/visualLab/data/poiExtraJamaicaCitiesV2.ts(985,9): error TS1005: ';' expected.
lib/visualLab/data/poiExtraJamaicaCitiesV2.ts(985,32): error TS1005: ';' expected.
lib/visualLab/data/poiExtraJamaicaCitiesV2.ts(985,49): error TS1005: ';' expected.
lib/visualLab/data/poiExtraJamaicaCitiesV2.ts(985,66): error TS1005: ';' expected.
lib/visualLab/data/poiExtraJamaicaCitiesV2.ts(985,81): error TS1128: Declaration or statement expected.
lib/visualLab/data/poiExtraJamaicaCitiesV2.ts(988,9): error TS1005: ';' expected.
lib/visualLab/data/poiExtraJamaicaCitiesV2.ts(989,9): error TS1005: ';' expected.
lib/visualLab/data/poiExtraJamaicaCitiesV2.ts(990,9): error TS1005: ';' expected.
lib/visualLab/data/poiExtraJamaicaCitiesV2.ts(991,6): error TS1128: Declaration or statement expected.
lib/visualLab/data/poiExtraJamaicaCitiesV2.ts(994,6): error TS1128: Declaration or statement expected.
lib/visualLab/data/poiExtraJamaicaCitiesV2.ts(998,4): error TS1128: Declaration or statement expected.
lib/visualLab/data/poiExtraJamaicaCitiesV2.ts(1001,9): error TS1005: ';' expected.
lib/visualLab/data/poiExtraJamaicaCitiesV2.ts(1002,11): error TS1005: ';' expected.
lib/visualLab/data/poiExtraJamaicaCitiesV2.ts(1003,11): error TS1005: ';' expected.
lib/visualLab/data/poiExtraJamaicaCitiesV2.ts(1004,9): error TS1005: ';' expected.
lib/visualLab/data/poiExtraJamaicaCitiesV2.ts(1004,30): error TS1005: ';' expected.
lib/visualLab/data/poiExtraJamaicaCitiesV2.ts(1004,45): error TS1005: ';' expected.
lib/visualLab/data/poiExtraJamaicaCitiesV2.ts(1004,60): error TS1005: ';' expected.
lib/visualLab/data/poiExtraJamaicaCitiesV2.ts(1004,73): error TS1128: Declaration or statement expected.
lib/visualLab/data/poiExtraJamaicaCitiesV2.ts(1007,9): error TS1005: ';' expected.
lib/visualLab/data/poiExtraJamaicaCitiesV2.ts(1008,9): error TS1005: ';' expected.
lib/visualLab/data/poiExtraJamaicaCitiesV2.ts(1009,9): error TS1005: ';' expected.
lib/visualLab/data/poiExtraJamaicaCitiesV2.ts(1010,6): error TS1128: Declaration or statement expected.
lib/visualLab/data/poiExtraJamaicaCitiesV2.ts(1013,6): error TS1128: Declaration or statement expected.
lib/visualLab/data/poiExtraJamaicaCitiesV2.ts(1017,4): error TS1128: Declaration or statement expected.
lib/visualLab/data/poiExtraJamaicaCitiesV2.ts(1020,9): error TS1005: ';' expected.
lib/visualLab/data/poiExtraJamaicaCitiesV2.ts(1021,11): error TS1005: ';' expected.
lib/visualLab/data/poiExtraJamaicaCitiesV2.ts(1022,11): error TS1005: ';' expected.
lib/visualLab/data/poiExtraJamaicaCitiesV2.ts(1023,9): error TS1005: ';' expected.
lib/visualLab/data/poiExtraJamaicaCitiesV2.ts(1023,34): error TS1005: ';' expected.
lib/visualLab/data/poiExtraJamaicaCitiesV2.ts(1023,53): error TS1005: ';' expected.
lib/visualLab/data/poiExtraJamaicaCitiesV2.ts(1023,72): error TS1005: ';' expected.
lib/visualLab/data/poiExtraJamaicaCitiesV2.ts(1023,89): error TS1128: Declaration or statement expected.
lib/visualLab/data/poiExtraJamaicaCitiesV2.ts(1026,9): error TS1005: ';' expected.
lib/visualLab/data/poiExtraJamaicaCitiesV2.ts(1027,9): error TS1005: ';' expected.
lib/visualLab/data/poiExtraJamaicaCitiesV2.ts(1028,9): error TS1005: ';' expected.
lib/visualLab/data/poiExtraJamaicaCitiesV2.ts(1029,6): error TS1128: Declaration or statement expected.
lib/visualLab/data/poiExtraJamaicaCitiesV2.ts(1032,6): error TS1128: Declaration or statement expected.
lib/visualLab/data/poiExtraJamaicaCitiesV2.ts(1036,4): error TS1128: Declaration or statement expected.
lib/visualLab/data/poiExtraJamaicaCitiesV2.ts(1039,9): error TS1005: ';' expected.
lib/visualLab/data/poiExtraJamaicaCitiesV2.ts(1040,11): error TS1005: ';' expected.
lib/visualLab/data/poiExtraJamaicaCitiesV2.ts(1041,11): error TS1005: ';' expected.
lib/visualLab/data/poiExtraJamaicaCitiesV2.ts(1042,9): error TS1005: ';' expected.
lib/visualLab/data/poiExtraJamaicaCitiesV2.ts(1042,33): error TS1005: ';' expected.
lib/visualLab/data/poiExtraJamaicaCitiesV2.ts(1042,51): error TS1005: ';' expected.
lib/visualLab/data/poiExtraJamaicaCitiesV2.ts(1042,69): error TS1005: ';' expected.
lib/visualLab/data/poiExtraJamaicaCitiesV2.ts(1042,85): error TS1128: Declaration or statement expected.
lib/visualLab/data/poiExtraJamaicaCitiesV2.ts(1045,9): error TS1005: ';' expected.
lib/visualLab/data/poiExtraJamaicaCitiesV2.ts(1046,9): error TS1005: ';' expected.
lib/visualLab/data/poiExtraJamaicaCitiesV2.ts(1047,9): error TS1005: ';' expected.
lib/visualLab/data/poiExtraJamaicaCitiesV2.ts(1048,6): error TS1128: Declaration or statement expected.
lib/visualLab/data/poiExtraJamaicaCitiesV2.ts(1051,6): error TS1128: Declaration or statement expected.
lib/visualLab/data/poiExtraJamaicaCitiesV2.ts(1055,4): error TS1128: Declaration or statement expected.
lib/visualLab/data/poiExtraJamaicaCitiesV2.ts(1058,9): error TS1005: ';' expected.
lib/visualLab/data/poiExtraJamaicaCitiesV2.ts(1059,11): error TS1005: ';' expected.
lib/visualLab/data/poiExtraJamaicaCitiesV2.ts(1060,11): error TS1005: ';' expected.
lib/visualLab/data/poiExtraJamaicaCitiesV2.ts(1061,9): error TS1005: ';' expected.
lib/visualLab/data/poiExtraJamaicaCitiesV2.ts(1061,30): error TS1005: ';' expected.
lib/visualLab/data/poiExtraJamaicaCitiesV2.ts(1061,45): error TS1005: ';' expected.
lib/visualLab/data/poiExtraJamaicaCitiesV2.ts(1061,60): error TS1005: ';' expected.
lib/visualLab/data/poiExtraJamaicaCitiesV2.ts(1061,73): error TS1128: Declaration or statement expected.
lib/visualLab/data/poiExtraJamaicaCitiesV2.ts(1064,9): error TS1005: ';' expected.
lib/visualLab/data/poiExtraJamaicaCitiesV2.ts(1065,9): error TS1005: ';' expected.
lib/visualLab/data/poiExtraJamaicaCitiesV2.ts(1066,9): error TS1005: ';' expected.
lib/visualLab/data/poiExtraJamaicaCitiesV2.ts(1067,6): error TS1128: Declaration or statement expected.
lib/visualLab/data/poiExtraJamaicaCitiesV2.ts(1070,6): error TS1128: Declaration or statement expected.
lib/visualLab/data/poiExtraJamaicaCitiesV2.ts(1074,4): error TS1128: Declaration or statement expected.
lib/visualLab/data/poiExtraJamaicaCitiesV2.ts(1077,9): error TS1005: ';' expected.
lib/visualLab/data/poiExtraJamaicaCitiesV2.ts(1078,11): error TS1005: ';' expected.
lib/visualLab/data/poiExtraJamaicaCitiesV2.ts(1079,11): error TS1005: ';' expected.
lib/visualLab/data/poiExtraJamaicaCitiesV2.ts(1080,9): error TS1005: ';' expected.
lib/visualLab/data/poiExtraJamaicaCitiesV2.ts(1080,32): error TS1005: ';' expected.
lib/visualLab/data/poiExtraJamaicaCitiesV2.ts(1080,49): error TS1005: ';' expected.
lib/visualLab/data/poiExtraJamaicaCitiesV2.ts(1080,66): error TS1005: ';' expected.
lib/visualLab/data/poiExtraJamaicaCitiesV2.ts(1080,81): error TS1128: Declaration or statement expected.
lib/visualLab/data/poiExtraJamaicaCitiesV2.ts(1083,9): error TS1005: ';' expected.
lib/visualLab/data/poiExtraJamaicaCitiesV2.ts(1084,9): error TS1005: ';' expected.
lib/visualLab/data/poiExtraJamaicaCitiesV2.ts(1085,9): error TS1005: ';' expected.
lib/visualLab/data/poiExtraJamaicaCitiesV2.ts(1086,6): error TS1128: Declaration or statement expected.
lib/visualLab/data/poiExtraJamaicaCitiesV2.ts(1089,6): error TS1128: Declaration or statement expected.
lib/visualLab/data/poiExtraJamaicaCitiesV2.ts(1093,4): error TS1128: Declaration or statement expected.
lib/visualLab/data/poiExtraJamaicaCitiesV2.ts(1096,9): error TS1005: ';' expected.
lib/visualLab/data/poiExtraJamaicaCitiesV2.ts(1097,11): error TS1005: ';' expected.
lib/visualLab/data/poiExtraJamaicaCitiesV2.ts(1098,11): error TS1005: ';' expected.
lib/visualLab/data/poiExtraJamaicaCitiesV2.ts(1099,9): error TS1005: ';' expected.
lib/visualLab/data/poiExtraJamaicaCitiesV2.ts(1099,36): error TS1005: ';' expected.
lib/visualLab/data/poiExtraJamaicaCitiesV2.ts(1099,57): error TS1005: ';' expected.
lib/visualLab/data/poiExtraJamaicaCitiesV2.ts(1099,78): error TS1005: ';' expected.
lib/visualLab/data/poiExtraJamaicaCitiesV2.ts(1099,97): error TS1128: Declaration or statement expected.
lib/visualLab/data/poiExtraJamaicaCitiesV2.ts(1102,9): error TS1005: ';' expected.
lib/visualLab/data/poiExtraJamaicaCitiesV2.ts(1103,9): error TS1005: ';' expected.
lib/visualLab/data/poiExtraJamaicaCitiesV2.ts(1104,9): error TS1005: ';' expected.
lib/visualLab/data/poiExtraJamaicaCitiesV2.ts(1105,6): error TS1128: Declaration or statement expected.
lib/visualLab/data/poiExtraJamaicaCitiesV2.ts(1108,6): error TS1128: Declaration or statement expected.
lib/visualLab/data/poiExtraJamaicaCitiesV2.ts(1112,4): error TS1128: Declaration or statement expected.
lib/visualLab/data/poiExtraJamaicaCitiesV2.ts(1115,9): error TS1005: ';' expected.
lib/visualLab/data/poiExtraJamaicaCitiesV2.ts(1116,11): error TS1005: ';' expected.
lib/visualLab/data/poiExtraJamaicaCitiesV2.ts(1117,11): error TS1005: ';' expected.
lib/visualLab/data/poiExtraJamaicaCitiesV2.ts(1118,9): error TS1005: ';' expected.
lib/visualLab/data/poiExtraJamaicaCitiesV2.ts(1118,34): error TS1005: ';' expected.
lib/visualLab/data/poiExtraJamaicaCitiesV2.ts(1118,53): error TS1005: ';' expected.
lib/visualLab/data/poiExtraJamaicaCitiesV2.ts(1118,72): error TS1005: ';' expected.
lib/visualLab/data/poiExtraJamaicaCitiesV2.ts(1118,89): error TS1128: Declaration or statement expected.
lib/visualLab/data/poiExtraJamaicaCitiesV2.ts(1121,9): error TS1005: ';' expected.
lib/visualLab/data/poiExtraJamaicaCitiesV2.ts(1122,9): error TS1005: ';' expected.
lib/visualLab/data/poiExtraJamaicaCitiesV2.ts(1123,9): error TS1005: ';' expected.
lib/visualLab/data/poiExtraJamaicaCitiesV2.ts(1124,6): error TS1128: Declaration or statement expected.
lib/visualLab/data/poiExtraJamaicaCitiesV2.ts(1127,6): error TS1128: Declaration or statement expected.
lib/visualLab/data/poiExtraJamaicaCitiesV2.ts(1131,4): error TS1128: Declaration or statement expected.
lib/visualLab/data/poiExtraJamaicaCitiesV2.ts(1134,9): error TS1005: ';' expected.
lib/visualLab/data/poiExtraJamaicaCitiesV2.ts(1135,11): error TS1005: ';' expected.
lib/visualLab/data/poiExtraJamaicaCitiesV2.ts(1136,11): error TS1005: ';' expected.
lib/visualLab/data/poiExtraJamaicaCitiesV2.ts(1137,9): error TS1005: ';' expected.
lib/visualLab/data/poiExtraJamaicaCitiesV2.ts(1137,28): error TS1005: ';' expected.
lib/visualLab/data/poiExtraJamaicaCitiesV2.ts(1137,41): error TS1005: ';' expected.
lib/visualLab/data/poiExtraJamaicaCitiesV2.ts(1137,54): error TS1005: ';' expected.
lib/visualLab/data/poiExtraJamaicaCitiesV2.ts(1137,65): error TS1128: Declaration or statement expected.
lib/visualLab/data/poiExtraJamaicaCitiesV2.ts(1140,9): error TS1005: ';' expected.
lib/visualLab/data/poiExtraJamaicaCitiesV2.ts(1141,9): error TS1005: ';' expected.
lib/visualLab/data/poiExtraJamaicaCitiesV2.ts(1142,9): error TS1005: ';' expected.
lib/visualLab/data/poiExtraJamaicaCitiesV2.ts(1143,6): error TS1128: Declaration or statement expected.
lib/visualLab/data/poiExtraJamaicaCitiesV2.ts(1146,6): error TS1128: Declaration or statement expected.
lib/visualLab/data/poiExtraJamaicaCitiesV2.ts(1150,4): error TS1128: Declaration or statement expected.
lib/visualLab/data/poiExtraJamaicaCitiesV2.ts(1153,9): error TS1005: ';' expected.
lib/visualLab/data/poiExtraJamaicaCitiesV2.ts(1154,11): error TS1005: ';' expected.
lib/visualLab/data/poiExtraJamaicaCitiesV2.ts(1155,11): error TS1005: ';' expected.
lib/visualLab/data/poiExtraJamaicaCitiesV2.ts(1156,9): error TS1005: ';' expected.
lib/visualLab/data/poiExtraJamaicaCitiesV2.ts(1156,32): error TS1005: ';' expected.
lib/visualLab/data/poiExtraJamaicaCitiesV2.ts(1156,49): error TS1005: ';' expected.
lib/visualLab/data/poiExtraJamaicaCitiesV2.ts(1156,66): error TS1005: ';' expected.
lib/visualLab/data/poiExtraJamaicaCitiesV2.ts(1156,81): error TS1128: Declaration or statement expected.
lib/visualLab/data/poiExtraJamaicaCitiesV2.ts(1159,9): error TS1005: ';' expected.
lib/visualLab/data/poiExtraJamaicaCitiesV2.ts(1160,9): error TS1005: ';' expected.
lib/visualLab/data/poiExtraJamaicaCitiesV2.ts(1161,9): error TS1005: ';' expected.
lib/visualLab/data/poiExtraJamaicaCitiesV2.ts(1162,6): error TS1128: Declaration or statement expected.
lib/visualLab/data/poiExtraJamaicaCitiesV2.ts(1165,6): error TS1128: Declaration or statement expected.
lib/visualLab/data/poiExtraJamaicaCitiesV2.ts(1169,4): error TS1128: Declaration or statement expected.
lib/visualLab/data/poiExtraJamaicaCitiesV2.ts(1172,9): error TS1005: ';' expected.
lib/visualLab/data/poiExtraJamaicaCitiesV2.ts(1173,11): error TS1005: ';' expected.
lib/visualLab/data/poiExtraJamaicaCitiesV2.ts(1174,11): error TS1005: ';' expected.
lib/visualLab/data/poiExtraJamaicaCitiesV2.ts(1175,9): error TS1005: ';' expected.
lib/visualLab/data/poiExtraJamaicaCitiesV2.ts(1175,34): error TS1005: ';' expected.
lib/visualLab/data/poiExtraJamaicaCitiesV2.ts(1175,53): error TS1005: ';' expected.
lib/visualLab/data/poiExtraJamaicaCitiesV2.ts(1175,72): error TS1005: ';' expected.
lib/visualLab/data/poiExtraJamaicaCitiesV2.ts(1175,89): error TS1128: Declaration or statement expected.
lib/visualLab/data/poiExtraJamaicaCitiesV2.ts(1178,9): error TS1005: ';' expected.
lib/visualLab/data/poiExtraJamaicaCitiesV2.ts(1179,9): error TS1005: ';' expected.
lib/visualLab/data/poiExtraJamaicaCitiesV2.ts(1180,9): error TS1005: ';' expected.
lib/visualLab/data/poiExtraJamaicaCitiesV2.ts(1181,6): error TS1128: Declaration or statement expected.
lib/visualLab/data/poiExtraJamaicaCitiesV2.ts(1184,6): error TS1128: Declaration or statement expected.
lib/visualLab/data/poiExtraJamaicaCitiesV2.ts(1188,4): error TS1128: Declaration or statement expected.
lib/visualLab/data/poiExtraJamaicaCitiesV2.ts(1191,9): error TS1005: ';' expected.
lib/visualLab/data/poiExtraJamaicaCitiesV2.ts(1192,11): error TS1005: ';' expected.
lib/visualLab/data/poiExtraJamaicaCitiesV2.ts(1193,11): error TS1005: ';' expected.
lib/visualLab/data/poiExtraJamaicaCitiesV2.ts(1194,9): error TS1005: ';' expected.
lib/visualLab/data/poiExtraJamaicaCitiesV2.ts(1194,28): error TS1005: ';' expected.
lib/visualLab/data/poiExtraJamaicaCitiesV2.ts(1194,41): error TS1005: ';' expected.
lib/visualLab/data/poiExtraJamaicaCitiesV2.ts(1194,54): error TS1005: ';' expected.
lib/visualLab/data/poiExtraJamaicaCitiesV2.ts(1194,65): error TS1128: Declaration or statement expected.
lib/visualLab/data/poiExtraJamaicaCitiesV2.ts(1197,9): error TS1005: ';' expected.
lib/visualLab/data/poiExtraJamaicaCitiesV2.ts(1198,9): error TS1005: ';' expected.
lib/visualLab/data/poiExtraJamaicaCitiesV2.ts(1199,9): error TS1005: ';' expected.
lib/visualLab/data/poiExtraJamaicaCitiesV2.ts(1200,6): error TS1128: Declaration or statement expected.
lib/visualLab/data/poiExtraJamaicaCitiesV2.ts(1203,6): error TS1128: Declaration or statement expected.
lib/visualLab/data/poiExtraJamaicaCitiesV2.ts(1207,4): error TS1128: Declaration or statement expected.
lib/visualLab/data/poiExtraJamaicaCitiesV2.ts(1210,9): error TS1005: ';' expected.
lib/visualLab/data/poiExtraJamaicaCitiesV2.ts(1211,11): error TS1005: ';' expected.
lib/visualLab/data/poiExtraJamaicaCitiesV2.ts(1212,11): error TS1005: ';' expected.
lib/visualLab/data/poiExtraJamaicaCitiesV2.ts(1213,9): error TS1005: ';' expected.
lib/visualLab/data/poiExtraJamaicaCitiesV2.ts(1213,31): error TS1005: ';' expected.
lib/visualLab/data/poiExtraJamaicaCitiesV2.ts(1213,47): error TS1005: ';' expected.
lib/visualLab/data/poiExtraJamaicaCitiesV2.ts(1213,63): error TS1005: ';' expected.
lib/visualLab/data/poiExtraJamaicaCitiesV2.ts(1213,77): error TS1128: Declaration or statement expected.
lib/visualLab/data/poiExtraJamaicaCitiesV2.ts(1216,9): error TS1005: ';' expected.
lib/visualLab/data/poiExtraJamaicaCitiesV2.ts(1217,9): error TS1005: ';' expected.
lib/visualLab/data/poiExtraJamaicaCitiesV2.ts(1218,9): error TS1005: ';' expected.
lib/visualLab/data/poiExtraJamaicaCitiesV2.ts(1219,6): error TS1128: Declaration or statement expected.
lib/visualLab/data/poiExtraJamaicaCitiesV2.ts(1222,6): error TS1128: Declaration or statement expected.
lib/visualLab/data/poiExtraJamaicaCitiesV2.ts(1226,4): error TS1128: Declaration or statement expected.
lib/visualLab/data/poiExtraJamaicaCitiesV2.ts(1229,9): error TS1005: ';' expected.
lib/visualLab/data/poiExtraJamaicaCitiesV2.ts(1230,11): error TS1005: ';' expected.
lib/visualLab/data/poiExtraJamaicaCitiesV2.ts(1231,11): error TS1005: ';' expected.
lib/visualLab/data/poiExtraJamaicaCitiesV2.ts(1232,9): error TS1005: ';' expected.
lib/visualLab/data/poiExtraJamaicaCitiesV2.ts(1232,31): error TS1005: ';' expected.
lib/visualLab/data/poiExtraJamaicaCitiesV2.ts(1232,47): error TS1005: ';' expected.
lib/visualLab/data/poiExtraJamaicaCitiesV2.ts(1232,63): error TS1005: ';' expected.
lib/visualLab/data/poiExtraJamaicaCitiesV2.ts(1232,77): error TS1128: Declaration or statement expected.
lib/visualLab/data/poiExtraJamaicaCitiesV2.ts(1235,9): error TS1005: ';' expected.
lib/visualLab/data/poiExtraJamaicaCitiesV2.ts(1236,9): error TS1005: ';' expected.
lib/visualLab/data/poiExtraJamaicaCitiesV2.ts(1237,9): error TS1005: ';' expected.
lib/visualLab/data/poiExtraJamaicaCitiesV2.ts(1238,6): error TS1128: Declaration or statement expected.
lib/visualLab/data/poiExtraJamaicaCitiesV2.ts(1241,6): error TS1128: Declaration or statement expected.
lib/visualLab/data/poiExtraJamaicaCitiesV2.ts(1245,4): error TS1128: Declaration or statement expected.
lib/visualLab/data/poiExtraJamaicaCitiesV2.ts(1248,9): error TS1005: ';' expected.
lib/visualLab/data/poiExtraJamaicaCitiesV2.ts(1249,11): error TS1005: ';' expected.
lib/visualLab/data/poiExtraJamaicaCitiesV2.ts(1250,11): error TS1005: ';' expected.
lib/visualLab/data/poiExtraJamaicaCitiesV2.ts(1251,9): error TS1005: ';' expected.
lib/visualLab/data/poiExtraJamaicaCitiesV2.ts(1251,34): error TS1005: ';' expected.
lib/visualLab/data/poiExtraJamaicaCitiesV2.ts(1251,53): error TS1005: ';' expected.
lib/visualLab/data/poiExtraJamaicaCitiesV2.ts(1251,72): error TS1005: ';' expected.
lib/visualLab/data/poiExtraJamaicaCitiesV2.ts(1251,89): error TS1128: Declaration or statement expected.
lib/visualLab/data/poiExtraJamaicaCitiesV2.ts(1254,9): error TS1005: ';' expected.
lib/visualLab/data/poiExtraJamaicaCitiesV2.ts(1255,9): error TS1005: ';' expected.
lib/visualLab/data/poiExtraJamaicaCitiesV2.ts(1256,9): error TS1005: ';' expected.
lib/visualLab/data/poiExtraJamaicaCitiesV2.ts(1257,6): error TS1128: Declaration or statement expected.
lib/visualLab/data/poiExtraJamaicaCitiesV2.ts(1260,6): error TS1128: Declaration or statement expected.
lib/visualLab/data/poiExtraJamaicaCitiesV2.ts(1264,4): error TS1128: Declaration or statement expected.
lib/visualLab/data/poiExtraJamaicaCitiesV2.ts(1267,9): error TS1005: ';' expected.
lib/visualLab/data/poiExtraJamaicaCitiesV2.ts(1268,11): error TS1005: ';' expected.
lib/visualLab/data/poiExtraJamaicaCitiesV2.ts(1269,11): error TS1005: ';' expected.
lib/visualLab/data/poiExtraJamaicaCitiesV2.ts(1270,9): error TS1005: ';' expected.
lib/visualLab/data/poiExtraJamaicaCitiesV2.ts(1270,35): error TS1005: ';' expected.
lib/visualLab/data/poiExtraJamaicaCitiesV2.ts(1270,55): error TS1005: ';' expected.
lib/visualLab/data/poiExtraJamaicaCitiesV2.ts(1270,75): error TS1005: ';' expected.
lib/visualLab/data/poiExtraJamaicaCitiesV2.ts(1270,93): error TS1128: Declaration or statement expected.
lib/visualLab/data/poiExtraJamaicaCitiesV2.ts(1273,9): error TS1005: ';' expected.
lib/visualLab/data/poiExtraJamaicaCitiesV2.ts(1274,9): error TS1005: ';' expected.
lib/visualLab/data/poiExtraJamaicaCitiesV2.ts(1275,9): error TS1005: ';' expected.
lib/visualLab/data/poiExtraJamaicaCitiesV2.ts(1276,6): error TS1128: Declaration or statement expected.
lib/visualLab/data/poiExtraJamaicaCitiesV2.ts(1279,6): error TS1128: Declaration or statement expected.
lib/visualLab/data/poiExtraJamaicaCitiesV2.ts(1283,4): error TS1128: Declaration or statement expected.
lib/visualLab/data/poiExtraJamaicaCitiesV2.ts(1286,9): error TS1005: ';' expected.
lib/visualLab/data/poiExtraJamaicaCitiesV2.ts(1287,11): error TS1005: ';' expected.
lib/visualLab/data/poiExtraJamaicaCitiesV2.ts(1288,11): error TS1005: ';' expected.
lib/visualLab/data/poiExtraJamaicaCitiesV2.ts(1289,9): error TS1005: ';' expected.
lib/visualLab/data/poiExtraJamaicaCitiesV2.ts(1289,32): error TS1005: ';' expected.
lib/visualLab/data/poiExtraJamaicaCitiesV2.ts(1289,49): error TS1005: ';' expected.
lib/visualLab/data/poiExtraJamaicaCitiesV2.ts(1289,66): error TS1005: ';' expected.
lib/visualLab/data/poiExtraJamaicaCitiesV2.ts(1289,81): error TS1128: Declaration or statement expected.
lib/visualLab/data/poiExtraJamaicaCitiesV2.ts(1292,9): error TS1005: ';' expected.
lib/visualLab/data/poiExtraJamaicaCitiesV2.ts(1293,9): error TS1005: ';' expected.
lib/visualLab/data/poiExtraJamaicaCitiesV2.ts(1294,9): error TS1005: ';' expected.
lib/visualLab/data/poiExtraJamaicaCitiesV2.ts(1295,6): error TS1128: Declaration or statement expected.
lib/visualLab/data/poiExtraJamaicaCitiesV2.ts(1298,6): error TS1128: Declaration or statement expected.
lib/visualLab/data/poiExtraJamaicaCitiesV2.ts(1302,4): error TS1128: Declaration or statement expected.
lib/visualLab/data/poiExtraJamaicaCitiesV2.ts(1305,9): error TS1005: ';' expected.
lib/visualLab/data/poiExtraJamaicaCitiesV2.ts(1306,11): error TS1005: ';' expected.
lib/visualLab/data/poiExtraJamaicaCitiesV2.ts(1307,11): error TS1005: ';' expected.
lib/visualLab/data/poiExtraJamaicaCitiesV2.ts(1308,9): error TS1005: ';' expected.
lib/visualLab/data/poiExtraJamaicaCitiesV2.ts(1308,30): error TS1005: ';' expected.
lib/visualLab/data/poiExtraJamaicaCitiesV2.ts(1308,45): error TS1005: ';' expected.
lib/visualLab/data/poiExtraJamaicaCitiesV2.ts(1308,60): error TS1005: ';' expected.
lib/visualLab/data/poiExtraJamaicaCitiesV2.ts(1308,73): error TS1128: Declaration or statement expected.
lib/visualLab/data/poiExtraJamaicaCitiesV2.ts(1311,9): error TS1005: ';' expected.
lib/visualLab/data/poiExtraJamaicaCitiesV2.ts(1312,9): error TS1005: ';' expected.
lib/visualLab/data/poiExtraJamaicaCitiesV2.ts(1313,9): error TS1005: ';' expected.
lib/visualLab/data/poiExtraJamaicaCitiesV2.ts(1314,6): error TS1128: Declaration or statement expected.
lib/visualLab/data/poiExtraJamaicaCitiesV2.ts(1317,6): error TS1128: Declaration or statement expected.
lib/visualLab/data/poiExtraJamaicaCitiesV2.ts(1321,4): error TS1128: Declaration or statement expected.
lib/visualLab/data/poiExtraJamaicaCitiesV2.ts(1324,9): error TS1005: ';' expected.
lib/visualLab/data/poiExtraJamaicaCitiesV2.ts(1325,11): error TS1005: ';' expected.
lib/visualLab/data/poiExtraJamaicaCitiesV2.ts(1326,11): error TS1005: ';' expected.
lib/visualLab/data/poiExtraJamaicaCitiesV2.ts(1327,9): error TS1005: ';' expected.
lib/visualLab/data/poiExtraJamaicaCitiesV2.ts(1327,31): error TS1005: ';' expected.
lib/visualLab/data/poiExtraJamaicaCitiesV2.ts(1327,47): error TS1005: ';' expected.
lib/visualLab/data/poiExtraJamaicaCitiesV2.ts(1327,63): error TS1005: ';' expected.
lib/visualLab/data/poiExtraJamaicaCitiesV2.ts(1327,77): error TS1128: Declaration or statement expected.
lib/visualLab/data/poiExtraJamaicaCitiesV2.ts(1330,9): error TS1005: ';' expected.
lib/visualLab/data/poiExtraJamaicaCitiesV2.ts(1331,9): error TS1005: ';' expected.
lib/visualLab/data/poiExtraJamaicaCitiesV2.ts(1332,9): error TS1005: ';' expected.
lib/visualLab/data/poiExtraJamaicaCitiesV2.ts(1333,6): error TS1128: Declaration or statement expected.
lib/visualLab/data/poiExtraJamaicaCitiesV2.ts(1336,6): error TS1128: Declaration or statement expected.
lib/visualLab/data/poiExtraJamaicaCitiesV2.ts(1340,4): error TS1128: Declaration or statement expected.
lib/visualLab/data/poiExtraJamaicaCitiesV2.ts(1343,9): error TS1005: ';' expected.
lib/visualLab/data/poiExtraJamaicaCitiesV2.ts(1344,11): error TS1005: ';' expected.
lib/visualLab/data/poiExtraJamaicaCitiesV2.ts(1345,11): error TS1005: ';' expected.
lib/visualLab/data/poiExtraJamaicaCitiesV2.ts(1346,9): error TS1005: ';' expected.
lib/visualLab/data/poiExtraJamaicaCitiesV2.ts(1346,30): error TS1005: ';' expected.
lib/visualLab/data/poiExtraJamaicaCitiesV2.ts(1346,45): error TS1005: ';' expected.
lib/visualLab/data/poiExtraJamaicaCitiesV2.ts(1346,60): error TS1005: ';' expected.
lib/visualLab/data/poiExtraJamaicaCitiesV2.ts(1346,73): error TS1128: Declaration or statement expected.
lib/visualLab/data/poiExtraJamaicaCitiesV2.ts(1349,9): error TS1005: ';' expected.
lib/visualLab/data/poiExtraJamaicaCitiesV2.ts(1350,9): error TS1005: ';' expected.
lib/visualLab/data/poiExtraJamaicaCitiesV2.ts(1351,9): error TS1005: ';' expected.
lib/visualLab/data/poiExtraJamaicaCitiesV2.ts(1352,6): error TS1128: Declaration or statement expected.
lib/visualLab/data/poiExtraJamaicaCitiesV2.ts(1355,6): error TS1128: Declaration or statement expected.
lib/visualLab/data/poiExtraJamaicaCitiesV2.ts(1359,4): error TS1128: Declaration or statement expected.
lib/visualLab/data/poiExtraJamaicaCitiesV2.ts(1362,9): error TS1005: ';' expected.
lib/visualLab/data/poiExtraJamaicaCitiesV2.ts(1363,11): error TS1005: ';' expected.
lib/visualLab/data/poiExtraJamaicaCitiesV2.ts(1364,11): error TS1005: ';' expected.
lib/visualLab/data/poiExtraJamaicaCitiesV2.ts(1365,9): error TS1005: ';' expected.
lib/visualLab/data/poiExtraJamaicaCitiesV2.ts(1365,31): error TS1005: ';' expected.
lib/visualLab/data/poiExtraJamaicaCitiesV2.ts(1365,47): error TS1005: ';' expected.
lib/visualLab/data/poiExtraJamaicaCitiesV2.ts(1365,63): error TS1005: ';' expected.
lib/visualLab/data/poiExtraJamaicaCitiesV2.ts(1365,77): error TS1128: Declaration or statement expected.
lib/visualLab/data/poiExtraJamaicaCitiesV2.ts(1368,9): error TS1005: ';' expected.
lib/visualLab/data/poiExtraJamaicaCitiesV2.ts(1369,9): error TS1005: ';' expected.
lib/visualLab/data/poiExtraJamaicaCitiesV2.ts(1370,9): error TS1005: ';' expected.
lib/visualLab/data/poiExtraJamaicaCitiesV2.ts(1371,6): error TS1128: Declaration or statement expected.
lib/visualLab/data/poiExtraJamaicaCitiesV2.ts(1374,6): error TS1128: Declaration or statement expected.
lib/visualLab/data/poiExtraJamaicaCitiesV2.ts(1378,4): error TS1128: Declaration or statement expected.
lib/visualLab/data/poiExtraJamaicaCitiesV2.ts(1381,9): error TS1005: ';' expected.
lib/visualLab/data/poiExtraJamaicaCitiesV2.ts(1382,11): error TS1005: ';' expected.
lib/visualLab/data/poiExtraJamaicaCitiesV2.ts(1383,11): error TS1005: ';' expected.
lib/visualLab/data/poiExtraJamaicaCitiesV2.ts(1384,9): error TS1005: ';' expected.
lib/visualLab/data/poiExtraJamaicaCitiesV2.ts(1384,27): error TS1005: ';' expected.
lib/visualLab/data/poiExtraJamaicaCitiesV2.ts(1384,39): error TS1005: ';' expected.
lib/visualLab/data/poiExtraJamaicaCitiesV2.ts(1384,51): error TS1005: ';' expected.
lib/visualLab/data/poiExtraJamaicaCitiesV2.ts(1384,61): error TS1128: Declaration or statement expected.
lib/visualLab/data/poiExtraJamaicaCitiesV2.ts(1387,9): error TS1005: ';' expected.
lib/visualLab/data/poiExtraJamaicaCitiesV2.ts(1388,9): error TS1005: ';' expected.
lib/visualLab/data/poiExtraJamaicaCitiesV2.ts(1389,9): error TS1005: ';' expected.
lib/visualLab/data/poiExtraJamaicaCitiesV2.ts(1390,6): error TS1128: Declaration or statement expected.
lib/visualLab/data/poiExtraJamaicaCitiesV2.ts(1393,6): error TS1128: Declaration or statement expected.
lib/visualLab/data/poiExtraJamaicaCitiesV2.ts(1397,4): error TS1128: Declaration or statement expected.
lib/visualLab/data/poiExtraJamaicaCitiesV2.ts(1400,9): error TS1005: ';' expected.
lib/visualLab/data/poiExtraJamaicaCitiesV2.ts(1401,11): error TS1005: ';' expected.
lib/visualLab/data/poiExtraJamaicaCitiesV2.ts(1402,11): error TS1005: ';' expected.
lib/visualLab/data/poiExtraJamaicaCitiesV2.ts(1403,9): error TS1005: ';' expected.
lib/visualLab/data/poiExtraJamaicaCitiesV2.ts(1403,33): error TS1005: ';' expected.
lib/visualLab/data/poiExtraJamaicaCitiesV2.ts(1403,51): error TS1005: ';' expected.
lib/visualLab/data/poiExtraJamaicaCitiesV2.ts(1403,69): error TS1005: ';' expected.
lib/visualLab/data/poiExtraJamaicaCitiesV2.ts(1403,85): error TS1128: Declaration or statement expected.
lib/visualLab/data/poiExtraJamaicaCitiesV2.ts(1406,9): error TS1005: ';' expected.
lib/visualLab/data/poiExtraJamaicaCitiesV2.ts(1407,9): error TS1005: ';' expected.
lib/visualLab/data/poiExtraJamaicaCitiesV2.ts(1408,9): error TS1005: ';' expected.
lib/visualLab/data/poiExtraJamaicaCitiesV2.ts(1409,6): error TS1128: Declaration or statement expected.
lib/visualLab/data/poiExtraJamaicaCitiesV2.ts(1412,6): error TS1128: Declaration or statement expected.
lib/visualLab/data/poiExtraJamaicaCitiesV2.ts(1416,4): error TS1128: Declaration or statement expected.
lib/visualLab/data/poiExtraJamaicaCitiesV2.ts(1419,9): error TS1005: ';' expected.
lib/visualLab/data/poiExtraJamaicaCitiesV2.ts(1420,11): error TS1005: ';' expected.
lib/visualLab/data/poiExtraJamaicaCitiesV2.ts(1421,11): error TS1005: ';' expected.
lib/visualLab/data/poiExtraJamaicaCitiesV2.ts(1422,9): error TS1005: ';' expected.
lib/visualLab/data/poiExtraJamaicaCitiesV2.ts(1422,33): error TS1005: ';' expected.
lib/visualLab/data/poiExtraJamaicaCitiesV2.ts(1422,51): error TS1005: ';' expected.
lib/visualLab/data/poiExtraJamaicaCitiesV2.ts(1422,69): error TS1005: ';' expected.
lib/visualLab/data/poiExtraJamaicaCitiesV2.ts(1422,85): error TS1128: Declaration or statement expected.
lib/visualLab/data/poiExtraJamaicaCitiesV2.ts(1425,9): error TS1005: ';' expected.
lib/visualLab/data/poiExtraJamaicaCitiesV2.ts(1426,9): error TS1005: ';' expected.
lib/visualLab/data/poiExtraJamaicaCitiesV2.ts(1427,9): error TS1005: ';' expected.
lib/visualLab/data/poiExtraJamaicaCitiesV2.ts(1428,6): error TS1128: Declaration or statement expected.
lib/visualLab/data/poiExtraJamaicaCitiesV2.ts(1431,6): error TS1128: Declaration or statement expected.
lib/visualLab/data/poiExtraJamaicaCitiesV2.ts(1435,4): error TS1128: Declaration or statement expected.
lib/visualLab/data/poiExtraJamaicaCitiesV2.ts(1438,9): error TS1005: ';' expected.
lib/visualLab/data/poiExtraJamaicaCitiesV2.ts(1439,11): error TS1005: ';' expected.
lib/visualLab/data/poiExtraJamaicaCitiesV2.ts(1440,11): error TS1005: ';' expected.
lib/visualLab/data/poiExtraJamaicaCitiesV2.ts(1441,9): error TS1005: ';' expected.
lib/visualLab/data/poiExtraJamaicaCitiesV2.ts(1441,37): error TS1005: ';' expected.
lib/visualLab/data/poiExtraJamaicaCitiesV2.ts(1441,59): error TS1005: ';' expected.
lib/visualLab/data/poiExtraJamaicaCitiesV2.ts(1441,81): error TS1005: ';' expected.
lib/visualLab/data/poiExtraJamaicaCitiesV2.ts(1441,101): error TS1128: Declaration or statement expected.
lib/visualLab/data/poiExtraJamaicaCitiesV2.ts(1444,9): error TS1005: ';' expected.
lib/visualLab/data/poiExtraJamaicaCitiesV2.ts(1445,9): error TS1005: ';' expected.
lib/visualLab/data/poiExtraJamaicaCitiesV2.ts(1446,9): error TS1005: ';' expected.
lib/visualLab/data/poiExtraJamaicaCitiesV2.ts(1447,6): error TS1128: Declaration or statement expected.
lib/visualLab/data/poiExtraJamaicaCitiesV2.ts(1450,6): error TS1128: Declaration or statement expected.
lib/visualLab/data/poiExtraJamaicaCitiesV2.ts(1454,4): error TS1128: Declaration or statement expected.
lib/visualLab/data/poiExtraJamaicaCitiesV2.ts(1457,9): error TS1005: ';' expected.
lib/visualLab/data/poiExtraJamaicaCitiesV2.ts(1458,11): error TS1005: ';' expected.
lib/visualLab/data/poiExtraJamaicaCitiesV2.ts(1459,11): error TS1005: ';' expected.
lib/visualLab/data/poiExtraJamaicaCitiesV2.ts(1460,9): error TS1005: ';' expected.
lib/visualLab/data/poiExtraJamaicaCitiesV2.ts(1460,30): error TS1005: ';' expected.
lib/visualLab/data/poiExtraJamaicaCitiesV2.ts(1460,45): error TS1005: ';' expected.
lib/visualLab/data/poiExtraJamaicaCitiesV2.ts(1460,60): error TS1005: ';' expected.
lib/visualLab/data/poiExtraJamaicaCitiesV2.ts(1460,73): error TS1128: Declaration or statement expected.
lib/visualLab/data/poiExtraJamaicaCitiesV2.ts(1463,9): error TS1005: ';' expected.
lib/visualLab/data/poiExtraJamaicaCitiesV2.ts(1464,9): error TS1005: ';' expected.
lib/visualLab/data/poiExtraJamaicaCitiesV2.ts(1465,9): error TS1005: ';' expected.
lib/visualLab/data/poiExtraJamaicaCitiesV2.ts(1466,6): error TS1128: Declaration or statement expected.
lib/visualLab/data/poiExtraJamaicaCitiesV2.ts(1469,6): error TS1128: Declaration or statement expected.
lib/visualLab/data/poiExtraJamaicaCitiesV2.ts(1473,4): error TS1128: Declaration or statement expected.
lib/visualLab/data/poiExtraJamaicaCitiesV2.ts(1476,9): error TS1005: ';' expected.
lib/visualLab/data/poiExtraJamaicaCitiesV2.ts(1477,11): error TS1005: ';' expected.
lib/visualLab/data/poiExtraJamaicaCitiesV2.ts(1478,11): error TS1005: ';' expected.
lib/visualLab/data/poiExtraJamaicaCitiesV2.ts(1479,9): error TS1005: ';' expected.
lib/visualLab/data/poiExtraJamaicaCitiesV2.ts(1479,28): error TS1005: ';' expected.
lib/visualLab/data/poiExtraJamaicaCitiesV2.ts(1479,41): error TS1005: ';' expected.
lib/visualLab/data/poiExtraJamaicaCitiesV2.ts(1479,54): error TS1005: ';' expected.
lib/visualLab/data/poiExtraJamaicaCitiesV2.ts(1479,65): error TS1128: Declaration or statement expected.
lib/visualLab/data/poiExtraJamaicaCitiesV2.ts(1482,9): error TS1005: ';' expected.
lib/visualLab/data/poiExtraJamaicaCitiesV2.ts(1483,9): error TS1005: ';' expected.
lib/visualLab/data/poiExtraJamaicaCitiesV2.ts(1484,9): error TS1005: ';' expected.
lib/visualLab/data/poiExtraJamaicaCitiesV2.ts(1485,6): error TS1128: Declaration or statement expected.
lib/visualLab/data/poiExtraJamaicaCitiesV2.ts(1488,6): error TS1128: Declaration or statement expected.
lib/visualLab/data/poiExtraJamaicaCitiesV2.ts(1492,4): error TS1128: Declaration or statement expected.
lib/visualLab/data/poiExtraJamaicaCitiesV2.ts(1495,9): error TS1005: ';' expected.
lib/visualLab/data/poiExtraJamaicaCitiesV2.ts(1496,11): error TS1005: ';' expected.
lib/visualLab/data/poiExtraJamaicaCitiesV2.ts(1497,11): error TS1005: ';' expected.
lib/visualLab/data/poiExtraJamaicaCitiesV2.ts(1498,9): error TS1005: ';' expected.
lib/visualLab/data/poiExtraJamaicaCitiesV2.ts(1498,34): error TS1005: ';' expected.
lib/visualLab/data/poiExtraJamaicaCitiesV2.ts(1498,53): error TS1005: ';' expected.
lib/visualLab/data/poiExtraJamaicaCitiesV2.ts(1498,72): error TS1005: ';' expected.
lib/visualLab/data/poiExtraJamaicaCitiesV2.ts(1498,89): error TS1128: Declaration or statement expected.
lib/visualLab/data/poiExtraJamaicaCitiesV2.ts(1501,9): error TS1005: ';' expected.
lib/visualLab/data/poiExtraJamaicaCitiesV2.ts(1502,9): error TS1005: ';' expected.
lib/visualLab/data/poiExtraJamaicaCitiesV2.ts(1503,9): error TS1005: ';' expected.
lib/visualLab/data/poiExtraJamaicaCitiesV2.ts(1504,6): error TS1128: Declaration or statement expected.
lib/visualLab/data/poiExtraJamaicaCitiesV2.ts(1507,6): error TS1128: Declaration or statement expected.
lib/visualLab/data/poiExtraJamaicaCitiesV2.ts(1511,4): error TS1128: Declaration or statement expected.
lib/visualLab/data/poiExtraJamaicaCitiesV2.ts(1514,9): error TS1005: ';' expected.
lib/visualLab/data/poiExtraJamaicaCitiesV2.ts(1515,11): error TS1005: ';' expected.
lib/visualLab/data/poiExtraJamaicaCitiesV2.ts(1516,11): error TS1005: ';' expected.
lib/visualLab/data/poiExtraJamaicaCitiesV2.ts(1517,9): error TS1005: ';' expected.
lib/visualLab/data/poiExtraJamaicaCitiesV2.ts(1517,32): error TS1005: ';' expected.
lib/visualLab/data/poiExtraJamaicaCitiesV2.ts(1517,49): error TS1005: ';' expected.
lib/visualLab/data/poiExtraJamaicaCitiesV2.ts(1517,66): error TS1005: ';' expected.
lib/visualLab/data/poiExtraJamaicaCitiesV2.ts(1517,81): error TS1128: Declaration or statement expected.
lib/visualLab/data/poiExtraJamaicaCitiesV2.ts(1520,9): error TS1005: ';' expected.
lib/visualLab/data/poiExtraJamaicaCitiesV2.ts(1521,9): error TS1005: ';' expected.
lib/visualLab/data/poiExtraJamaicaCitiesV2.ts(1522,9): error TS1005: ';' expected.
lib/visualLab/data/poiExtraJamaicaCitiesV2.ts(1523,6): error TS1128: Declaration or statement expected.
lib/visualLab/data/poiExtraJamaicaCitiesV2.ts(1526,6): error TS1128: Declaration or statement expected.
lib/visualLab/data/poiExtraJamaicaCitiesV2.ts(1530,4): error TS1128: Declaration or statement expected.
lib/visualLab/data/poiExtraJamaicaCitiesV2.ts(1533,9): error TS1005: ';' expected.
lib/visualLab/data/poiExtraJamaicaCitiesV2.ts(1534,11): error TS1005: ';' expected.
lib/visualLab/data/poiExtraJamaicaCitiesV2.ts(1535,11): error TS1005: ';' expected.
lib/visualLab/data/poiExtraJamaicaCitiesV2.ts(1536,9): error TS1005: ';' expected.
lib/visualLab/data/poiExtraJamaicaCitiesV2.ts(1536,30): error TS1005: ';' expected.
lib/visualLab/data/poiExtraJamaicaCitiesV2.ts(1536,45): error TS1005: ';' expected.
lib/visualLab/data/poiExtraJamaicaCitiesV2.ts(1536,60): error TS1005: ';' expected.
lib/visualLab/data/poiExtraJamaicaCitiesV2.ts(1536,73): error TS1128: Declaration or statement expected.
lib/visualLab/data/poiExtraJamaicaCitiesV2.ts(1539,9): error TS1005: ';' expected.
lib/visualLab/data/poiExtraJamaicaCitiesV2.ts(1540,9): error TS1005: ';' expected.
lib/visualLab/data/poiExtraJamaicaCitiesV2.ts(1541,9): error TS1005: ';' expected.
lib/visualLab/data/poiExtraJamaicaCitiesV2.ts(1542,6): error TS1128: Declaration or statement expected.
lib/visualLab/data/poiExtraJamaicaCitiesV2.ts(1545,6): error TS1128: Declaration or statement expected.
lib/visualLab/data/poiExtraJamaicaCitiesV2.ts(1549,4): error TS1128: Declaration or statement expected.
lib/visualLab/data/poiExtraJamaicaCitiesV2.ts(1552,9): error TS1005: ';' expected.
lib/visualLab/data/poiExtraJamaicaCitiesV2.ts(1553,11): error TS1005: ';' expected.
lib/visualLab/data/poiExtraJamaicaCitiesV2.ts(1554,11): error TS1005: ';' expected.
lib/visualLab/data/poiExtraJamaicaCitiesV2.ts(1555,9): error TS1005: ';' expected.
lib/visualLab/data/poiExtraJamaicaCitiesV2.ts(1555,33): error TS1005: ';' expected.
lib/visualLab/data/poiExtraJamaicaCitiesV2.ts(1555,51): error TS1005: ';' expected.
lib/visualLab/data/poiExtraJamaicaCitiesV2.ts(1555,69): error TS1005: ';' expected.
lib/visualLab/data/poiExtraJamaicaCitiesV2.ts(1555,85): error TS1128: Declaration or statement expected.
lib/visualLab/data/poiExtraJamaicaCitiesV2.ts(1558,9): error TS1005: ';' expected.
lib/visualLab/data/poiExtraJamaicaCitiesV2.ts(1559,9): error TS1005: ';' expected.
lib/visualLab/data/poiExtraJamaicaCitiesV2.ts(1560,9): error TS1005: ';' expected.
lib/visualLab/data/poiExtraJamaicaCitiesV2.ts(1561,6): error TS1128: Declaration or statement expected.
lib/visualLab/data/poiExtraJamaicaCitiesV2.ts(1564,6): error TS1128: Declaration or statement expected.
lib/visualLab/data/poiExtraJamaicaCitiesV2.ts(1568,4): error TS1128: Declaration or statement expected.
lib/visualLab/data/poiExtraJamaicaCitiesV2.ts(1571,9): error TS1005: ';' expected.
lib/visualLab/data/poiExtraJamaicaCitiesV2.ts(1572,11): error TS1005: ';' expected.
lib/visualLab/data/poiExtraJamaicaCitiesV2.ts(1573,11): error TS1005: ';' expected.
lib/visualLab/data/poiExtraJamaicaCitiesV2.ts(1574,9): error TS1005: ';' expected.
lib/visualLab/data/poiExtraJamaicaCitiesV2.ts(1574,33): error TS1005: ';' expected.
lib/visualLab/data/poiExtraJamaicaCitiesV2.ts(1574,51): error TS1005: ';' expected.
lib/visualLab/data/poiExtraJamaicaCitiesV2.ts(1574,69): error TS1005: ';' expected.
lib/visualLab/data/poiExtraJamaicaCitiesV2.ts(1574,85): error TS1128: Declaration or statement expected.
lib/visualLab/data/poiExtraJamaicaCitiesV2.ts(1577,9): error TS1005: ';' expected.
lib/visualLab/data/poiExtraJamaicaCitiesV2.ts(1578,9): error TS1005: ';' expected.
lib/visualLab/data/poiExtraJamaicaCitiesV2.ts(1579,9): error TS1005: ';' expected.
lib/visualLab/data/poiExtraJamaicaCitiesV2.ts(1580,6): error TS1128: Declaration or statement expected.
lib/visualLab/data/poiExtraJamaicaCitiesV2.ts(1583,6): error TS1128: Declaration or statement expected.
lib/visualLab/data/poiExtraJamaicaCitiesV2.ts(1587,4): error TS1128: Declaration or statement expected.
lib/visualLab/data/poiExtraJamaicaCitiesV2.ts(1590,9): error TS1005: ';' expected.
lib/visualLab/data/poiExtraJamaicaCitiesV2.ts(1591,11): error TS1005: ';' expected.
lib/visualLab/data/poiExtraJamaicaCitiesV2.ts(1592,11): error TS1005: ';' expected.
lib/visualLab/data/poiExtraJamaicaCitiesV2.ts(1593,9): error TS1005: ';' expected.
lib/visualLab/data/poiExtraJamaicaCitiesV2.ts(1593,34): error TS1005: ';' expected.
lib/visualLab/data/poiExtraJamaicaCitiesV2.ts(1593,53): error TS1005: ';' expected.
lib/visualLab/data/poiExtraJamaicaCitiesV2.ts(1593,72): error TS1005: ';' expected.
lib/visualLab/data/poiExtraJamaicaCitiesV2.ts(1593,89): error TS1128: Declaration or statement expected.
lib/visualLab/data/poiExtraJamaicaCitiesV2.ts(1596,9): error TS1005: ';' expected.
lib/visualLab/data/poiExtraJamaicaCitiesV2.ts(1597,9): error TS1005: ';' expected.
lib/visualLab/data/poiExtraJamaicaCitiesV2.ts(1598,9): error TS1005: ';' expected.
lib/visualLab/data/poiExtraJamaicaCitiesV2.ts(1599,6): error TS1128: Declaration or statement expected.
lib/visualLab/data/poiExtraJamaicaCitiesV2.ts(1602,6): error TS1128: Declaration or statement expected.
lib/visualLab/data/poiExtraJamaicaCitiesV2.ts(1606,4): error TS1128: Declaration or statement expected.
lib/visualLab/data/poiExtraJamaicaCitiesV2.ts(1609,9): error TS1005: ';' expected.
lib/visualLab/data/poiExtraJamaicaCitiesV2.ts(1610,11): error TS1005: ';' expected.
lib/visualLab/data/poiExtraJamaicaCitiesV2.ts(1611,11): error TS1005: ';' expected.
lib/visualLab/data/poiExtraJamaicaCitiesV2.ts(1612,9): error TS1005: ';' expected.
lib/visualLab/data/poiExtraJamaicaCitiesV2.ts(1612,30): error TS1005: ';' expected.
lib/visualLab/data/poiExtraJamaicaCitiesV2.ts(1612,45): error TS1005: ';' expected.
lib/visualLab/data/poiExtraJamaicaCitiesV2.ts(1612,60): error TS1005: ';' expected.
lib/visualLab/data/poiExtraJamaicaCitiesV2.ts(1612,73): error TS1128: Declaration or statement expected.
lib/visualLab/data/poiExtraJamaicaCitiesV2.ts(1615,9): error TS1005: ';' expected.
lib/visualLab/data/poiExtraJamaicaCitiesV2.ts(1616,9): error TS1005: ';' expected.
lib/visualLab/data/poiExtraJamaicaCitiesV2.ts(1617,9): error TS1005: ';' expected.
lib/visualLab/data/poiExtraJamaicaCitiesV2.ts(1618,6): error TS1128: Declaration or statement expected.
lib/visualLab/data/poiExtraJamaicaCitiesV2.ts(1621,6): error TS1128: Declaration or statement expected.
lib/visualLab/data/poiExtraJamaicaCitiesV2.ts(1625,4): error TS1128: Declaration or statement expected.
lib/visualLab/data/poiExtraJamaicaCitiesV2.ts(1628,9): error TS1005: ';' expected.
lib/visualLab/data/poiExtraJamaicaCitiesV2.ts(1629,11): error TS1005: ';' expected.
lib/visualLab/data/poiExtraJamaicaCitiesV2.ts(1630,11): error TS1005: ';' expected.
lib/visualLab/data/poiExtraJamaicaCitiesV2.ts(1631,9): error TS1005: ';' expected.
lib/visualLab/data/poiExtraJamaicaCitiesV2.ts(1631,31): error TS1005: ';' expected.
lib/visualLab/data/poiExtraJamaicaCitiesV2.ts(1631,47): error TS1005: ';' expected.
lib/visualLab/data/poiExtraJamaicaCitiesV2.ts(1631,63): error TS1005: ';' expected.
lib/visualLab/data/poiExtraJamaicaCitiesV2.ts(1631,77): error TS1128: Declaration or statement expected.
lib/visualLab/data/poiExtraJamaicaCitiesV2.ts(1634,9): error TS1005: ';' expected.
lib/visualLab/data/poiExtraJamaicaCitiesV2.ts(1635,9): error TS1005: ';' expected.
lib/visualLab/data/poiExtraJamaicaCitiesV2.ts(1636,9): error TS1005: ';' expected.
lib/visualLab/data/poiExtraJamaicaCitiesV2.ts(1637,6): error TS1128: Declaration or statement expected.
lib/visualLab/data/poiExtraJamaicaCitiesV2.ts(1640,6): error TS1128: Declaration or statement expected.
lib/visualLab/data/poiExtraJamaicaCitiesV2.ts(1644,4): error TS1128: Declaration or statement expected.
lib/visualLab/data/poiExtraJamaicaCitiesV2.ts(1647,9): error TS1005: ';' expected.
lib/visualLab/data/poiExtraJamaicaCitiesV2.ts(1648,11): error TS1005: ';' expected.
lib/visualLab/data/poiExtraJamaicaCitiesV2.ts(1649,11): error TS1005: ';' expected.
lib/visualLab/data/poiExtraJamaicaCitiesV2.ts(1650,9): error TS1005: ';' expected.
lib/visualLab/data/poiExtraJamaicaCitiesV2.ts(1650,32): error TS1005: ';' expected.
lib/visualLab/data/poiExtraJamaicaCitiesV2.ts(1650,49): error TS1005: ';' expected.
lib/visualLab/data/poiExtraJamaicaCitiesV2.ts(1650,66): error TS1005: ';' expected.
lib/visualLab/data/poiExtraJamaicaCitiesV2.ts(1650,81): error TS1128: Declaration or statement expected.
lib/visualLab/data/poiExtraJamaicaCitiesV2.ts(1653,9): error TS1005: ';' expected.
lib/visualLab/data/poiExtraJamaicaCitiesV2.ts(1654,9): error TS1005: ';' expected.
lib/visualLab/data/poiExtraJamaicaCitiesV2.ts(1655,9): error TS1005: ';' expected.
lib/visualLab/data/poiExtraJamaicaCitiesV2.ts(1656,6): error TS1128: Declaration or statement expected.
lib/visualLab/data/poiExtraJamaicaCitiesV2.ts(1659,6): error TS1128: Declaration or statement expected.
lib/visualLab/data/poiExtraJamaicaCitiesV2.ts(1663,4): error TS1128: Declaration or statement expected.
lib/visualLab/data/poiExtraJamaicaCitiesV2.ts(1666,9): error TS1005: ';' expected.
lib/visualLab/data/poiExtraJamaicaCitiesV2.ts(1667,11): error TS1005: ';' expected.
lib/visualLab/data/poiExtraJamaicaCitiesV2.ts(1668,11): error TS1005: ';' expected.
lib/visualLab/data/poiExtraJamaicaCitiesV2.ts(1669,9): error TS1005: ';' expected.
lib/visualLab/data/poiExtraJamaicaCitiesV2.ts(1669,33): error TS1005: ';' expected.
lib/visualLab/data/poiExtraJamaicaCitiesV2.ts(1669,51): error TS1005: ';' expected.
lib/visualLab/data/poiExtraJamaicaCitiesV2.ts(1669,69): error TS1005: ';' expected.
lib/visualLab/data/poiExtraJamaicaCitiesV2.ts(1669,85): error TS1128: Declaration or statement expected.
lib/visualLab/data/poiExtraJamaicaCitiesV2.ts(1672,9): error TS1005: ';' expected.
lib/visualLab/data/poiExtraJamaicaCitiesV2.ts(1673,9): error TS1005: ';' expected.
lib/visualLab/data/poiExtraJamaicaCitiesV2.ts(1674,9): error TS1005: ';' expected.
lib/visualLab/data/poiExtraJamaicaCitiesV2.ts(1675,6): error TS1128: Declaration or statement expected.
lib/visualLab/data/poiExtraJamaicaCitiesV2.ts(1678,6): error TS1128: Declaration or statement expected.
lib/visualLab/data/poiExtraJamaicaCitiesV2.ts(1682,4): error TS1128: Declaration or statement expected.
lib/visualLab/data/poiExtraJamaicaCitiesV2.ts(1685,9): error TS1005: ';' expected.
lib/visualLab/data/poiExtraJamaicaCitiesV2.ts(1686,11): error TS1005: ';' expected.
lib/visualLab/data/poiExtraJamaicaCitiesV2.ts(1687,11): error TS1005: ';' expected.
lib/visualLab/data/poiExtraJamaicaCitiesV2.ts(1688,9): error TS1005: ';' expected.
lib/visualLab/data/poiExtraJamaicaCitiesV2.ts(1688,34): error TS1005: ';' expected.
lib/visualLab/data/poiExtraJamaicaCitiesV2.ts(1688,53): error TS1005: ';' expected.
lib/visualLab/data/poiExtraJamaicaCitiesV2.ts(1688,72): error TS1005: ';' expected.
lib/visualLab/data/poiExtraJamaicaCitiesV2.ts(1688,89): error TS1128: Declaration or statement expected.
lib/visualLab/data/poiExtraJamaicaCitiesV2.ts(1691,9): error TS1005: ';' expected.
lib/visualLab/data/poiExtraJamaicaCitiesV2.ts(1692,9): error TS1005: ';' expected.
lib/visualLab/data/poiExtraJamaicaCitiesV2.ts(1693,9): error TS1005: ';' expected.
lib/visualLab/data/poiExtraJamaicaCitiesV2.ts(1694,6): error TS1128: Declaration or statement expected.
lib/visualLab/data/poiExtraJamaicaCitiesV2.ts(1697,6): error TS1128: Declaration or statement expected.
lib/visualLab/data/poiExtraJamaicaCitiesV2.ts(1701,4): error TS1128: Declaration or statement expected.
lib/visualLab/data/poiExtraJamaicaCitiesV2.ts(1704,9): error TS1005: ';' expected.
lib/visualLab/data/poiExtraJamaicaCitiesV2.ts(1705,11): error TS1005: ';' expected.
lib/visualLab/data/poiExtraJamaicaCitiesV2.ts(1706,11): error TS1005: ';' expected.
lib/visualLab/data/poiExtraJamaicaCitiesV2.ts(1707,9): error TS1005: ';' expected.
lib/visualLab/data/poiExtraJamaicaCitiesV2.ts(1707,30): error TS1005: ';' expected.
lib/visualLab/data/poiExtraJamaicaCitiesV2.ts(1707,45): error TS1005: ';' expected.
lib/visualLab/data/poiExtraJamaicaCitiesV2.ts(1707,60): error TS1005: ';' expected.
lib/visualLab/data/poiExtraJamaicaCitiesV2.ts(1707,73): error TS1128: Declaration or statement expected.
lib/visualLab/data/poiExtraJamaicaCitiesV2.ts(1710,9): error TS1005: ';' expected.
lib/visualLab/data/poiExtraJamaicaCitiesV2.ts(1711,9): error TS1005: ';' expected.
lib/visualLab/data/poiExtraJamaicaCitiesV2.ts(1712,9): error TS1005: ';' expected.
lib/visualLab/data/poiExtraJamaicaCitiesV2.ts(1713,6): error TS1128: Declaration or statement expected.
lib/visualLab/data/poiExtraJamaicaCitiesV2.ts(1716,6): error TS1128: Declaration or statement expected.
lib/visualLab/data/poiExtraJamaicaCitiesV2.ts(1720,4): error TS1128: Declaration or statement expected.
lib/visualLab/data/poiExtraJamaicaCitiesV2.ts(1723,9): error TS1005: ';' expected.
lib/visualLab/data/poiExtraJamaicaCitiesV2.ts(1724,11): error TS1005: ';' expected.
lib/visualLab/data/poiExtraJamaicaCitiesV2.ts(1725,11): error TS1005: ';' expected.
lib/visualLab/data/poiExtraJamaicaCitiesV2.ts(1726,9): error TS1005: ';' expected.
lib/visualLab/data/poiExtraJamaicaCitiesV2.ts(1726,31): error TS1005: ';' expected.
lib/visualLab/data/poiExtraJamaicaCitiesV2.ts(1726,47): error TS1005: ';' expected.
lib/visualLab/data/poiExtraJamaicaCitiesV2.ts(1726,63): error TS1005: ';' expected.
lib/visualLab/data/poiExtraJamaicaCitiesV2.ts(1726,77): error TS1128: Declaration or statement expected.
lib/visualLab/data/poiExtraJamaicaCitiesV2.ts(1729,9): error TS1005: ';' expected.
lib/visualLab/data/poiExtraJamaicaCitiesV2.ts(1730,9): error TS1005: ';' expected.
lib/visualLab/data/poiExtraJamaicaCitiesV2.ts(1731,9): error TS1005: ';' expected.
lib/visualLab/data/poiExtraJamaicaCitiesV2.ts(1732,6): error TS1128: Declaration or statement expected.
lib/visualLab/data/poiExtraJamaicaCitiesV2.ts(1735,6): error TS1128: Declaration or statement expected.
lib/visualLab/data/poiExtraJamaicaCitiesV2.ts(1739,4): error TS1128: Declaration or statement expected.
lib/visualLab/data/poiExtraJamaicaCitiesV2.ts(1742,9): error TS1005: ';' expected.
lib/visualLab/data/poiExtraJamaicaCitiesV2.ts(1743,11): error TS1005: ';' expected.
lib/visualLab/data/poiExtraJamaicaCitiesV2.ts(1744,11): error TS1005: ';' expected.
lib/visualLab/data/poiExtraJamaicaCitiesV2.ts(1745,9): error TS1005: ';' expected.
lib/visualLab/data/poiExtraJamaicaCitiesV2.ts(1745,33): error TS1005: ';' expected.
lib/visualLab/data/poiExtraJamaicaCitiesV2.ts(1745,51): error TS1005: ';' expected.
lib/visualLab/data/poiExtraJamaicaCitiesV2.ts(1745,69): error TS1005: ';' expected.
lib/visualLab/data/poiExtraJamaicaCitiesV2.ts(1745,85): error TS1128: Declaration or statement expected.
lib/visualLab/data/poiExtraJamaicaCitiesV2.ts(1748,9): error TS1005: ';' expected.
lib/visualLab/data/poiExtraJamaicaCitiesV2.ts(1749,9): error TS1005: ';' expected.
lib/visualLab/data/poiExtraJamaicaCitiesV2.ts(1750,9): error TS1005: ';' expected.
lib/visualLab/data/poiExtraJamaicaCitiesV2.ts(1751,6): error TS1128: Declaration or statement expected.
lib/visualLab/data/poiExtraJamaicaCitiesV2.ts(1754,6): error TS1128: Declaration or statement expected.
lib/visualLab/data/poiExtraJamaicaCitiesV2.ts(1758,4): error TS1128: Declaration or statement expected.
lib/visualLab/data/poiExtraJamaicaCitiesV2.ts(1761,9): error TS1005: ';' expected.
lib/visualLab/data/poiExtraJamaicaCitiesV2.ts(1762,11): error TS1005: ';' expected.
lib/visualLab/data/poiExtraJamaicaCitiesV2.ts(1763,11): error TS1005: ';' expected.
lib/visualLab/data/poiExtraJamaicaCitiesV2.ts(1764,9): error TS1005: ';' expected.
lib/visualLab/data/poiExtraJamaicaCitiesV2.ts(1764,32): error TS1005: ';' expected.
lib/visualLab/data/poiExtraJamaicaCitiesV2.ts(1764,49): error TS1005: ';' expected.
lib/visualLab/data/poiExtraJamaicaCitiesV2.ts(1764,66): error TS1005: ';' expected.
lib/visualLab/data/poiExtraJamaicaCitiesV2.ts(1764,81): error TS1128: Declaration or statement expected.
lib/visualLab/data/poiExtraJamaicaCitiesV2.ts(1767,9): error TS1005: ';' expected.
lib/visualLab/data/poiExtraJamaicaCitiesV2.ts(1768,9): error TS1005: ';' expected.
lib/visualLab/data/poiExtraJamaicaCitiesV2.ts(1769,9): error TS1005: ';' expected.
lib/visualLab/data/poiExtraJamaicaCitiesV2.ts(1770,6): error TS1128: Declaration or statement expected.
lib/visualLab/data/poiExtraJamaicaCitiesV2.ts(1773,6): error TS1128: Declaration or statement expected.
lib/visualLab/data/poiExtraJamaicaCitiesV2.ts(1777,4): error TS1128: Declaration or statement expected.
lib/visualLab/data/poiExtraJamaicaCitiesV2.ts(1780,9): error TS1005: ';' expected.
lib/visualLab/data/poiExtraJamaicaCitiesV2.ts(1781,11): error TS1005: ';' expected.
lib/visualLab/data/poiExtraJamaicaCitiesV2.ts(1782,11): error TS1005: ';' expected.
lib/visualLab/data/poiExtraJamaicaCitiesV2.ts(1783,9): error TS1005: ';' expected.
lib/visualLab/data/poiExtraJamaicaCitiesV2.ts(1783,33): error TS1005: ';' expected.
lib/visualLab/data/poiExtraJamaicaCitiesV2.ts(1783,51): error TS1005: ';' expected.
lib/visualLab/data/poiExtraJamaicaCitiesV2.ts(1783,69): error TS1005: ';' expected.
lib/visualLab/data/poiExtraJamaicaCitiesV2.ts(1783,85): error TS1128: Declaration or statement expected.
lib/visualLab/data/poiExtraJamaicaCitiesV2.ts(1786,9): error TS1005: ';' expected.
lib/visualLab/data/poiExtraJamaicaCitiesV2.ts(1787,9): error TS1005: ';' expected.
lib/visualLab/data/poiExtraJamaicaCitiesV2.ts(1788,9): error TS1005: ';' expected.
lib/visualLab/data/poiExtraJamaicaCitiesV2.ts(1789,6): error TS1128: Declaration or statement expected.
lib/visualLab/data/poiExtraJamaicaCitiesV2.ts(1792,6): error TS1128: Declaration or statement expected.
lib/visualLab/data/poiExtraJamaicaCitiesV2.ts(1796,4): error TS1128: Declaration or statement expected.
lib/visualLab/data/poiExtraJamaicaCitiesV2.ts(1797,1): error TS1128: Declaration or statement expected.
lib/visualLab/data/poiExtraJapanCitiesV2.ts(48,6): error TS1005: ',' expected.
lib/visualLab/data/poiExtraJapanCitiesV2.ts(48,25): error TS1005: ',' expected.
lib/visualLab/data/poiExtraJapanCitiesV2.ts(49,8): error TS1005: ',' expected.
lib/visualLab/data/poiExtraJapanCitiesV2.ts(49,10): error TS1005: ',' expected.
lib/visualLab/data/poiExtraJapanCitiesV2.ts(50,5): error TS1137: Expression or comma expected.
lib/visualLab/data/poiExtraJapanCitiesV2.ts(51,5): error TS1109: Expression expected.
lib/visualLab/data/poiExtraJapanCitiesV2.ts(52,5): error TS1109: Expression expected.
lib/visualLab/data/poiExtraJapanCitiesV2.ts(53,5): error TS1128: Declaration or statement expected.
lib/visualLab/data/poiExtraJapanCitiesV2.ts(53,6): error TS1128: Declaration or statement expected.
lib/visualLab/data/poiExtraJapanCitiesV2.ts(56,5): error TS1109: Expression expected.
lib/visualLab/data/poiExtraJapanCitiesV2.ts(57,5): error TS1109: Expression expected.
lib/visualLab/data/poiExtraJapanCitiesV2.ts(58,5): error TS1109: Expression expected.
lib/visualLab/data/poiExtraJapanCitiesV2.ts(59,5): error TS1128: Declaration or statement expected.
lib/visualLab/data/poiExtraJapanCitiesV2.ts(60,3): error TS1128: Declaration or statement expected.
lib/visualLab/data/poiExtraJapanCitiesV2.ts(60,4): error TS1128: Declaration or statement expected.
lib/visualLab/data/poiExtraJapanCitiesV2.ts(63,9): error TS1005: ';' expected.
lib/visualLab/data/poiExtraJapanCitiesV2.ts(64,11): error TS1005: ';' expected.
lib/visualLab/data/poiExtraJapanCitiesV2.ts(65,11): error TS1005: ';' expected.
lib/visualLab/data/poiExtraJapanCitiesV2.ts(66,9): error TS1005: ';' expected.
lib/visualLab/data/poiExtraJapanCitiesV2.ts(68,9): error TS1005: ';' expected.
lib/visualLab/data/poiExtraJapanCitiesV2.ts(69,9): error TS1005: ';' expected.
lib/visualLab/data/poiExtraJapanCitiesV2.ts(70,9): error TS1005: ';' expected.
lib/visualLab/data/poiExtraJapanCitiesV2.ts(71,5): error TS1109: Expression expected.
lib/visualLab/data/poiExtraJapanCitiesV2.ts(71,6): error TS1128: Declaration or statement expected.
lib/visualLab/data/poiExtraJapanCitiesV2.ts(74,9): error TS1005: ';' expected.
lib/visualLab/data/poiExtraJapanCitiesV2.ts(75,9): error TS1005: ';' expected.
lib/visualLab/data/poiExtraJapanCitiesV2.ts(76,9): error TS1005: ';' expected.
lib/visualLab/data/poiExtraJapanCitiesV2.ts(77,5): error TS1109: Expression expected.
lib/visualLab/data/poiExtraJapanCitiesV2.ts(77,6): error TS1128: Declaration or statement expected.
lib/visualLab/data/poiExtraJapanCitiesV2.ts(85,9): error TS1005: ';' expected.
lib/visualLab/data/poiExtraJapanCitiesV2.ts(91,9): error TS1005: ';' expected.
lib/visualLab/data/poiExtraJapanCitiesV2.ts(97,9): error TS1005: ';' expected.
lib/visualLab/data/poiExtraJapanCitiesV2.ts(103,5): error TS1109: Expression expected.
lib/visualLab/data/poiExtraJapanCitiesV2.ts(103,6): error TS1128: Declaration or statement expected.
lib/visualLab/data/poiExtraJapanCitiesV2.ts(106,5): error TS1109: Expression expected.
lib/visualLab/data/poiExtraJapanCitiesV2.ts(107,5): error TS1109: Expression expected.
lib/visualLab/data/poiExtraJapanCitiesV2.ts(108,5): error TS1109: Expression expected.
lib/visualLab/data/poiExtraJapanCitiesV2.ts(109,5): error TS1128: Declaration or statement expected.
lib/visualLab/data/poiExtraJapanCitiesV2.ts(109,6): error TS1128: Declaration or statement expected.
lib/visualLab/data/poiExtraJapanCitiesV2.ts(112,5): error TS1109: Expression expected.
lib/visualLab/data/poiExtraJapanCitiesV2.ts(113,5): error TS1109: Expression expected.
lib/visualLab/data/poiExtraJapanCitiesV2.ts(114,5): error TS1109: Expression expected.
lib/visualLab/data/poiExtraJapanCitiesV2.ts(115,5): error TS1128: Declaration or statement expected.
lib/visualLab/data/poiExtraJapanCitiesV2.ts(116,3): error TS1128: Declaration or statement expected.
lib/visualLab/data/poiExtraJapanCitiesV2.ts(116,4): error TS1128: Declaration or statement expected.
lib/visualLab/data/poiExtraJapanCitiesV2.ts(119,9): error TS1005: ';' expected.
lib/visualLab/data/poiExtraJapanCitiesV2.ts(120,11): error TS1005: ';' expected.
lib/visualLab/data/poiExtraJapanCitiesV2.ts(121,11): error TS1005: ';' expected.
lib/visualLab/data/poiExtraJapanCitiesV2.ts(122,9): error TS1005: ';' expected.
lib/visualLab/data/poiExtraJapanCitiesV2.ts(124,9): error TS1005: ';' expected.
lib/visualLab/data/poiExtraJapanCitiesV2.ts(125,9): error TS1005: ';' expected.
lib/visualLab/data/poiExtraJapanCitiesV2.ts(126,9): error TS1005: ';' expected.
lib/visualLab/data/poiExtraJapanCitiesV2.ts(127,5): error TS1109: Expression expected.
lib/visualLab/data/poiExtraJapanCitiesV2.ts(127,6): error TS1128: Declaration or statement expected.
lib/visualLab/data/poiExtraJapanCitiesV2.ts(130,9): error TS1005: ';' expected.
lib/visualLab/data/poiExtraJapanCitiesV2.ts(131,9): error TS1005: ';' expected.
lib/visualLab/data/poiExtraJapanCitiesV2.ts(132,9): error TS1005: ';' expected.
lib/visualLab/data/poiExtraJapanCitiesV2.ts(133,5): error TS1109: Expression expected.
lib/visualLab/data/poiExtraJapanCitiesV2.ts(133,6): error TS1128: Declaration or statement expected.
lib/visualLab/data/poiExtraJapanCitiesV2.ts(141,9): error TS1005: ';' expected.
lib/visualLab/data/poiExtraJapanCitiesV2.ts(147,9): error TS1005: ';' expected.
lib/visualLab/data/poiExtraJapanCitiesV2.ts(153,9): error TS1005: ';' expected.
lib/visualLab/data/poiExtraJapanCitiesV2.ts(159,5): error TS1109: Expression expected.
lib/visualLab/data/poiExtraJapanCitiesV2.ts(159,6): error TS1128: Declaration or statement expected.
lib/visualLab/data/poiExtraJapanCitiesV2.ts(162,5): error TS1109: Expression expected.
lib/visualLab/data/poiExtraJapanCitiesV2.ts(163,5): error TS1109: Expression expected.
lib/visualLab/data/poiExtraJapanCitiesV2.ts(164,5): error TS1109: Expression expected.
lib/visualLab/data/poiExtraJapanCitiesV2.ts(165,5): error TS1128: Declaration or statement expected.
lib/visualLab/data/poiExtraJapanCitiesV2.ts(165,6): error TS1128: Declaration or statement expected.
lib/visualLab/data/poiExtraJapanCitiesV2.ts(168,5): error TS1109: Expression expected.
lib/visualLab/data/poiExtraJapanCitiesV2.ts(169,5): error TS1109: Expression expected.
lib/visualLab/data/poiExtraJapanCitiesV2.ts(170,5): error TS1109: Expression expected.
lib/visualLab/data/poiExtraJapanCitiesV2.ts(171,5): error TS1128: Declaration or statement expected.
lib/visualLab/data/poiExtraJapanCitiesV2.ts(172,3): error TS1128: Declaration or statement expected.
lib/visualLab/data/poiExtraJapanCitiesV2.ts(172,4): error TS1128: Declaration or statement expected.
lib/visualLab/data/poiExtraJapanCitiesV2.ts(175,9): error TS1005: ';' expected.
lib/visualLab/data/poiExtraJapanCitiesV2.ts(176,11): error TS1005: ';' expected.
lib/visualLab/data/poiExtraJapanCitiesV2.ts(177,11): error TS1005: ';' expected.
lib/visualLab/data/poiExtraJapanCitiesV2.ts(178,9): error TS1005: ';' expected.
lib/visualLab/data/poiExtraJapanCitiesV2.ts(180,9): error TS1005: ';' expected.
lib/visualLab/data/poiExtraJapanCitiesV2.ts(181,9): error TS1005: ';' expected.
lib/visualLab/data/poiExtraJapanCitiesV2.ts(182,9): error TS1005: ';' expected.
lib/visualLab/data/poiExtraJapanCitiesV2.ts(183,5): error TS1109: Expression expected.
lib/visualLab/data/poiExtraJapanCitiesV2.ts(183,6): error TS1128: Declaration or statement expected.
lib/visualLab/data/poiExtraJapanCitiesV2.ts(186,9): error TS1005: ';' expected.
lib/visualLab/data/poiExtraJapanCitiesV2.ts(187,9): error TS1005: ';' expected.
lib/visualLab/data/poiExtraJapanCitiesV2.ts(188,9): error TS1005: ';' expected.
lib/visualLab/data/poiExtraJapanCitiesV2.ts(189,5): error TS1109: Expression expected.
lib/visualLab/data/poiExtraJapanCitiesV2.ts(189,6): error TS1128: Declaration or statement expected.
lib/visualLab/data/poiExtraJapanCitiesV2.ts(197,9): error TS1005: ';' expected.
lib/visualLab/data/poiExtraJapanCitiesV2.ts(203,9): error TS1005: ';' expected.
lib/visualLab/data/poiExtraJapanCitiesV2.ts(209,9): error TS1005: ';' expected.
lib/visualLab/data/poiExtraJapanCitiesV2.ts(215,5): error TS1109: Expression expected.
lib/visualLab/data/poiExtraJapanCitiesV2.ts(215,6): error TS1128: Declaration or statement expected.
lib/visualLab/data/poiExtraJapanCitiesV2.ts(218,5): error TS1109: Expression expected.
lib/visualLab/data/poiExtraJapanCitiesV2.ts(219,5): error TS1109: Expression expected.
lib/visualLab/data/poiExtraJapanCitiesV2.ts(220,5): error TS1109: Expression expected.
lib/visualLab/data/poiExtraJapanCitiesV2.ts(221,5): error TS1128: Declaration or statement expected.
lib/visualLab/data/poiExtraJapanCitiesV2.ts(221,6): error TS1128: Declaration or statement expected.
lib/visualLab/data/poiExtraJapanCitiesV2.ts(224,5): error TS1109: Expression expected.
lib/visualLab/data/poiExtraJapanCitiesV2.ts(225,5): error TS1109: Expression expected.
lib/visualLab/data/poiExtraJapanCitiesV2.ts(226,5): error TS1109: Expression expected.
lib/visualLab/data/poiExtraJapanCitiesV2.ts(227,5): error TS1128: Declaration or statement expected.
lib/visualLab/data/poiExtraJapanCitiesV2.ts(228,3): error TS1128: Declaration or statement expected.
lib/visualLab/data/poiExtraJapanCitiesV2.ts(228,4): error TS1128: Declaration or statement expected.
lib/visualLab/data/poiExtraJapanCitiesV2.ts(231,9): error TS1005: ';' expected.
lib/visualLab/data/poiExtraJapanCitiesV2.ts(232,11): error TS1005: ';' expected.
lib/visualLab/data/poiExtraJapanCitiesV2.ts(233,11): error TS1005: ';' expected.
lib/visualLab/data/poiExtraJapanCitiesV2.ts(234,9): error TS1005: ';' expected.
lib/visualLab/data/poiExtraJapanCitiesV2.ts(236,9): error TS1005: ';' expected.
lib/visualLab/data/poiExtraJapanCitiesV2.ts(237,9): error TS1005: ';' expected.
lib/visualLab/data/poiExtraJapanCitiesV2.ts(238,9): error TS1005: ';' expected.
lib/visualLab/data/poiExtraJapanCitiesV2.ts(239,5): error TS1109: Expression expected.
lib/visualLab/data/poiExtraJapanCitiesV2.ts(239,6): error TS1128: Declaration or statement expected.
lib/visualLab/data/poiExtraJapanCitiesV2.ts(242,9): error TS1005: ';' expected.
lib/visualLab/data/poiExtraJapanCitiesV2.ts(243,9): error TS1005: ';' expected.
lib/visualLab/data/poiExtraJapanCitiesV2.ts(244,9): error TS1005: ';' expected.
lib/visualLab/data/poiExtraJapanCitiesV2.ts(245,5): error TS1109: Expression expected.
lib/visualLab/data/poiExtraJapanCitiesV2.ts(245,6): error TS1128: Declaration or statement expected.
lib/visualLab/data/poiExtraJapanCitiesV2.ts(253,9): error TS1005: ';' expected.
lib/visualLab/data/poiExtraJapanCitiesV2.ts(259,9): error TS1005: ';' expected.
lib/visualLab/data/poiExtraJapanCitiesV2.ts(265,9): error TS1005: ';' expected.
lib/visualLab/data/poiExtraJapanCitiesV2.ts(271,5): error TS1109: Expression expected.
lib/visualLab/data/poiExtraJapanCitiesV2.ts(271,6): error TS1128: Declaration or statement expected.
lib/visualLab/data/poiExtraJapanCitiesV2.ts(274,5): error TS1109: Expression expected.
lib/visualLab/data/poiExtraJapanCitiesV2.ts(275,5): error TS1109: Expression expected.
lib/visualLab/data/poiExtraJapanCitiesV2.ts(276,5): error TS1109: Expression expected.
lib/visualLab/data/poiExtraJapanCitiesV2.ts(277,5): error TS1128: Declaration or statement expected.
lib/visualLab/data/poiExtraJapanCitiesV2.ts(277,6): error TS1128: Declaration or statement expected.
lib/visualLab/data/poiExtraJapanCitiesV2.ts(280,5): error TS1109: Expression expected.
lib/visualLab/data/poiExtraJapanCitiesV2.ts(281,5): error TS1109: Expression expected.
lib/visualLab/data/poiExtraJapanCitiesV2.ts(282,5): error TS1109: Expression expected.
lib/visualLab/data/poiExtraJapanCitiesV2.ts(283,5): error TS1128: Declaration or statement expected.
lib/visualLab/data/poiExtraJapanCitiesV2.ts(284,3): error TS1128: Declaration or statement expected.
lib/visualLab/data/poiExtraJapanCitiesV2.ts(284,4): error TS1128: Declaration or statement expected.
lib/visualLab/data/poiExtraJapanCitiesV2.ts(287,9): error TS1005: ';' expected.
lib/visualLab/data/poiExtraJapanCitiesV2.ts(288,11): error TS1005: ';' expected.
lib/visualLab/data/poiExtraJapanCitiesV2.ts(289,11): error TS1005: ';' expected.
lib/visualLab/data/poiExtraJapanCitiesV2.ts(290,9): error TS1005: ';' expected.
lib/visualLab/data/poiExtraJapanCitiesV2.ts(292,9): error TS1005: ';' expected.
lib/visualLab/data/poiExtraJapanCitiesV2.ts(293,9): error TS1005: ';' expected.
lib/visualLab/data/poiExtraJapanCitiesV2.ts(294,9): error TS1005: ';' expected.
lib/visualLab/data/poiExtraJapanCitiesV2.ts(295,5): error TS1109: Expression expected.
lib/visualLab/data/poiExtraJapanCitiesV2.ts(295,6): error TS1128: Declaration or statement expected.
lib/visualLab/data/poiExtraJapanCitiesV2.ts(298,9): error TS1005: ';' expected.
lib/visualLab/data/poiExtraJapanCitiesV2.ts(299,9): error TS1005: ';' expected.
lib/visualLab/data/poiExtraJapanCitiesV2.ts(300,9): error TS1005: ';' expected.
lib/visualLab/data/poiExtraJapanCitiesV2.ts(301,5): error TS1109: Expression expected.
lib/visualLab/data/poiExtraJapanCitiesV2.ts(301,6): error TS1128: Declaration or statement expected.
lib/visualLab/data/poiExtraJapanCitiesV2.ts(309,9): error TS1005: ';' expected.
lib/visualLab/data/poiExtraJapanCitiesV2.ts(315,9): error TS1005: ';' expected.
lib/visualLab/data/poiExtraJapanCitiesV2.ts(321,9): error TS1005: ';' expected.
lib/visualLab/data/poiExtraJapanCitiesV2.ts(327,5): error TS1109: Expression expected.
lib/visualLab/data/poiExtraJapanCitiesV2.ts(327,6): error TS1128: Declaration or statement expected.
lib/visualLab/data/poiExtraJapanCitiesV2.ts(330,5): error TS1109: Expression expected.
lib/visualLab/data/poiExtraJapanCitiesV2.ts(331,5): error TS1109: Expression expected.
lib/visualLab/data/poiExtraJapanCitiesV2.ts(332,5): error TS1109: Expression expected.
lib/visualLab/data/poiExtraJapanCitiesV2.ts(333,5): error TS1128: Declaration or statement expected.
lib/visualLab/data/poiExtraJapanCitiesV2.ts(333,6): error TS1128: Declaration or statement expected.
lib/visualLab/data/poiExtraJapanCitiesV2.ts(336,5): error TS1109: Expression expected.
lib/visualLab/data/poiExtraJapanCitiesV2.ts(337,5): error TS1109: Expression expected.
lib/visualLab/data/poiExtraJapanCitiesV2.ts(338,5): error TS1109: Expression expected.
lib/visualLab/data/poiExtraJapanCitiesV2.ts(339,5): error TS1128: Declaration or statement expected.
lib/visualLab/data/poiExtraJapanCitiesV2.ts(340,3): error TS1128: Declaration or statement expected.
lib/visualLab/data/poiExtraJapanCitiesV2.ts(340,4): error TS1128: Declaration or statement expected.
lib/visualLab/data/poiExtraJapanCitiesV2.ts(343,9): error TS1005: ';' expected.
lib/visualLab/data/poiExtraJapanCitiesV2.ts(344,11): error TS1005: ';' expected.
lib/visualLab/data/poiExtraJapanCitiesV2.ts(345,11): error TS1005: ';' expected.
lib/visualLab/data/poiExtraJapanCitiesV2.ts(346,9): error TS1005: ';' expected.
lib/visualLab/data/poiExtraJapanCitiesV2.ts(348,9): error TS1005: ';' expected.
lib/visualLab/data/poiExtraJapanCitiesV2.ts(349,9): error TS1005: ';' expected.
lib/visualLab/data/poiExtraJapanCitiesV2.ts(350,9): error TS1005: ';' expected.
lib/visualLab/data/poiExtraJapanCitiesV2.ts(351,5): error TS1109: Expression expected.
lib/visualLab/data/poiExtraJapanCitiesV2.ts(351,6): error TS1128: Declaration or statement expected.
lib/visualLab/data/poiExtraJapanCitiesV2.ts(354,9): error TS1005: ';' expected.
lib/visualLab/data/poiExtraJapanCitiesV2.ts(355,9): error TS1005: ';' expected.
lib/visualLab/data/poiExtraJapanCitiesV2.ts(356,9): error TS1005: ';' expected.
lib/visualLab/data/poiExtraJapanCitiesV2.ts(357,5): error TS1109: Expression expected.
lib/visualLab/data/poiExtraJapanCitiesV2.ts(357,6): error TS1128: Declaration or statement expected.
lib/visualLab/data/poiExtraJapanCitiesV2.ts(365,9): error TS1005: ';' expected.
lib/visualLab/data/poiExtraJapanCitiesV2.ts(371,3): error TS1005: ';' expected.
lib/visualLab/data/poiExtraJapanCitiesV2.ts(377,3): error TS1005: ';' expected.
lib/visualLab/data/poiExtraJapanCitiesV2.ts(383,1): error TS1109: Expression expected.
lib/visualLab/data/poiExtraJapanCitiesV2.ts(383,2): error TS1128: Declaration or statement expected.
lib/visualLab/data/poiExtraJapanCitiesV2.ts(386,5): error TS1109: Expression expected.
lib/visualLab/data/poiExtraJapanCitiesV2.ts(387,5): error TS1109: Expression expected.
lib/visualLab/data/poiExtraJapanCitiesV2.ts(388,5): error TS1109: Expression expected.
lib/visualLab/data/poiExtraJapanCitiesV2.ts(389,5): error TS1128: Declaration or statement expected.
lib/visualLab/data/poiExtraJapanCitiesV2.ts(389,6): error TS1128: Declaration or statement expected.
lib/visualLab/data/poiExtraJapanCitiesV2.ts(392,5): error TS1109: Expression expected.
lib/visualLab/data/poiExtraJapanCitiesV2.ts(393,5): error TS1109: Expression expected.
lib/visualLab/data/poiExtraJapanCitiesV2.ts(394,5): error TS1109: Expression expected.
lib/visualLab/data/poiExtraJapanCitiesV2.ts(395,5): error TS1128: Declaration or statement expected.
lib/visualLab/data/poiExtraJapanCitiesV2.ts(396,3): error TS1128: Declaration or statement expected.
lib/visualLab/data/poiExtraJapanCitiesV2.ts(396,4): error TS1128: Declaration or statement expected.
lib/visualLab/data/poiExtraJapanCitiesV2.ts(399,5): error TS1005: ';' expected.
lib/visualLab/data/poiExtraJapanCitiesV2.ts(400,7): error TS1005: ';' expected.
lib/visualLab/data/poiExtraJapanCitiesV2.ts(401,7): error TS1005: ';' expected.
lib/visualLab/data/poiExtraJapanCitiesV2.ts(402,5): error TS1005: ';' expected.
lib/visualLab/data/poiExtraJapanCitiesV2.ts(404,3): error TS1005: ';' expected.
lib/visualLab/data/poiExtraJapanCitiesV2.ts(405,3): error TS1005: ';' expected.
lib/visualLab/data/poiExtraJapanCitiesV2.ts(406,3): error TS1005: ';' expected.
lib/visualLab/data/poiExtraJapanCitiesV2.ts(407,1): error TS1109: Expression expected.
lib/visualLab/data/poiExtraJapanCitiesV2.ts(407,2): error TS1128: Declaration or statement expected.
lib/visualLab/data/poiExtraJapanCitiesV2.ts(410,3): error TS1005: ';' expected.
lib/visualLab/data/poiExtraJapanCitiesV2.ts(411,3): error TS1005: ';' expected.
lib/visualLab/data/poiExtraJapanCitiesV2.ts(412,3): error TS1005: ';' expected.
lib/visualLab/data/poiExtraJapanCitiesV2.ts(413,1): error TS1109: Expression expected.
lib/visualLab/data/poiExtraJapanCitiesV2.ts(413,2): error TS1128: Declaration or statement expected.
lib/visualLab/data/poiExtraJapanCitiesV2.ts(421,3): error TS1005: ';' expected.
lib/visualLab/data/poiExtraJapanCitiesV2.ts(427,3): error TS1005: ';' expected.
lib/visualLab/data/poiExtraJapanCitiesV2.ts(433,3): error TS1005: ';' expected.
lib/visualLab/data/poiExtraJapanCitiesV2.ts(439,1): error TS1109: Expression expected.
lib/visualLab/data/poiExtraJapanCitiesV2.ts(439,2): error TS1128: Declaration or statement expected.
lib/visualLab/data/poiExtraJapanCitiesV2.ts(442,5): error TS1109: Expression expected.
lib/visualLab/data/poiExtraJapanCitiesV2.ts(443,5): error TS1109: Expression expected.
lib/visualLab/data/poiExtraJapanCitiesV2.ts(444,5): error TS1109: Expression expected.
lib/visualLab/data/poiExtraJapanCitiesV2.ts(445,5): error TS1128: Declaration or statement expected.
lib/visualLab/data/poiExtraJapanCitiesV2.ts(445,6): error TS1128: Declaration or statement expected.
lib/visualLab/data/poiExtraJapanCitiesV2.ts(448,5): error TS1109: Expression expected.
lib/visualLab/data/poiExtraJapanCitiesV2.ts(449,5): error TS1109: Expression expected.
lib/visualLab/data/poiExtraJapanCitiesV2.ts(450,5): error TS1109: Expression expected.
lib/visualLab/data/poiExtraJapanCitiesV2.ts(451,5): error TS1128: Declaration or statement expected.
lib/visualLab/data/poiExtraJapanCitiesV2.ts(452,3): error TS1128: Declaration or statement expected.
lib/visualLab/data/poiExtraJapanCitiesV2.ts(452,4): error TS1128: Declaration or statement expected.
lib/visualLab/data/poiExtraJapanCitiesV2.ts(455,5): error TS1005: ';' expected.
lib/visualLab/data/poiExtraJapanCitiesV2.ts(456,7): error TS1005: ';' expected.
lib/visualLab/data/poiExtraJapanCitiesV2.ts(457,7): error TS1005: ';' expected.
lib/visualLab/data/poiExtraJapanCitiesV2.ts(458,5): error TS1005: ';' expected.
lib/visualLab/data/poiExtraJapanCitiesV2.ts(460,3): error TS1005: ';' expected.
lib/visualLab/data/poiExtraJapanCitiesV2.ts(461,3): error TS1005: ';' expected.
lib/visualLab/data/poiExtraJapanCitiesV2.ts(462,3): error TS1005: ';' expected.
lib/visualLab/data/poiExtraJapanCitiesV2.ts(463,1): error TS1109: Expression expected.
lib/visualLab/data/poiExtraJapanCitiesV2.ts(463,2): error TS1128: Declaration or statement expected.
lib/visualLab/data/poiExtraJapanCitiesV2.ts(466,3): error TS1005: ';' expected.
lib/visualLab/data/poiExtraJapanCitiesV2.ts(467,3): error TS1005: ';' expected.
lib/visualLab/data/poiExtraJapanCitiesV2.ts(468,3): error TS1005: ';' expected.
lib/visualLab/data/poiExtraJapanCitiesV2.ts(469,1): error TS1109: Expression expected.
lib/visualLab/data/poiExtraJapanCitiesV2.ts(469,2): error TS1128: Declaration or statement expected.
lib/visualLab/data/poiExtraJapanCitiesV2.ts(477,3): error TS1005: ';' expected.
lib/visualLab/data/poiExtraJapanCitiesV2.ts(483,3): error TS1005: ';' expected.
lib/visualLab/data/poiExtraJapanCitiesV2.ts(489,3): error TS1005: ';' expected.
lib/visualLab/data/poiExtraJapanCitiesV2.ts(495,1): error TS1109: Expression expected.
lib/visualLab/data/poiExtraJapanCitiesV2.ts(495,2): error TS1128: Declaration or statement expected.
lib/visualLab/data/poiExtraJapanCitiesV2.ts(498,5): error TS1109: Expression expected.
lib/visualLab/data/poiExtraJapanCitiesV2.ts(499,5): error TS1109: Expression expected.
lib/visualLab/data/poiExtraJapanCitiesV2.ts(500,5): error TS1109: Expression expected.
lib/visualLab/data/poiExtraJapanCitiesV2.ts(501,5): error TS1128: Declaration or statement expected.
lib/visualLab/data/poiExtraJapanCitiesV2.ts(501,6): error TS1128: Declaration or statement expected.
lib/visualLab/data/poiExtraJapanCitiesV2.ts(504,5): error TS1109: Expression expected.
lib/visualLab/data/poiExtraJapanCitiesV2.ts(505,5): error TS1109: Expression expected.
lib/visualLab/data/poiExtraJapanCitiesV2.ts(506,5): error TS1109: Expression expected.
lib/visualLab/data/poiExtraJapanCitiesV2.ts(507,5): error TS1128: Declaration or statement expected.
lib/visualLab/data/poiExtraJapanCitiesV2.ts(508,3): error TS1128: Declaration or statement expected.
lib/visualLab/data/poiExtraJapanCitiesV2.ts(508,4): error TS1128: Declaration or statement expected.
lib/visualLab/data/poiExtraJapanCitiesV2.ts(511,5): error TS1005: ';' expected.
lib/visualLab/data/poiExtraJapanCitiesV2.ts(512,7): error TS1005: ';' expected.
lib/visualLab/data/poiExtraJapanCitiesV2.ts(513,7): error TS1005: ';' expected.
lib/visualLab/data/poiExtraJapanCitiesV2.ts(514,5): error TS1005: ';' expected.
lib/visualLab/data/poiExtraJapanCitiesV2.ts(516,3): error TS1005: ';' expected.
lib/visualLab/data/poiExtraJapanCitiesV2.ts(517,3): error TS1005: ';' expected.
lib/visualLab/data/poiExtraJapanCitiesV2.ts(518,3): error TS1005: ';' expected.
lib/visualLab/data/poiExtraJapanCitiesV2.ts(519,1): error TS1109: Expression expected.
lib/visualLab/data/poiExtraJapanCitiesV2.ts(519,2): error TS1128: Declaration or statement expected.
lib/visualLab/data/poiExtraJapanCitiesV2.ts(522,3): error TS1005: ';' expected.
lib/visualLab/data/poiExtraJapanCitiesV2.ts(523,3): error TS1005: ';' expected.
lib/visualLab/data/poiExtraJapanCitiesV2.ts(524,3): error TS1005: ';' expected.
lib/visualLab/data/poiExtraJapanCitiesV2.ts(525,1): error TS1109: Expression expected.
lib/visualLab/data/poiExtraJapanCitiesV2.ts(525,2): error TS1128: Declaration or statement expected.
lib/visualLab/data/poiExtraJapanCitiesV2.ts(533,3): error TS1005: ';' expected.
lib/visualLab/data/poiExtraJapanCitiesV2.ts(539,3): error TS1005: ';' expected.
lib/visualLab/data/poiExtraJapanCitiesV2.ts(545,3): error TS1005: ';' expected.
lib/visualLab/data/poiExtraJapanCitiesV2.ts(551,1): error TS1109: Expression expected.
lib/visualLab/data/poiExtraJapanCitiesV2.ts(551,2): error TS1128: Declaration or statement expected.
lib/visualLab/data/poiExtraJapanCitiesV2.ts(554,5): error TS1109: Expression expected.
lib/visualLab/data/poiExtraJapanCitiesV2.ts(555,5): error TS1109: Expression expected.
lib/visualLab/data/poiExtraJapanCitiesV2.ts(556,5): error TS1109: Expression expected.
lib/visualLab/data/poiExtraJapanCitiesV2.ts(557,5): error TS1128: Declaration or statement expected.
lib/visualLab/data/poiExtraJapanCitiesV2.ts(557,6): error TS1128: Declaration or statement expected.
lib/visualLab/data/poiExtraJapanCitiesV2.ts(560,5): error TS1109: Expression expected.
lib/visualLab/data/poiExtraJapanCitiesV2.ts(561,5): error TS1109: Expression expected.
lib/visualLab/data/poiExtraJapanCitiesV2.ts(562,5): error TS1109: Expression expected.
lib/visualLab/data/poiExtraJapanCitiesV2.ts(563,5): error TS1128: Declaration or statement expected.
lib/visualLab/data/poiExtraJapanCitiesV2.ts(564,3): error TS1128: Declaration or statement expected.
lib/visualLab/data/poiExtraJapanCitiesV2.ts(564,4): error TS1128: Declaration or statement expected.
lib/visualLab/data/poiExtraJapanCitiesV2.ts(567,9): error TS1005: ';' expected.
lib/visualLab/data/poiExtraJapanCitiesV2.ts(568,11): error TS1005: ';' expected.
lib/visualLab/data/poiExtraJapanCitiesV2.ts(569,11): error TS1005: ';' expected.
lib/visualLab/data/poiExtraJapanCitiesV2.ts(570,9): error TS1005: ';' expected.
lib/visualLab/data/poiExtraJapanCitiesV2.ts(572,9): error TS1005: ';' expected.
lib/visualLab/data/poiExtraJapanCitiesV2.ts(573,9): error TS1005: ';' expected.
lib/visualLab/data/poiExtraJapanCitiesV2.ts(574,9): error TS1005: ';' expected.
lib/visualLab/data/poiExtraJapanCitiesV2.ts(575,5): error TS1109: Expression expected.
lib/visualLab/data/poiExtraJapanCitiesV2.ts(575,6): error TS1128: Declaration or statement expected.
lib/visualLab/data/poiExtraJapanCitiesV2.ts(578,9): error TS1005: ';' expected.
lib/visualLab/data/poiExtraJapanCitiesV2.ts(579,9): error TS1005: ';' expected.
lib/visualLab/data/poiExtraJapanCitiesV2.ts(580,9): error TS1005: ';' expected.
lib/visualLab/data/poiExtraJapanCitiesV2.ts(581,5): error TS1109: Expression expected.
lib/visualLab/data/poiExtraJapanCitiesV2.ts(581,6): error TS1128: Declaration or statement expected.
lib/visualLab/data/poiExtraJapanCitiesV2.ts(589,9): error TS1005: ';' expected.
lib/visualLab/data/poiExtraJapanCitiesV2.ts(595,9): error TS1005: ';' expected.
lib/visualLab/data/poiExtraJapanCitiesV2.ts(601,9): error TS1005: ';' expected.
lib/visualLab/data/poiExtraJapanCitiesV2.ts(607,5): error TS1109: Expression expected.
lib/visualLab/data/poiExtraJapanCitiesV2.ts(607,6): error TS1128: Declaration or statement expected.
lib/visualLab/data/poiExtraJapanCitiesV2.ts(610,5): error TS1109: Expression expected.
lib/visualLab/data/poiExtraJapanCitiesV2.ts(611,5): error TS1109: Expression expected.
lib/visualLab/data/poiExtraJapanCitiesV2.ts(612,5): error TS1109: Expression expected.
lib/visualLab/data/poiExtraJapanCitiesV2.ts(613,5): error TS1128: Declaration or statement expected.
lib/visualLab/data/poiExtraJapanCitiesV2.ts(613,6): error TS1128: Declaration or statement expected.
lib/visualLab/data/poiExtraJapanCitiesV2.ts(616,5): error TS1109: Expression expected.
lib/visualLab/data/poiExtraJapanCitiesV2.ts(617,5): error TS1109: Expression expected.
lib/visualLab/data/poiExtraJapanCitiesV2.ts(618,5): error TS1109: Expression expected.
lib/visualLab/data/poiExtraJapanCitiesV2.ts(619,5): error TS1128: Declaration or statement expected.
lib/visualLab/data/poiExtraJapanCitiesV2.ts(620,3): error TS1128: Declaration or statement expected.
lib/visualLab/data/poiExtraJapanCitiesV2.ts(620,4): error TS1128: Declaration or statement expected.
lib/visualLab/data/poiExtraJapanCitiesV2.ts(623,9): error TS1005: ';' expected.
lib/visualLab/data/poiExtraJapanCitiesV2.ts(624,11): error TS1005: ';' expected.
lib/visualLab/data/poiExtraJapanCitiesV2.ts(625,11): error TS1005: ';' expected.
lib/visualLab/data/poiExtraJapanCitiesV2.ts(626,9): error TS1005: ';' expected.
lib/visualLab/data/poiExtraJapanCitiesV2.ts(628,9): error TS1005: ';' expected.
lib/visualLab/data/poiExtraJapanCitiesV2.ts(629,9): error TS1005: ';' expected.
lib/visualLab/data/poiExtraJapanCitiesV2.ts(630,9): error TS1005: ';' expected.
lib/visualLab/data/poiExtraJapanCitiesV2.ts(631,5): error TS1109: Expression expected.
lib/visualLab/data/poiExtraJapanCitiesV2.ts(631,6): error TS1128: Declaration or statement expected.
lib/visualLab/data/poiExtraJapanCitiesV2.ts(634,9): error TS1005: ';' expected.
lib/visualLab/data/poiExtraJapanCitiesV2.ts(635,9): error TS1005: ';' expected.
lib/visualLab/data/poiExtraJapanCitiesV2.ts(636,9): error TS1005: ';' expected.
lib/visualLab/data/poiExtraJapanCitiesV2.ts(637,5): error TS1109: Expression expected.
lib/visualLab/data/poiExtraJapanCitiesV2.ts(637,6): error TS1128: Declaration or statement expected.
lib/visualLab/data/poiExtraJapanCitiesV2.ts(645,9): error TS1005: ';' expected.
lib/visualLab/data/poiExtraJapanCitiesV2.ts(651,9): error TS1005: ';' expected.
lib/visualLab/data/poiExtraJapanCitiesV2.ts(657,9): error TS1005: ';' expected.
lib/visualLab/data/poiExtraJapanCitiesV2.ts(663,5): error TS1109: Expression expected.
lib/visualLab/data/poiExtraJapanCitiesV2.ts(663,6): error TS1128: Declaration or statement expected.
lib/visualLab/data/poiExtraJapanCitiesV2.ts(666,5): error TS1109: Expression expected.
lib/visualLab/data/poiExtraJapanCitiesV2.ts(667,5): error TS1109: Expression expected.
lib/visualLab/data/poiExtraJapanCitiesV2.ts(668,5): error TS1109: Expression expected.
lib/visualLab/data/poiExtraJapanCitiesV2.ts(669,5): error TS1128: Declaration or statement expected.
lib/visualLab/data/poiExtraJapanCitiesV2.ts(669,6): error TS1128: Declaration or statement expected.
lib/visualLab/data/poiExtraJapanCitiesV2.ts(672,5): error TS1109: Expression expected.
lib/visualLab/data/poiExtraJapanCitiesV2.ts(673,5): error TS1109: Expression expected.
lib/visualLab/data/poiExtraJapanCitiesV2.ts(674,5): error TS1109: Expression expected.
lib/visualLab/data/poiExtraJapanCitiesV2.ts(675,5): error TS1128: Declaration or statement expected.
lib/visualLab/data/poiExtraJapanCitiesV2.ts(676,3): error TS1128: Declaration or statement expected.
lib/visualLab/data/poiExtraJapanCitiesV2.ts(676,4): error TS1128: Declaration or statement expected.
lib/visualLab/data/poiExtraJapanCitiesV2.ts(679,9): error TS1005: ';' expected.
lib/visualLab/data/poiExtraJapanCitiesV2.ts(680,11): error TS1005: ';' expected.
lib/visualLab/data/poiExtraJapanCitiesV2.ts(681,11): error TS1005: ';' expected.
lib/visualLab/data/poiExtraJapanCitiesV2.ts(682,9): error TS1005: ';' expected.
lib/visualLab/data/poiExtraJapanCitiesV2.ts(684,9): error TS1005: ';' expected.
lib/visualLab/data/poiExtraJapanCitiesV2.ts(685,9): error TS1005: ';' expected.
lib/visualLab/data/poiExtraJapanCitiesV2.ts(686,9): error TS1005: ';' expected.
lib/visualLab/data/poiExtraJapanCitiesV2.ts(687,5): error TS1109: Expression expected.
lib/visualLab/data/poiExtraJapanCitiesV2.ts(687,6): error TS1128: Declaration or statement expected.
lib/visualLab/data/poiExtraJapanCitiesV2.ts(690,9): error TS1005: ';' expected.
lib/visualLab/data/poiExtraJapanCitiesV2.ts(691,9): error TS1005: ';' expected.
lib/visualLab/data/poiExtraJapanCitiesV2.ts(692,9): error TS1005: ';' expected.
lib/visualLab/data/poiExtraJapanCitiesV2.ts(693,5): error TS1109: Expression expected.
lib/visualLab/data/poiExtraJapanCitiesV2.ts(693,6): error TS1128: Declaration or statement expected.
lib/visualLab/data/poiExtraJapanCitiesV2.ts(701,9): error TS1005: ';' expected.
lib/visualLab/data/poiExtraJapanCitiesV2.ts(707,9): error TS1005: ';' expected.
lib/visualLab/data/poiExtraJapanCitiesV2.ts(713,9): error TS1005: ';' expected.
lib/visualLab/data/poiExtraJapanCitiesV2.ts(719,5): error TS1109: Expression expected.
lib/visualLab/data/poiExtraJapanCitiesV2.ts(719,6): error TS1128: Declaration or statement expected.
lib/visualLab/data/poiExtraJapanCitiesV2.ts(722,5): error TS1109: Expression expected.
lib/visualLab/data/poiExtraJapanCitiesV2.ts(723,5): error TS1109: Expression expected.
lib/visualLab/data/poiExtraJapanCitiesV2.ts(724,5): error TS1109: Expression expected.
lib/visualLab/data/poiExtraJapanCitiesV2.ts(725,5): error TS1128: Declaration or statement expected.
lib/visualLab/data/poiExtraJapanCitiesV2.ts(725,6): error TS1128: Declaration or statement expected.
lib/visualLab/data/poiExtraJapanCitiesV2.ts(728,5): error TS1109: Expression expected.
lib/visualLab/data/poiExtraJapanCitiesV2.ts(729,5): error TS1109: Expression expected.
lib/visualLab/data/poiExtraJapanCitiesV2.ts(730,5): error TS1109: Expression expected.
lib/visualLab/data/poiExtraJapanCitiesV2.ts(731,5): error TS1128: Declaration or statement expected.
lib/visualLab/data/poiExtraJapanCitiesV2.ts(732,3): error TS1128: Declaration or statement expected.
lib/visualLab/data/poiExtraJapanCitiesV2.ts(732,4): error TS1128: Declaration or statement expected.
lib/visualLab/data/poiExtraJapanCitiesV2.ts(735,9): error TS1005: ';' expected.
lib/visualLab/data/poiExtraJapanCitiesV2.ts(736,11): error TS1005: ';' expected.
lib/visualLab/data/poiExtraJapanCitiesV2.ts(737,11): error TS1005: ';' expected.
lib/visualLab/data/poiExtraJapanCitiesV2.ts(738,9): error TS1005: ';' expected.
lib/visualLab/data/poiExtraJapanCitiesV2.ts(740,9): error TS1005: ';' expected.
lib/visualLab/data/poiExtraJapanCitiesV2.ts(741,9): error TS1005: ';' expected.
lib/visualLab/data/poiExtraJapanCitiesV2.ts(742,9): error TS1005: ';' expected.
lib/visualLab/data/poiExtraJapanCitiesV2.ts(743,5): error TS1109: Expression expected.
lib/visualLab/data/poiExtraJapanCitiesV2.ts(743,6): error TS1128: Declaration or statement expected.
lib/visualLab/data/poiExtraJapanCitiesV2.ts(746,9): error TS1005: ';' expected.
lib/visualLab/data/poiExtraJapanCitiesV2.ts(747,9): error TS1005: ';' expected.
lib/visualLab/data/poiExtraJapanCitiesV2.ts(748,9): error TS1005: ';' expected.
lib/visualLab/data/poiExtraJapanCitiesV2.ts(749,5): error TS1109: Expression expected.
lib/visualLab/data/poiExtraJapanCitiesV2.ts(749,6): error TS1128: Declaration or statement expected.
lib/visualLab/data/poiExtraJapanCitiesV2.ts(757,9): error TS1005: ';' expected.
lib/visualLab/data/poiExtraJapanCitiesV2.ts(763,9): error TS1005: ';' expected.
lib/visualLab/data/poiExtraJapanCitiesV2.ts(769,9): error TS1005: ';' expected.
lib/visualLab/data/poiExtraJapanCitiesV2.ts(775,5): error TS1109: Expression expected.
lib/visualLab/data/poiExtraJapanCitiesV2.ts(775,6): error TS1128: Declaration or statement expected.
lib/visualLab/data/poiExtraJapanCitiesV2.ts(778,5): error TS1109: Expression expected.
lib/visualLab/data/poiExtraJapanCitiesV2.ts(779,5): error TS1109: Expression expected.
lib/visualLab/data/poiExtraJapanCitiesV2.ts(780,5): error TS1109: Expression expected.
lib/visualLab/data/poiExtraJapanCitiesV2.ts(781,5): error TS1128: Declaration or statement expected.
lib/visualLab/data/poiExtraJapanCitiesV2.ts(781,6): error TS1128: Declaration or statement expected.
lib/visualLab/data/poiExtraJapanCitiesV2.ts(784,5): error TS1109: Expression expected.
lib/visualLab/data/poiExtraJapanCitiesV2.ts(785,5): error TS1109: Expression expected.
lib/visualLab/data/poiExtraJapanCitiesV2.ts(786,5): error TS1109: Expression expected.
lib/visualLab/data/poiExtraJapanCitiesV2.ts(787,5): error TS1128: Declaration or statement expected.
lib/visualLab/data/poiExtraJapanCitiesV2.ts(788,3): error TS1128: Declaration or statement expected.
lib/visualLab/data/poiExtraJapanCitiesV2.ts(788,4): error TS1128: Declaration or statement expected.
lib/visualLab/data/poiExtraJapanCitiesV2.ts(791,9): error TS1005: ';' expected.
lib/visualLab/data/poiExtraJapanCitiesV2.ts(792,11): error TS1005: ';' expected.
lib/visualLab/data/poiExtraJapanCitiesV2.ts(793,11): error TS1005: ';' expected.
lib/visualLab/data/poiExtraJapanCitiesV2.ts(794,9): error TS1005: ';' expected.
lib/visualLab/data/poiExtraJapanCitiesV2.ts(796,9): error TS1005: ';' expected.
lib/visualLab/data/poiExtraJapanCitiesV2.ts(797,9): error TS1005: ';' expected.
lib/visualLab/data/poiExtraJapanCitiesV2.ts(798,9): error TS1005: ';' expected.
lib/visualLab/data/poiExtraJapanCitiesV2.ts(799,5): error TS1109: Expression expected.
lib/visualLab/data/poiExtraJapanCitiesV2.ts(799,6): error TS1128: Declaration or statement expected.
lib/visualLab/data/poiExtraJapanCitiesV2.ts(802,9): error TS1005: ';' expected.
lib/visualLab/data/poiExtraJapanCitiesV2.ts(803,9): error TS1005: ';' expected.
lib/visualLab/data/poiExtraJapanCitiesV2.ts(804,9): error TS1005: ';' expected.
lib/visualLab/data/poiExtraJapanCitiesV2.ts(805,5): error TS1109: Expression expected.
lib/visualLab/data/poiExtraJapanCitiesV2.ts(805,6): error TS1128: Declaration or statement expected.
lib/visualLab/data/poiExtraJapanCitiesV2.ts(813,9): error TS1005: ';' expected.
lib/visualLab/data/poiExtraJapanCitiesV2.ts(819,9): error TS1005: ';' expected.
lib/visualLab/data/poiExtraJapanCitiesV2.ts(825,9): error TS1005: ';' expected.
lib/visualLab/data/poiExtraJapanCitiesV2.ts(831,5): error TS1109: Expression expected.
lib/visualLab/data/poiExtraJapanCitiesV2.ts(831,6): error TS1128: Declaration or statement expected.
lib/visualLab/data/poiExtraJapanCitiesV2.ts(834,5): error TS1109: Expression expected.
lib/visualLab/data/poiExtraJapanCitiesV2.ts(835,5): error TS1109: Expression expected.
lib/visualLab/data/poiExtraJapanCitiesV2.ts(836,5): error TS1109: Expression expected.
lib/visualLab/data/poiExtraJapanCitiesV2.ts(837,5): error TS1128: Declaration or statement expected.
lib/visualLab/data/poiExtraJapanCitiesV2.ts(837,6): error TS1128: Declaration or statement expected.
lib/visualLab/data/poiExtraJapanCitiesV2.ts(840,5): error TS1109: Expression expected.
lib/visualLab/data/poiExtraJapanCitiesV2.ts(841,5): error TS1109: Expression expected.
lib/visualLab/data/poiExtraJapanCitiesV2.ts(842,5): error TS1109: Expression expected.
lib/visualLab/data/poiExtraJapanCitiesV2.ts(843,5): error TS1128: Declaration or statement expected.
lib/visualLab/data/poiExtraJapanCitiesV2.ts(844,3): error TS1128: Declaration or statement expected.
lib/visualLab/data/poiExtraJapanCitiesV2.ts(844,4): error TS1128: Declaration or statement expected.
lib/visualLab/data/poiExtraJapanCitiesV2.ts(847,9): error TS1005: ';' expected.
lib/visualLab/data/poiExtraJapanCitiesV2.ts(848,11): error TS1005: ';' expected.
lib/visualLab/data/poiExtraJapanCitiesV2.ts(849,11): error TS1005: ';' expected.
lib/visualLab/data/poiExtraJapanCitiesV2.ts(850,9): error TS1005: ';' expected.
lib/visualLab/data/poiExtraJapanCitiesV2.ts(852,9): error TS1005: ';' expected.
lib/visualLab/data/poiExtraJapanCitiesV2.ts(853,9): error TS1005: ';' expected.
lib/visualLab/data/poiExtraJapanCitiesV2.ts(854,9): error TS1005: ';' expected.
lib/visualLab/data/poiExtraJapanCitiesV2.ts(855,5): error TS1109: Expression expected.
lib/visualLab/data/poiExtraJapanCitiesV2.ts(855,6): error TS1128: Declaration or statement expected.
lib/visualLab/data/poiExtraJapanCitiesV2.ts(858,9): error TS1005: ';' expected.
lib/visualLab/data/poiExtraJapanCitiesV2.ts(859,9): error TS1005: ';' expected.
lib/visualLab/data/poiExtraJapanCitiesV2.ts(860,9): error TS1005: ';' expected.
lib/visualLab/data/poiExtraJapanCitiesV2.ts(861,5): error TS1109: Expression expected.
lib/visualLab/data/poiExtraJapanCitiesV2.ts(861,6): error TS1128: Declaration or statement expected.
lib/visualLab/data/poiExtraJapanCitiesV2.ts(869,9): error TS1005: ';' expected.
lib/visualLab/data/poiExtraJapanCitiesV2.ts(875,9): error TS1005: ';' expected.
lib/visualLab/data/poiExtraJapanCitiesV2.ts(881,9): error TS1005: ';' expected.
lib/visualLab/data/poiExtraJapanCitiesV2.ts(887,5): error TS1109: Expression expected.
lib/visualLab/data/poiExtraJapanCitiesV2.ts(887,6): error TS1128: Declaration or statement expected.
lib/visualLab/data/poiExtraJapanCitiesV2.ts(890,5): error TS1109: Expression expected.
lib/visualLab/data/poiExtraJapanCitiesV2.ts(891,5): error TS1109: Expression expected.
lib/visualLab/data/poiExtraJapanCitiesV2.ts(892,5): error TS1109: Expression expected.
lib/visualLab/data/poiExtraJapanCitiesV2.ts(893,5): error TS1128: Declaration or statement expected.
lib/visualLab/data/poiExtraJapanCitiesV2.ts(893,6): error TS1128: Declaration or statement expected.
lib/visualLab/data/poiExtraJapanCitiesV2.ts(896,5): error TS1109: Expression expected.
lib/visualLab/data/poiExtraJapanCitiesV2.ts(897,5): error TS1109: Expression expected.
lib/visualLab/data/poiExtraJapanCitiesV2.ts(898,5): error TS1109: Expression expected.
lib/visualLab/data/poiExtraJapanCitiesV2.ts(899,5): error TS1128: Declaration or statement expected.
lib/visualLab/data/poiExtraJapanCitiesV2.ts(900,3): error TS1128: Declaration or statement expected.
lib/visualLab/data/poiExtraJapanCitiesV2.ts(900,4): error TS1128: Declaration or statement expected.
lib/visualLab/data/poiExtraJapanCitiesV2.ts(903,9): error TS1005: ';' expected.
lib/visualLab/data/poiExtraJapanCitiesV2.ts(904,11): error TS1005: ';' expected.
lib/visualLab/data/poiExtraJapanCitiesV2.ts(905,11): error TS1005: ';' expected.
lib/visualLab/data/poiExtraJapanCitiesV2.ts(906,9): error TS1005: ';' expected.
lib/visualLab/data/poiExtraJapanCitiesV2.ts(908,9): error TS1005: ';' expected.
lib/visualLab/data/poiExtraJapanCitiesV2.ts(909,9): error TS1005: ';' expected.
lib/visualLab/data/poiExtraJapanCitiesV2.ts(910,9): error TS1005: ';' expected.
lib/visualLab/data/poiExtraJapanCitiesV2.ts(911,5): error TS1109: Expression expected.
lib/visualLab/data/poiExtraJapanCitiesV2.ts(911,6): error TS1128: Declaration or statement expected.
lib/visualLab/data/poiExtraJapanCitiesV2.ts(914,9): error TS1005: ';' expected.
lib/visualLab/data/poiExtraJapanCitiesV2.ts(915,9): error TS1005: ';' expected.
lib/visualLab/data/poiExtraJapanCitiesV2.ts(916,9): error TS1005: ';' expected.
lib/visualLab/data/poiExtraJapanCitiesV2.ts(917,5): error TS1109: Expression expected.
lib/visualLab/data/poiExtraJapanCitiesV2.ts(917,6): error TS1128: Declaration or statement expected.
lib/visualLab/data/poiExtraJapanCitiesV2.ts(925,9): error TS1005: ';' expected.
lib/visualLab/data/poiExtraJapanCitiesV2.ts(931,9): error TS1005: ';' expected.
lib/visualLab/data/poiExtraJapanCitiesV2.ts(937,9): error TS1005: ';' expected.
lib/visualLab/data/poiExtraJapanCitiesV2.ts(943,5): error TS1109: Expression expected.
lib/visualLab/data/poiExtraJapanCitiesV2.ts(943,6): error TS1128: Declaration or statement expected.
lib/visualLab/data/poiExtraJapanCitiesV2.ts(946,5): error TS1109: Expression expected.
lib/visualLab/data/poiExtraJapanCitiesV2.ts(947,5): error TS1109: Expression expected.
lib/visualLab/data/poiExtraJapanCitiesV2.ts(948,5): error TS1109: Expression expected.
lib/visualLab/data/poiExtraJapanCitiesV2.ts(949,5): error TS1128: Declaration or statement expected.
lib/visualLab/data/poiExtraJapanCitiesV2.ts(949,6): error TS1128: Declaration or statement expected.
lib/visualLab/data/poiExtraJapanCitiesV2.ts(952,5): error TS1109: Expression expected.
lib/visualLab/data/poiExtraJapanCitiesV2.ts(953,5): error TS1109: Expression expected.
lib/visualLab/data/poiExtraJapanCitiesV2.ts(954,5): error TS1109: Expression expected.
lib/visualLab/data/poiExtraJapanCitiesV2.ts(955,5): error TS1128: Declaration or statement expected.
lib/visualLab/data/poiExtraJapanCitiesV2.ts(956,3): error TS1128: Declaration or statement expected.
lib/visualLab/data/poiExtraJapanCitiesV2.ts(956,4): error TS1128: Declaration or statement expected.
lib/visualLab/data/poiExtraJapanCitiesV2.ts(959,9): error TS1005: ';' expected.
lib/visualLab/data/poiExtraJapanCitiesV2.ts(960,11): error TS1005: ';' expected.
lib/visualLab/data/poiExtraJapanCitiesV2.ts(961,11): error TS1005: ';' expected.
lib/visualLab/data/poiExtraJapanCitiesV2.ts(962,9): error TS1005: ';' expected.
lib/visualLab/data/poiExtraJapanCitiesV2.ts(964,9): error TS1005: ';' expected.
lib/visualLab/data/poiExtraJapanCitiesV2.ts(965,9): error TS1005: ';' expected.
lib/visualLab/data/poiExtraJapanCitiesV2.ts(966,9): error TS1005: ';' expected.
lib/visualLab/data/poiExtraJapanCitiesV2.ts(967,5): error TS1109: Expression expected.
lib/visualLab/data/poiExtraJapanCitiesV2.ts(967,6): error TS1128: Declaration or statement expected.
lib/visualLab/data/poiExtraJapanCitiesV2.ts(970,9): error TS1005: ';' expected.
lib/visualLab/data/poiExtraJapanCitiesV2.ts(971,9): error TS1005: ';' expected.
lib/visualLab/data/poiExtraJapanCitiesV2.ts(972,9): error TS1005: ';' expected.
lib/visualLab/data/poiExtraJapanCitiesV2.ts(973,5): error TS1109: Expression expected.
lib/visualLab/data/poiExtraJapanCitiesV2.ts(973,6): error TS1128: Declaration or statement expected.
lib/visualLab/data/poiExtraJapanCitiesV2.ts(981,9): error TS1005: ';' expected.
lib/visualLab/data/poiExtraJapanCitiesV2.ts(987,9): error TS1005: ';' expected.
lib/visualLab/data/poiExtraJapanCitiesV2.ts(993,9): error TS1005: ';' expected.
lib/visualLab/data/poiExtraJapanCitiesV2.ts(999,5): error TS1109: Expression expected.
lib/visualLab/data/poiExtraJapanCitiesV2.ts(999,6): error TS1128: Declaration or statement expected.
lib/visualLab/data/poiExtraJapanCitiesV2.ts(1002,5): error TS1109: Expression expected.
lib/visualLab/data/poiExtraJapanCitiesV2.ts(1003,5): error TS1109: Expression expected.
lib/visualLab/data/poiExtraJapanCitiesV2.ts(1004,5): error TS1109: Expression expected.
lib/visualLab/data/poiExtraJapanCitiesV2.ts(1005,5): error TS1128: Declaration or statement expected.
lib/visualLab/data/poiExtraJapanCitiesV2.ts(1005,6): error TS1128: Declaration or statement expected.
lib/visualLab/data/poiExtraJapanCitiesV2.ts(1008,5): error TS1109: Expression expected.
lib/visualLab/data/poiExtraJapanCitiesV2.ts(1009,5): error TS1109: Expression expected.
lib/visualLab/data/poiExtraJapanCitiesV2.ts(1010,5): error TS1109: Expression expected.
lib/visualLab/data/poiExtraJapanCitiesV2.ts(1011,5): error TS1128: Declaration or statement expected.
lib/visualLab/data/poiExtraJapanCitiesV2.ts(1012,3): error TS1128: Declaration or statement expected.
lib/visualLab/data/poiExtraJapanCitiesV2.ts(1012,4): error TS1128: Declaration or statement expected.
lib/visualLab/data/poiExtraJapanCitiesV2.ts(1015,9): error TS1005: ';' expected.
lib/visualLab/data/poiExtraJapanCitiesV2.ts(1016,11): error TS1005: ';' expected.
lib/visualLab/data/poiExtraJapanCitiesV2.ts(1017,11): error TS1005: ';' expected.
lib/visualLab/data/poiExtraJapanCitiesV2.ts(1018,9): error TS1005: ';' expected.
lib/visualLab/data/poiExtraJapanCitiesV2.ts(1020,9): error TS1005: ';' expected.
lib/visualLab/data/poiExtraJapanCitiesV2.ts(1021,9): error TS1005: ';' expected.
lib/visualLab/data/poiExtraJapanCitiesV2.ts(1022,9): error TS1005: ';' expected.
lib/visualLab/data/poiExtraJapanCitiesV2.ts(1023,5): error TS1109: Expression expected.
lib/visualLab/data/poiExtraJapanCitiesV2.ts(1023,6): error TS1128: Declaration or statement expected.
lib/visualLab/data/poiExtraJapanCitiesV2.ts(1026,9): error TS1005: ';' expected.
lib/visualLab/data/poiExtraJapanCitiesV2.ts(1027,9): error TS1005: ';' expected.
lib/visualLab/data/poiExtraJapanCitiesV2.ts(1028,9): error TS1005: ';' expected.
lib/visualLab/data/poiExtraJapanCitiesV2.ts(1029,5): error TS1109: Expression expected.
lib/visualLab/data/poiExtraJapanCitiesV2.ts(1029,6): error TS1128: Declaration or statement expected.
lib/visualLab/data/poiExtraJapanCitiesV2.ts(1037,9): error TS1005: ';' expected.
lib/visualLab/data/poiExtraJapanCitiesV2.ts(1043,9): error TS1005: ';' expected.
lib/visualLab/data/poiExtraJapanCitiesV2.ts(1049,9): error TS1005: ';' expected.
lib/visualLab/data/poiExtraJapanCitiesV2.ts(1055,5): error TS1109: Expression expected.
lib/visualLab/data/poiExtraJapanCitiesV2.ts(1055,6): error TS1128: Declaration or statement expected.
lib/visualLab/data/poiExtraJapanCitiesV2.ts(1058,5): error TS1109: Expression expected.
lib/visualLab/data/poiExtraJapanCitiesV2.ts(1059,5): error TS1109: Expression expected.
lib/visualLab/data/poiExtraJapanCitiesV2.ts(1060,5): error TS1109: Expression expected.
lib/visualLab/data/poiExtraJapanCitiesV2.ts(1061,5): error TS1128: Declaration or statement expected.
lib/visualLab/data/poiExtraJapanCitiesV2.ts(1061,6): error TS1128: Declaration or statement expected.
lib/visualLab/data/poiExtraJapanCitiesV2.ts(1064,5): error TS1109: Expression expected.
lib/visualLab/data/poiExtraJapanCitiesV2.ts(1065,5): error TS1109: Expression expected.
lib/visualLab/data/poiExtraJapanCitiesV2.ts(1066,5): error TS1109: Expression expected.
lib/visualLab/data/poiExtraJapanCitiesV2.ts(1067,5): error TS1128: Declaration or statement expected.
lib/visualLab/data/poiExtraJapanCitiesV2.ts(1068,3): error TS1128: Declaration or statement expected.
lib/visualLab/data/poiExtraJapanCitiesV2.ts(1068,4): error TS1128: Declaration or statement expected.
lib/visualLab/data/poiExtraJapanCitiesV2.ts(1071,9): error TS1005: ';' expected.
lib/visualLab/data/poiExtraJapanCitiesV2.ts(1072,11): error TS1005: ';' expected.
lib/visualLab/data/poiExtraJapanCitiesV2.ts(1073,11): error TS1005: ';' expected.
lib/visualLab/data/poiExtraJapanCitiesV2.ts(1074,9): error TS1005: ';' expected.
lib/visualLab/data/poiExtraJapanCitiesV2.ts(1076,9): error TS1005: ';' expected.
lib/visualLab/data/poiExtraJapanCitiesV2.ts(1077,9): error TS1005: ';' expected.
lib/visualLab/data/poiExtraJapanCitiesV2.ts(1078,9): error TS1005: ';' expected.
lib/visualLab/data/poiExtraJapanCitiesV2.ts(1079,5): error TS1109: Expression expected.
lib/visualLab/data/poiExtraJapanCitiesV2.ts(1079,6): error TS1128: Declaration or statement expected.
lib/visualLab/data/poiExtraJapanCitiesV2.ts(1082,9): error TS1005: ';' expected.
lib/visualLab/data/poiExtraJapanCitiesV2.ts(1083,9): error TS1005: ';' expected.
lib/visualLab/data/poiExtraJapanCitiesV2.ts(1084,9): error TS1005: ';' expected.
lib/visualLab/data/poiExtraJapanCitiesV2.ts(1085,5): error TS1109: Expression expected.
lib/visualLab/data/poiExtraJapanCitiesV2.ts(1085,6): error TS1128: Declaration or statement expected.
lib/visualLab/data/poiExtraJapanCitiesV2.ts(1093,9): error TS1005: ';' expected.
lib/visualLab/data/poiExtraJapanCitiesV2.ts(1099,9): error TS1005: ';' expected.
lib/visualLab/data/poiExtraJapanCitiesV2.ts(1105,9): error TS1005: ';' expected.
lib/visualLab/data/poiExtraJapanCitiesV2.ts(1111,5): error TS1109: Expression expected.
lib/visualLab/data/poiExtraJapanCitiesV2.ts(1111,6): error TS1128: Declaration or statement expected.
lib/visualLab/data/poiExtraJapanCitiesV2.ts(1114,5): error TS1109: Expression expected.
lib/visualLab/data/poiExtraJapanCitiesV2.ts(1115,5): error TS1109: Expression expected.
lib/visualLab/data/poiExtraJapanCitiesV2.ts(1116,5): error TS1109: Expression expected.
lib/visualLab/data/poiExtraJapanCitiesV2.ts(1117,5): error TS1128: Declaration or statement expected.
lib/visualLab/data/poiExtraJapanCitiesV2.ts(1117,6): error TS1128: Declaration or statement expected.
lib/visualLab/data/poiExtraJapanCitiesV2.ts(1120,5): error TS1109: Expression expected.
lib/visualLab/data/poiExtraJapanCitiesV2.ts(1121,5): error TS1109: Expression expected.
lib/visualLab/data/poiExtraJapanCitiesV2.ts(1122,5): error TS1109: Expression expected.
lib/visualLab/data/poiExtraJapanCitiesV2.ts(1123,5): error TS1128: Declaration or statement expected.
lib/visualLab/data/poiExtraJapanCitiesV2.ts(1124,3): error TS1128: Declaration or statement expected.
lib/visualLab/data/poiExtraJapanCitiesV2.ts(1124,4): error TS1128: Declaration or statement expected.
lib/visualLab/data/poiExtraJapanCitiesV2.ts(1127,9): error TS1005: ';' expected.
lib/visualLab/data/poiExtraJapanCitiesV2.ts(1128,11): error TS1005: ';' expected.
lib/visualLab/data/poiExtraJapanCitiesV2.ts(1129,11): error TS1005: ';' expected.
lib/visualLab/data/poiExtraJapanCitiesV2.ts(1130,9): error TS1005: ';' expected.
lib/visualLab/data/poiExtraJapanCitiesV2.ts(1132,9): error TS1005: ';' expected.
lib/visualLab/data/poiExtraJapanCitiesV2.ts(1133,9): error TS1005: ';' expected.
lib/visualLab/data/poiExtraJapanCitiesV2.ts(1134,9): error TS1005: ';' expected.
lib/visualLab/data/poiExtraJapanCitiesV2.ts(1135,5): error TS1109: Expression expected.
lib/visualLab/data/poiExtraJapanCitiesV2.ts(1135,6): error TS1128: Declaration or statement expected.
lib/visualLab/data/poiExtraJapanCitiesV2.ts(1138,9): error TS1005: ';' expected.
lib/visualLab/data/poiExtraJapanCitiesV2.ts(1139,9): error TS1005: ';' expected.
lib/visualLab/data/poiExtraJapanCitiesV2.ts(1140,9): error TS1005: ';' expected.
lib/visualLab/data/poiExtraJapanCitiesV2.ts(1141,5): error TS1109: Expression expected.
lib/visualLab/data/poiExtraJapanCitiesV2.ts(1141,6): error TS1128: Declaration or statement expected.
lib/visualLab/data/poiExtraJapanCitiesV2.ts(1149,9): error TS1005: ';' expected.
lib/visualLab/data/poiExtraJapanCitiesV2.ts(1155,9): error TS1005: ';' expected.
lib/visualLab/data/poiExtraJapanCitiesV2.ts(1161,9): error TS1005: ';' expected.
lib/visualLab/data/poiExtraJapanCitiesV2.ts(1167,5): error TS1109: Expression expected.
lib/visualLab/data/poiExtraJapanCitiesV2.ts(1167,6): error TS1128: Declaration or statement expected.
lib/visualLab/data/poiExtraJapanCitiesV2.ts(1170,5): error TS1109: Expression expected.
lib/visualLab/data/poiExtraJapanCitiesV2.ts(1171,5): error TS1109: Expression expected.
lib/visualLab/data/poiExtraJapanCitiesV2.ts(1172,5): error TS1109: Expression expected.
lib/visualLab/data/poiExtraJapanCitiesV2.ts(1173,5): error TS1128: Declaration or statement expected.
lib/visualLab/data/poiExtraJapanCitiesV2.ts(1173,6): error TS1128: Declaration or statement expected.
lib/visualLab/data/poiExtraJapanCitiesV2.ts(1176,5): error TS1109: Expression expected.
lib/visualLab/data/poiExtraJapanCitiesV2.ts(1177,5): error TS1109: Expression expected.
lib/visualLab/data/poiExtraJapanCitiesV2.ts(1178,5): error TS1109: Expression expected.
lib/visualLab/data/poiExtraJapanCitiesV2.ts(1179,5): error TS1128: Declaration or statement expected.
lib/visualLab/data/poiExtraJapanCitiesV2.ts(1180,3): error TS1128: Declaration or statement expected.
lib/visualLab/data/poiExtraJapanCitiesV2.ts(1180,4): error TS1128: Declaration or statement expected.
lib/visualLab/data/poiExtraJapanCitiesV2.ts(1183,9): error TS1005: ';' expected.
lib/visualLab/data/poiExtraJapanCitiesV2.ts(1184,11): error TS1005: ';' expected.
lib/visualLab/data/poiExtraJapanCitiesV2.ts(1185,11): error TS1005: ';' expected.
lib/visualLab/data/poiExtraJapanCitiesV2.ts(1186,9): error TS1005: ';' expected.
lib/visualLab/data/poiExtraJapanCitiesV2.ts(1188,9): error TS1005: ';' expected.
lib/visualLab/data/poiExtraJapanCitiesV2.ts(1189,9): error TS1005: ';' expected.
lib/visualLab/data/poiExtraJapanCitiesV2.ts(1190,9): error TS1005: ';' expected.
lib/visualLab/data/poiExtraJapanCitiesV2.ts(1191,5): error TS1109: Expression expected.
lib/visualLab/data/poiExtraJapanCitiesV2.ts(1191,6): error TS1128: Declaration or statement expected.
lib/visualLab/data/poiExtraJapanCitiesV2.ts(1194,9): error TS1005: ';' expected.
lib/visualLab/data/poiExtraJapanCitiesV2.ts(1195,9): error TS1005: ';' expected.
lib/visualLab/data/poiExtraJapanCitiesV2.ts(1196,9): error TS1005: ';' expected.
lib/visualLab/data/poiExtraJapanCitiesV2.ts(1197,5): error TS1109: Expression expected.
lib/visualLab/data/poiExtraJapanCitiesV2.ts(1197,6): error TS1128: Declaration or statement expected.
lib/visualLab/data/poiExtraJapanCitiesV2.ts(1205,9): error TS1005: ';' expected.
lib/visualLab/data/poiExtraJapanCitiesV2.ts(1211,9): error TS1005: ';' expected.
lib/visualLab/data/poiExtraJapanCitiesV2.ts(1217,9): error TS1005: ';' expected.
lib/visualLab/data/poiExtraJapanCitiesV2.ts(1223,5): error TS1109: Expression expected.
lib/visualLab/data/poiExtraJapanCitiesV2.ts(1223,6): error TS1128: Declaration or statement expected.
lib/visualLab/data/poiExtraJapanCitiesV2.ts(1226,5): error TS1109: Expression expected.
lib/visualLab/data/poiExtraJapanCitiesV2.ts(1227,5): error TS1109: Expression expected.
lib/visualLab/data/poiExtraJapanCitiesV2.ts(1228,5): error TS1109: Expression expected.
lib/visualLab/data/poiExtraJapanCitiesV2.ts(1229,5): error TS1128: Declaration or statement expected.
lib/visualLab/data/poiExtraJapanCitiesV2.ts(1229,6): error TS1128: Declaration or statement expected.
lib/visualLab/data/poiExtraJapanCitiesV2.ts(1232,5): error TS1109: Expression expected.
lib/visualLab/data/poiExtraJapanCitiesV2.ts(1233,5): error TS1109: Expression expected.
lib/visualLab/data/poiExtraJapanCitiesV2.ts(1234,5): error TS1109: Expression expected.
lib/visualLab/data/poiExtraJapanCitiesV2.ts(1235,5): error TS1128: Declaration or statement expected.
lib/visualLab/data/poiExtraJapanCitiesV2.ts(1236,3): error TS1128: Declaration or statement expected.
lib/visualLab/data/poiExtraJapanCitiesV2.ts(1236,4): error TS1128: Declaration or statement expected.
lib/visualLab/data/poiExtraJapanCitiesV2.ts(1239,9): error TS1005: ';' expected.
lib/visualLab/data/poiExtraJapanCitiesV2.ts(1240,11): error TS1005: ';' expected.
lib/visualLab/data/poiExtraJapanCitiesV2.ts(1241,11): error TS1005: ';' expected.
lib/visualLab/data/poiExtraJapanCitiesV2.ts(1242,9): error TS1005: ';' expected.
lib/visualLab/data/poiExtraJapanCitiesV2.ts(1244,9): error TS1005: ';' expected.
lib/visualLab/data/poiExtraJapanCitiesV2.ts(1245,9): error TS1005: ';' expected.
lib/visualLab/data/poiExtraJapanCitiesV2.ts(1246,9): error TS1005: ';' expected.
lib/visualLab/data/poiExtraJapanCitiesV2.ts(1247,5): error TS1109: Expression expected.
lib/visualLab/data/poiExtraJapanCitiesV2.ts(1247,6): error TS1128: Declaration or statement expected.
lib/visualLab/data/poiExtraJapanCitiesV2.ts(1250,9): error TS1005: ';' expected.
lib/visualLab/data/poiExtraJapanCitiesV2.ts(1251,9): error TS1005: ';' expected.
lib/visualLab/data/poiExtraJapanCitiesV2.ts(1252,9): error TS1005: ';' expected.
lib/visualLab/data/poiExtraJapanCitiesV2.ts(1253,5): error TS1109: Expression expected.
lib/visualLab/data/poiExtraJapanCitiesV2.ts(1253,6): error TS1128: Declaration or statement expected.
lib/visualLab/data/poiExtraJapanCitiesV2.ts(1261,9): error TS1005: ';' expected.
lib/visualLab/data/poiExtraJapanCitiesV2.ts(1267,9): error TS1005: ';' expected.
lib/visualLab/data/poiExtraJapanCitiesV2.ts(1273,9): error TS1005: ';' expected.
lib/visualLab/data/poiExtraJapanCitiesV2.ts(1279,5): error TS1109: Expression expected.
lib/visualLab/data/poiExtraJapanCitiesV2.ts(1279,6): error TS1128: Declaration or statement expected.
lib/visualLab/data/poiExtraJapanCitiesV2.ts(1282,5): error TS1109: Expression expected.
lib/visualLab/data/poiExtraJapanCitiesV2.ts(1283,5): error TS1109: Expression expected.
lib/visualLab/data/poiExtraJapanCitiesV2.ts(1284,5): error TS1109: Expression expected.
lib/visualLab/data/poiExtraJapanCitiesV2.ts(1285,5): error TS1128: Declaration or statement expected.
lib/visualLab/data/poiExtraJapanCitiesV2.ts(1285,6): error TS1128: Declaration or statement expected.
lib/visualLab/data/poiExtraJapanCitiesV2.ts(1288,5): error TS1109: Expression expected.
lib/visualLab/data/poiExtraJapanCitiesV2.ts(1289,5): error TS1109: Expression expected.
lib/visualLab/data/poiExtraJapanCitiesV2.ts(1290,5): error TS1109: Expression expected.
lib/visualLab/data/poiExtraJapanCitiesV2.ts(1291,5): error TS1128: Declaration or statement expected.
lib/visualLab/data/poiExtraJapanCitiesV2.ts(1292,3): error TS1128: Declaration or statement expected.
lib/visualLab/data/poiExtraJapanCitiesV2.ts(1292,4): error TS1128: Declaration or statement expected.
lib/visualLab/data/poiExtraJapanCitiesV2.ts(1295,9): error TS1005: ';' expected.
lib/visualLab/data/poiExtraJapanCitiesV2.ts(1296,11): error TS1005: ';' expected.
lib/visualLab/data/poiExtraJapanCitiesV2.ts(1297,11): error TS1005: ';' expected.
lib/visualLab/data/poiExtraJapanCitiesV2.ts(1298,9): error TS1005: ';' expected.
lib/visualLab/data/poiExtraJapanCitiesV2.ts(1300,9): error TS1005: ';' expected.
lib/visualLab/data/poiExtraJapanCitiesV2.ts(1301,9): error TS1005: ';' expected.
lib/visualLab/data/poiExtraJapanCitiesV2.ts(1302,9): error TS1005: ';' expected.
lib/visualLab/data/poiExtraJapanCitiesV2.ts(1303,5): error TS1109: Expression expected.
lib/visualLab/data/poiExtraJapanCitiesV2.ts(1303,6): error TS1128: Declaration or statement expected.
lib/visualLab/data/poiExtraJapanCitiesV2.ts(1306,9): error TS1005: ';' expected.
lib/visualLab/data/poiExtraJapanCitiesV2.ts(1307,9): error TS1005: ';' expected.
lib/visualLab/data/poiExtraJapanCitiesV2.ts(1308,9): error TS1005: ';' expected.
lib/visualLab/data/poiExtraJapanCitiesV2.ts(1309,5): error TS1109: Expression expected.
lib/visualLab/data/poiExtraJapanCitiesV2.ts(1309,6): error TS1128: Declaration or statement expected.
lib/visualLab/data/poiExtraJapanCitiesV2.ts(1317,9): error TS1005: ';' expected.
lib/visualLab/data/poiExtraJapanCitiesV2.ts(1323,9): error TS1005: ';' expected.
lib/visualLab/data/poiExtraJapanCitiesV2.ts(1329,9): error TS1005: ';' expected.
lib/visualLab/data/poiExtraJapanCitiesV2.ts(1335,5): error TS1109: Expression expected.
lib/visualLab/data/poiExtraJapanCitiesV2.ts(1335,6): error TS1128: Declaration or statement expected.
lib/visualLab/data/poiExtraJapanCitiesV2.ts(1338,5): error TS1109: Expression expected.
lib/visualLab/data/poiExtraJapanCitiesV2.ts(1339,5): error TS1109: Expression expected.
lib/visualLab/data/poiExtraJapanCitiesV2.ts(1340,5): error TS1109: Expression expected.
lib/visualLab/data/poiExtraJapanCitiesV2.ts(1341,5): error TS1128: Declaration or statement expected.
lib/visualLab/data/poiExtraJapanCitiesV2.ts(1341,6): error TS1128: Declaration or statement expected.
lib/visualLab/data/poiExtraJapanCitiesV2.ts(1344,5): error TS1109: Expression expected.
lib/visualLab/data/poiExtraJapanCitiesV2.ts(1345,5): error TS1109: Expression expected.
lib/visualLab/data/poiExtraJapanCitiesV2.ts(1346,5): error TS1109: Expression expected.
lib/visualLab/data/poiExtraJapanCitiesV2.ts(1347,5): error TS1128: Declaration or statement expected.
lib/visualLab/data/poiExtraJapanCitiesV2.ts(1348,3): error TS1128: Declaration or statement expected.
lib/visualLab/data/poiExtraJapanCitiesV2.ts(1348,4): error TS1128: Declaration or statement expected.
lib/visualLab/data/poiExtraJapanCitiesV2.ts(1351,9): error TS1005: ';' expected.
lib/visualLab/data/poiExtraJapanCitiesV2.ts(1352,11): error TS1005: ';' expected.
lib/visualLab/data/poiExtraJapanCitiesV2.ts(1353,11): error TS1005: ';' expected.
lib/visualLab/data/poiExtraJapanCitiesV2.ts(1354,9): error TS1005: ';' expected.
lib/visualLab/data/poiExtraJapanCitiesV2.ts(1356,9): error TS1005: ';' expected.
lib/visualLab/data/poiExtraJapanCitiesV2.ts(1357,9): error TS1005: ';' expected.
lib/visualLab/data/poiExtraJapanCitiesV2.ts(1358,9): error TS1005: ';' expected.
lib/visualLab/data/poiExtraJapanCitiesV2.ts(1359,5): error TS1109: Expression expected.
lib/visualLab/data/poiExtraJapanCitiesV2.ts(1359,6): error TS1128: Declaration or statement expected.
lib/visualLab/data/poiExtraJapanCitiesV2.ts(1362,9): error TS1005: ';' expected.
lib/visualLab/data/poiExtraJapanCitiesV2.ts(1363,9): error TS1005: ';' expected.
lib/visualLab/data/poiExtraJapanCitiesV2.ts(1364,9): error TS1005: ';' expected.
lib/visualLab/data/poiExtraJapanCitiesV2.ts(1365,5): error TS1109: Expression expected.
lib/visualLab/data/poiExtraJapanCitiesV2.ts(1365,6): error TS1128: Declaration or statement expected.
lib/visualLab/data/poiExtraJapanCitiesV2.ts(1373,9): error TS1005: ';' expected.
lib/visualLab/data/poiExtraJapanCitiesV2.ts(1379,9): error TS1005: ';' expected.
lib/visualLab/data/poiExtraJapanCitiesV2.ts(1385,9): error TS1005: ';' expected.
lib/visualLab/data/poiExtraJapanCitiesV2.ts(1391,5): error TS1109: Expression expected.
lib/visualLab/data/poiExtraJapanCitiesV2.ts(1391,6): error TS1128: Declaration or statement expected.
lib/visualLab/data/poiExtraJapanCitiesV2.ts(1394,5): error TS1109: Expression expected.
lib/visualLab/data/poiExtraJapanCitiesV2.ts(1395,5): error TS1109: Expression expected.
lib/visualLab/data/poiExtraJapanCitiesV2.ts(1396,5): error TS1109: Expression expected.
lib/visualLab/data/poiExtraJapanCitiesV2.ts(1397,5): error TS1128: Declaration or statement expected.
lib/visualLab/data/poiExtraJapanCitiesV2.ts(1397,6): error TS1128: Declaration or statement expected.
lib/visualLab/data/poiExtraJapanCitiesV2.ts(1400,5): error TS1109: Expression expected.
lib/visualLab/data/poiExtraJapanCitiesV2.ts(1401,5): error TS1109: Expression expected.
lib/visualLab/data/poiExtraJapanCitiesV2.ts(1402,5): error TS1109: Expression expected.
lib/visualLab/data/poiExtraJapanCitiesV2.ts(1403,5): error TS1128: Declaration or statement expected.
lib/visualLab/data/poiExtraJapanCitiesV2.ts(1404,3): error TS1128: Declaration or statement expected.
lib/visualLab/data/poiExtraJapanCitiesV2.ts(1404,4): error TS1128: Declaration or statement expected.
lib/visualLab/data/poiExtraJapanCitiesV2.ts(1407,9): error TS1005: ';' expected.
lib/visualLab/data/poiExtraJapanCitiesV2.ts(1408,11): error TS1005: ';' expected.
lib/visualLab/data/poiExtraJapanCitiesV2.ts(1409,11): error TS1005: ';' expected.
lib/visualLab/data/poiExtraJapanCitiesV2.ts(1410,9): error TS1005: ';' expected.
lib/visualLab/data/poiExtraJapanCitiesV2.ts(1412,9): error TS1005: ';' expected.
lib/visualLab/data/poiExtraJapanCitiesV2.ts(1413,9): error TS1005: ';' expected.
lib/visualLab/data/poiExtraJapanCitiesV2.ts(1414,9): error TS1005: ';' expected.
lib/visualLab/data/poiExtraJapanCitiesV2.ts(1415,5): error TS1109: Expression expected.
lib/visualLab/data/poiExtraJapanCitiesV2.ts(1415,6): error TS1128: Declaration or statement expected.
lib/visualLab/data/poiExtraJapanCitiesV2.ts(1418,9): error TS1005: ';' expected.
lib/visualLab/data/poiExtraJapanCitiesV2.ts(1419,9): error TS1005: ';' expected.
lib/visualLab/data/poiExtraJapanCitiesV2.ts(1420,9): error TS1005: ';' expected.
lib/visualLab/data/poiExtraJapanCitiesV2.ts(1421,5): error TS1109: Expression expected.
lib/visualLab/data/poiExtraJapanCitiesV2.ts(1421,6): error TS1128: Declaration or statement expected.
lib/visualLab/data/poiExtraJapanCitiesV2.ts(1429,9): error TS1005: ';' expected.
lib/visualLab/data/poiExtraJapanCitiesV2.ts(1435,9): error TS1005: ';' expected.
lib/visualLab/data/poiExtraJapanCitiesV2.ts(1441,9): error TS1005: ';' expected.
lib/visualLab/data/poiExtraJapanCitiesV2.ts(1447,5): error TS1109: Expression expected.
lib/visualLab/data/poiExtraJapanCitiesV2.ts(1447,6): error TS1128: Declaration or statement expected.
lib/visualLab/data/poiExtraJapanCitiesV2.ts(1448,4): error TS1128: Declaration or statement expected.
lib/visualLab/data/poiExtraJapanCitiesV2.ts(1451,9): error TS1005: ';' expected.
lib/visualLab/data/poiExtraJapanCitiesV2.ts(1452,11): error TS1005: ';' expected.
lib/visualLab/data/poiExtraJapanCitiesV2.ts(1453,11): error TS1005: ';' expected.
lib/visualLab/data/poiExtraJapanCitiesV2.ts(1454,9): error TS1005: ';' expected.
lib/visualLab/data/poiExtraJapanCitiesV2.ts(1456,9): error TS1005: ';' expected.
lib/visualLab/data/poiExtraJapanCitiesV2.ts(1457,9): error TS1005: ';' expected.
lib/visualLab/data/poiExtraJapanCitiesV2.ts(1458,9): error TS1005: ';' expected.
lib/visualLab/data/poiExtraJapanCitiesV2.ts(1459,5): error TS1109: Expression expected.
lib/visualLab/data/poiExtraJapanCitiesV2.ts(1459,6): error TS1128: Declaration or statement expected.
lib/visualLab/data/poiExtraJapanCitiesV2.ts(1462,9): error TS1005: ';' expected.
lib/visualLab/data/poiExtraJapanCitiesV2.ts(1463,9): error TS1005: ';' expected.
lib/visualLab/data/poiExtraJapanCitiesV2.ts(1464,9): error TS1005: ';' expected.
lib/visualLab/data/poiExtraJapanCitiesV2.ts(1465,5): error TS1109: Expression expected.
lib/visualLab/data/poiExtraJapanCitiesV2.ts(1465,6): error TS1128: Declaration or statement expected.
lib/visualLab/data/poiExtraJapanCitiesV2.ts(1473,9): error TS1005: ';' expected.
lib/visualLab/data/poiExtraJapanCitiesV2.ts(1479,9): error TS1005: ';' expected.
lib/visualLab/data/poiExtraJapanCitiesV2.ts(1485,9): error TS1005: ';' expected.
lib/visualLab/data/poiExtraJapanCitiesV2.ts(1491,5): error TS1109: Expression expected.
lib/visualLab/data/poiExtraJapanCitiesV2.ts(1491,6): error TS1128: Declaration or statement expected.
lib/visualLab/data/poiExtraJapanCitiesV2.ts(1492,4): error TS1128: Declaration or statement expected.
lib/visualLab/data/poiExtraJapanCitiesV2.ts(1495,9): error TS1005: ';' expected.
lib/visualLab/data/poiExtraJapanCitiesV2.ts(1496,11): error TS1005: ';' expected.
lib/visualLab/data/poiExtraJapanCitiesV2.ts(1497,11): error TS1005: ';' expected.
lib/visualLab/data/poiExtraJapanCitiesV2.ts(1498,9): error TS1005: ';' expected.
lib/visualLab/data/poiExtraJapanCitiesV2.ts(1500,9): error TS1005: ';' expected.
lib/visualLab/data/poiExtraJapanCitiesV2.ts(1501,9): error TS1005: ';' expected.
lib/visualLab/data/poiExtraJapanCitiesV2.ts(1502,9): error TS1005: ';' expected.
lib/visualLab/data/poiExtraJapanCitiesV2.ts(1503,5): error TS1109: Expression expected.
lib/visualLab/data/poiExtraJapanCitiesV2.ts(1503,6): error TS1128: Declaration or statement expected.
lib/visualLab/data/poiExtraJapanCitiesV2.ts(1506,9): error TS1005: ';' expected.
lib/visualLab/data/poiExtraJapanCitiesV2.ts(1507,9): error TS1005: ';' expected.
lib/visualLab/data/poiExtraJapanCitiesV2.ts(1508,9): error TS1005: ';' expected.
lib/visualLab/data/poiExtraJapanCitiesV2.ts(1509,5): error TS1109: Expression expected.
lib/visualLab/data/poiExtraJapanCitiesV2.ts(1509,6): error TS1128: Declaration or statement expected.
lib/visualLab/data/poiExtraJapanCitiesV2.ts(1517,9): error TS1005: ';' expected.
lib/visualLab/data/poiExtraJapanCitiesV2.ts(1523,9): error TS1005: ';' expected.
lib/visualLab/data/poiExtraJapanCitiesV2.ts(1529,9): error TS1005: ';' expected.
lib/visualLab/data/poiExtraJapanCitiesV2.ts(1535,5): error TS1109: Expression expected.
lib/visualLab/data/poiExtraJapanCitiesV2.ts(1535,6): error TS1128: Declaration or statement expected.
lib/visualLab/data/poiExtraJapanCitiesV2.ts(1536,4): error TS1128: Declaration or statement expected.
lib/visualLab/data/poiExtraJapanCitiesV2.ts(1539,9): error TS1005: ';' expected.
lib/visualLab/data/poiExtraJapanCitiesV2.ts(1540,11): error TS1005: ';' expected.
lib/visualLab/data/poiExtraJapanCitiesV2.ts(1541,11): error TS1005: ';' expected.
lib/visualLab/data/poiExtraJapanCitiesV2.ts(1542,9): error TS1005: ';' expected.
lib/visualLab/data/poiExtraJapanCitiesV2.ts(1544,9): error TS1005: ';' expected.
lib/visualLab/data/poiExtraJapanCitiesV2.ts(1545,9): error TS1005: ';' expected.
lib/visualLab/data/poiExtraJapanCitiesV2.ts(1546,9): error TS1005: ';' expected.
lib/visualLab/data/poiExtraJapanCitiesV2.ts(1547,5): error TS1109: Expression expected.
lib/visualLab/data/poiExtraJapanCitiesV2.ts(1547,6): error TS1128: Declaration or statement expected.
lib/visualLab/data/poiExtraJapanCitiesV2.ts(1550,9): error TS1005: ';' expected.
lib/visualLab/data/poiExtraJapanCitiesV2.ts(1551,9): error TS1005: ';' expected.
lib/visualLab/data/poiExtraJapanCitiesV2.ts(1552,9): error TS1005: ';' expected.
lib/visualLab/data/poiExtraJapanCitiesV2.ts(1553,5): error TS1109: Expression expected.
lib/visualLab/data/poiExtraJapanCitiesV2.ts(1553,6): error TS1128: Declaration or statement expected.
lib/visualLab/data/poiExtraJapanCitiesV2.ts(1561,9): error TS1005: ';' expected.
lib/visualLab/data/poiExtraJapanCitiesV2.ts(1567,9): error TS1005: ';' expected.
lib/visualLab/data/poiExtraJapanCitiesV2.ts(1573,9): error TS1005: ';' expected.
lib/visualLab/data/poiExtraJapanCitiesV2.ts(1579,5): error TS1109: Expression expected.
lib/visualLab/data/poiExtraJapanCitiesV2.ts(1579,6): error TS1128: Declaration or statement expected.
lib/visualLab/data/poiExtraJapanCitiesV2.ts(1580,4): error TS1128: Declaration or statement expected.
lib/visualLab/data/poiExtraJapanCitiesV2.ts(1583,9): error TS1005: ';' expected.
lib/visualLab/data/poiExtraJapanCitiesV2.ts(1584,11): error TS1005: ';' expected.
lib/visualLab/data/poiExtraJapanCitiesV2.ts(1585,11): error TS1005: ';' expected.
lib/visualLab/data/poiExtraJapanCitiesV2.ts(1586,9): error TS1005: ';' expected.
lib/visualLab/data/poiExtraJapanCitiesV2.ts(1588,9): error TS1005: ';' expected.
lib/visualLab/data/poiExtraJapanCitiesV2.ts(1589,9): error TS1005: ';' expected.
lib/visualLab/data/poiExtraJapanCitiesV2.ts(1590,9): error TS1005: ';' expected.
lib/visualLab/data/poiExtraJapanCitiesV2.ts(1591,5): error TS1109: Expression expected.
lib/visualLab/data/poiExtraJapanCitiesV2.ts(1591,6): error TS1128: Declaration or statement expected.
lib/visualLab/data/poiExtraJapanCitiesV2.ts(1594,9): error TS1005: ';' expected.
lib/visualLab/data/poiExtraJapanCitiesV2.ts(1595,9): error TS1005: ';' expected.
lib/visualLab/data/poiExtraJapanCitiesV2.ts(1596,9): error TS1005: ';' expected.
lib/visualLab/data/poiExtraJapanCitiesV2.ts(1597,5): error TS1109: Expression expected.
lib/visualLab/data/poiExtraJapanCitiesV2.ts(1597,6): error TS1128: Declaration or statement expected.
lib/visualLab/data/poiExtraJapanCitiesV2.ts(1605,9): error TS1005: ';' expected.
lib/visualLab/data/poiExtraJapanCitiesV2.ts(1611,9): error TS1005: ';' expected.
lib/visualLab/data/poiExtraJapanCitiesV2.ts(1617,9): error TS1005: ';' expected.
lib/visualLab/data/poiExtraJapanCitiesV2.ts(1623,5): error TS1109: Expression expected.
lib/visualLab/data/poiExtraJapanCitiesV2.ts(1623,6): error TS1128: Declaration or statement expected.
lib/visualLab/data/poiExtraJapanCitiesV2.ts(1624,4): error TS1128: Declaration or statement expected.
lib/visualLab/data/poiExtraJapanCitiesV2.ts(1627,9): error TS1005: ';' expected.
lib/visualLab/data/poiExtraJapanCitiesV2.ts(1628,11): error TS1005: ';' expected.
lib/visualLab/data/poiExtraJapanCitiesV2.ts(1629,11): error TS1005: ';' expected.
lib/visualLab/data/poiExtraJapanCitiesV2.ts(1630,9): error TS1005: ';' expected.
lib/visualLab/data/poiExtraJapanCitiesV2.ts(1632,9): error TS1005: ';' expected.
lib/visualLab/data/poiExtraJapanCitiesV2.ts(1633,9): error TS1005: ';' expected.
lib/visualLab/data/poiExtraJapanCitiesV2.ts(1634,9): error TS1005: ';' expected.
lib/visualLab/data/poiExtraJapanCitiesV2.ts(1635,5): error TS1109: Expression expected.
lib/visualLab/data/poiExtraJapanCitiesV2.ts(1635,6): error TS1128: Declaration or statement expected.
lib/visualLab/data/poiExtraJapanCitiesV2.ts(1638,9): error TS1005: ';' expected.
lib/visualLab/data/poiExtraJapanCitiesV2.ts(1639,9): error TS1005: ';' expected.
lib/visualLab/data/poiExtraJapanCitiesV2.ts(1640,9): error TS1005: ';' expected.
lib/visualLab/data/poiExtraJapanCitiesV2.ts(1641,5): error TS1109: Expression expected.
lib/visualLab/data/poiExtraJapanCitiesV2.ts(1641,6): error TS1128: Declaration or statement expected.
lib/visualLab/data/poiExtraJapanCitiesV2.ts(1649,9): error TS1005: ';' expected.
lib/visualLab/data/poiExtraJapanCitiesV2.ts(1655,9): error TS1005: ';' expected.
lib/visualLab/data/poiExtraJapanCitiesV2.ts(1661,9): error TS1005: ';' expected.
lib/visualLab/data/poiExtraJapanCitiesV2.ts(1667,5): error TS1109: Expression expected.
lib/visualLab/data/poiExtraJapanCitiesV2.ts(1667,6): error TS1128: Declaration or statement expected.
lib/visualLab/data/poiExtraJapanCitiesV2.ts(1668,4): error TS1128: Declaration or statement expected.
lib/visualLab/data/poiExtraJapanCitiesV2.ts(1671,9): error TS1005: ';' expected.
lib/visualLab/data/poiExtraJapanCitiesV2.ts(1672,11): error TS1005: ';' expected.
lib/visualLab/data/poiExtraJapanCitiesV2.ts(1673,11): error TS1005: ';' expected.
lib/visualLab/data/poiExtraJapanCitiesV2.ts(1674,9): error TS1005: ';' expected.
lib/visualLab/data/poiExtraJapanCitiesV2.ts(1676,9): error TS1005: ';' expected.
lib/visualLab/data/poiExtraJapanCitiesV2.ts(1677,9): error TS1005: ';' expected.
lib/visualLab/data/poiExtraJapanCitiesV2.ts(1678,9): error TS1005: ';' expected.
lib/visualLab/data/poiExtraJapanCitiesV2.ts(1679,5): error TS1109: Expression expected.
lib/visualLab/data/poiExtraJapanCitiesV2.ts(1679,6): error TS1128: Declaration or statement expected.
lib/visualLab/data/poiExtraJapanCitiesV2.ts(1682,9): error TS1005: ';' expected.
lib/visualLab/data/poiExtraJapanCitiesV2.ts(1683,9): error TS1005: ';' expected.
lib/visualLab/data/poiExtraJapanCitiesV2.ts(1684,9): error TS1005: ';' expected.
lib/visualLab/data/poiExtraJapanCitiesV2.ts(1685,5): error TS1109: Expression expected.
lib/visualLab/data/poiExtraJapanCitiesV2.ts(1685,6): error TS1128: Declaration or statement expected.
lib/visualLab/data/poiExtraJapanCitiesV2.ts(1693,9): error TS1005: ';' expected.
lib/visualLab/data/poiExtraJapanCitiesV2.ts(1699,9): error TS1005: ';' expected.
lib/visualLab/data/poiExtraJapanCitiesV2.ts(1705,9): error TS1005: ';' expected.
lib/visualLab/data/poiExtraJapanCitiesV2.ts(1711,5): error TS1109: Expression expected.
lib/visualLab/data/poiExtraJapanCitiesV2.ts(1711,6): error TS1128: Declaration or statement expected.
lib/visualLab/data/poiExtraJapanCitiesV2.ts(1713,1): error TS1128: Declaration or statement expected.
temp_snip.ts(2,11): error TS1005: ',' expected.
temp_snip.ts(3,11): error TS1005: ',' expected.
temp_snip.ts(4,9): error TS1005: ',' expected.
temp_snip.ts(5,16): error TS1005: ',' expected.
temp_snip.ts(6,10): error TS1005: ',' expected.
temp_snip.ts(12,24): error TS1005: ',' expected.
temp_snip.ts(18,18): error TS1005: ',' expected.
temp_snip.ts(24,3): error TS1005: ',' expected.
temp_snip.ts(24,4): error TS1128: Declaration or statement expected.
temp_snip.ts(25,1): error TS1128: Declaration or statement expected.
