
> plizio@1.0.0 typecheck
> tsc -p tsconfig.typecheck.json --noEmit --pretty false --pretty false

lib/visualLab/data/poiExtraGuatemalaCitiesV2.ts(23,2430): error TS1005: ',' expected.
lib/visualLab/data/poiExtraGuatemalaCitiesV2.ts(23,2432): error TS1005: ',' expected.
lib/visualLab/data/poiExtraGuatemalaCitiesV2.ts(23,2442): error TS1005: ',' expected.
lib/visualLab/data/poiExtraGuatemalaCitiesV2.ts(23,2448): error TS1005: ',' expected.
lib/visualLab/data/poiExtraGuatemalaCitiesV2.ts(23,2452): error TS1005: ',' expected.
lib/visualLab/data/poiExtraGuatemalaCitiesV2.ts(23,2459): error TS1005: ',' expected.
lib/visualLab/data/poiExtraGuatemalaCitiesV2.ts(23,2462): error TS1005: ',' expected.
lib/visualLab/data/poiExtraGuatemalaCitiesV2.ts(23,2466): error TS1005: ',' expected.
lib/visualLab/data/poiExtraGuatemalaCitiesV2.ts(23,2474): error TS1005: ',' expected.
lib/visualLab/data/poiExtraGuatemalaCitiesV2.ts(23,2477): error TS1005: ',' expected.
lib/visualLab/data/poiExtraGuatemalaCitiesV2.ts(23,2481): error TS1005: ',' expected.
lib/visualLab/data/poiExtraGuatemalaCitiesV2.ts(23,2488): error TS1005: ',' expected.
lib/visualLab/data/poiExtraGuatemalaCitiesV2.ts(23,2498): error TS1005: ',' expected.
lib/visualLab/data/poiExtraGuatemalaCitiesV2.ts(23,2504): error TS1005: ',' expected.
lib/visualLab/data/poiExtraGuatemalaCitiesV2.ts(23,2509): error TS1005: ',' expected.
lib/visualLab/data/poiExtraGuatemalaCitiesV2.ts(23,2512): error TS1005: ',' expected.
lib/visualLab/data/poiExtraGuatemalaCitiesV2.ts(23,2514): error TS1005: ',' expected.
lib/visualLab/data/poiExtraGuatemalaCitiesV2.ts(23,2522): error TS1005: ',' expected.
lib/visualLab/data/poiExtraGuatemalaCitiesV2.ts(23,2530): error TS1005: ',' expected.
lib/visualLab/data/poiExtraGuatemalaCitiesV2.ts(23,2534): error TS1005: ',' expected.
lib/visualLab/data/poiExtraGuatemalaCitiesV2.ts(23,2538): error TS1005: ':' expected.
lib/visualLab/data/poiExtraGuatemalaCitiesV2.ts(23,2542): error TS1005: ',' expected.
lib/visualLab/data/poiExtraGuatemalaCitiesV2.ts(23,2552): error TS1005: ',' expected.
lib/visualLab/data/poiExtraGuatemalaCitiesV2.ts(23,2560): error TS1005: ',' expected.
lib/visualLab/data/poiExtraGuatemalaCitiesV2.ts(23,2564): error TS1005: ',' expected.
lib/visualLab/data/poiExtraGuatemalaCitiesV2.ts(23,2571): error TS1005: ',' expected.
lib/visualLab/data/poiExtraGuatemalaCitiesV2.ts(23,2574): error TS1005: ',' expected.
lib/visualLab/data/poiExtraGuatemalaCitiesV2.ts(23,2579): error TS1005: ',' expected.
lib/visualLab/data/poiExtraGuatemalaCitiesV2.ts(23,2582): error TS1005: ',' expected.
lib/visualLab/data/poiExtraGuatemalaCitiesV2.ts(23,2586): error TS1005: ',' expected.
lib/visualLab/data/poiExtraGuatemalaCitiesV2.ts(23,2593): error TS1005: ':' expected.
lib/visualLab/data/poiExtraGuatemalaCitiesV2.ts(23,2596): error TS1005: ',' expected.
lib/visualLab/data/poiExtraGuatemalaCitiesV2.ts(23,2609): error TS1005: ',' expected.
lib/visualLab/data/poiExtraGuatemalaCitiesV2.ts(23,2614): error TS1005: ',' expected.
lib/visualLab/data/poiExtraGuatemalaCitiesV2.ts(23,2620): error TS1005: ',' expected.
lib/visualLab/data/poiExtraGuatemalaCitiesV2.ts(23,2629): error TS1005: ',' expected.
lib/visualLab/data/poiExtraGuatemalaCitiesV2.ts(23,2632): error TS1005: ',' expected.
lib/visualLab/data/poiExtraGuatemalaCitiesV2.ts(23,2636): error TS1005: ',' expected.
lib/visualLab/data/poiExtraGuatemalaCitiesV2.ts(23,2641): error TS1005: ',' expected.
lib/visualLab/data/poiExtraGuatemalaCitiesV2.ts(23,2644): error TS1005: ',' expected.
lib/visualLab/data/poiExtraGuatemalaCitiesV2.ts(23,2653): error TS1005: ',' expected.
lib/visualLab/data/poiExtraGuatemalaCitiesV2.ts(23,2662): error TS1005: ',' expected.
lib/visualLab/data/poiExtraGuatemalaCitiesV2.ts(23,2669): error TS1005: ',' expected.
lib/visualLab/data/poiExtraGuatemalaCitiesV2.ts(23,2672): error TS1005: ',' expected.
lib/visualLab/data/poiExtraGuatemalaCitiesV2.ts(23,2676): error TS1005: ',' expected.
lib/visualLab/data/poiExtraGuatemalaCitiesV2.ts(23,2682): error TS1005: ',' expected.
lib/visualLab/data/poiExtraGuatemalaCitiesV2.ts(23,2938): error TS1002: Unterminated string literal.
lib/visualLab/data/poiExtraGuatemalaCitiesV2.ts(24,5): error TS1005: ':' expected.
lib/visualLab/data/poiExtraGuatemalaCitiesV2.ts(24,18): error TS1005: ',' expected.
lib/visualLab/data/poiExtraGuatemalaCitiesV2.ts(24,20): error TS1136: Property assignment expected.
lib/visualLab/data/poiExtraGuatemalaCitiesV2.ts(25,3): error TS1005: ',' expected.
lib/visualLab/data/poiExtraGuatemalaCitiesV2.ts(25,4): error TS1128: Declaration or statement expected.
lib/visualLab/data/poiExtraGuatemalaCitiesV2.ts(28,9): error TS1005: ';' expected.
lib/visualLab/data/poiExtraGuatemalaCitiesV2.ts(29,11): error TS1005: ';' expected.
lib/visualLab/data/poiExtraGuatemalaCitiesV2.ts(30,11): error TS1005: ';' expected.
lib/visualLab/data/poiExtraGuatemalaCitiesV2.ts(31,9): error TS1005: ';' expected.
lib/visualLab/data/poiExtraGuatemalaCitiesV2.ts(31,36): error TS1005: ';' expected.
lib/visualLab/data/poiExtraGuatemalaCitiesV2.ts(31,57): error TS1005: ';' expected.
lib/visualLab/data/poiExtraGuatemalaCitiesV2.ts(31,78): error TS1005: ';' expected.
lib/visualLab/data/poiExtraGuatemalaCitiesV2.ts(31,97): error TS1128: Declaration or statement expected.
lib/visualLab/data/poiExtraGuatemalaCitiesV2.ts(32,95): error TS1005: ';' expected.
lib/visualLab/data/poiExtraGuatemalaCitiesV2.ts(32,154): error TS1005: ';' expected.
lib/visualLab/data/poiExtraGuatemalaCitiesV2.ts(32,229): error TS1005: ';' expected.
lib/visualLab/data/poiExtraGuatemalaCitiesV2.ts(32,303): error TS1128: Declaration or statement expected.
lib/visualLab/data/poiExtraGuatemalaCitiesV2.ts(33,125): error TS1005: ';' expected.
lib/visualLab/data/poiExtraGuatemalaCitiesV2.ts(33,233): error TS1005: ';' expected.
lib/visualLab/data/poiExtraGuatemalaCitiesV2.ts(33,348): error TS1005: ';' expected.
lib/visualLab/data/poiExtraGuatemalaCitiesV2.ts(33,452): error TS1128: Declaration or statement expected.
lib/visualLab/data/poiExtraGuatemalaCitiesV2.ts(34,674): error TS1005: ';' expected.
lib/visualLab/data/poiExtraGuatemalaCitiesV2.ts(34,1232): error TS1005: ';' expected.
lib/visualLab/data/poiExtraGuatemalaCitiesV2.ts(34,1646): error TS1005: ';' expected.
lib/visualLab/data/poiExtraGuatemalaCitiesV2.ts(34,2473): error TS1128: Declaration or statement expected.
lib/visualLab/data/poiExtraGuatemalaCitiesV2.ts(35,343): error TS1005: ';' expected.
lib/visualLab/data/poiExtraGuatemalaCitiesV2.ts(35,627): error TS1005: ';' expected.
lib/visualLab/data/poiExtraGuatemalaCitiesV2.ts(35,977): error TS1005: ';' expected.
lib/visualLab/data/poiExtraGuatemalaCitiesV2.ts(36,4): error TS1128: Declaration or statement expected.
lib/visualLab/data/poiExtraGuatemalaCitiesV2.ts(39,9): error TS1005: ';' expected.
lib/visualLab/data/poiExtraGuatemalaCitiesV2.ts(40,11): error TS1005: ';' expected.
lib/visualLab/data/poiExtraGuatemalaCitiesV2.ts(41,11): error TS1005: ';' expected.
lib/visualLab/data/poiExtraGuatemalaCitiesV2.ts(42,9): error TS1005: ';' expected.
lib/visualLab/data/poiExtraGuatemalaCitiesV2.ts(42,44): error TS1005: ';' expected.
lib/visualLab/data/poiExtraGuatemalaCitiesV2.ts(42,73): error TS1005: ';' expected.
lib/visualLab/data/poiExtraGuatemalaCitiesV2.ts(42,102): error TS1005: ';' expected.
lib/visualLab/data/poiExtraGuatemalaCitiesV2.ts(42,129): error TS1128: Declaration or statement expected.
lib/visualLab/data/poiExtraGuatemalaCitiesV2.ts(43,101): error TS1005: ';' expected.
lib/visualLab/data/poiExtraGuatemalaCitiesV2.ts(43,169): error TS1005: ';' expected.
lib/visualLab/data/poiExtraGuatemalaCitiesV2.ts(43,246): error TS1005: ';' expected.
lib/visualLab/data/poiExtraGuatemalaCitiesV2.ts(43,328): error TS1128: Declaration or statement expected.
lib/visualLab/data/poiExtraGuatemalaCitiesV2.ts(44,115): error TS1005: ';' expected.
lib/visualLab/data/poiExtraGuatemalaCitiesV2.ts(44,206): error TS1005: ';' expected.
lib/visualLab/data/poiExtraGuatemalaCitiesV2.ts(44,294): error TS1005: ';' expected.
lib/visualLab/data/poiExtraGuatemalaCitiesV2.ts(44,379): error TS1128: Declaration or statement expected.
lib/visualLab/data/poiExtraGuatemalaCitiesV2.ts(45,613): error TS1005: ';' expected.
lib/visualLab/data/poiExtraGuatemalaCitiesV2.ts(45,1112): error TS1005: ';' expected.
lib/visualLab/data/poiExtraGuatemalaCitiesV2.ts(45,1531): error TS1005: ';' expected.
lib/visualLab/data/poiExtraGuatemalaCitiesV2.ts(45,2330): error TS1005: ';' expected.
lib/visualLab/data/poiExtraGuatemalaCitiesV2.ts(45,2524): error TS1005: ';' expected.
lib/visualLab/data/poiExtraGuatemalaCitiesV2.ts(45,2524): error TS1434: Unexpected keyword or identifier.
lib/visualLab/data/poiExtraGuatemalaCitiesV2.ts(45,2737): error TS1002: Unterminated string literal.
lib/visualLab/data/poiExtraGuatemalaCitiesV2.ts(46,345): error TS1005: ';' expected.
lib/visualLab/data/poiExtraGuatemalaCitiesV2.ts(46,631): error TS1005: ';' expected.
lib/visualLab/data/poiExtraGuatemalaCitiesV2.ts(46,988): error TS1005: ';' expected.
lib/visualLab/data/poiExtraGuatemalaCitiesV2.ts(47,4): error TS1128: Declaration or statement expected.
lib/visualLab/data/poiExtraGuatemalaCitiesV2.ts(50,9): error TS1005: ';' expected.
lib/visualLab/data/poiExtraGuatemalaCitiesV2.ts(51,11): error TS1005: ';' expected.
lib/visualLab/data/poiExtraGuatemalaCitiesV2.ts(52,11): error TS1005: ';' expected.
lib/visualLab/data/poiExtraGuatemalaCitiesV2.ts(53,9): error TS1005: ';' expected.
lib/visualLab/data/poiExtraGuatemalaCitiesV2.ts(53,36): error TS1005: ';' expected.
lib/visualLab/data/poiExtraGuatemalaCitiesV2.ts(53,57): error TS1005: ';' expected.
lib/visualLab/data/poiExtraGuatemalaCitiesV2.ts(53,78): error TS1005: ';' expected.
lib/visualLab/data/poiExtraGuatemalaCitiesV2.ts(53,97): error TS1128: Declaration or statement expected.
lib/visualLab/data/poiExtraGuatemalaCitiesV2.ts(54,92): error TS1005: ';' expected.
lib/visualLab/data/poiExtraGuatemalaCitiesV2.ts(54,161): error TS1005: ';' expected.
lib/visualLab/data/poiExtraGuatemalaCitiesV2.ts(54,244): error TS1005: ';' expected.
lib/visualLab/data/poiExtraGuatemalaCitiesV2.ts(54,327): error TS1128: Declaration or statement expected.
lib/visualLab/data/poiExtraGuatemalaCitiesV2.ts(55,115): error TS1005: ';' expected.
lib/visualLab/data/poiExtraGuatemalaCitiesV2.ts(55,209): error TS1005: ';' expected.
lib/visualLab/data/poiExtraGuatemalaCitiesV2.ts(55,298): error TS1005: ';' expected.
lib/visualLab/data/poiExtraGuatemalaCitiesV2.ts(55,384): error TS1128: Declaration or statement expected.
lib/visualLab/data/poiExtraGuatemalaCitiesV2.ts(56,580): error TS1005: ';' expected.
lib/visualLab/data/poiExtraGuatemalaCitiesV2.ts(56,1087): error TS1005: ';' expected.
lib/visualLab/data/poiExtraGuatemalaCitiesV2.ts(56,1517): error TS1005: ';' expected.
lib/visualLab/data/poiExtraGuatemalaCitiesV2.ts(56,2340): error TS1128: Declaration or statement expected.
lib/visualLab/data/poiExtraGuatemalaCitiesV2.ts(57,328): error TS1005: ';' expected.
lib/visualLab/data/poiExtraGuatemalaCitiesV2.ts(57,590): error TS1005: ';' expected.
lib/visualLab/data/poiExtraGuatemalaCitiesV2.ts(57,977): error TS1005: ';' expected.
lib/visualLab/data/poiExtraGuatemalaCitiesV2.ts(58,4): error TS1128: Declaration or statement expected.
lib/visualLab/data/poiExtraGuatemalaCitiesV2.ts(61,9): error TS1005: ';' expected.
lib/visualLab/data/poiExtraGuatemalaCitiesV2.ts(62,11): error TS1005: ';' expected.
lib/visualLab/data/poiExtraGuatemalaCitiesV2.ts(63,11): error TS1005: ';' expected.
lib/visualLab/data/poiExtraGuatemalaCitiesV2.ts(64,9): error TS1005: ';' expected.
lib/visualLab/data/poiExtraGuatemalaCitiesV2.ts(64,34): error TS1005: ';' expected.
lib/visualLab/data/poiExtraGuatemalaCitiesV2.ts(64,53): error TS1005: ';' expected.
lib/visualLab/data/poiExtraGuatemalaCitiesV2.ts(64,72): error TS1005: ';' expected.
lib/visualLab/data/poiExtraGuatemalaCitiesV2.ts(64,89): error TS1128: Declaration or statement expected.
lib/visualLab/data/poiExtraGuatemalaCitiesV2.ts(65,88): error TS1005: ';' expected.
lib/visualLab/data/poiExtraGuatemalaCitiesV2.ts(65,148): error TS1005: ';' expected.
lib/visualLab/data/poiExtraGuatemalaCitiesV2.ts(65,228): error TS1005: ';' expected.
lib/visualLab/data/poiExtraGuatemalaCitiesV2.ts(65,294): error TS1128: Declaration or statement expected.
lib/visualLab/data/poiExtraGuatemalaCitiesV2.ts(66,116): error TS1005: ';' expected.
lib/visualLab/data/poiExtraGuatemalaCitiesV2.ts(66,220): error TS1005: ';' expected.
lib/visualLab/data/poiExtraGuatemalaCitiesV2.ts(66,317): error TS1005: ';' expected.
lib/visualLab/data/poiExtraGuatemalaCitiesV2.ts(66,409): error TS1128: Declaration or statement expected.
lib/visualLab/data/poiExtraGuatemalaCitiesV2.ts(67,629): error TS1005: ';' expected.
lib/visualLab/data/poiExtraGuatemalaCitiesV2.ts(67,1170): error TS1005: ';' expected.
lib/visualLab/data/poiExtraGuatemalaCitiesV2.ts(67,1612): error TS1005: ';' expected.
lib/visualLab/data/poiExtraGuatemalaCitiesV2.ts(67,2378): error TS1128: Declaration or statement expected.
lib/visualLab/data/poiExtraGuatemalaCitiesV2.ts(68,339): error TS1005: ';' expected.
lib/visualLab/data/poiExtraGuatemalaCitiesV2.ts(68,598): error TS1005: ';' expected.
lib/visualLab/data/poiExtraGuatemalaCitiesV2.ts(68,999): error TS1005: ';' expected.
lib/visualLab/data/poiExtraGuatemalaCitiesV2.ts(69,4): error TS1128: Declaration or statement expected.
lib/visualLab/data/poiExtraGuatemalaCitiesV2.ts(72,9): error TS1005: ';' expected.
lib/visualLab/data/poiExtraGuatemalaCitiesV2.ts(73,11): error TS1005: ';' expected.
lib/visualLab/data/poiExtraGuatemalaCitiesV2.ts(74,11): error TS1005: ';' expected.
lib/visualLab/data/poiExtraGuatemalaCitiesV2.ts(75,9): error TS1005: ';' expected.
lib/visualLab/data/poiExtraGuatemalaCitiesV2.ts(75,33): error TS1005: ';' expected.
lib/visualLab/data/poiExtraGuatemalaCitiesV2.ts(75,51): error TS1005: ';' expected.
lib/visualLab/data/poiExtraGuatemalaCitiesV2.ts(75,69): error TS1005: ';' expected.
lib/visualLab/data/poiExtraGuatemalaCitiesV2.ts(75,85): error TS1128: Declaration or statement expected.
lib/visualLab/data/poiExtraGuatemalaCitiesV2.ts(76,88): error TS1005: ';' expected.
lib/visualLab/data/poiExtraGuatemalaCitiesV2.ts(76,160): error TS1005: ';' expected.
lib/visualLab/data/poiExtraGuatemalaCitiesV2.ts(76,240): error TS1005: ';' expected.
lib/visualLab/data/poiExtraGuatemalaCitiesV2.ts(76,313): error TS1128: Declaration or statement expected.
lib/visualLab/data/poiExtraGuatemalaCitiesV2.ts(77,133): error TS1005: ';' expected.
lib/visualLab/data/poiExtraGuatemalaCitiesV2.ts(77,235): error TS1005: ';' expected.
lib/visualLab/data/poiExtraGuatemalaCitiesV2.ts(77,342): error TS1005: ';' expected.
lib/visualLab/data/poiExtraGuatemalaCitiesV2.ts(77,443): error TS1128: Declaration or statement expected.
lib/visualLab/data/poiExtraGuatemalaCitiesV2.ts(78,596): error TS1005: ';' expected.
lib/visualLab/data/poiExtraGuatemalaCitiesV2.ts(78,1125): error TS1005: ';' expected.
lib/visualLab/data/poiExtraGuatemalaCitiesV2.ts(78,1611): error TS1005: ';' expected.
lib/visualLab/data/poiExtraGuatemalaCitiesV2.ts(78,2399): error TS1005: ';' expected.
lib/visualLab/data/poiExtraGuatemalaCitiesV2.ts(78,2401): error TS1434: Unexpected keyword or identifier.
lib/visualLab/data/poiExtraGuatemalaCitiesV2.ts(78,2409): error TS1434: Unexpected keyword or identifier.
lib/visualLab/data/poiExtraGuatemalaCitiesV2.ts(78,2415): error TS1434: Unexpected keyword or identifier.
lib/visualLab/data/poiExtraGuatemalaCitiesV2.ts(78,2421): error TS1434: Unexpected keyword or identifier.
lib/visualLab/data/poiExtraGuatemalaCitiesV2.ts(78,2440): error TS1005: ';' expected.
lib/visualLab/data/poiExtraGuatemalaCitiesV2.ts(78,2444): error TS1434: Unexpected keyword or identifier.
lib/visualLab/data/poiExtraGuatemalaCitiesV2.ts(78,2451): error TS1434: Unexpected keyword or identifier.
lib/visualLab/data/poiExtraGuatemalaCitiesV2.ts(78,2453): error TS1434: Unexpected keyword or identifier.
lib/visualLab/data/poiExtraGuatemalaCitiesV2.ts(78,2461): error TS1434: Unexpected keyword or identifier.
lib/visualLab/data/poiExtraGuatemalaCitiesV2.ts(78,2477): error TS1005: '(' expected.
lib/visualLab/data/poiExtraGuatemalaCitiesV2.ts(78,2498): error TS1005: ';' expected.
lib/visualLab/data/poiExtraGuatemalaCitiesV2.ts(78,2508): error TS1005: ';' expected.
lib/visualLab/data/poiExtraGuatemalaCitiesV2.ts(78,2513): error TS1005: ')' expected.
lib/visualLab/data/poiExtraGuatemalaCitiesV2.ts(78,2516): error TS1434: Unexpected keyword or identifier.
lib/visualLab/data/poiExtraGuatemalaCitiesV2.ts(78,2520): error TS1434: Unexpected keyword or identifier.
lib/visualLab/data/poiExtraGuatemalaCitiesV2.ts(78,2549): error TS1005: ';' expected.
lib/visualLab/data/poiExtraGuatemalaCitiesV2.ts(78,2555): error TS1434: Unexpected keyword or identifier.
lib/visualLab/data/poiExtraGuatemalaCitiesV2.ts(78,2559): error TS1434: Unexpected keyword or identifier.
lib/visualLab/data/poiExtraGuatemalaCitiesV2.ts(78,2564): error TS1434: Unexpected keyword or identifier.
lib/visualLab/data/poiExtraGuatemalaCitiesV2.ts(78,2571): error TS1434: Unexpected keyword or identifier.
lib/visualLab/data/poiExtraGuatemalaCitiesV2.ts(78,2573): error TS1434: Unexpected keyword or identifier.
lib/visualLab/data/poiExtraGuatemalaCitiesV2.ts(78,2592): error TS1005: ';' expected.
lib/visualLab/data/poiExtraGuatemalaCitiesV2.ts(78,2597): error TS1434: Unexpected keyword or identifier.
lib/visualLab/data/poiExtraGuatemalaCitiesV2.ts(78,2615): error TS1005: ';' expected.
lib/visualLab/data/poiExtraGuatemalaCitiesV2.ts(78,2625): error TS1434: Unexpected keyword or identifier.
lib/visualLab/data/poiExtraGuatemalaCitiesV2.ts(78,2633): error TS1434: Unexpected keyword or identifier.
lib/visualLab/data/poiExtraGuatemalaCitiesV2.ts(78,2636): error TS1434: Unexpected keyword or identifier.
lib/visualLab/data/poiExtraGuatemalaCitiesV2.ts(78,2640): error TS1434: Unexpected keyword or identifier.
lib/visualLab/data/poiExtraGuatemalaCitiesV2.ts(78,2648): error TS1434: Unexpected keyword or identifier.
lib/visualLab/data/poiExtraGuatemalaCitiesV2.ts(78,2651): error TS1434: Unexpected keyword or identifier.
lib/visualLab/data/poiExtraGuatemalaCitiesV2.ts(78,2655): error TS1434: Unexpected keyword or identifier.
lib/visualLab/data/poiExtraGuatemalaCitiesV2.ts(78,2669): error TS1003: Identifier expected.
lib/visualLab/data/poiExtraGuatemalaCitiesV2.ts(78,2673): error TS1002: Unterminated string literal.
lib/visualLab/data/poiExtraGuatemalaCitiesV2.ts(79,328): error TS1005: ';' expected.
lib/visualLab/data/poiExtraGuatemalaCitiesV2.ts(79,611): error TS1005: ';' expected.
lib/visualLab/data/poiExtraGuatemalaCitiesV2.ts(79,974): error TS1005: ';' expected.
lib/visualLab/data/poiExtraGuatemalaCitiesV2.ts(80,4): error TS1128: Declaration or statement expected.
lib/visualLab/data/poiExtraGuatemalaCitiesV2.ts(83,9): error TS1005: ';' expected.
lib/visualLab/data/poiExtraGuatemalaCitiesV2.ts(84,11): error TS1005: ';' expected.
lib/visualLab/data/poiExtraGuatemalaCitiesV2.ts(85,11): error TS1005: ';' expected.
lib/visualLab/data/poiExtraGuatemalaCitiesV2.ts(86,9): error TS1005: ';' expected.
lib/visualLab/data/poiExtraGuatemalaCitiesV2.ts(86,29): error TS1005: ';' expected.
lib/visualLab/data/poiExtraGuatemalaCitiesV2.ts(86,43): error TS1005: ';' expected.
lib/visualLab/data/poiExtraGuatemalaCitiesV2.ts(86,57): error TS1005: ';' expected.
lib/visualLab/data/poiExtraGuatemalaCitiesV2.ts(86,69): error TS1128: Declaration or statement expected.
lib/visualLab/data/poiExtraGuatemalaCitiesV2.ts(87,87): error TS1005: ';' expected.
lib/visualLab/data/poiExtraGuatemalaCitiesV2.ts(87,137): error TS1005: ';' expected.
lib/visualLab/data/poiExtraGuatemalaCitiesV2.ts(87,202): error TS1005: ';' expected.
lib/visualLab/data/poiExtraGuatemalaCitiesV2.ts(87,266): error TS1128: Declaration or statement expected.
lib/visualLab/data/poiExtraGuatemalaCitiesV2.ts(88,105): error TS1005: ';' expected.
lib/visualLab/data/poiExtraGuatemalaCitiesV2.ts(88,190): error TS1005: ';' expected.
lib/visualLab/data/poiExtraGuatemalaCitiesV2.ts(88,276): error TS1005: ';' expected.
lib/visualLab/data/poiExtraGuatemalaCitiesV2.ts(88,361): error TS1128: Declaration or statement expected.
lib/visualLab/data/poiExtraGuatemalaCitiesV2.ts(89,626): error TS1005: ';' expected.
lib/visualLab/data/poiExtraGuatemalaCitiesV2.ts(89,1141): error TS1005: ';' expected.
lib/visualLab/data/poiExtraGuatemalaCitiesV2.ts(89,1553): error TS1005: ';' expected.
lib/visualLab/data/poiExtraGuatemalaCitiesV2.ts(89,2340): error TS1128: Declaration or statement expected.
lib/visualLab/data/poiExtraGuatemalaCitiesV2.ts(90,337): error TS1005: ';' expected.
lib/visualLab/data/poiExtraGuatemalaCitiesV2.ts(90,597): error TS1005: ';' expected.
lib/visualLab/data/poiExtraGuatemalaCitiesV2.ts(90,973): error TS1005: ';' expected.
lib/visualLab/data/poiExtraGuatemalaCitiesV2.ts(91,4): error TS1128: Declaration or statement expected.
lib/visualLab/data/poiExtraGuatemalaCitiesV2.ts(94,9): error TS1005: ';' expected.
lib/visualLab/data/poiExtraGuatemalaCitiesV2.ts(95,11): error TS1005: ';' expected.
lib/visualLab/data/poiExtraGuatemalaCitiesV2.ts(96,11): error TS1005: ';' expected.
lib/visualLab/data/poiExtraGuatemalaCitiesV2.ts(97,9): error TS1005: ';' expected.
lib/visualLab/data/poiExtraGuatemalaCitiesV2.ts(97,33): error TS1005: ';' expected.
lib/visualLab/data/poiExtraGuatemalaCitiesV2.ts(97,51): error TS1005: ';' expected.
lib/visualLab/data/poiExtraGuatemalaCitiesV2.ts(97,69): error TS1005: ';' expected.
lib/visualLab/data/poiExtraGuatemalaCitiesV2.ts(97,85): error TS1128: Declaration or statement expected.
lib/visualLab/data/poiExtraGuatemalaCitiesV2.ts(98,109): error TS1005: ';' expected.
lib/visualLab/data/poiExtraGuatemalaCitiesV2.ts(98,195): error TS1005: ';' expected.
lib/visualLab/data/poiExtraGuatemalaCitiesV2.ts(98,285): error TS1005: ';' expected.
lib/visualLab/data/poiExtraGuatemalaCitiesV2.ts(98,370): error TS1128: Declaration or statement expected.
lib/visualLab/data/poiExtraGuatemalaCitiesV2.ts(99,125): error TS1005: ';' expected.
lib/visualLab/data/poiExtraGuatemalaCitiesV2.ts(99,233): error TS1005: ';' expected.
lib/visualLab/data/poiExtraGuatemalaCitiesV2.ts(99,326): error TS1005: ';' expected.
lib/visualLab/data/poiExtraGuatemalaCitiesV2.ts(99,419): error TS1128: Declaration or statement expected.
lib/visualLab/data/poiExtraGuatemalaCitiesV2.ts(100,646): error TS1005: ';' expected.
lib/visualLab/data/poiExtraGuatemalaCitiesV2.ts(100,1171): error TS1005: ';' expected.
lib/visualLab/data/poiExtraGuatemalaCitiesV2.ts(100,1594): error TS1005: ';' expected.
lib/visualLab/data/poiExtraGuatemalaCitiesV2.ts(100,2374): error TS1005: ';' expected.
lib/visualLab/data/poiExtraGuatemalaCitiesV2.ts(100,2386): error TS1127: Invalid character.
lib/visualLab/data/poiExtraGuatemalaCitiesV2.ts(100,2387): error TS1434: Unexpected keyword or identifier.
lib/visualLab/data/poiExtraGuatemalaCitiesV2.ts(100,2399): error TS1127: Invalid character.
lib/visualLab/data/poiExtraGuatemalaCitiesV2.ts(100,2401): error TS1434: Unexpected keyword or identifier.
lib/visualLab/data/poiExtraGuatemalaCitiesV2.ts(100,2405): error TS1228: A type predicate is only allowed in return type position for functions and methods.
lib/visualLab/data/poiExtraGuatemalaCitiesV2.ts(100,2408): error TS1434: Unexpected keyword or identifier.
lib/visualLab/data/poiExtraGuatemalaCitiesV2.ts(100,2422): error TS1434: Unexpected keyword or identifier.
lib/visualLab/data/poiExtraGuatemalaCitiesV2.ts(100,2425): error TS1434: Unexpected keyword or identifier.
lib/visualLab/data/poiExtraGuatemalaCitiesV2.ts(100,2427): error TS1434: Unexpected keyword or identifier.
lib/visualLab/data/poiExtraGuatemalaCitiesV2.ts(100,2443): error TS1005: ';' expected.
lib/visualLab/data/poiExtraGuatemalaCitiesV2.ts(100,2455): error TS1005: ';' expected.
lib/visualLab/data/poiExtraGuatemalaCitiesV2.ts(100,2463): error TS1434: Unexpected keyword or identifier.
lib/visualLab/data/poiExtraGuatemalaCitiesV2.ts(100,2471): error TS1434: Unexpected keyword or identifier.
lib/visualLab/data/poiExtraGuatemalaCitiesV2.ts(100,2479): error TS1005: '(' expected.
lib/visualLab/data/poiExtraGuatemalaCitiesV2.ts(100,2483): error TS1005: ';' expected.
lib/visualLab/data/poiExtraGuatemalaCitiesV2.ts(100,2492): error TS1005: ';' expected.
lib/visualLab/data/poiExtraGuatemalaCitiesV2.ts(100,2495): error TS1005: ')' expected.
lib/visualLab/data/poiExtraGuatemalaCitiesV2.ts(100,2506): error TS1005: '(' expected.
lib/visualLab/data/poiExtraGuatemalaCitiesV2.ts(100,2510): error TS1005: ')' expected.
lib/visualLab/data/poiExtraGuatemalaCitiesV2.ts(100,2522): error TS1434: Unexpected keyword or identifier.
lib/visualLab/data/poiExtraGuatemalaCitiesV2.ts(100,2532): error TS1434: Unexpected keyword or identifier.
lib/visualLab/data/poiExtraGuatemalaCitiesV2.ts(100,2535): error TS1434: Unexpected keyword or identifier.
lib/visualLab/data/poiExtraGuatemalaCitiesV2.ts(100,2538): error TS1434: Unexpected keyword or identifier.
lib/visualLab/data/poiExtraGuatemalaCitiesV2.ts(100,2547): error TS1434: Unexpected keyword or identifier.
lib/visualLab/data/poiExtraGuatemalaCitiesV2.ts(100,2572): error TS1005: ';' expected.
lib/visualLab/data/poiExtraGuatemalaCitiesV2.ts(100,2576): error TS1434: Unexpected keyword or identifier.
lib/visualLab/data/poiExtraGuatemalaCitiesV2.ts(100,2593): error TS1005: ';' expected.
lib/visualLab/data/poiExtraGuatemalaCitiesV2.ts(100,2613): error TS1005: '(' expected.
lib/visualLab/data/poiExtraGuatemalaCitiesV2.ts(100,2622): error TS1005: ')' expected.
lib/visualLab/data/poiExtraGuatemalaCitiesV2.ts(100,2634): error TS1434: Unexpected keyword or identifier.
lib/visualLab/data/poiExtraGuatemalaCitiesV2.ts(100,2647): error TS1434: Unexpected keyword or identifier.
lib/visualLab/data/poiExtraGuatemalaCitiesV2.ts(100,2651): error TS1434: Unexpected keyword or identifier.
lib/visualLab/data/poiExtraGuatemalaCitiesV2.ts(100,2682): error TS1005: ';' expected.
lib/visualLab/data/poiExtraGuatemalaCitiesV2.ts(100,2687): error TS1228: A type predicate is only allowed in return type position for functions and methods.
lib/visualLab/data/poiExtraGuatemalaCitiesV2.ts(100,2690): error TS1434: Unexpected keyword or identifier.
lib/visualLab/data/poiExtraGuatemalaCitiesV2.ts(100,2695): error TS1434: Unexpected keyword or identifier.
lib/visualLab/data/poiExtraGuatemalaCitiesV2.ts(100,2698): error TS1435: Unknown keyword or identifier. Did you mean 'import'?
lib/visualLab/data/poiExtraGuatemalaCitiesV2.ts(100,2708): error TS1434: Unexpected keyword or identifier.
lib/visualLab/data/poiExtraGuatemalaCitiesV2.ts(100,2718): error TS1434: Unexpected keyword or identifier.
lib/visualLab/data/poiExtraGuatemalaCitiesV2.ts(100,2728): error TS1434: Unexpected keyword or identifier.
lib/visualLab/data/poiExtraGuatemalaCitiesV2.ts(100,2738): error TS1005: '(' expected.
lib/visualLab/data/poiExtraGuatemalaCitiesV2.ts(100,2747): error TS1005: ';' expected.
lib/visualLab/data/poiExtraGuatemalaCitiesV2.ts(100,2756): error TS1005: ';' expected.
lib/visualLab/data/poiExtraGuatemalaCitiesV2.ts(100,2763): error TS1005: ')' expected.
lib/visualLab/data/poiExtraGuatemalaCitiesV2.ts(100,2774): error TS1003: Identifier expected.
lib/visualLab/data/poiExtraGuatemalaCitiesV2.ts(100,2778): error TS1002: Unterminated string literal.
lib/visualLab/data/poiExtraGuatemalaCitiesV2.ts(101,306): error TS1005: ';' expected.
lib/visualLab/data/poiExtraGuatemalaCitiesV2.ts(101,548): error TS1005: ';' expected.
lib/visualLab/data/poiExtraGuatemalaCitiesV2.ts(101,906): error TS1005: ';' expected.
lib/visualLab/data/poiExtraGuatemalaCitiesV2.ts(102,4): error TS1128: Declaration or statement expected.
lib/visualLab/data/poiExtraGuatemalaCitiesV2.ts(105,9): error TS1005: ';' expected.
lib/visualLab/data/poiExtraGuatemalaCitiesV2.ts(106,11): error TS1005: ';' expected.
lib/visualLab/data/poiExtraGuatemalaCitiesV2.ts(107,11): error TS1005: ';' expected.
lib/visualLab/data/poiExtraGuatemalaCitiesV2.ts(108,9): error TS1005: ';' expected.
lib/visualLab/data/poiExtraGuatemalaCitiesV2.ts(108,29): error TS1005: ';' expected.
lib/visualLab/data/poiExtraGuatemalaCitiesV2.ts(108,43): error TS1005: ';' expected.
lib/visualLab/data/poiExtraGuatemalaCitiesV2.ts(108,57): error TS1005: ';' expected.
lib/visualLab/data/poiExtraGuatemalaCitiesV2.ts(108,69): error TS1128: Declaration or statement expected.
lib/visualLab/data/poiExtraGuatemalaCitiesV2.ts(109,90): error TS1005: ';' expected.
lib/visualLab/data/poiExtraGuatemalaCitiesV2.ts(109,156): error TS1005: ';' expected.
lib/visualLab/data/poiExtraGuatemalaCitiesV2.ts(109,230): error TS1005: ';' expected.
lib/visualLab/data/poiExtraGuatemalaCitiesV2.ts(109,285): error TS1128: Declaration or statement expected.
lib/visualLab/data/poiExtraGuatemalaCitiesV2.ts(110,107): error TS1005: ';' expected.
lib/visualLab/data/poiExtraGuatemalaCitiesV2.ts(110,186): error TS1005: ';' expected.
lib/visualLab/data/poiExtraGuatemalaCitiesV2.ts(110,265): error TS1005: ';' expected.
lib/visualLab/data/poiExtraGuatemalaCitiesV2.ts(110,345): error TS1128: Declaration or statement expected.
lib/visualLab/data/poiExtraGuatemalaCitiesV2.ts(111,629): error TS1005: ';' expected.
lib/visualLab/data/poiExtraGuatemalaCitiesV2.ts(111,1149): error TS1005: ';' expected.
lib/visualLab/data/poiExtraGuatemalaCitiesV2.ts(111,1597): error TS1005: ';' expected.
lib/visualLab/data/poiExtraGuatemalaCitiesV2.ts(111,2334): error TS1128: Declaration or statement expected.
lib/visualLab/data/poiExtraGuatemalaCitiesV2.ts(112,331): error TS1005: ';' expected.
lib/visualLab/data/poiExtraGuatemalaCitiesV2.ts(112,592): error TS1005: ';' expected.
lib/visualLab/data/poiExtraGuatemalaCitiesV2.ts(112,1009): error TS1005: ';' expected.
lib/visualLab/data/poiExtraGuatemalaCitiesV2.ts(113,4): error TS1128: Declaration or statement expected.
lib/visualLab/data/poiExtraGuatemalaCitiesV2.ts(116,9): error TS1005: ';' expected.
lib/visualLab/data/poiExtraGuatemalaCitiesV2.ts(117,11): error TS1005: ';' expected.
lib/visualLab/data/poiExtraGuatemalaCitiesV2.ts(118,11): error TS1005: ';' expected.
lib/visualLab/data/poiExtraGuatemalaCitiesV2.ts(119,9): error TS1005: ';' expected.
lib/visualLab/data/poiExtraGuatemalaCitiesV2.ts(119,29): error TS1005: ';' expected.
lib/visualLab/data/poiExtraGuatemalaCitiesV2.ts(119,43): error TS1005: ';' expected.
lib/visualLab/data/poiExtraGuatemalaCitiesV2.ts(119,57): error TS1005: ';' expected.
lib/visualLab/data/poiExtraGuatemalaCitiesV2.ts(119,69): error TS1128: Declaration or statement expected.
lib/visualLab/data/poiExtraGuatemalaCitiesV2.ts(120,102): error TS1005: ';' expected.
lib/visualLab/data/poiExtraGuatemalaCitiesV2.ts(120,156): error TS1005: ';' expected.
lib/visualLab/data/poiExtraGuatemalaCitiesV2.ts(120,230): error TS1005: ';' expected.
lib/visualLab/data/poiExtraGuatemalaCitiesV2.ts(120,296): error TS1128: Declaration or statement expected.
lib/visualLab/data/poiExtraGuatemalaCitiesV2.ts(121,108): error TS1005: ';' expected.
lib/visualLab/data/poiExtraGuatemalaCitiesV2.ts(121,202): error TS1005: ';' expected.
lib/visualLab/data/poiExtraGuatemalaCitiesV2.ts(121,300): error TS1005: ';' expected.
lib/visualLab/data/poiExtraGuatemalaCitiesV2.ts(121,390): error TS1128: Declaration or statement expected.
lib/visualLab/data/poiExtraGuatemalaCitiesV2.ts(122,657): error TS1005: ';' expected.
lib/visualLab/data/poiExtraGuatemalaCitiesV2.ts(122,1227): error TS1005: ';' expected.
lib/visualLab/data/poiExtraGuatemalaCitiesV2.ts(122,1635): error TS1005: ';' expected.
lib/visualLab/data/poiExtraGuatemalaCitiesV2.ts(122,2394): error TS1005: ';' expected.
lib/visualLab/data/poiExtraGuatemalaCitiesV2.ts(122,2396): error TS1434: Unexpected keyword or identifier.
lib/visualLab/data/poiExtraGuatemalaCitiesV2.ts(122,2404): error TS1228: A type predicate is only allowed in return type position for functions and methods.
lib/visualLab/data/poiExtraGuatemalaCitiesV2.ts(122,2407): error TS1434: Unexpected keyword or identifier.
lib/visualLab/data/poiExtraGuatemalaCitiesV2.ts(122,2415): error TS1434: Unexpected keyword or identifier.
lib/visualLab/data/poiExtraGuatemalaCitiesV2.ts(122,2422): error TS1434: Unexpected keyword or identifier.
lib/visualLab/data/poiExtraGuatemalaCitiesV2.ts(122,2425): error TS1434: Unexpected keyword or identifier.
lib/visualLab/data/poiExtraGuatemalaCitiesV2.ts(122,2429): error TS1434: Unexpected keyword or identifier.
lib/visualLab/data/poiExtraGuatemalaCitiesV2.ts(122,2442): error TS1434: Unexpected keyword or identifier.
lib/visualLab/data/poiExtraGuatemalaCitiesV2.ts(122,2449): error TS1434: Unexpected keyword or identifier.
lib/visualLab/data/poiExtraGuatemalaCitiesV2.ts(122,2453): error TS1434: Unexpected keyword or identifier.
lib/visualLab/data/poiExtraGuatemalaCitiesV2.ts(122,2459): error TS1434: Unexpected keyword or identifier.
lib/visualLab/data/poiExtraGuatemalaCitiesV2.ts(122,2465): error TS1434: Unexpected keyword or identifier.
lib/visualLab/data/poiExtraGuatemalaCitiesV2.ts(122,2469): error TS1435: Unknown keyword or identifier. Did you mean 'out'?
lib/visualLab/data/poiExtraGuatemalaCitiesV2.ts(122,2475): error TS1434: Unexpected keyword or identifier.
lib/visualLab/data/poiExtraGuatemalaCitiesV2.ts(122,2478): error TS1434: Unexpected keyword or identifier.
lib/visualLab/data/poiExtraGuatemalaCitiesV2.ts(122,2499): error TS1005: ';' expected.
lib/visualLab/data/poiExtraGuatemalaCitiesV2.ts(122,2502): error TS1434: Unexpected keyword or identifier.
lib/visualLab/data/poiExtraGuatemalaCitiesV2.ts(122,2513): error TS1434: Unexpected keyword or identifier.
lib/visualLab/data/poiExtraGuatemalaCitiesV2.ts(122,2517): error TS1434: Unexpected keyword or identifier.
lib/visualLab/data/poiExtraGuatemalaCitiesV2.ts(122,2520): error TS1434: Unexpected keyword or identifier.
lib/visualLab/data/poiExtraGuatemalaCitiesV2.ts(122,2524): error TS1434: Unexpected keyword or identifier.
lib/visualLab/data/poiExtraGuatemalaCitiesV2.ts(122,2546): error TS1005: ';' expected.
lib/visualLab/data/poiExtraGuatemalaCitiesV2.ts(122,2561): error TS1005: ';' expected.
lib/visualLab/data/poiExtraGuatemalaCitiesV2.ts(122,2575): error TS1434: Unexpected keyword or identifier.
lib/visualLab/data/poiExtraGuatemalaCitiesV2.ts(122,2586): error TS1434: Unexpected keyword or identifier.
lib/visualLab/data/poiExtraGuatemalaCitiesV2.ts(122,2590): error TS1434: Unexpected keyword or identifier.
lib/visualLab/data/poiExtraGuatemalaCitiesV2.ts(122,2600): error TS1434: Unexpected keyword or identifier.
lib/visualLab/data/poiExtraGuatemalaCitiesV2.ts(122,2603): error TS1434: Unexpected keyword or identifier.
lib/visualLab/data/poiExtraGuatemalaCitiesV2.ts(122,2607): error TS1434: Unexpected keyword or identifier.
lib/visualLab/data/poiExtraGuatemalaCitiesV2.ts(122,2612): error TS1434: Unexpected keyword or identifier.
lib/visualLab/data/poiExtraGuatemalaCitiesV2.ts(122,2616): error TS1434: Unexpected keyword or identifier.
lib/visualLab/data/poiExtraGuatemalaCitiesV2.ts(122,2620): error TS1434: Unexpected keyword or identifier.
lib/visualLab/data/poiExtraGuatemalaCitiesV2.ts(122,2626): error TS1434: Unexpected keyword or identifier.
lib/visualLab/data/poiExtraGuatemalaCitiesV2.ts(122,2629): error TS1434: Unexpected keyword or identifier.
lib/visualLab/data/poiExtraGuatemalaCitiesV2.ts(122,2643): error TS1003: Identifier expected.
lib/visualLab/data/poiExtraGuatemalaCitiesV2.ts(122,2647): error TS1002: Unterminated string literal.
lib/visualLab/data/poiExtraGuatemalaCitiesV2.ts(123,316): error TS1005: ';' expected.
lib/visualLab/data/poiExtraGuatemalaCitiesV2.ts(123,560): error TS1005: ';' expected.
lib/visualLab/data/poiExtraGuatemalaCitiesV2.ts(123,949): error TS1005: ';' expected.
lib/visualLab/data/poiExtraGuatemalaCitiesV2.ts(124,4): error TS1128: Declaration or statement expected.
lib/visualLab/data/poiExtraGuatemalaCitiesV2.ts(127,9): error TS1005: ';' expected.
lib/visualLab/data/poiExtraGuatemalaCitiesV2.ts(128,11): error TS1005: ';' expected.
lib/visualLab/data/poiExtraGuatemalaCitiesV2.ts(129,11): error TS1005: ';' expected.
lib/visualLab/data/poiExtraGuatemalaCitiesV2.ts(130,9): error TS1005: ';' expected.
lib/visualLab/data/poiExtraGuatemalaCitiesV2.ts(130,30): error TS1005: ';' expected.
lib/visualLab/data/poiExtraGuatemalaCitiesV2.ts(130,45): error TS1005: ';' expected.
lib/visualLab/data/poiExtraGuatemalaCitiesV2.ts(130,60): error TS1005: ';' expected.
lib/visualLab/data/poiExtraGuatemalaCitiesV2.ts(130,73): error TS1128: Declaration or statement expected.
lib/visualLab/data/poiExtraGuatemalaCitiesV2.ts(131,89): error TS1005: ';' expected.
lib/visualLab/data/poiExtraGuatemalaCitiesV2.ts(131,148): error TS1005: ';' expected.
lib/visualLab/data/poiExtraGuatemalaCitiesV2.ts(131,209): error TS1005: ';' expected.
lib/visualLab/data/poiExtraGuatemalaCitiesV2.ts(131,276): error TS1128: Declaration or statement expected.
lib/visualLab/data/poiExtraGuatemalaCitiesV2.ts(132,137): error TS1005: ';' expected.
lib/visualLab/data/poiExtraGuatemalaCitiesV2.ts(132,245): error TS1005: ';' expected.
lib/visualLab/data/poiExtraGuatemalaCitiesV2.ts(132,374): error TS1005: ';' expected.
lib/visualLab/data/poiExtraGuatemalaCitiesV2.ts(132,489): error TS1128: Declaration or statement expected.
lib/visualLab/data/poiExtraGuatemalaCitiesV2.ts(133,652): error TS1005: ';' expected.
lib/visualLab/data/poiExtraGuatemalaCitiesV2.ts(133,1209): error TS1005: ';' expected.
lib/visualLab/data/poiExtraGuatemalaCitiesV2.ts(133,1651): error TS1005: ';' expected.
lib/visualLab/data/poiExtraGuatemalaCitiesV2.ts(133,2360): error TS1128: Declaration or statement expected.
lib/visualLab/data/poiExtraGuatemalaCitiesV2.ts(134,310): error TS1005: ';' expected.
lib/visualLab/data/poiExtraGuatemalaCitiesV2.ts(134,590): error TS1005: ';' expected.
lib/visualLab/data/poiExtraGuatemalaCitiesV2.ts(134,1001): error TS1005: ';' expected.
lib/visualLab/data/poiExtraGuatemalaCitiesV2.ts(135,4): error TS1128: Declaration or statement expected.
lib/visualLab/data/poiExtraGuatemalaCitiesV2.ts(138,9): error TS1005: ';' expected.
lib/visualLab/data/poiExtraGuatemalaCitiesV2.ts(139,11): error TS1005: ';' expected.
lib/visualLab/data/poiExtraGuatemalaCitiesV2.ts(140,11): error TS1005: ';' expected.
lib/visualLab/data/poiExtraGuatemalaCitiesV2.ts(141,9): error TS1005: ';' expected.
lib/visualLab/data/poiExtraGuatemalaCitiesV2.ts(141,48): error TS1005: ';' expected.
lib/visualLab/data/poiExtraGuatemalaCitiesV2.ts(141,81): error TS1005: ';' expected.
lib/visualLab/data/poiExtraGuatemalaCitiesV2.ts(141,114): error TS1005: ';' expected.
lib/visualLab/data/poiExtraGuatemalaCitiesV2.ts(141,145): error TS1128: Declaration or statement expected.
lib/visualLab/data/poiExtraGuatemalaCitiesV2.ts(142,97): error TS1005: ';' expected.
lib/visualLab/data/poiExtraGuatemalaCitiesV2.ts(142,174): error TS1005: ';' expected.
lib/visualLab/data/poiExtraGuatemalaCitiesV2.ts(142,246): error TS1005: ';' expected.
lib/visualLab/data/poiExtraGuatemalaCitiesV2.ts(142,314): error TS1128: Declaration or statement expected.
lib/visualLab/data/poiExtraGuatemalaCitiesV2.ts(143,97): error TS1005: ';' expected.
lib/visualLab/data/poiExtraGuatemalaCitiesV2.ts(143,176): error TS1005: ';' expected.
lib/visualLab/data/poiExtraGuatemalaCitiesV2.ts(143,267): error TS1005: ';' expected.
lib/visualLab/data/poiExtraGuatemalaCitiesV2.ts(143,351): error TS1128: Declaration or statement expected.
lib/visualLab/data/poiExtraGuatemalaCitiesV2.ts(144,641): error TS1005: ';' expected.
lib/visualLab/data/poiExtraGuatemalaCitiesV2.ts(144,1139): error TS1005: ';' expected.
lib/visualLab/data/poiExtraGuatemalaCitiesV2.ts(144,1602): error TS1005: ';' expected.
lib/visualLab/data/poiExtraGuatemalaCitiesV2.ts(144,2381): error TS1005: ';' expected.
lib/visualLab/data/poiExtraGuatemalaCitiesV2.ts(144,2383): error TS1434: Unexpected keyword or identifier.
lib/visualLab/data/poiExtraGuatemalaCitiesV2.ts(144,2388): error TS1435: Unknown keyword or identifier. Did you mean 'import'?
lib/visualLab/data/poiExtraGuatemalaCitiesV2.ts(144,2417): error TS1005: ';' expected.
lib/visualLab/data/poiExtraGuatemalaCitiesV2.ts(144,2452): error TS1005: ';' expected.
lib/visualLab/data/poiExtraGuatemalaCitiesV2.ts(144,2461): error TS1434: Unexpected keyword or identifier.
lib/visualLab/data/poiExtraGuatemalaCitiesV2.ts(144,2469): error TS1434: Unexpected keyword or identifier.
lib/visualLab/data/poiExtraGuatemalaCitiesV2.ts(144,2472): error TS1435: Unknown keyword or identifier. Did you mean 'import'?
lib/visualLab/data/poiExtraGuatemalaCitiesV2.ts(144,2482): error TS1434: Unexpected keyword or identifier.
lib/visualLab/data/poiExtraGuatemalaCitiesV2.ts(144,2487): error TS1434: Unexpected keyword or identifier.
lib/visualLab/data/poiExtraGuatemalaCitiesV2.ts(144,2490): error TS1434: Unexpected keyword or identifier.
lib/visualLab/data/poiExtraGuatemalaCitiesV2.ts(144,2505): error TS1003: Identifier expected.
lib/visualLab/data/poiExtraGuatemalaCitiesV2.ts(144,2509): error TS1002: Unterminated string literal.
lib/visualLab/data/poiExtraGuatemalaCitiesV2.ts(145,354): error TS1005: ';' expected.
lib/visualLab/data/poiExtraGuatemalaCitiesV2.ts(145,653): error TS1005: ';' expected.
lib/visualLab/data/poiExtraGuatemalaCitiesV2.ts(145,1058): error TS1005: ';' expected.
lib/visualLab/data/poiExtraGuatemalaCitiesV2.ts(146,4): error TS1128: Declaration or statement expected.
lib/visualLab/data/poiExtraGuatemalaCitiesV2.ts(149,9): error TS1005: ';' expected.
lib/visualLab/data/poiExtraGuatemalaCitiesV2.ts(150,11): error TS1005: ';' expected.
lib/visualLab/data/poiExtraGuatemalaCitiesV2.ts(151,11): error TS1005: ';' expected.
lib/visualLab/data/poiExtraGuatemalaCitiesV2.ts(152,9): error TS1005: ';' expected.
lib/visualLab/data/poiExtraGuatemalaCitiesV2.ts(152,38): error TS1005: ';' expected.
lib/visualLab/data/poiExtraGuatemalaCitiesV2.ts(152,61): error TS1005: ';' expected.
lib/visualLab/data/poiExtraGuatemalaCitiesV2.ts(152,84): error TS1005: ';' expected.
lib/visualLab/data/poiExtraGuatemalaCitiesV2.ts(152,105): error TS1128: Declaration or statement expected.
lib/visualLab/data/poiExtraGuatemalaCitiesV2.ts(153,75): error TS1005: ';' expected.
lib/visualLab/data/poiExtraGuatemalaCitiesV2.ts(153,134): error TS1005: ';' expected.
lib/visualLab/data/poiExtraGuatemalaCitiesV2.ts(153,198): error TS1005: ';' expected.
lib/visualLab/data/poiExtraGuatemalaCitiesV2.ts(153,252): error TS1128: Declaration or statement expected.
lib/visualLab/data/poiExtraGuatemalaCitiesV2.ts(154,99): error TS1005: ';' expected.
lib/visualLab/data/poiExtraGuatemalaCitiesV2.ts(154,194): error TS1005: ';' expected.
lib/visualLab/data/poiExtraGuatemalaCitiesV2.ts(154,289): error TS1005: ';' expected.
lib/visualLab/data/poiExtraGuatemalaCitiesV2.ts(154,372): error TS1128: Declaration or statement expected.
lib/visualLab/data/poiExtraGuatemalaCitiesV2.ts(155,612): error TS1005: ';' expected.
lib/visualLab/data/poiExtraGuatemalaCitiesV2.ts(155,1146): error TS1005: ';' expected.
lib/visualLab/data/poiExtraGuatemalaCitiesV2.ts(155,1632): error TS1005: ';' expected.
lib/visualLab/data/poiExtraGuatemalaCitiesV2.ts(155,2362): error TS1005: ';' expected.
lib/visualLab/data/poiExtraGuatemalaCitiesV2.ts(155,2364): error TS1434: Unexpected keyword or identifier.
lib/visualLab/data/poiExtraGuatemalaCitiesV2.ts(155,2369): error TS1435: Unknown keyword or identifier. Did you mean 'import'?
lib/visualLab/data/poiExtraGuatemalaCitiesV2.ts(155,2379): error TS1434: Unexpected keyword or identifier.
lib/visualLab/data/poiExtraGuatemalaCitiesV2.ts(155,2387): error TS1434: Unexpected keyword or identifier.
lib/visualLab/data/poiExtraGuatemalaCitiesV2.ts(155,2390): error TS1434: Unexpected keyword or identifier.
lib/visualLab/data/poiExtraGuatemalaCitiesV2.ts(155,2410): error TS1005: ';' expected.
lib/visualLab/data/poiExtraGuatemalaCitiesV2.ts(155,2415): error TS1005: ';' expected.
lib/visualLab/data/poiExtraGuatemalaCitiesV2.ts(155,2420): error TS1434: Unexpected keyword or identifier.
lib/visualLab/data/poiExtraGuatemalaCitiesV2.ts(155,2424): error TS1434: Unexpected keyword or identifier.
lib/visualLab/data/poiExtraGuatemalaCitiesV2.ts(155,2434): error TS1434: Unexpected keyword or identifier.
lib/visualLab/data/poiExtraGuatemalaCitiesV2.ts(155,2440): error TS1434: Unexpected keyword or identifier.
lib/visualLab/data/poiExtraGuatemalaCitiesV2.ts(155,2445): error TS1434: Unexpected keyword or identifier.
lib/visualLab/data/poiExtraGuatemalaCitiesV2.ts(155,2448): error TS1434: Unexpected keyword or identifier.
lib/visualLab/data/poiExtraGuatemalaCitiesV2.ts(155,2460): error TS1434: Unexpected keyword or identifier.
lib/visualLab/data/poiExtraGuatemalaCitiesV2.ts(155,2482): error TS1005: ';' expected.
lib/visualLab/data/poiExtraGuatemalaCitiesV2.ts(155,2486): error TS1434: Unexpected keyword or identifier.
lib/visualLab/data/poiExtraGuatemalaCitiesV2.ts(155,2491): error TS1228: A type predicate is only allowed in return type position for functions and methods.
lib/visualLab/data/poiExtraGuatemalaCitiesV2.ts(155,2494): error TS1434: Unexpected keyword or identifier.
lib/visualLab/data/poiExtraGuatemalaCitiesV2.ts(155,2510): error TS1005: ';' expected.
lib/visualLab/data/poiExtraGuatemalaCitiesV2.ts(155,2518): error TS1434: Unexpected keyword or identifier.
lib/visualLab/data/poiExtraGuatemalaCitiesV2.ts(155,2534): error TS1005: '(' expected.
lib/visualLab/data/poiExtraGuatemalaCitiesV2.ts(155,2540): error TS1005: ';' expected.
lib/visualLab/data/poiExtraGuatemalaCitiesV2.ts(155,2552): error TS1005: ';' expected.
lib/visualLab/data/poiExtraGuatemalaCitiesV2.ts(155,2557): error TS1005: ')' expected.
lib/visualLab/data/poiExtraGuatemalaCitiesV2.ts(155,2561): error TS1434: Unexpected keyword or identifier.
lib/visualLab/data/poiExtraGuatemalaCitiesV2.ts(155,2580): error TS1005: ';' expected.
lib/visualLab/data/poiExtraGuatemalaCitiesV2.ts(155,2589): error TS1434: Unexpected keyword or identifier.
lib/visualLab/data/poiExtraGuatemalaCitiesV2.ts(155,2605): error TS1005: ';' expected.
lib/visualLab/data/poiExtraGuatemalaCitiesV2.ts(155,2611): error TS1434: Unexpected keyword or identifier.
lib/visualLab/data/poiExtraGuatemalaCitiesV2.ts(155,2619): error TS1434: Unexpected keyword or identifier.
lib/visualLab/data/poiExtraGuatemalaCitiesV2.ts(155,2624): error TS1434: Unexpected keyword or identifier.
lib/visualLab/data/poiExtraGuatemalaCitiesV2.ts(155,2633): error TS1434: Unexpected keyword or identifier.
lib/visualLab/data/poiExtraGuatemalaCitiesV2.ts(155,2638): error TS1434: Unexpected keyword or identifier.
lib/visualLab/data/poiExtraGuatemalaCitiesV2.ts(155,2646): error TS1434: Unexpected keyword or identifier.
lib/visualLab/data/poiExtraGuatemalaCitiesV2.ts(155,2650): error TS1434: Unexpected keyword or identifier.
lib/visualLab/data/poiExtraGuatemalaCitiesV2.ts(155,2674): error TS1005: ';' expected.
lib/visualLab/data/poiExtraGuatemalaCitiesV2.ts(155,2678): error TS1434: Unexpected keyword or identifier.
lib/visualLab/data/poiExtraGuatemalaCitiesV2.ts(155,2683): error TS1434: Unexpected keyword or identifier.
lib/visualLab/data/poiExtraGuatemalaCitiesV2.ts(155,2690): error TS1434: Unexpected keyword or identifier.
lib/visualLab/data/poiExtraGuatemalaCitiesV2.ts(155,2707): error TS1005: ';' expected.
lib/visualLab/data/poiExtraGuatemalaCitiesV2.ts(155,2715): error TS1434: Unexpected keyword or identifier.
lib/visualLab/data/poiExtraGuatemalaCitiesV2.ts(155,2735): error TS1005: '(' expected.
lib/visualLab/data/poiExtraGuatemalaCitiesV2.ts(155,2744): error TS1005: ')' expected.
lib/visualLab/data/poiExtraGuatemalaCitiesV2.ts(155,2751): error TS1434: Unexpected keyword or identifier.
lib/visualLab/data/poiExtraGuatemalaCitiesV2.ts(155,2755): error TS1434: Unexpected keyword or identifier.
lib/visualLab/data/poiExtraGuatemalaCitiesV2.ts(155,2767): error TS1434: Unexpected keyword or identifier.
lib/visualLab/data/poiExtraGuatemalaCitiesV2.ts(155,2773): error TS1434: Unexpected keyword or identifier.
lib/visualLab/data/poiExtraGuatemalaCitiesV2.ts(155,2783): error TS1003: Identifier expected.
lib/visualLab/data/poiExtraGuatemalaCitiesV2.ts(155,2787): error TS1002: Unterminated string literal.
lib/visualLab/data/poiExtraGuatemalaCitiesV2.ts(156,346): error TS1005: ';' expected.
lib/visualLab/data/poiExtraGuatemalaCitiesV2.ts(156,657): error TS1005: ';' expected.
lib/visualLab/data/poiExtraGuatemalaCitiesV2.ts(156,1084): error TS1005: ';' expected.
lib/visualLab/data/poiExtraGuatemalaCitiesV2.ts(157,4): error TS1128: Declaration or statement expected.
lib/visualLab/data/poiExtraGuatemalaCitiesV2.ts(160,9): error TS1005: ';' expected.
lib/visualLab/data/poiExtraGuatemalaCitiesV2.ts(161,11): error TS1005: ';' expected.
lib/visualLab/data/poiExtraGuatemalaCitiesV2.ts(162,11): error TS1005: ';' expected.
lib/visualLab/data/poiExtraGuatemalaCitiesV2.ts(163,9): error TS1005: ';' expected.
lib/visualLab/data/poiExtraGuatemalaCitiesV2.ts(163,29): error TS1005: ';' expected.
lib/visualLab/data/poiExtraGuatemalaCitiesV2.ts(163,43): error TS1005: ';' expected.
lib/visualLab/data/poiExtraGuatemalaCitiesV2.ts(163,57): error TS1005: ';' expected.
lib/visualLab/data/poiExtraGuatemalaCitiesV2.ts(163,69): error TS1128: Declaration or statement expected.
lib/visualLab/data/poiExtraGuatemalaCitiesV2.ts(164,92): error TS1005: ';' expected.
lib/visualLab/data/poiExtraGuatemalaCitiesV2.ts(164,161): error TS1005: ';' expected.
lib/visualLab/data/poiExtraGuatemalaCitiesV2.ts(164,243): error TS1005: ';' expected.
lib/visualLab/data/poiExtraGuatemalaCitiesV2.ts(164,321): error TS1128: Declaration or statement expected.
lib/visualLab/data/poiExtraGuatemalaCitiesV2.ts(165,116): error TS1005: ';' expected.
lib/visualLab/data/poiExtraGuatemalaCitiesV2.ts(165,216): error TS1005: ';' expected.
lib/visualLab/data/poiExtraGuatemalaCitiesV2.ts(165,330): error TS1005: ';' expected.
lib/visualLab/data/poiExtraGuatemalaCitiesV2.ts(165,434): error TS1128: Declaration or statement expected.
lib/visualLab/data/poiExtraGuatemalaCitiesV2.ts(166,656): error TS1005: ';' expected.
lib/visualLab/data/poiExtraGuatemalaCitiesV2.ts(166,1198): error TS1005: ';' expected.
lib/visualLab/data/poiExtraGuatemalaCitiesV2.ts(166,1652): error TS1005: ';' expected.
lib/visualLab/data/poiExtraGuatemalaCitiesV2.ts(166,2376): error TS1128: Declaration or statement expected.
lib/visualLab/data/poiExtraGuatemalaCitiesV2.ts(167,306): error TS1005: ';' expected.
lib/visualLab/data/poiExtraGuatemalaCitiesV2.ts(167,552): error TS1005: ';' expected.
lib/visualLab/data/poiExtraGuatemalaCitiesV2.ts(167,971): error TS1005: ';' expected.
lib/visualLab/data/poiExtraGuatemalaCitiesV2.ts(168,4): error TS1128: Declaration or statement expected.
lib/visualLab/data/poiExtraGuatemalaCitiesV2.ts(171,9): error TS1005: ';' expected.
lib/visualLab/data/poiExtraGuatemalaCitiesV2.ts(172,11): error TS1005: ';' expected.
lib/visualLab/data/poiExtraGuatemalaCitiesV2.ts(173,11): error TS1005: ';' expected.
lib/visualLab/data/poiExtraGuatemalaCitiesV2.ts(174,9): error TS1005: ';' expected.
lib/visualLab/data/poiExtraGuatemalaCitiesV2.ts(174,34): error TS1005: ';' expected.
lib/visualLab/data/poiExtraGuatemalaCitiesV2.ts(174,53): error TS1005: ';' expected.
lib/visualLab/data/poiExtraGuatemalaCitiesV2.ts(174,72): error TS1005: ';' expected.
lib/visualLab/data/poiExtraGuatemalaCitiesV2.ts(174,89): error TS1128: Declaration or statement expected.
lib/visualLab/data/poiExtraGuatemalaCitiesV2.ts(175,93): error TS1005: ';' expected.
lib/visualLab/data/poiExtraGuatemalaCitiesV2.ts(175,149): error TS1005: ';' expected.
lib/visualLab/data/poiExtraGuatemalaCitiesV2.ts(175,220): error TS1005: ';' expected.
lib/visualLab/data/poiExtraGuatemalaCitiesV2.ts(175,285): error TS1128: Declaration or statement expected.
lib/visualLab/data/poiExtraGuatemalaCitiesV2.ts(176,117): error TS1005: ';' expected.
lib/visualLab/data/poiExtraGuatemalaCitiesV2.ts(176,221): error TS1005: ';' expected.
lib/visualLab/data/poiExtraGuatemalaCitiesV2.ts(176,319): error TS1005: ';' expected.
lib/visualLab/data/poiExtraGuatemalaCitiesV2.ts(176,414): error TS1128: Declaration or statement expected.
lib/visualLab/data/poiExtraGuatemalaCitiesV2.ts(177,609): error TS1005: ';' expected.
lib/visualLab/data/poiExtraGuatemalaCitiesV2.ts(177,1113): error TS1005: ';' expected.
lib/visualLab/data/poiExtraGuatemalaCitiesV2.ts(177,1591): error TS1005: ';' expected.
lib/visualLab/data/poiExtraGuatemalaCitiesV2.ts(177,2337): error TS1005: ';' expected.
lib/visualLab/data/poiExtraGuatemalaCitiesV2.ts(177,2620): error TS1005: ';' expected.
lib/visualLab/data/poiExtraGuatemalaCitiesV2.ts(177,2620): error TS1434: Unexpected keyword or identifier.
lib/visualLab/data/poiExtraGuatemalaCitiesV2.ts(177,2744): error TS1002: Unterminated string literal.
lib/visualLab/data/poiExtraGuatemalaCitiesV2.ts(178,336): error TS1005: ';' expected.
lib/visualLab/data/poiExtraGuatemalaCitiesV2.ts(178,599): error TS1005: ';' expected.
lib/visualLab/data/poiExtraGuatemalaCitiesV2.ts(178,1056): error TS1005: ';' expected.
lib/visualLab/data/poiExtraGuatemalaCitiesV2.ts(179,4): error TS1128: Declaration or statement expected.
lib/visualLab/data/poiExtraGuatemalaCitiesV2.ts(182,9): error TS1005: ';' expected.
lib/visualLab/data/poiExtraGuatemalaCitiesV2.ts(183,11): error TS1005: ';' expected.
lib/visualLab/data/poiExtraGuatemalaCitiesV2.ts(184,11): error TS1005: ';' expected.
lib/visualLab/data/poiExtraGuatemalaCitiesV2.ts(185,9): error TS1005: ';' expected.
lib/visualLab/data/poiExtraGuatemalaCitiesV2.ts(185,33): error TS1005: ';' expected.
lib/visualLab/data/poiExtraGuatemalaCitiesV2.ts(185,51): error TS1005: ';' expected.
lib/visualLab/data/poiExtraGuatemalaCitiesV2.ts(185,69): error TS1005: ';' expected.
lib/visualLab/data/poiExtraGuatemalaCitiesV2.ts(185,85): error TS1128: Declaration or statement expected.
lib/visualLab/data/poiExtraGuatemalaCitiesV2.ts(186,91): error TS1005: ';' expected.
lib/visualLab/data/poiExtraGuatemalaCitiesV2.ts(186,162): error TS1005: ';' expected.
lib/visualLab/data/poiExtraGuatemalaCitiesV2.ts(186,247): error TS1005: ';' expected.
lib/visualLab/data/poiExtraGuatemalaCitiesV2.ts(186,324): error TS1128: Declaration or statement expected.
lib/visualLab/data/poiExtraGuatemalaCitiesV2.ts(187,109): error TS1005: ';' expected.
lib/visualLab/data/poiExtraGuatemalaCitiesV2.ts(187,209): error TS1005: ';' expected.
lib/visualLab/data/poiExtraGuatemalaCitiesV2.ts(187,300): error TS1005: ';' expected.
lib/visualLab/data/poiExtraGuatemalaCitiesV2.ts(187,386): error TS1128: Declaration or statement expected.
lib/visualLab/data/poiExtraGuatemalaCitiesV2.ts(188,649): error TS1005: ';' expected.
lib/visualLab/data/poiExtraGuatemalaCitiesV2.ts(188,1217): error TS1005: ';' expected.
lib/visualLab/data/poiExtraGuatemalaCitiesV2.ts(188,1686): error TS1005: ';' expected.
lib/visualLab/data/poiExtraGuatemalaCitiesV2.ts(188,2352): error TS1128: Declaration or statement expected.
lib/visualLab/data/poiExtraGuatemalaCitiesV2.ts(189,341): error TS1005: ';' expected.
lib/visualLab/data/poiExtraGuatemalaCitiesV2.ts(189,635): error TS1005: ';' expected.
lib/visualLab/data/poiExtraGuatemalaCitiesV2.ts(189,1073): error TS1005: ';' expected.
lib/visualLab/data/poiExtraGuatemalaCitiesV2.ts(190,4): error TS1128: Declaration or statement expected.
lib/visualLab/data/poiExtraGuatemalaCitiesV2.ts(193,9): error TS1005: ';' expected.
lib/visualLab/data/poiExtraGuatemalaCitiesV2.ts(194,11): error TS1005: ';' expected.
lib/visualLab/data/poiExtraGuatemalaCitiesV2.ts(195,11): error TS1005: ';' expected.
lib/visualLab/data/poiExtraGuatemalaCitiesV2.ts(196,9): error TS1005: ';' expected.
lib/visualLab/data/poiExtraGuatemalaCitiesV2.ts(196,39): error TS1005: ';' expected.
lib/visualLab/data/poiExtraGuatemalaCitiesV2.ts(196,63): error TS1005: ';' expected.
lib/visualLab/data/poiExtraGuatemalaCitiesV2.ts(196,87): error TS1005: ';' expected.
lib/visualLab/data/poiExtraGuatemalaCitiesV2.ts(196,109): error TS1128: Declaration or statement expected.
lib/visualLab/data/poiExtraGuatemalaCitiesV2.ts(197,91): error TS1005: ';' expected.
lib/visualLab/data/poiExtraGuatemalaCitiesV2.ts(197,144): error TS1005: ';' expected.
lib/visualLab/data/poiExtraGuatemalaCitiesV2.ts(197,203): error TS1005: ';' expected.
lib/visualLab/data/poiExtraGuatemalaCitiesV2.ts(197,258): error TS1128: Declaration or statement expected.
lib/visualLab/data/poiExtraGuatemalaCitiesV2.ts(198,97): error TS1005: ';' expected.
lib/visualLab/data/poiExtraGuatemalaCitiesV2.ts(198,179): error TS1005: ';' expected.
lib/visualLab/data/poiExtraGuatemalaCitiesV2.ts(198,274): error TS1005: ';' expected.
lib/visualLab/data/poiExtraGuatemalaCitiesV2.ts(198,355): error TS1128: Declaration or statement expected.
lib/visualLab/data/poiExtraGuatemalaCitiesV2.ts(199,629): error TS1005: ';' expected.
lib/visualLab/data/poiExtraGuatemalaCitiesV2.ts(199,1153): error TS1005: ';' expected.
lib/visualLab/data/poiExtraGuatemalaCitiesV2.ts(199,1602): error TS1005: ';' expected.
lib/visualLab/data/poiExtraGuatemalaCitiesV2.ts(199,2301): error TS1005: ';' expected.
lib/visualLab/data/poiExtraGuatemalaCitiesV2.ts(199,2301): error TS1434: Unexpected keyword or identifier.
lib/visualLab/data/poiExtraGuatemalaCitiesV2.ts(199,2702): error TS1002: Unterminated string literal.
lib/visualLab/data/poiExtraGuatemalaCitiesV2.ts(200,309): error TS1005: ';' expected.
lib/visualLab/data/poiExtraGuatemalaCitiesV2.ts(200,553): error TS1005: ';' expected.
lib/visualLab/data/poiExtraGuatemalaCitiesV2.ts(200,984): error TS1005: ';' expected.
lib/visualLab/data/poiExtraGuatemalaCitiesV2.ts(201,4): error TS1128: Declaration or statement expected.
lib/visualLab/data/poiExtraGuatemalaCitiesV2.ts(204,9): error TS1005: ';' expected.
lib/visualLab/data/poiExtraGuatemalaCitiesV2.ts(205,11): error TS1005: ';' expected.
lib/visualLab/data/poiExtraGuatemalaCitiesV2.ts(206,11): error TS1005: ';' expected.
lib/visualLab/data/poiExtraGuatemalaCitiesV2.ts(207,9): error TS1005: ';' expected.
lib/visualLab/data/poiExtraGuatemalaCitiesV2.ts(207,33): error TS1005: ';' expected.
lib/visualLab/data/poiExtraGuatemalaCitiesV2.ts(207,51): error TS1005: ';' expected.
lib/visualLab/data/poiExtraGuatemalaCitiesV2.ts(207,69): error TS1005: ';' expected.
lib/visualLab/data/poiExtraGuatemalaCitiesV2.ts(207,85): error TS1128: Declaration or statement expected.
lib/visualLab/data/poiExtraGuatemalaCitiesV2.ts(208,95): error TS1005: ';' expected.
lib/visualLab/data/poiExtraGuatemalaCitiesV2.ts(208,160): error TS1005: ';' expected.
lib/visualLab/data/poiExtraGuatemalaCitiesV2.ts(208,235): error TS1005: ';' expected.
lib/visualLab/data/poiExtraGuatemalaCitiesV2.ts(208,306): error TS1128: Declaration or statement expected.
lib/visualLab/data/poiExtraGuatemalaCitiesV2.ts(209,116): error TS1005: ';' expected.
lib/visualLab/data/poiExtraGuatemalaCitiesV2.ts(209,222): error TS1005: ';' expected.
lib/visualLab/data/poiExtraGuatemalaCitiesV2.ts(209,333): error TS1005: ';' expected.
lib/visualLab/data/poiExtraGuatemalaCitiesV2.ts(209,430): error TS1128: Declaration or statement expected.
lib/visualLab/data/poiExtraGuatemalaCitiesV2.ts(210,599): error TS1005: ';' expected.
lib/visualLab/data/poiExtraGuatemalaCitiesV2.ts(210,1082): error TS1005: ';' expected.
lib/visualLab/data/poiExtraGuatemalaCitiesV2.ts(210,1563): error TS1005: ';' expected.
lib/visualLab/data/poiExtraGuatemalaCitiesV2.ts(210,2260): error TS1005: ';' expected.
lib/visualLab/data/poiExtraGuatemalaCitiesV2.ts(210,2262): error TS1434: Unexpected keyword or identifier.
lib/visualLab/data/poiExtraGuatemalaCitiesV2.ts(210,2270): error TS1228: A type predicate is only allowed in return type position for functions and methods.
lib/visualLab/data/poiExtraGuatemalaCitiesV2.ts(210,2273): error TS1434: Unexpected keyword or identifier.
lib/visualLab/data/poiExtraGuatemalaCitiesV2.ts(210,2284): error TS1434: Unexpected keyword or identifier.
lib/visualLab/data/poiExtraGuatemalaCitiesV2.ts(210,2309): error TS1005: ';' expected.
lib/visualLab/data/poiExtraGuatemalaCitiesV2.ts(210,2342): error TS1005: ';' expected.
lib/visualLab/data/poiExtraGuatemalaCitiesV2.ts(210,2349): error TS1228: A type predicate is only allowed in return type position for functions and methods.
lib/visualLab/data/poiExtraGuatemalaCitiesV2.ts(210,2352): error TS1434: Unexpected keyword or identifier.
lib/visualLab/data/poiExtraGuatemalaCitiesV2.ts(210,2366): error TS1434: Unexpected keyword or identifier.
lib/visualLab/data/poiExtraGuatemalaCitiesV2.ts(210,2369): error TS1434: Unexpected keyword or identifier.
lib/visualLab/data/poiExtraGuatemalaCitiesV2.ts(210,2371): error TS1434: Unexpected keyword or identifier.
lib/visualLab/data/poiExtraGuatemalaCitiesV2.ts(210,2375): error TS1434: Unexpected keyword or identifier.
lib/visualLab/data/poiExtraGuatemalaCitiesV2.ts(210,2378): error TS1434: Unexpected keyword or identifier.
lib/visualLab/data/poiExtraGuatemalaCitiesV2.ts(210,2389): error TS1434: Unexpected keyword or identifier.
lib/visualLab/data/poiExtraGuatemalaCitiesV2.ts(210,2400): error TS1434: Unexpected keyword or identifier.
lib/visualLab/data/poiExtraGuatemalaCitiesV2.ts(210,2404): error TS1434: Unexpected keyword or identifier.
lib/visualLab/data/poiExtraGuatemalaCitiesV2.ts(210,2411): error TS1434: Unexpected keyword or identifier.
lib/visualLab/data/poiExtraGuatemalaCitiesV2.ts(210,2430): error TS1003: Identifier expected.
lib/visualLab/data/poiExtraGuatemalaCitiesV2.ts(210,2434): error TS1002: Unterminated string literal.
lib/visualLab/data/poiExtraGuatemalaCitiesV2.ts(211,327): error TS1005: ';' expected.
lib/visualLab/data/poiExtraGuatemalaCitiesV2.ts(211,605): error TS1005: ';' expected.
lib/visualLab/data/poiExtraGuatemalaCitiesV2.ts(211,1055): error TS1005: ';' expected.
lib/visualLab/data/poiExtraGuatemalaCitiesV2.ts(212,4): error TS1128: Declaration or statement expected.
lib/visualLab/data/poiExtraGuatemalaCitiesV2.ts(215,9): error TS1005: ';' expected.
lib/visualLab/data/poiExtraGuatemalaCitiesV2.ts(216,11): error TS1005: ';' expected.
lib/visualLab/data/poiExtraGuatemalaCitiesV2.ts(217,11): error TS1005: ';' expected.
lib/visualLab/data/poiExtraGuatemalaCitiesV2.ts(218,9): error TS1005: ';' expected.
lib/visualLab/data/poiExtraGuatemalaCitiesV2.ts(218,32): error TS1005: ';' expected.
lib/visualLab/data/poiExtraGuatemalaCitiesV2.ts(218,49): error TS1005: ';' expected.
lib/visualLab/data/poiExtraGuatemalaCitiesV2.ts(218,66): error TS1005: ';' expected.
lib/visualLab/data/poiExtraGuatemalaCitiesV2.ts(218,81): error TS1128: Declaration or statement expected.
lib/visualLab/data/poiExtraGuatemalaCitiesV2.ts(219,112): error TS1005: ';' expected.
lib/visualLab/data/poiExtraGuatemalaCitiesV2.ts(219,185): error TS1005: ';' expected.
lib/visualLab/data/poiExtraGuatemalaCitiesV2.ts(219,261): error TS1005: ';' expected.
lib/visualLab/data/poiExtraGuatemalaCitiesV2.ts(219,339): error TS1128: Declaration or statement expected.
lib/visualLab/data/poiExtraGuatemalaCitiesV2.ts(220,102): error TS1005: ';' expected.
lib/visualLab/data/poiExtraGuatemalaCitiesV2.ts(220,196): error TS1005: ';' expected.
lib/visualLab/data/poiExtraGuatemalaCitiesV2.ts(220,288): error TS1005: ';' expected.
lib/visualLab/data/poiExtraGuatemalaCitiesV2.ts(220,379): error TS1128: Declaration or statement expected.
lib/visualLab/data/poiExtraGuatemalaCitiesV2.ts(221,637): error TS1005: ';' expected.
lib/visualLab/data/poiExtraGuatemalaCitiesV2.ts(221,1184): error TS1005: ';' expected.
lib/visualLab/data/poiExtraGuatemalaCitiesV2.ts(221,1623): error TS1005: ';' expected.
lib/visualLab/data/poiExtraGuatemalaCitiesV2.ts(221,2325): error TS1128: Declaration or statement expected.
lib/visualLab/data/poiExtraGuatemalaCitiesV2.ts(222,337): error TS1005: ';' expected.
lib/visualLab/data/poiExtraGuatemalaCitiesV2.ts(222,614): error TS1005: ';' expected.
lib/visualLab/data/poiExtraGuatemalaCitiesV2.ts(222,1074): error TS1005: ';' expected.
lib/visualLab/data/poiExtraGuatemalaCitiesV2.ts(223,4): error TS1128: Declaration or statement expected.
lib/visualLab/data/poiExtraGuatemalaCitiesV2.ts(226,9): error TS1005: ';' expected.
lib/visualLab/data/poiExtraGuatemalaCitiesV2.ts(227,11): error TS1005: ';' expected.
lib/visualLab/data/poiExtraGuatemalaCitiesV2.ts(228,11): error TS1005: ';' expected.
lib/visualLab/data/poiExtraGuatemalaCitiesV2.ts(229,9): error TS1005: ';' expected.
lib/visualLab/data/poiExtraGuatemalaCitiesV2.ts(229,35): error TS1005: ';' expected.
lib/visualLab/data/poiExtraGuatemalaCitiesV2.ts(229,55): error TS1005: ';' expected.
lib/visualLab/data/poiExtraGuatemalaCitiesV2.ts(229,75): error TS1005: ';' expected.
lib/visualLab/data/poiExtraGuatemalaCitiesV2.ts(229,93): error TS1128: Declaration or statement expected.
lib/visualLab/data/poiExtraGuatemalaCitiesV2.ts(230,99): error TS1005: ';' expected.
lib/visualLab/data/poiExtraGuatemalaCitiesV2.ts(230,167): error TS1005: ';' expected.
lib/visualLab/data/poiExtraGuatemalaCitiesV2.ts(230,246): error TS1005: ';' expected.
lib/visualLab/data/poiExtraGuatemalaCitiesV2.ts(230,322): error TS1128: Declaration or statement expected.
lib/visualLab/data/poiExtraGuatemalaCitiesV2.ts(231,81): error TS1005: ';' expected.
lib/visualLab/data/poiExtraGuatemalaCitiesV2.ts(231,151): error TS1005: ';' expected.
lib/visualLab/data/poiExtraGuatemalaCitiesV2.ts(231,230): error TS1005: ';' expected.
lib/visualLab/data/poiExtraGuatemalaCitiesV2.ts(231,305): error TS1128: Declaration or statement expected.
lib/visualLab/data/poiExtraGuatemalaCitiesV2.ts(232,641): error TS1005: ';' expected.
lib/visualLab/data/poiExtraGuatemalaCitiesV2.ts(232,1164): error TS1005: ';' expected.
lib/visualLab/data/poiExtraGuatemalaCitiesV2.ts(232,1634): error TS1005: ';' expected.
lib/visualLab/data/poiExtraGuatemalaCitiesV2.ts(232,2416): error TS1005: ';' expected.
lib/visualLab/data/poiExtraGuatemalaCitiesV2.ts(232,2418): error TS1434: Unexpected keyword or identifier.
lib/visualLab/data/poiExtraGuatemalaCitiesV2.ts(232,2423): error TS1434: Unexpected keyword or identifier.
lib/visualLab/data/poiExtraGuatemalaCitiesV2.ts(232,2430): error TS1434: Unexpected keyword or identifier.
lib/visualLab/data/poiExtraGuatemalaCitiesV2.ts(232,2454): error TS1005: ';' expected.
lib/visualLab/data/poiExtraGuatemalaCitiesV2.ts(232,2457): error TS1434: Unexpected keyword or identifier.
lib/visualLab/data/poiExtraGuatemalaCitiesV2.ts(232,2459): error TS1434: Unexpected keyword or identifier.
lib/visualLab/data/poiExtraGuatemalaCitiesV2.ts(232,2465): error TS1434: Unexpected keyword or identifier.
lib/visualLab/data/poiExtraGuatemalaCitiesV2.ts(232,2468): error TS1435: Unknown keyword or identifier. Did you mean 'get'?
lib/visualLab/data/poiExtraGuatemalaCitiesV2.ts(232,2474): error TS1434: Unexpected keyword or identifier.
lib/visualLab/data/poiExtraGuatemalaCitiesV2.ts(232,2483): error TS1435: Unknown keyword or identifier. Did you mean 'import ance'?
lib/visualLab/data/poiExtraGuatemalaCitiesV2.ts(232,2494): error TS1434: Unexpected keyword or identifier.
lib/visualLab/data/poiExtraGuatemalaCitiesV2.ts(232,2510): error TS1005: ';' expected.
lib/visualLab/data/poiExtraGuatemalaCitiesV2.ts(232,2521): error TS1005: '(' expected.
lib/visualLab/data/poiExtraGuatemalaCitiesV2.ts(232,2525): error TS1005: ';' expected.
lib/visualLab/data/poiExtraGuatemalaCitiesV2.ts(232,2537): error TS1005: ';' expected.
lib/visualLab/data/poiExtraGuatemalaCitiesV2.ts(232,2543): error TS1005: ')' expected.
lib/visualLab/data/poiExtraGuatemalaCitiesV2.ts(232,2551): error TS1003: Identifier expected.
lib/visualLab/data/poiExtraGuatemalaCitiesV2.ts(232,2555): error TS1002: Unterminated string literal.
lib/visualLab/data/poiExtraGuatemalaCitiesV2.ts(233,334): error TS1005: ';' expected.
lib/visualLab/data/poiExtraGuatemalaCitiesV2.ts(233,613): error TS1005: ';' expected.
lib/visualLab/data/poiExtraGuatemalaCitiesV2.ts(233,1106): error TS1005: ';' expected.
lib/visualLab/data/poiExtraGuatemalaCitiesV2.ts(234,4): error TS1128: Declaration or statement expected.
lib/visualLab/data/poiExtraGuatemalaCitiesV2.ts(237,9): error TS1005: ';' expected.
lib/visualLab/data/poiExtraGuatemalaCitiesV2.ts(238,11): error TS1005: ';' expected.
lib/visualLab/data/poiExtraGuatemalaCitiesV2.ts(239,11): error TS1005: ';' expected.
lib/visualLab/data/poiExtraGuatemalaCitiesV2.ts(240,9): error TS1005: ';' expected.
lib/visualLab/data/poiExtraGuatemalaCitiesV2.ts(240,35): error TS1005: ';' expected.
lib/visualLab/data/poiExtraGuatemalaCitiesV2.ts(240,55): error TS1005: ';' expected.
lib/visualLab/data/poiExtraGuatemalaCitiesV2.ts(240,75): error TS1005: ';' expected.
lib/visualLab/data/poiExtraGuatemalaCitiesV2.ts(240,93): error TS1128: Declaration or statement expected.
lib/visualLab/data/poiExtraGuatemalaCitiesV2.ts(241,113): error TS1005: ';' expected.
lib/visualLab/data/poiExtraGuatemalaCitiesV2.ts(241,203): error TS1005: ';' expected.
lib/visualLab/data/poiExtraGuatemalaCitiesV2.ts(241,298): error TS1005: ';' expected.
lib/visualLab/data/poiExtraGuatemalaCitiesV2.ts(241,384): error TS1128: Declaration or statement expected.
lib/visualLab/data/poiExtraGuatemalaCitiesV2.ts(242,103): error TS1005: ';' expected.
lib/visualLab/data/poiExtraGuatemalaCitiesV2.ts(242,188): error TS1005: ';' expected.
lib/visualLab/data/poiExtraGuatemalaCitiesV2.ts(242,276): error TS1005: ';' expected.
lib/visualLab/data/poiExtraGuatemalaCitiesV2.ts(242,354): error TS1128: Declaration or statement expected.
lib/visualLab/data/poiExtraGuatemalaCitiesV2.ts(243,633): error TS1005: ';' expected.
lib/visualLab/data/poiExtraGuatemalaCitiesV2.ts(243,1150): error TS1005: ';' expected.
lib/visualLab/data/poiExtraGuatemalaCitiesV2.ts(243,1644): error TS1005: ';' expected.
lib/visualLab/data/poiExtraGuatemalaCitiesV2.ts(243,2414): error TS1005: ';' expected.
lib/visualLab/data/poiExtraGuatemalaCitiesV2.ts(243,2414): error TS1434: Unexpected keyword or identifier.
lib/visualLab/data/poiExtraGuatemalaCitiesV2.ts(243,2709): error TS1002: Unterminated string literal.
lib/visualLab/data/poiExtraGuatemalaCitiesV2.ts(244,354): error TS1005: ';' expected.
lib/visualLab/data/poiExtraGuatemalaCitiesV2.ts(244,629): error TS1005: ';' expected.
lib/visualLab/data/poiExtraGuatemalaCitiesV2.ts(244,1121): error TS1005: ';' expected.
lib/visualLab/data/poiExtraGuatemalaCitiesV2.ts(245,4): error TS1128: Declaration or statement expected.
lib/visualLab/data/poiExtraGuatemalaCitiesV2.ts(248,9): error TS1005: ';' expected.
lib/visualLab/data/poiExtraGuatemalaCitiesV2.ts(249,11): error TS1005: ';' expected.
lib/visualLab/data/poiExtraGuatemalaCitiesV2.ts(250,11): error TS1005: ';' expected.
lib/visualLab/data/poiExtraGuatemalaCitiesV2.ts(251,9): error TS1005: ';' expected.
lib/visualLab/data/poiExtraGuatemalaCitiesV2.ts(251,29): error TS1005: ';' expected.
lib/visualLab/data/poiExtraGuatemalaCitiesV2.ts(251,43): error TS1005: ';' expected.
lib/visualLab/data/poiExtraGuatemalaCitiesV2.ts(251,57): error TS1005: ';' expected.
lib/visualLab/data/poiExtraGuatemalaCitiesV2.ts(251,69): error TS1128: Declaration or statement expected.
lib/visualLab/data/poiExtraGuatemalaCitiesV2.ts(252,95): error TS1005: ';' expected.
lib/visualLab/data/poiExtraGuatemalaCitiesV2.ts(252,154): error TS1005: ';' expected.
lib/visualLab/data/poiExtraGuatemalaCitiesV2.ts(252,222): error TS1005: ';' expected.
lib/visualLab/data/poiExtraGuatemalaCitiesV2.ts(252,287): error TS1128: Declaration or statement expected.
lib/visualLab/data/poiExtraGuatemalaCitiesV2.ts(253,141): error TS1005: ';' expected.
lib/visualLab/data/poiExtraGuatemalaCitiesV2.ts(253,254): error TS1005: ';' expected.
lib/visualLab/data/poiExtraGuatemalaCitiesV2.ts(253,374): error TS1005: ';' expected.
lib/visualLab/data/poiExtraGuatemalaCitiesV2.ts(253,490): error TS1128: Declaration or statement expected.
lib/visualLab/data/poiExtraGuatemalaCitiesV2.ts(254,666): error TS1005: ';' expected.
lib/visualLab/data/poiExtraGuatemalaCitiesV2.ts(254,1186): error TS1005: ';' expected.
lib/visualLab/data/poiExtraGuatemalaCitiesV2.ts(254,1699): error TS1005: ';' expected.
lib/visualLab/data/poiExtraGuatemalaCitiesV2.ts(254,2439): error TS1128: Declaration or statement expected.
lib/visualLab/data/poiExtraGuatemalaCitiesV2.ts(255,344): error TS1005: ';' expected.
lib/visualLab/data/poiExtraGuatemalaCitiesV2.ts(255,627): error TS1005: ';' expected.
lib/visualLab/data/poiExtraGuatemalaCitiesV2.ts(255,1081): error TS1005: ';' expected.
lib/visualLab/data/poiExtraGuatemalaCitiesV2.ts(256,4): error TS1128: Declaration or statement expected.
lib/visualLab/data/poiExtraGuatemalaCitiesV2.ts(259,9): error TS1005: ';' expected.
lib/visualLab/data/poiExtraGuatemalaCitiesV2.ts(260,11): error TS1005: ';' expected.
lib/visualLab/data/poiExtraGuatemalaCitiesV2.ts(261,11): error TS1005: ';' expected.
lib/visualLab/data/poiExtraGuatemalaCitiesV2.ts(262,9): error TS1005: ';' expected.
lib/visualLab/data/poiExtraGuatemalaCitiesV2.ts(262,33): error TS1005: ';' expected.
lib/visualLab/data/poiExtraGuatemalaCitiesV2.ts(262,51): error TS1005: ';' expected.
lib/visualLab/data/poiExtraGuatemalaCitiesV2.ts(262,69): error TS1005: ';' expected.
lib/visualLab/data/poiExtraGuatemalaCitiesV2.ts(262,85): error TS1128: Declaration or statement expected.
lib/visualLab/data/poiExtraGuatemalaCitiesV2.ts(263,78): error TS1005: ';' expected.
lib/visualLab/data/poiExtraGuatemalaCitiesV2.ts(263,137): error TS1005: ';' expected.
lib/visualLab/data/poiExtraGuatemalaCitiesV2.ts(263,198): error TS1005: ';' expected.
lib/visualLab/data/poiExtraGuatemalaCitiesV2.ts(263,254): error TS1128: Declaration or statement expected.
lib/visualLab/data/poiExtraGuatemalaCitiesV2.ts(264,107): error TS1005: ';' expected.
lib/visualLab/data/poiExtraGuatemalaCitiesV2.ts(264,201): error TS1005: ';' expected.
lib/visualLab/data/poiExtraGuatemalaCitiesV2.ts(264,301): error TS1005: ';' expected.
lib/visualLab/data/poiExtraGuatemalaCitiesV2.ts(264,389): error TS1128: Declaration or statement expected.
lib/visualLab/data/poiExtraGuatemalaCitiesV2.ts(265,644): error TS1005: ';' expected.
lib/visualLab/data/poiExtraGuatemalaCitiesV2.ts(265,1223): error TS1005: ';' expected.
lib/visualLab/data/poiExtraGuatemalaCitiesV2.ts(265,1744): error TS1005: ';' expected.
lib/visualLab/data/poiExtraGuatemalaCitiesV2.ts(265,2500): error TS1128: Declaration or statement expected.
lib/visualLab/data/poiExtraGuatemalaCitiesV2.ts(266,350): error TS1005: ';' expected.
lib/visualLab/data/poiExtraGuatemalaCitiesV2.ts(266,636): error TS1005: ';' expected.
lib/visualLab/data/poiExtraGuatemalaCitiesV2.ts(266,1155): error TS1005: ';' expected.
lib/visualLab/data/poiExtraGuatemalaCitiesV2.ts(267,4): error TS1128: Declaration or statement expected.
lib/visualLab/data/poiExtraGuatemalaCitiesV2.ts(270,9): error TS1005: ';' expected.
lib/visualLab/data/poiExtraGuatemalaCitiesV2.ts(271,11): error TS1005: ';' expected.
lib/visualLab/data/poiExtraGuatemalaCitiesV2.ts(272,11): error TS1005: ';' expected.
lib/visualLab/data/poiExtraGuatemalaCitiesV2.ts(273,9): error TS1005: ';' expected.
lib/visualLab/data/poiExtraGuatemalaCitiesV2.ts(273,39): error TS1005: ';' expected.
lib/visualLab/data/poiExtraGuatemalaCitiesV2.ts(273,63): error TS1005: ';' expected.
lib/visualLab/data/poiExtraGuatemalaCitiesV2.ts(273,87): error TS1005: ';' expected.
lib/visualLab/data/poiExtraGuatemalaCitiesV2.ts(273,109): error TS1128: Declaration or statement expected.
lib/visualLab/data/poiExtraGuatemalaCitiesV2.ts(274,114): error TS1005: ';' expected.
lib/visualLab/data/poiExtraGuatemalaCitiesV2.ts(274,214): error TS1005: ';' expected.
lib/visualLab/data/poiExtraGuatemalaCitiesV2.ts(274,321): error TS1005: ';' expected.
lib/visualLab/data/poiExtraGuatemalaCitiesV2.ts(274,418): error TS1128: Declaration or statement expected.
lib/visualLab/data/poiExtraGuatemalaCitiesV2.ts(275,127): error TS1005: ';' expected.
lib/visualLab/data/poiExtraGuatemalaCitiesV2.ts(275,246): error TS1005: ';' expected.
lib/visualLab/data/poiExtraGuatemalaCitiesV2.ts(275,351): error TS1005: ';' expected.
lib/visualLab/data/poiExtraGuatemalaCitiesV2.ts(275,463): error TS1128: Declaration or statement expected.
lib/visualLab/data/poiExtraGuatemalaCitiesV2.ts(276,579): error TS1005: ';' expected.
lib/visualLab/data/poiExtraGuatemalaCitiesV2.ts(276,1072): error TS1005: ';' expected.
lib/visualLab/data/poiExtraGuatemalaCitiesV2.ts(276,1080): error TS1005: ';' expected.
lib/visualLab/data/poiExtraGuatemalaCitiesV2.ts(276,1796): error TS1005: ';' expected.
lib/visualLab/data/poiExtraGuatemalaCitiesV2.ts(276,1808): error TS1005: ';' expected.
lib/visualLab/data/poiExtraGuatemalaCitiesV2.ts(276,1812): error TS1434: Unexpected keyword or identifier.
lib/visualLab/data/poiExtraGuatemalaCitiesV2.ts(276,1821): error TS1434: Unexpected keyword or identifier.
lib/visualLab/data/poiExtraGuatemalaCitiesV2.ts(276,1829): error TS1434: Unexpected keyword or identifier.
lib/visualLab/data/poiExtraGuatemalaCitiesV2.ts(276,1833): error TS1434: Unexpected keyword or identifier.
lib/visualLab/data/poiExtraGuatemalaCitiesV2.ts(276,1837): error TS1434: Unexpected keyword or identifier.
lib/visualLab/data/poiExtraGuatemalaCitiesV2.ts(276,1842): error TS1434: Unexpected keyword or identifier.
lib/visualLab/data/poiExtraGuatemalaCitiesV2.ts(276,1859): error TS1005: ';' expected.
lib/visualLab/data/poiExtraGuatemalaCitiesV2.ts(276,1889): error TS1005: ';' expected.
lib/visualLab/data/poiExtraGuatemalaCitiesV2.ts(276,1896): error TS1434: Unexpected keyword or identifier.
lib/visualLab/data/poiExtraGuatemalaCitiesV2.ts(276,1900): error TS1434: Unexpected keyword or identifier.
lib/visualLab/data/poiExtraGuatemalaCitiesV2.ts(276,1909): error TS1434: Unexpected keyword or identifier.
lib/visualLab/data/poiExtraGuatemalaCitiesV2.ts(276,1916): error TS1434: Unexpected keyword or identifier.
lib/visualLab/data/poiExtraGuatemalaCitiesV2.ts(276,1934): error TS1434: Unexpected keyword or identifier.
lib/visualLab/data/poiExtraGuatemalaCitiesV2.ts(276,1939): error TS1434: Unexpected keyword or identifier.
lib/visualLab/data/poiExtraGuatemalaCitiesV2.ts(276,1948): error TS1434: Unexpected keyword or identifier.
lib/visualLab/data/poiExtraGuatemalaCitiesV2.ts(276,1952): error TS1434: Unexpected keyword or identifier.
lib/visualLab/data/poiExtraGuatemalaCitiesV2.ts(276,1962): error TS1434: Unexpected keyword or identifier.
lib/visualLab/data/poiExtraGuatemalaCitiesV2.ts(276,1993): error TS1005: ';' expected.
lib/visualLab/data/poiExtraGuatemalaCitiesV2.ts(276,1997): error TS1434: Unexpected keyword or identifier.
lib/visualLab/data/poiExtraGuatemalaCitiesV2.ts(276,2012): error TS1434: Unexpected keyword or identifier.
lib/visualLab/data/poiExtraGuatemalaCitiesV2.ts(276,2016): error TS1434: Unexpected keyword or identifier.
lib/visualLab/data/poiExtraGuatemalaCitiesV2.ts(276,2020): error TS1434: Unexpected keyword or identifier.
lib/visualLab/data/poiExtraGuatemalaCitiesV2.ts(276,2026): error TS1434: Unexpected keyword or identifier.
lib/visualLab/data/poiExtraGuatemalaCitiesV2.ts(276,2030): error TS1434: Unexpected keyword or identifier.
lib/visualLab/data/poiExtraGuatemalaCitiesV2.ts(276,2042): error TS1434: Unexpected keyword or identifier.
lib/visualLab/data/poiExtraGuatemalaCitiesV2.ts(276,2050): error TS1434: Unexpected keyword or identifier.
lib/visualLab/data/poiExtraGuatemalaCitiesV2.ts(276,2054): error TS1434: Unexpected keyword or identifier.
lib/visualLab/data/poiExtraGuatemalaCitiesV2.ts(276,2064): error TS1434: Unexpected keyword or identifier.
lib/visualLab/data/poiExtraGuatemalaCitiesV2.ts(276,2090): error TS1005: ';' expected.
lib/visualLab/data/poiExtraGuatemalaCitiesV2.ts(276,2095): error TS1434: Unexpected keyword or identifier.
lib/visualLab/data/poiExtraGuatemalaCitiesV2.ts(276,2104): error TS1434: Unexpected keyword or identifier.
lib/visualLab/data/poiExtraGuatemalaCitiesV2.ts(276,2108): error TS1434: Unexpected keyword or identifier.
lib/visualLab/data/poiExtraGuatemalaCitiesV2.ts(276,2117): error TS1434: Unexpected keyword or identifier.
lib/visualLab/data/poiExtraGuatemalaCitiesV2.ts(276,2125): error TS1434: Unexpected keyword or identifier.
lib/visualLab/data/poiExtraGuatemalaCitiesV2.ts(276,2129): error TS1434: Unexpected keyword or identifier.
lib/visualLab/data/poiExtraGuatemalaCitiesV2.ts(276,2133): error TS1434: Unexpected keyword or identifier.
lib/visualLab/data/poiExtraGuatemalaCitiesV2.ts(276,2139): error TS1434: Unexpected keyword or identifier.
lib/visualLab/data/poiExtraGuatemalaCitiesV2.ts(276,2148): error TS1434: Unexpected keyword or identifier.
lib/visualLab/data/poiExtraGuatemalaCitiesV2.ts(276,2152): error TS1434: Unexpected keyword or identifier.
lib/visualLab/data/poiExtraGuatemalaCitiesV2.ts(276,2156): error TS1434: Unexpected keyword or identifier.
lib/visualLab/data/poiExtraGuatemalaCitiesV2.ts(276,2161): error TS1434: Unexpected keyword or identifier.
lib/visualLab/data/poiExtraGuatemalaCitiesV2.ts(276,2173): error TS1434: Unexpected keyword or identifier.
lib/visualLab/data/poiExtraGuatemalaCitiesV2.ts(276,2177): error TS1434: Unexpected keyword or identifier.
lib/visualLab/data/poiExtraGuatemalaCitiesV2.ts(276,2198): error TS1003: Identifier expected.
lib/visualLab/data/poiExtraGuatemalaCitiesV2.ts(276,2202): error TS1002: Unterminated string literal.
lib/visualLab/data/poiExtraGuatemalaCitiesV2.ts(277,337): error TS1005: ';' expected.
lib/visualLab/data/poiExtraGuatemalaCitiesV2.ts(277,613): error TS1005: ';' expected.
lib/visualLab/data/poiExtraGuatemalaCitiesV2.ts(277,621): error TS1005: ';' expected.
lib/visualLab/data/poiExtraGuatemalaCitiesV2.ts(278,4): error TS1128: Declaration or statement expected.
lib/visualLab/data/poiExtraGuatemalaCitiesV2.ts(281,9): error TS1005: ';' expected.
lib/visualLab/data/poiExtraGuatemalaCitiesV2.ts(282,11): error TS1005: ';' expected.
lib/visualLab/data/poiExtraGuatemalaCitiesV2.ts(283,11): error TS1005: ';' expected.
lib/visualLab/data/poiExtraGuatemalaCitiesV2.ts(284,9): error TS1005: ';' expected.
lib/visualLab/data/poiExtraGuatemalaCitiesV2.ts(284,42): error TS1005: ';' expected.
lib/visualLab/data/poiExtraGuatemalaCitiesV2.ts(284,69): error TS1005: ';' expected.
lib/visualLab/data/poiExtraGuatemalaCitiesV2.ts(284,96): error TS1005: ';' expected.
lib/visualLab/data/poiExtraGuatemalaCitiesV2.ts(284,121): error TS1128: Declaration or statement expected.
lib/visualLab/data/poiExtraGuatemalaCitiesV2.ts(285,118): error TS1005: ';' expected.
lib/visualLab/data/poiExtraGuatemalaCitiesV2.ts(285,214): error TS1005: ';' expected.
lib/visualLab/data/poiExtraGuatemalaCitiesV2.ts(285,308): error TS1005: ';' expected.
lib/visualLab/data/poiExtraGuatemalaCitiesV2.ts(285,395): error TS1128: Declaration or statement expected.
lib/visualLab/data/poiExtraGuatemalaCitiesV2.ts(286,110): error TS1005: ';' expected.
lib/visualLab/data/poiExtraGuatemalaCitiesV2.ts(286,190): error TS1005: ';' expected.
lib/visualLab/data/poiExtraGuatemalaCitiesV2.ts(286,282): error TS1005: ';' expected.
lib/visualLab/data/poiExtraGuatemalaCitiesV2.ts(286,363): error TS1128: Declaration or statement expected.
lib/visualLab/data/poiExtraGuatemalaCitiesV2.ts(287,620): error TS1005: ';' expected.
lib/visualLab/data/poiExtraGuatemalaCitiesV2.ts(287,1117): error TS1005: ';' expected.
lib/visualLab/data/poiExtraGuatemalaCitiesV2.ts(287,1650): error TS1005: ';' expected.
lib/visualLab/data/poiExtraGuatemalaCitiesV2.ts(287,2407): error TS1005: ';' expected.
lib/visualLab/data/poiExtraGuatemalaCitiesV2.ts(287,2424): error TS1005: ';' expected.
lib/visualLab/data/poiExtraGuatemalaCitiesV2.ts(287,2429): error TS1434: Unexpected keyword or identifier.
lib/visualLab/data/poiExtraGuatemalaCitiesV2.ts(287,2437): error TS1434: Unexpected keyword or identifier.
lib/visualLab/data/poiExtraGuatemalaCitiesV2.ts(287,2441): error TS1434: Unexpected keyword or identifier.
lib/visualLab/data/poiExtraGuatemalaCitiesV2.ts(287,2453): error TS1434: Unexpected keyword or identifier.
lib/visualLab/data/poiExtraGuatemalaCitiesV2.ts(287,2469): error TS1003: Identifier expected.
lib/visualLab/data/poiExtraGuatemalaCitiesV2.ts(287,2473): error TS1002: Unterminated string literal.
lib/visualLab/data/poiExtraGuatemalaCitiesV2.ts(288,354): error TS1005: ';' expected.
lib/visualLab/data/poiExtraGuatemalaCitiesV2.ts(288,640): error TS1005: ';' expected.
lib/visualLab/data/poiExtraGuatemalaCitiesV2.ts(288,1092): error TS1005: ';' expected.
lib/visualLab/data/poiExtraGuatemalaCitiesV2.ts(289,4): error TS1128: Declaration or statement expected.
lib/visualLab/data/poiExtraGuatemalaCitiesV2.ts(292,9): error TS1005: ';' expected.
lib/visualLab/data/poiExtraGuatemalaCitiesV2.ts(293,11): error TS1005: ';' expected.
lib/visualLab/data/poiExtraGuatemalaCitiesV2.ts(294,11): error TS1005: ';' expected.
lib/visualLab/data/poiExtraGuatemalaCitiesV2.ts(295,9): error TS1005: ';' expected.
lib/visualLab/data/poiExtraGuatemalaCitiesV2.ts(295,30): error TS1005: ';' expected.
lib/visualLab/data/poiExtraGuatemalaCitiesV2.ts(295,45): error TS1005: ';' expected.
lib/visualLab/data/poiExtraGuatemalaCitiesV2.ts(295,60): error TS1005: ';' expected.
lib/visualLab/data/poiExtraGuatemalaCitiesV2.ts(295,73): error TS1128: Declaration or statement expected.
lib/visualLab/data/poiExtraGuatemalaCitiesV2.ts(296,89): error TS1005: ';' expected.
lib/visualLab/data/poiExtraGuatemalaCitiesV2.ts(296,155): error TS1005: ';' expected.
lib/visualLab/data/poiExtraGuatemalaCitiesV2.ts(296,216): error TS1005: ';' expected.
lib/visualLab/data/poiExtraGuatemalaCitiesV2.ts(296,277): error TS1128: Declaration or statement expected.
lib/visualLab/data/poiExtraGuatemalaCitiesV2.ts(297,115): error TS1005: ';' expected.
lib/visualLab/data/poiExtraGuatemalaCitiesV2.ts(297,206): error TS1005: ';' expected.
lib/visualLab/data/poiExtraGuatemalaCitiesV2.ts(297,299): error TS1005: ';' expected.
lib/visualLab/data/poiExtraGuatemalaCitiesV2.ts(297,394): error TS1128: Declaration or statement expected.
lib/visualLab/data/poiExtraGuatemalaCitiesV2.ts(298,642): error TS1005: ';' expected.
lib/visualLab/data/poiExtraGuatemalaCitiesV2.ts(298,1155): error TS1005: ';' expected.
lib/visualLab/data/poiExtraGuatemalaCitiesV2.ts(298,1654): error TS1005: ';' expected.
lib/visualLab/data/poiExtraGuatemalaCitiesV2.ts(298,2371): error TS1128: Declaration or statement expected.
lib/visualLab/data/poiExtraGuatemalaCitiesV2.ts(299,362): error TS1005: ';' expected.
lib/visualLab/data/poiExtraGuatemalaCitiesV2.ts(299,632): error TS1005: ';' expected.
lib/visualLab/data/poiExtraGuatemalaCitiesV2.ts(299,1077): error TS1005: ';' expected.
lib/visualLab/data/poiExtraGuatemalaCitiesV2.ts(300,4): error TS1128: Declaration or statement expected.
lib/visualLab/data/poiExtraGuatemalaCitiesV2.ts(303,9): error TS1005: ';' expected.
lib/visualLab/data/poiExtraGuatemalaCitiesV2.ts(304,11): error TS1005: ';' expected.
lib/visualLab/data/poiExtraGuatemalaCitiesV2.ts(305,11): error TS1005: ';' expected.
lib/visualLab/data/poiExtraGuatemalaCitiesV2.ts(306,9): error TS1005: ';' expected.
lib/visualLab/data/poiExtraGuatemalaCitiesV2.ts(306,44): error TS1005: ';' expected.
lib/visualLab/data/poiExtraGuatemalaCitiesV2.ts(306,73): error TS1005: ';' expected.
lib/visualLab/data/poiExtraGuatemalaCitiesV2.ts(306,102): error TS1005: ';' expected.
lib/visualLab/data/poiExtraGuatemalaCitiesV2.ts(306,129): error TS1128: Declaration or statement expected.
lib/visualLab/data/poiExtraGuatemalaCitiesV2.ts(307,103): error TS1005: ';' expected.
lib/visualLab/data/poiExtraGuatemalaCitiesV2.ts(307,171): error TS1005: ';' expected.
lib/visualLab/data/poiExtraGuatemalaCitiesV2.ts(307,252): error TS1005: ';' expected.
lib/visualLab/data/poiExtraGuatemalaCitiesV2.ts(307,316): error TS1128: Declaration or statement expected.
lib/visualLab/data/poiExtraGuatemalaCitiesV2.ts(308,90): error TS1005: ';' expected.
lib/visualLab/data/poiExtraGuatemalaCitiesV2.ts(308,172): error TS1005: ';' expected.
lib/visualLab/data/poiExtraGuatemalaCitiesV2.ts(308,256): error TS1005: ';' expected.
lib/visualLab/data/poiExtraGuatemalaCitiesV2.ts(308,333): error TS1128: Declaration or statement expected.
lib/visualLab/data/poiExtraGuatemalaCitiesV2.ts(309,574): error TS1005: ';' expected.
lib/visualLab/data/poiExtraGuatemalaCitiesV2.ts(309,1039): error TS1005: ';' expected.
lib/visualLab/data/poiExtraGuatemalaCitiesV2.ts(309,1572): error TS1005: ';' expected.
lib/visualLab/data/poiExtraGuatemalaCitiesV2.ts(309,2354): error TS1005: ';' expected.
lib/visualLab/data/poiExtraGuatemalaCitiesV2.ts(309,2358): error TS1434: Unexpected keyword or identifier.
lib/visualLab/data/poiExtraGuatemalaCitiesV2.ts(309,2366): error TS1434: Unexpected keyword or identifier.
lib/visualLab/data/poiExtraGuatemalaCitiesV2.ts(309,2370): error TS1434: Unexpected keyword or identifier.
lib/visualLab/data/poiExtraGuatemalaCitiesV2.ts(309,2375): error TS1434: Unexpected keyword or identifier.
lib/visualLab/data/poiExtraGuatemalaCitiesV2.ts(309,2403): error TS1005: ';' expected.
lib/visualLab/data/poiExtraGuatemalaCitiesV2.ts(309,2413): error TS1434: Unexpected keyword or identifier.
lib/visualLab/data/poiExtraGuatemalaCitiesV2.ts(309,2419): error TS1434: Unexpected keyword or identifier.
lib/visualLab/data/poiExtraGuatemalaCitiesV2.ts(309,2426): error TS1434: Unexpected keyword or identifier.
lib/visualLab/data/poiExtraGuatemalaCitiesV2.ts(309,2430): error TS1434: Unexpected keyword or identifier.
lib/visualLab/data/poiExtraGuatemalaCitiesV2.ts(309,2434): error TS1434: Unexpected keyword or identifier.
lib/visualLab/data/poiExtraGuatemalaCitiesV2.ts(309,2444): error TS1434: Unexpected keyword or identifier.
lib/visualLab/data/poiExtraGuatemalaCitiesV2.ts(309,2450): error TS1434: Unexpected keyword or identifier.
lib/visualLab/data/poiExtraGuatemalaCitiesV2.ts(309,2454): error TS1434: Unexpected keyword or identifier.
lib/visualLab/data/poiExtraGuatemalaCitiesV2.ts(309,2458): error TS1434: Unexpected keyword or identifier.
lib/visualLab/data/poiExtraGuatemalaCitiesV2.ts(309,2470): error TS1434: Unexpected keyword or identifier.
lib/visualLab/data/poiExtraGuatemalaCitiesV2.ts(309,2474): error TS1434: Unexpected keyword or identifier.
lib/visualLab/data/poiExtraGuatemalaCitiesV2.ts(309,2480): error TS1434: Unexpected keyword or identifier.
lib/visualLab/data/poiExtraGuatemalaCitiesV2.ts(309,2484): error TS1434: Unexpected keyword or identifier.
lib/visualLab/data/poiExtraGuatemalaCitiesV2.ts(309,2491): error TS1434: Unexpected keyword or identifier.
lib/visualLab/data/poiExtraGuatemalaCitiesV2.ts(309,2497): error TS1434: Unexpected keyword or identifier.
lib/visualLab/data/poiExtraGuatemalaCitiesV2.ts(309,2504): error TS1434: Unexpected keyword or identifier.
lib/visualLab/data/poiExtraGuatemalaCitiesV2.ts(309,2510): error TS1434: Unexpected keyword or identifier.
lib/visualLab/data/poiExtraGuatemalaCitiesV2.ts(309,2515): error TS1434: Unexpected keyword or identifier.
lib/visualLab/data/poiExtraGuatemalaCitiesV2.ts(309,2528): error TS1005: ';' expected.
lib/visualLab/data/poiExtraGuatemalaCitiesV2.ts(309,2535): error TS1434: Unexpected keyword or identifier.
lib/visualLab/data/poiExtraGuatemalaCitiesV2.ts(309,2546): error TS1434: Unexpected keyword or identifier.
lib/visualLab/data/poiExtraGuatemalaCitiesV2.ts(309,2551): error TS1434: Unexpected keyword or identifier.
lib/visualLab/data/poiExtraGuatemalaCitiesV2.ts(309,2557): error TS1434: Unexpected keyword or identifier.
lib/visualLab/data/poiExtraGuatemalaCitiesV2.ts(309,2561): error TS1434: Unexpected keyword or identifier.
lib/visualLab/data/poiExtraGuatemalaCitiesV2.ts(309,2567): error TS1434: Unexpected keyword or identifier.
lib/visualLab/data/poiExtraGuatemalaCitiesV2.ts(309,2571): error TS1434: Unexpected keyword or identifier.
lib/visualLab/data/poiExtraGuatemalaCitiesV2.ts(309,2578): error TS1434: Unexpected keyword or identifier.
lib/visualLab/data/poiExtraGuatemalaCitiesV2.ts(309,2582): error TS1434: Unexpected keyword or identifier.
lib/visualLab/data/poiExtraGuatemalaCitiesV2.ts(309,2586): error TS1434: Unexpected keyword or identifier.
lib/visualLab/data/poiExtraGuatemalaCitiesV2.ts(309,2599): error TS1434: Unexpected keyword or identifier.
lib/visualLab/data/poiExtraGuatemalaCitiesV2.ts(309,2603): error TS1434: Unexpected keyword or identifier.
lib/visualLab/data/poiExtraGuatemalaCitiesV2.ts(309,2633): error TS1005: ';' expected.
lib/visualLab/data/poiExtraGuatemalaCitiesV2.ts(309,2637): error TS1434: Unexpected keyword or identifier.
lib/visualLab/data/poiExtraGuatemalaCitiesV2.ts(309,2646): error TS1434: Unexpected keyword or identifier.
lib/visualLab/data/poiExtraGuatemalaCitiesV2.ts(309,2653): error TS1434: Unexpected keyword or identifier.
lib/visualLab/data/poiExtraGuatemalaCitiesV2.ts(309,2657): error TS1434: Unexpected keyword or identifier.
lib/visualLab/data/poiExtraGuatemalaCitiesV2.ts(309,2661): error TS1434: Unexpected keyword or identifier.
lib/visualLab/data/poiExtraGuatemalaCitiesV2.ts(309,2670): error TS1434: Unexpected keyword or identifier.
lib/visualLab/data/poiExtraGuatemalaCitiesV2.ts(309,2681): error TS1434: Unexpected keyword or identifier.
lib/visualLab/data/poiExtraGuatemalaCitiesV2.ts(309,2686): error TS1434: Unexpected keyword or identifier.
lib/visualLab/data/poiExtraGuatemalaCitiesV2.ts(309,2690): error TS1434: Unexpected keyword or identifier.
lib/visualLab/data/poiExtraGuatemalaCitiesV2.ts(309,2706): error TS1003: Identifier expected.
lib/visualLab/data/poiExtraGuatemalaCitiesV2.ts(309,2710): error TS1002: Unterminated string literal.
lib/visualLab/data/poiExtraGuatemalaCitiesV2.ts(310,342): error TS1005: ';' expected.
lib/visualLab/data/poiExtraGuatemalaCitiesV2.ts(310,612): error TS1005: ';' expected.
lib/visualLab/data/poiExtraGuatemalaCitiesV2.ts(310,1051): error TS1005: ';' expected.
lib/visualLab/data/poiExtraGuatemalaCitiesV2.ts(311,4): error TS1128: Declaration or statement expected.
lib/visualLab/data/poiExtraGuatemalaCitiesV2.ts(314,9): error TS1005: ';' expected.
lib/visualLab/data/poiExtraGuatemalaCitiesV2.ts(315,11): error TS1005: ';' expected.
lib/visualLab/data/poiExtraGuatemalaCitiesV2.ts(316,11): error TS1005: ';' expected.
lib/visualLab/data/poiExtraGuatemalaCitiesV2.ts(317,9): error TS1005: ';' expected.
lib/visualLab/data/poiExtraGuatemalaCitiesV2.ts(317,33): error TS1005: ';' expected.
lib/visualLab/data/poiExtraGuatemalaCitiesV2.ts(317,51): error TS1005: ';' expected.
lib/visualLab/data/poiExtraGuatemalaCitiesV2.ts(317,69): error TS1005: ';' expected.
lib/visualLab/data/poiExtraGuatemalaCitiesV2.ts(317,85): error TS1128: Declaration or statement expected.
lib/visualLab/data/poiExtraGuatemalaCitiesV2.ts(318,111): error TS1005: ';' expected.
lib/visualLab/data/poiExtraGuatemalaCitiesV2.ts(318,193): error TS1005: ';' expected.
lib/visualLab/data/poiExtraGuatemalaCitiesV2.ts(318,288): error TS1005: ';' expected.
lib/visualLab/data/poiExtraGuatemalaCitiesV2.ts(318,387): error TS1128: Declaration or statement expected.
lib/visualLab/data/poiExtraGuatemalaCitiesV2.ts(319,143): error TS1005: ';' expected.
lib/visualLab/data/poiExtraGuatemalaCitiesV2.ts(319,260): error TS1005: ';' expected.
lib/visualLab/data/poiExtraGuatemalaCitiesV2.ts(319,389): error TS1005: ';' expected.
lib/visualLab/data/poiExtraGuatemalaCitiesV2.ts(319,508): error TS1128: Declaration or statement expected.
lib/visualLab/data/poiExtraGuatemalaCitiesV2.ts(320,691): error TS1005: ';' expected.
lib/visualLab/data/poiExtraGuatemalaCitiesV2.ts(320,1287): error TS1005: ';' expected.
lib/visualLab/data/poiExtraGuatemalaCitiesV2.ts(320,1786): error TS1005: ';' expected.
lib/visualLab/data/poiExtraGuatemalaCitiesV2.ts(320,2559): error TS1128: Declaration or statement expected.
lib/visualLab/data/poiExtraGuatemalaCitiesV2.ts(321,380): error TS1005: ';' expected.
lib/visualLab/data/poiExtraGuatemalaCitiesV2.ts(321,679): error TS1005: ';' expected.
lib/visualLab/data/poiExtraGuatemalaCitiesV2.ts(321,1126): error TS1005: ';' expected.
lib/visualLab/data/poiExtraGuatemalaCitiesV2.ts(322,4): error TS1128: Declaration or statement expected.
lib/visualLab/data/poiExtraGuatemalaCitiesV2.ts(325,9): error TS1005: ';' expected.
lib/visualLab/data/poiExtraGuatemalaCitiesV2.ts(326,11): error TS1005: ';' expected.
lib/visualLab/data/poiExtraGuatemalaCitiesV2.ts(327,11): error TS1005: ';' expected.
lib/visualLab/data/poiExtraGuatemalaCitiesV2.ts(328,9): error TS1005: ';' expected.
lib/visualLab/data/poiExtraGuatemalaCitiesV2.ts(328,33): error TS1005: ';' expected.
lib/visualLab/data/poiExtraGuatemalaCitiesV2.ts(328,51): error TS1005: ';' expected.
lib/visualLab/data/poiExtraGuatemalaCitiesV2.ts(328,69): error TS1005: ';' expected.
lib/visualLab/data/poiExtraGuatemalaCitiesV2.ts(328,85): error TS1128: Declaration or statement expected.
lib/visualLab/data/poiExtraGuatemalaCitiesV2.ts(329,97): error TS1005: ';' expected.
lib/visualLab/data/poiExtraGuatemalaCitiesV2.ts(329,159): error TS1005: ';' expected.
lib/visualLab/data/poiExtraGuatemalaCitiesV2.ts(329,222): error TS1005: ';' expected.
lib/visualLab/data/poiExtraGuatemalaCitiesV2.ts(329,282): error TS1128: Declaration or statement expected.
lib/visualLab/data/poiExtraGuatemalaCitiesV2.ts(330,120): error TS1005: ';' expected.
lib/visualLab/data/poiExtraGuatemalaCitiesV2.ts(330,230): error TS1005: ';' expected.
lib/visualLab/data/poiExtraGuatemalaCitiesV2.ts(330,341): error TS1005: ';' expected.
lib/visualLab/data/poiExtraGuatemalaCitiesV2.ts(330,445): error TS1128: Declaration or statement expected.
lib/visualLab/data/poiExtraGuatemalaCitiesV2.ts(331,661): error TS1005: ';' expected.
lib/visualLab/data/poiExtraGuatemalaCitiesV2.ts(331,1216): error TS1005: ';' expected.
lib/visualLab/data/poiExtraGuatemalaCitiesV2.ts(331,1723): error TS1005: ';' expected.
lib/visualLab/data/poiExtraGuatemalaCitiesV2.ts(331,2479): error TS1128: Declaration or statement expected.
lib/visualLab/data/poiExtraGuatemalaCitiesV2.ts(332,327): error TS1005: ';' expected.
lib/visualLab/data/poiExtraGuatemalaCitiesV2.ts(332,639): error TS1005: ';' expected.
lib/visualLab/data/poiExtraGuatemalaCitiesV2.ts(332,1092): error TS1005: ';' expected.
lib/visualLab/data/poiExtraGuatemalaCitiesV2.ts(333,4): error TS1128: Declaration or statement expected.
lib/visualLab/data/poiExtraGuatemalaCitiesV2.ts(336,9): error TS1005: ';' expected.
lib/visualLab/data/poiExtraGuatemalaCitiesV2.ts(337,11): error TS1005: ';' expected.
lib/visualLab/data/poiExtraGuatemalaCitiesV2.ts(338,11): error TS1005: ';' expected.
lib/visualLab/data/poiExtraGuatemalaCitiesV2.ts(339,9): error TS1005: ';' expected.
lib/visualLab/data/poiExtraGuatemalaCitiesV2.ts(339,46): error TS1005: ';' expected.
lib/visualLab/data/poiExtraGuatemalaCitiesV2.ts(339,77): error TS1005: ';' expected.
lib/visualLab/data/poiExtraGuatemalaCitiesV2.ts(339,108): error TS1005: ';' expected.
lib/visualLab/data/poiExtraGuatemalaCitiesV2.ts(339,137): error TS1128: Declaration or statement expected.
lib/visualLab/data/poiExtraGuatemalaCitiesV2.ts(340,90): error TS1005: ';' expected.
lib/visualLab/data/poiExtraGuatemalaCitiesV2.ts(340,164): error TS1005: ';' expected.
lib/visualLab/data/poiExtraGuatemalaCitiesV2.ts(340,235): error TS1005: ';' expected.
lib/visualLab/data/poiExtraGuatemalaCitiesV2.ts(340,305): error TS1128: Declaration or statement expected.
lib/visualLab/data/poiExtraGuatemalaCitiesV2.ts(341,106): error TS1005: ';' expected.
lib/visualLab/data/poiExtraGuatemalaCitiesV2.ts(341,196): error TS1005: ';' expected.
lib/visualLab/data/poiExtraGuatemalaCitiesV2.ts(341,293): error TS1005: ';' expected.
lib/visualLab/data/poiExtraGuatemalaCitiesV2.ts(341,379): error TS1128: Declaration or statement expected.
lib/visualLab/data/poiExtraGuatemalaCitiesV2.ts(342,693): error TS1005: ';' expected.
lib/visualLab/data/poiExtraGuatemalaCitiesV2.ts(342,1282): error TS1005: ';' expected.
lib/visualLab/data/poiExtraGuatemalaCitiesV2.ts(342,1776): error TS1005: ';' expected.
lib/visualLab/data/poiExtraGuatemalaCitiesV2.ts(342,2508): error TS1128: Declaration or statement expected.
lib/visualLab/data/poiExtraGuatemalaCitiesV2.ts(343,359): error TS1005: ';' expected.
lib/visualLab/data/poiExtraGuatemalaCitiesV2.ts(343,662): error TS1005: ';' expected.
lib/visualLab/data/poiExtraGuatemalaCitiesV2.ts(343,1103): error TS1005: ';' expected.
lib/visualLab/data/poiExtraGuatemalaCitiesV2.ts(344,4): error TS1128: Declaration or statement expected.
lib/visualLab/data/poiExtraGuatemalaCitiesV2.ts(347,9): error TS1005: ';' expected.
lib/visualLab/data/poiExtraGuatemalaCitiesV2.ts(348,11): error TS1005: ';' expected.
lib/visualLab/data/poiExtraGuatemalaCitiesV2.ts(349,11): error TS1005: ';' expected.
lib/visualLab/data/poiExtraGuatemalaCitiesV2.ts(350,9): error TS1005: ';' expected.
lib/visualLab/data/poiExtraGuatemalaCitiesV2.ts(350,32): error TS1005: ';' expected.
lib/visualLab/data/poiExtraGuatemalaCitiesV2.ts(350,49): error TS1005: ';' expected.
lib/visualLab/data/poiExtraGuatemalaCitiesV2.ts(350,66): error TS1005: ';' expected.
lib/visualLab/data/poiExtraGuatemalaCitiesV2.ts(350,81): error TS1128: Declaration or statement expected.
lib/visualLab/data/poiExtraGuatemalaCitiesV2.ts(351,89): error TS1005: ';' expected.
lib/visualLab/data/poiExtraGuatemalaCitiesV2.ts(351,137): error TS1005: ';' expected.
lib/visualLab/data/poiExtraGuatemalaCitiesV2.ts(351,198): error TS1005: ';' expected.
lib/visualLab/data/poiExtraGuatemalaCitiesV2.ts(351,261): error TS1128: Declaration or statement expected.
lib/visualLab/data/poiExtraGuatemalaCitiesV2.ts(352,79): error TS1005: ';' expected.
lib/visualLab/data/poiExtraGuatemalaCitiesV2.ts(352,154): error TS1005: ';' expected.
lib/visualLab/data/poiExtraGuatemalaCitiesV2.ts(352,243): error TS1005: ';' expected.
lib/visualLab/data/poiExtraGuatemalaCitiesV2.ts(352,315): error TS1128: Declaration or statement expected.
lib/visualLab/data/poiExtraGuatemalaCitiesV2.ts(353,665): error TS1005: ';' expected.
lib/visualLab/data/poiExtraGuatemalaCitiesV2.ts(353,1230): error TS1005: ';' expected.
lib/visualLab/data/poiExtraGuatemalaCitiesV2.ts(353,1738): error TS1005: ';' expected.
lib/visualLab/data/poiExtraGuatemalaCitiesV2.ts(353,2506): error TS1128: Declaration or statement expected.
lib/visualLab/data/poiExtraGuatemalaCitiesV2.ts(354,356): error TS1005: ';' expected.
lib/visualLab/data/poiExtraGuatemalaCitiesV2.ts(354,652): error TS1005: ';' expected.
lib/visualLab/data/poiExtraGuatemalaCitiesV2.ts(354,1074): error TS1005: ';' expected.
lib/visualLab/data/poiExtraGuatemalaCitiesV2.ts(355,4): error TS1128: Declaration or statement expected.
lib/visualLab/data/poiExtraGuatemalaCitiesV2.ts(358,9): error TS1005: ';' expected.
lib/visualLab/data/poiExtraGuatemalaCitiesV2.ts(359,11): error TS1005: ';' expected.
lib/visualLab/data/poiExtraGuatemalaCitiesV2.ts(360,11): error TS1005: ';' expected.
lib/visualLab/data/poiExtraGuatemalaCitiesV2.ts(361,9): error TS1005: ';' expected.
lib/visualLab/data/poiExtraGuatemalaCitiesV2.ts(361,29): error TS1005: ';' expected.
lib/visualLab/data/poiExtraGuatemalaCitiesV2.ts(361,43): error TS1005: ';' expected.
lib/visualLab/data/poiExtraGuatemalaCitiesV2.ts(361,57): error TS1005: ';' expected.
lib/visualLab/data/poiExtraGuatemalaCitiesV2.ts(361,69): error TS1128: Declaration or statement expected.
lib/visualLab/data/poiExtraGuatemalaCitiesV2.ts(362,109): error TS1005: ';' expected.
lib/visualLab/data/poiExtraGuatemalaCitiesV2.ts(362,177): error TS1005: ';' expected.
lib/visualLab/data/poiExtraGuatemalaCitiesV2.ts(362,265): error TS1005: ';' expected.
lib/visualLab/data/poiExtraGuatemalaCitiesV2.ts(362,342): error TS1128: Declaration or statement expected.
lib/visualLab/data/poiExtraGuatemalaCitiesV2.ts(363,120): error TS1005: ';' expected.
lib/visualLab/data/poiExtraGuatemalaCitiesV2.ts(363,215): error TS1005: ';' expected.
lib/visualLab/data/poiExtraGuatemalaCitiesV2.ts(363,326): error TS1005: ';' expected.
lib/visualLab/data/poiExtraGuatemalaCitiesV2.ts(363,423): error TS1128: Declaration or statement expected.
lib/visualLab/data/poiExtraGuatemalaCitiesV2.ts(364,739): error TS1005: ';' expected.
lib/visualLab/data/poiExtraGuatemalaCitiesV2.ts(364,1326): error TS1005: ';' expected.
lib/visualLab/data/poiExtraGuatemalaCitiesV2.ts(364,1834): error TS1005: ';' expected.
lib/visualLab/data/poiExtraGuatemalaCitiesV2.ts(364,2591): error TS1128: Declaration or statement expected.
lib/visualLab/data/poiExtraGuatemalaCitiesV2.ts(365,343): error TS1005: ';' expected.
lib/visualLab/data/poiExtraGuatemalaCitiesV2.ts(365,623): error TS1005: ';' expected.
lib/visualLab/data/poiExtraGuatemalaCitiesV2.ts(365,1082): error TS1005: ';' expected.
lib/visualLab/data/poiExtraGuatemalaCitiesV2.ts(366,4): error TS1128: Declaration or statement expected.
lib/visualLab/data/poiExtraGuatemalaCitiesV2.ts(369,9): error TS1005: ';' expected.
lib/visualLab/data/poiExtraGuatemalaCitiesV2.ts(370,11): error TS1005: ';' expected.
lib/visualLab/data/poiExtraGuatemalaCitiesV2.ts(371,11): error TS1005: ';' expected.
lib/visualLab/data/poiExtraGuatemalaCitiesV2.ts(372,9): error TS1005: ';' expected.
lib/visualLab/data/poiExtraGuatemalaCitiesV2.ts(372,30): error TS1005: ';' expected.
lib/visualLab/data/poiExtraGuatemalaCitiesV2.ts(372,45): error TS1005: ';' expected.
lib/visualLab/data/poiExtraGuatemalaCitiesV2.ts(372,60): error TS1005: ';' expected.
lib/visualLab/data/poiExtraGuatemalaCitiesV2.ts(372,73): error TS1128: Declaration or statement expected.
lib/visualLab/data/poiExtraGuatemalaCitiesV2.ts(373,91): error TS1005: ';' expected.
lib/visualLab/data/poiExtraGuatemalaCitiesV2.ts(373,148): error TS1005: ';' expected.
lib/visualLab/data/poiExtraGuatemalaCitiesV2.ts(373,218): error TS1005: ';' expected.
lib/visualLab/data/poiExtraGuatemalaCitiesV2.ts(373,280): error TS1128: Declaration or statement expected.
lib/visualLab/data/poiExtraGuatemalaCitiesV2.ts(374,116): error TS1005: ';' expected.
lib/visualLab/data/poiExtraGuatemalaCitiesV2.ts(374,208): error TS1005: ';' expected.
lib/visualLab/data/poiExtraGuatemalaCitiesV2.ts(374,306): error TS1005: ';' expected.
lib/visualLab/data/poiExtraGuatemalaCitiesV2.ts(374,401): error TS1128: Declaration or statement expected.
lib/visualLab/data/poiExtraGuatemalaCitiesV2.ts(375,667): error TS1005: ';' expected.
lib/visualLab/data/poiExtraGuatemalaCitiesV2.ts(375,1247): error TS1005: ';' expected.
lib/visualLab/data/poiExtraGuatemalaCitiesV2.ts(375,1780): error TS1005: ';' expected.
lib/visualLab/data/poiExtraGuatemalaCitiesV2.ts(375,2556): error TS1005: ';' expected.
lib/visualLab/data/poiExtraGuatemalaCitiesV2.ts(375,2556): error TS1434: Unexpected keyword or identifier.
lib/visualLab/data/poiExtraGuatemalaCitiesV2.ts(375,3140): error TS1002: Unterminated string literal.
lib/visualLab/data/poiExtraGuatemalaCitiesV2.ts(376,348): error TS1005: ';' expected.
lib/visualLab/data/poiExtraGuatemalaCitiesV2.ts(376,612): error TS1005: ';' expected.
lib/visualLab/data/poiExtraGuatemalaCitiesV2.ts(376,1046): error TS1005: ';' expected.
lib/visualLab/data/poiExtraGuatemalaCitiesV2.ts(377,4): error TS1128: Declaration or statement expected.
lib/visualLab/data/poiExtraGuatemalaCitiesV2.ts(380,9): error TS1005: ';' expected.
lib/visualLab/data/poiExtraGuatemalaCitiesV2.ts(381,11): error TS1005: ';' expected.
lib/visualLab/data/poiExtraGuatemalaCitiesV2.ts(382,11): error TS1005: ';' expected.
lib/visualLab/data/poiExtraGuatemalaCitiesV2.ts(383,9): error TS1005: ';' expected.
lib/visualLab/data/poiExtraGuatemalaCitiesV2.ts(383,30): error TS1005: ';' expected.
lib/visualLab/data/poiExtraGuatemalaCitiesV2.ts(383,45): error TS1005: ';' expected.
lib/visualLab/data/poiExtraGuatemalaCitiesV2.ts(383,60): error TS1005: ';' expected.
lib/visualLab/data/poiExtraGuatemalaCitiesV2.ts(383,73): error TS1128: Declaration or statement expected.
lib/visualLab/data/poiExtraGuatemalaCitiesV2.ts(384,95): error TS1005: ';' expected.
lib/visualLab/data/poiExtraGuatemalaCitiesV2.ts(384,159): error TS1005: ';' expected.
lib/visualLab/data/poiExtraGuatemalaCitiesV2.ts(384,235): error TS1005: ';' expected.
lib/visualLab/data/poiExtraGuatemalaCitiesV2.ts(384,306): error TS1128: Declaration or statement expected.
lib/visualLab/data/poiExtraGuatemalaCitiesV2.ts(385,86): error TS1005: ';' expected.
lib/visualLab/data/poiExtraGuatemalaCitiesV2.ts(385,156): error TS1005: ';' expected.
lib/visualLab/data/poiExtraGuatemalaCitiesV2.ts(385,231): error TS1005: ';' expected.
lib/visualLab/data/poiExtraGuatemalaCitiesV2.ts(385,301): error TS1128: Declaration or statement expected.
lib/visualLab/data/poiExtraGuatemalaCitiesV2.ts(386,701): error TS1005: ';' expected.
lib/visualLab/data/poiExtraGuatemalaCitiesV2.ts(386,1249): error TS1005: ';' expected.
lib/visualLab/data/poiExtraGuatemalaCitiesV2.ts(386,1810): error TS1005: ';' expected.
lib/visualLab/data/poiExtraGuatemalaCitiesV2.ts(386,2574): error TS1005: ';' expected.
lib/visualLab/data/poiExtraGuatemalaCitiesV2.ts(386,2574): error TS1434: Unexpected keyword or identifier.
lib/visualLab/data/poiExtraGuatemalaCitiesV2.ts(386,3139): error TS1002: Unterminated string literal.
lib/visualLab/data/poiExtraGuatemalaCitiesV2.ts(387,361): error TS1005: ';' expected.
lib/visualLab/data/poiExtraGuatemalaCitiesV2.ts(387,655): error TS1005: ';' expected.
lib/visualLab/data/poiExtraGuatemalaCitiesV2.ts(387,1080): error TS1005: ';' expected.
lib/visualLab/data/poiExtraGuatemalaCitiesV2.ts(388,4): error TS1128: Declaration or statement expected.
lib/visualLab/data/poiExtraGuatemalaCitiesV2.ts(391,9): error TS1005: ';' expected.
lib/visualLab/data/poiExtraGuatemalaCitiesV2.ts(392,11): error TS1005: ';' expected.
lib/visualLab/data/poiExtraGuatemalaCitiesV2.ts(393,11): error TS1005: ';' expected.
lib/visualLab/data/poiExtraGuatemalaCitiesV2.ts(394,9): error TS1005: ';' expected.
lib/visualLab/data/poiExtraGuatemalaCitiesV2.ts(394,29): error TS1005: ';' expected.
lib/visualLab/data/poiExtraGuatemalaCitiesV2.ts(394,43): error TS1005: ';' expected.
lib/visualLab/data/poiExtraGuatemalaCitiesV2.ts(394,57): error TS1005: ';' expected.
lib/visualLab/data/poiExtraGuatemalaCitiesV2.ts(394,69): error TS1128: Declaration or statement expected.
lib/visualLab/data/poiExtraGuatemalaCitiesV2.ts(395,88): error TS1005: ';' expected.
lib/visualLab/data/poiExtraGuatemalaCitiesV2.ts(395,145): error TS1005: ';' expected.
lib/visualLab/data/poiExtraGuatemalaCitiesV2.ts(395,206): error TS1005: ';' expected.
lib/visualLab/data/poiExtraGuatemalaCitiesV2.ts(395,265): error TS1128: Declaration or statement expected.
lib/visualLab/data/poiExtraGuatemalaCitiesV2.ts(396,112): error TS1005: ';' expected.
lib/visualLab/data/poiExtraGuatemalaCitiesV2.ts(396,208): error TS1005: ';' expected.
lib/visualLab/data/poiExtraGuatemalaCitiesV2.ts(396,312): error TS1005: ';' expected.
lib/visualLab/data/poiExtraGuatemalaCitiesV2.ts(396,405): error TS1128: Declaration or statement expected.
lib/visualLab/data/poiExtraGuatemalaCitiesV2.ts(397,685): error TS1005: ';' expected.
lib/visualLab/data/poiExtraGuatemalaCitiesV2.ts(397,1265): error TS1005: ';' expected.
lib/visualLab/data/poiExtraGuatemalaCitiesV2.ts(397,1765): error TS1005: ';' expected.
lib/visualLab/data/poiExtraGuatemalaCitiesV2.ts(397,2499): error TS1128: Declaration or statement expected.
lib/visualLab/data/poiExtraGuatemalaCitiesV2.ts(398,349): error TS1005: ';' expected.
lib/visualLab/data/poiExtraGuatemalaCitiesV2.ts(398,642): error TS1005: ';' expected.
lib/visualLab/data/poiExtraGuatemalaCitiesV2.ts(398,1075): error TS1005: ';' expected.
lib/visualLab/data/poiExtraGuatemalaCitiesV2.ts(399,4): error TS1128: Declaration or statement expected.
lib/visualLab/data/poiExtraGuatemalaCitiesV2.ts(402,9): error TS1005: ';' expected.
lib/visualLab/data/poiExtraGuatemalaCitiesV2.ts(403,11): error TS1005: ';' expected.
lib/visualLab/data/poiExtraGuatemalaCitiesV2.ts(404,11): error TS1005: ';' expected.
lib/visualLab/data/poiExtraGuatemalaCitiesV2.ts(405,9): error TS1005: ';' expected.
lib/visualLab/data/poiExtraGuatemalaCitiesV2.ts(405,36): error TS1005: ';' expected.
lib/visualLab/data/poiExtraGuatemalaCitiesV2.ts(405,57): error TS1005: ';' expected.
lib/visualLab/data/poiExtraGuatemalaCitiesV2.ts(405,78): error TS1005: ';' expected.
lib/visualLab/data/poiExtraGuatemalaCitiesV2.ts(405,97): error TS1128: Declaration or statement expected.
lib/visualLab/data/poiExtraGuatemalaCitiesV2.ts(406,90): error TS1005: ';' expected.
lib/visualLab/data/poiExtraGuatemalaCitiesV2.ts(406,150): error TS1005: ';' expected.
lib/visualLab/data/poiExtraGuatemalaCitiesV2.ts(406,223): error TS1005: ';' expected.
lib/visualLab/data/poiExtraGuatemalaCitiesV2.ts(406,293): error TS1128: Declaration or statement expected.
lib/visualLab/data/poiExtraGuatemalaCitiesV2.ts(407,105): error TS1005: ';' expected.
lib/visualLab/data/poiExtraGuatemalaCitiesV2.ts(407,199): error TS1005: ';' expected.
lib/visualLab/data/poiExtraGuatemalaCitiesV2.ts(407,293): error TS1005: ';' expected.
lib/visualLab/data/poiExtraGuatemalaCitiesV2.ts(407,376): error TS1128: Declaration or statement expected.
lib/visualLab/data/poiExtraGuatemalaCitiesV2.ts(408,696): error TS1005: ';' expected.
lib/visualLab/data/poiExtraGuatemalaCitiesV2.ts(408,1321): error TS1005: ';' expected.
lib/visualLab/data/poiExtraGuatemalaCitiesV2.ts(408,1829): error TS1005: ';' expected.
lib/visualLab/data/poiExtraGuatemalaCitiesV2.ts(408,2591): error TS1128: Declaration or statement expected.
lib/visualLab/data/poiExtraGuatemalaCitiesV2.ts(409,359): error TS1005: ';' expected.
lib/visualLab/data/poiExtraGuatemalaCitiesV2.ts(409,654): error TS1005: ';' expected.
lib/visualLab/data/poiExtraGuatemalaCitiesV2.ts(409,1056): error TS1005: ';' expected.
lib/visualLab/data/poiExtraGuatemalaCitiesV2.ts(410,4): error TS1128: Declaration or statement expected.
lib/visualLab/data/poiExtraGuatemalaCitiesV2.ts(413,9): error TS1005: ';' expected.
lib/visualLab/data/poiExtraGuatemalaCitiesV2.ts(414,11): error TS1005: ';' expected.
lib/visualLab/data/poiExtraGuatemalaCitiesV2.ts(415,11): error TS1005: ';' expected.
lib/visualLab/data/poiExtraGuatemalaCitiesV2.ts(416,9): error TS1005: ';' expected.
lib/visualLab/data/poiExtraGuatemalaCitiesV2.ts(416,29): error TS1005: ';' expected.
lib/visualLab/data/poiExtraGuatemalaCitiesV2.ts(416,43): error TS1005: ';' expected.
lib/visualLab/data/poiExtraGuatemalaCitiesV2.ts(416,57): error TS1005: ';' expected.
lib/visualLab/data/poiExtraGuatemalaCitiesV2.ts(416,69): error TS1128: Declaration or statement expected.
lib/visualLab/data/poiExtraGuatemalaCitiesV2.ts(417,73): error TS1005: ';' expected.
lib/visualLab/data/poiExtraGuatemalaCitiesV2.ts(417,123): error TS1005: ';' expected.
lib/visualLab/data/poiExtraGuatemalaCitiesV2.ts(417,178): error TS1005: ';' expected.
lib/visualLab/data/poiExtraGuatemalaCitiesV2.ts(417,237): error TS1128: Declaration or statement expected.
lib/visualLab/data/poiExtraGuatemalaCitiesV2.ts(418,104): error TS1005: ';' expected.
lib/visualLab/data/poiExtraGuatemalaCitiesV2.ts(418,200): error TS1005: ';' expected.
lib/visualLab/data/poiExtraGuatemalaCitiesV2.ts(418,286): error TS1005: ';' expected.
lib/visualLab/data/poiExtraGuatemalaCitiesV2.ts(418,376): error TS1128: Declaration or statement expected.
lib/visualLab/data/poiExtraGuatemalaCitiesV2.ts(419,667): error TS1005: ';' expected.
lib/visualLab/data/poiExtraGuatemalaCitiesV2.ts(419,1250): error TS1005: ';' expected.
lib/visualLab/data/poiExtraGuatemalaCitiesV2.ts(419,1758): error TS1005: ';' expected.
lib/visualLab/data/poiExtraGuatemalaCitiesV2.ts(419,2493): error TS1128: Declaration or statement expected.
lib/visualLab/data/poiExtraGuatemalaCitiesV2.ts(420,340): error TS1005: ';' expected.
lib/visualLab/data/poiExtraGuatemalaCitiesV2.ts(420,617): error TS1005: ';' expected.
lib/visualLab/data/poiExtraGuatemalaCitiesV2.ts(420,1091): error TS1005: ';' expected.
lib/visualLab/data/poiExtraGuatemalaCitiesV2.ts(421,4): error TS1128: Declaration or statement expected.
lib/visualLab/data/poiExtraGuatemalaCitiesV2.ts(424,9): error TS1005: ';' expected.
lib/visualLab/data/poiExtraGuatemalaCitiesV2.ts(425,11): error TS1005: ';' expected.
lib/visualLab/data/poiExtraGuatemalaCitiesV2.ts(426,11): error TS1005: ';' expected.
lib/visualLab/data/poiExtraGuatemalaCitiesV2.ts(427,9): error TS1005: ';' expected.
lib/visualLab/data/poiExtraGuatemalaCitiesV2.ts(427,36): error TS1005: ';' expected.
lib/visualLab/data/poiExtraGuatemalaCitiesV2.ts(427,57): error TS1005: ';' expected.
lib/visualLab/data/poiExtraGuatemalaCitiesV2.ts(427,78): error TS1005: ';' expected.
lib/visualLab/data/poiExtraGuatemalaCitiesV2.ts(427,97): error TS1128: Declaration or statement expected.
lib/visualLab/data/poiExtraGuatemalaCitiesV2.ts(428,105): error TS1005: ';' expected.
lib/visualLab/data/poiExtraGuatemalaCitiesV2.ts(428,172): error TS1005: ';' expected.
lib/visualLab/data/poiExtraGuatemalaCitiesV2.ts(428,260): error TS1005: ';' expected.
lib/visualLab/data/poiExtraGuatemalaCitiesV2.ts(428,335): error TS1128: Declaration or statement expected.
lib/visualLab/data/poiExtraGuatemalaCitiesV2.ts(429,97): error TS1005: ';' expected.
lib/visualLab/data/poiExtraGuatemalaCitiesV2.ts(429,173): error TS1005: ';' expected.
lib/visualLab/data/poiExtraGuatemalaCitiesV2.ts(429,255): error TS1005: ';' expected.
lib/visualLab/data/poiExtraGuatemalaCitiesV2.ts(429,336): error TS1128: Declaration or statement expected.
lib/visualLab/data/poiExtraGuatemalaCitiesV2.ts(430,643): error TS1005: ';' expected.
lib/visualLab/data/poiExtraGuatemalaCitiesV2.ts(430,1210): error TS1005: ';' expected.
lib/visualLab/data/poiExtraGuatemalaCitiesV2.ts(430,1797): error TS1005: ';' expected.
lib/visualLab/data/poiExtraGuatemalaCitiesV2.ts(430,2556): error TS1128: Declaration or statement expected.
lib/visualLab/data/poiExtraGuatemalaCitiesV2.ts(431,341): error TS1005: ';' expected.
lib/visualLab/data/poiExtraGuatemalaCitiesV2.ts(431,613): error TS1005: ';' expected.
lib/visualLab/data/poiExtraGuatemalaCitiesV2.ts(431,1097): error TS1005: ';' expected.
lib/visualLab/data/poiExtraGuatemalaCitiesV2.ts(432,4): error TS1128: Declaration or statement expected.
lib/visualLab/data/poiExtraGuatemalaCitiesV2.ts(435,9): error TS1005: ';' expected.
lib/visualLab/data/poiExtraGuatemalaCitiesV2.ts(436,11): error TS1005: ';' expected.
lib/visualLab/data/poiExtraGuatemalaCitiesV2.ts(437,11): error TS1005: ';' expected.
lib/visualLab/data/poiExtraGuatemalaCitiesV2.ts(438,9): error TS1005: ';' expected.
lib/visualLab/data/poiExtraGuatemalaCitiesV2.ts(438,30): error TS1005: ';' expected.
lib/visualLab/data/poiExtraGuatemalaCitiesV2.ts(438,45): error TS1005: ';' expected.
lib/visualLab/data/poiExtraGuatemalaCitiesV2.ts(438,60): error TS1005: ';' expected.
lib/visualLab/data/poiExtraGuatemalaCitiesV2.ts(438,73): error TS1128: Declaration or statement expected.
lib/visualLab/data/poiExtraGuatemalaCitiesV2.ts(439,81): error TS1005: ';' expected.
lib/visualLab/data/poiExtraGuatemalaCitiesV2.ts(439,131): error TS1005: ';' expected.
lib/visualLab/data/poiExtraGuatemalaCitiesV2.ts(439,199): error TS1005: ';' expected.
lib/visualLab/data/poiExtraGuatemalaCitiesV2.ts(439,260): error TS1128: Declaration or statement expected.
lib/visualLab/data/poiExtraGuatemalaCitiesV2.ts(440,88): error TS1005: ';' expected.
lib/visualLab/data/poiExtraGuatemalaCitiesV2.ts(440,156): error TS1005: ';' expected.
lib/visualLab/data/poiExtraGuatemalaCitiesV2.ts(440,231): error TS1005: ';' expected.
lib/visualLab/data/poiExtraGuatemalaCitiesV2.ts(440,297): error TS1128: Declaration or statement expected.
lib/visualLab/data/poiExtraGuatemalaCitiesV2.ts(441,672): error TS1005: ';' expected.
lib/visualLab/data/poiExtraGuatemalaCitiesV2.ts(441,1233): error TS1005: ';' expected.
lib/visualLab/data/poiExtraGuatemalaCitiesV2.ts(441,1770): error TS1005: ';' expected.
lib/visualLab/data/poiExtraGuatemalaCitiesV2.ts(441,2540): error TS1128: Declaration or statement expected.
lib/visualLab/data/poiExtraGuatemalaCitiesV2.ts(442,333): error TS1005: ';' expected.
lib/visualLab/data/poiExtraGuatemalaCitiesV2.ts(442,612): error TS1005: ';' expected.
lib/visualLab/data/poiExtraGuatemalaCitiesV2.ts(442,1059): error TS1005: ';' expected.
lib/visualLab/data/poiExtraGuatemalaCitiesV2.ts(443,4): error TS1128: Declaration or statement expected.
lib/visualLab/data/poiExtraGuatemalaCitiesV2.ts(446,9): error TS1005: ';' expected.
lib/visualLab/data/poiExtraGuatemalaCitiesV2.ts(447,11): error TS1005: ';' expected.
lib/visualLab/data/poiExtraGuatemalaCitiesV2.ts(448,11): error TS1005: ';' expected.
lib/visualLab/data/poiExtraGuatemalaCitiesV2.ts(449,9): error TS1005: ';' expected.
lib/visualLab/data/poiExtraGuatemalaCitiesV2.ts(449,33): error TS1005: ';' expected.
lib/visualLab/data/poiExtraGuatemalaCitiesV2.ts(449,51): error TS1005: ';' expected.
lib/visualLab/data/poiExtraGuatemalaCitiesV2.ts(449,69): error TS1005: ';' expected.
lib/visualLab/data/poiExtraGuatemalaCitiesV2.ts(449,85): error TS1128: Declaration or statement expected.
lib/visualLab/data/poiExtraGuatemalaCitiesV2.ts(450,63): error TS1005: ';' expected.
lib/visualLab/data/poiExtraGuatemalaCitiesV2.ts(450,100): error TS1005: ';' expected.
lib/visualLab/data/poiExtraGuatemalaCitiesV2.ts(450,140): error TS1005: ';' expected.
lib/visualLab/data/poiExtraGuatemalaCitiesV2.ts(450,186): error TS1128: Declaration or statement expected.
lib/visualLab/data/poiExtraGuatemalaCitiesV2.ts(451,95): error TS1005: ';' expected.
lib/visualLab/data/poiExtraGuatemalaCitiesV2.ts(451,172): error TS1005: ';' expected.
lib/visualLab/data/poiExtraGuatemalaCitiesV2.ts(451,250): error TS1005: ';' expected.
lib/visualLab/data/poiExtraGuatemalaCitiesV2.ts(451,324): error TS1128: Declaration or statement expected.
lib/visualLab/data/poiExtraGuatemalaCitiesV2.ts(452,655): error TS1005: ';' expected.
lib/visualLab/data/poiExtraGuatemalaCitiesV2.ts(452,1235): error TS1005: ';' expected.
lib/visualLab/data/poiExtraGuatemalaCitiesV2.ts(452,1806): error TS1005: ';' expected.
lib/visualLab/data/poiExtraGuatemalaCitiesV2.ts(452,2580): error TS1128: Declaration or statement expected.
lib/visualLab/data/poiExtraGuatemalaCitiesV2.ts(453,347): error TS1005: ';' expected.
lib/visualLab/data/poiExtraGuatemalaCitiesV2.ts(453,625): error TS1005: ';' expected.
lib/visualLab/data/poiExtraGuatemalaCitiesV2.ts(453,1117): error TS1005: ';' expected.
lib/visualLab/data/poiExtraGuatemalaCitiesV2.ts(454,4): error TS1128: Declaration or statement expected.
lib/visualLab/data/poiExtraGuatemalaCitiesV2.ts(457,9): error TS1005: ';' expected.
lib/visualLab/data/poiExtraGuatemalaCitiesV2.ts(458,11): error TS1005: ';' expected.
lib/visualLab/data/poiExtraGuatemalaCitiesV2.ts(459,11): error TS1005: ';' expected.
lib/visualLab/data/poiExtraGuatemalaCitiesV2.ts(460,9): error TS1005: ';' expected.
lib/visualLab/data/poiExtraGuatemalaCitiesV2.ts(460,30): error TS1005: ';' expected.
lib/visualLab/data/poiExtraGuatemalaCitiesV2.ts(460,45): error TS1005: ';' expected.
lib/visualLab/data/poiExtraGuatemalaCitiesV2.ts(460,60): error TS1005: ';' expected.
lib/visualLab/data/poiExtraGuatemalaCitiesV2.ts(460,73): error TS1128: Declaration or statement expected.
lib/visualLab/data/poiExtraGuatemalaCitiesV2.ts(461,84): error TS1005: ';' expected.
lib/visualLab/data/poiExtraGuatemalaCitiesV2.ts(461,140): error TS1005: ';' expected.
lib/visualLab/data/poiExtraGuatemalaCitiesV2.ts(461,203): error TS1005: ';' expected.
lib/visualLab/data/poiExtraGuatemalaCitiesV2.ts(461,273): error TS1128: Declaration or statement expected.
lib/visualLab/data/poiExtraGuatemalaCitiesV2.ts(462,110): error TS1005: ';' expected.
lib/visualLab/data/poiExtraGuatemalaCitiesV2.ts(462,203): error TS1005: ';' expected.
lib/visualLab/data/poiExtraGuatemalaCitiesV2.ts(462,289): error TS1005: ';' expected.
lib/visualLab/data/poiExtraGuatemalaCitiesV2.ts(462,372): error TS1128: Declaration or statement expected.
lib/visualLab/data/poiExtraGuatemalaCitiesV2.ts(463,683): error TS1005: ';' expected.
lib/visualLab/data/poiExtraGuatemalaCitiesV2.ts(463,1263): error TS1005: ';' expected.
lib/visualLab/data/poiExtraGuatemalaCitiesV2.ts(463,1791): error TS1005: ';' expected.
lib/visualLab/data/poiExtraGuatemalaCitiesV2.ts(463,2528): error TS1128: Declaration or statement expected.
lib/visualLab/data/poiExtraGuatemalaCitiesV2.ts(464,368): error TS1005: ';' expected.
lib/visualLab/data/poiExtraGuatemalaCitiesV2.ts(464,642): error TS1005: ';' expected.
lib/visualLab/data/poiExtraGuatemalaCitiesV2.ts(464,1119): error TS1005: ';' expected.
lib/visualLab/data/poiExtraGuatemalaCitiesV2.ts(465,4): error TS1128: Declaration or statement expected.
lib/visualLab/data/poiExtraGuatemalaCitiesV2.ts(468,9): error TS1005: ';' expected.
lib/visualLab/data/poiExtraGuatemalaCitiesV2.ts(469,11): error TS1005: ';' expected.
lib/visualLab/data/poiExtraGuatemalaCitiesV2.ts(470,11): error TS1005: ';' expected.
lib/visualLab/data/poiExtraGuatemalaCitiesV2.ts(471,9): error TS1005: ';' expected.
lib/visualLab/data/poiExtraGuatemalaCitiesV2.ts(471,32): error TS1005: ';' expected.
lib/visualLab/data/poiExtraGuatemalaCitiesV2.ts(471,49): error TS1005: ';' expected.
lib/visualLab/data/poiExtraGuatemalaCitiesV2.ts(471,66): error TS1005: ';' expected.
lib/visualLab/data/poiExtraGuatemalaCitiesV2.ts(471,81): error TS1128: Declaration or statement expected.
lib/visualLab/data/poiExtraGuatemalaCitiesV2.ts(472,87): error TS1005: ';' expected.
lib/visualLab/data/poiExtraGuatemalaCitiesV2.ts(472,148): error TS1005: ';' expected.
lib/visualLab/data/poiExtraGuatemalaCitiesV2.ts(472,222): error TS1005: ';' expected.
lib/visualLab/data/poiExtraGuatemalaCitiesV2.ts(472,285): error TS1128: Declaration or statement expected.
lib/visualLab/data/poiExtraGuatemalaCitiesV2.ts(473,75): error TS1005: ';' expected.
lib/visualLab/data/poiExtraGuatemalaCitiesV2.ts(473,135): error TS1005: ';' expected.
lib/visualLab/data/poiExtraGuatemalaCitiesV2.ts(473,204): error TS1005: ';' expected.
lib/visualLab/data/poiExtraGuatemalaCitiesV2.ts(473,262): error TS1128: Declaration or statement expected.
lib/visualLab/data/poiExtraGuatemalaCitiesV2.ts(474,670): error TS1005: ';' expected.
lib/visualLab/data/poiExtraGuatemalaCitiesV2.ts(474,1249): error TS1005: ';' expected.
lib/visualLab/data/poiExtraGuatemalaCitiesV2.ts(474,1787): error TS1005: ';' expected.
lib/visualLab/data/poiExtraGuatemalaCitiesV2.ts(474,2487): error TS1128: Declaration or statement expected.
lib/visualLab/data/poiExtraGuatemalaCitiesV2.ts(475,339): error TS1005: ';' expected.
lib/visualLab/data/poiExtraGuatemalaCitiesV2.ts(475,614): error TS1005: ';' expected.
lib/visualLab/data/poiExtraGuatemalaCitiesV2.ts(475,1078): error TS1005: ';' expected.
lib/visualLab/data/poiExtraGuatemalaCitiesV2.ts(476,4): error TS1128: Declaration or statement expected.
lib/visualLab/data/poiExtraGuatemalaCitiesV2.ts(479,9): error TS1005: ';' expected.
lib/visualLab/data/poiExtraGuatemalaCitiesV2.ts(480,11): error TS1005: ';' expected.
lib/visualLab/data/poiExtraGuatemalaCitiesV2.ts(481,11): error TS1005: ';' expected.
lib/visualLab/data/poiExtraGuatemalaCitiesV2.ts(482,9): error TS1005: ';' expected.
lib/visualLab/data/poiExtraGuatemalaCitiesV2.ts(482,31): error TS1005: ';' expected.
lib/visualLab/data/poiExtraGuatemalaCitiesV2.ts(482,47): error TS1005: ';' expected.
lib/visualLab/data/poiExtraGuatemalaCitiesV2.ts(482,63): error TS1005: ';' expected.
lib/visualLab/data/poiExtraGuatemalaCitiesV2.ts(482,77): error TS1128: Declaration or statement expected.
lib/visualLab/data/poiExtraGuatemalaCitiesV2.ts(483,99): error TS1005: ';' expected.
lib/visualLab/data/poiExtraGuatemalaCitiesV2.ts(483,192): error TS1005: ';' expected.
lib/visualLab/data/poiExtraGuatemalaCitiesV2.ts(483,277): error TS1005: ';' expected.
lib/visualLab/data/poiExtraGuatemalaCitiesV2.ts(483,349): error TS1128: Declaration or statement expected.
lib/visualLab/data/poiExtraGuatemalaCitiesV2.ts(484,110): error TS1005: ';' expected.
lib/visualLab/data/poiExtraGuatemalaCitiesV2.ts(484,202): error TS1005: ';' expected.
lib/visualLab/data/poiExtraGuatemalaCitiesV2.ts(484,308): error TS1005: ';' expected.
lib/visualLab/data/poiExtraGuatemalaCitiesV2.ts(484,401): error TS1128: Declaration or statement expected.
lib/visualLab/data/poiExtraGuatemalaCitiesV2.ts(485,667): error TS1005: ';' expected.
lib/visualLab/data/poiExtraGuatemalaCitiesV2.ts(485,1246): error TS1005: ';' expected.
lib/visualLab/data/poiExtraGuatemalaCitiesV2.ts(485,1826): error TS1005: ';' expected.
lib/visualLab/data/poiExtraGuatemalaCitiesV2.ts(485,2571): error TS1128: Declaration or statement expected.
lib/visualLab/data/poiExtraGuatemalaCitiesV2.ts(486,337): error TS1005: ';' expected.
lib/visualLab/data/poiExtraGuatemalaCitiesV2.ts(486,611): error TS1005: ';' expected.
lib/visualLab/data/poiExtraGuatemalaCitiesV2.ts(486,1085): error TS1005: ';' expected.
lib/visualLab/data/poiExtraGuatemalaCitiesV2.ts(487,4): error TS1128: Declaration or statement expected.
lib/visualLab/data/poiExtraGuatemalaCitiesV2.ts(490,9): error TS1005: ';' expected.
lib/visualLab/data/poiExtraGuatemalaCitiesV2.ts(491,11): error TS1005: ';' expected.
lib/visualLab/data/poiExtraGuatemalaCitiesV2.ts(492,11): error TS1005: ';' expected.
lib/visualLab/data/poiExtraGuatemalaCitiesV2.ts(493,9): error TS1005: ';' expected.
lib/visualLab/data/poiExtraGuatemalaCitiesV2.ts(493,30): error TS1005: ';' expected.
lib/visualLab/data/poiExtraGuatemalaCitiesV2.ts(493,45): error TS1005: ';' expected.
lib/visualLab/data/poiExtraGuatemalaCitiesV2.ts(493,60): error TS1005: ';' expected.
lib/visualLab/data/poiExtraGuatemalaCitiesV2.ts(493,73): error TS1128: Declaration or statement expected.
lib/visualLab/data/poiExtraGuatemalaCitiesV2.ts(494,73): error TS1005: ';' expected.
lib/visualLab/data/poiExtraGuatemalaCitiesV2.ts(494,111): error TS1005: ';' expected.
lib/visualLab/data/poiExtraGuatemalaCitiesV2.ts(494,167): error TS1005: ';' expected.
lib/visualLab/data/poiExtraGuatemalaCitiesV2.ts(494,220): error TS1128: Declaration or statement expected.
lib/visualLab/data/poiExtraGuatemalaCitiesV2.ts(495,111): error TS1005: ';' expected.
lib/visualLab/data/poiExtraGuatemalaCitiesV2.ts(495,193): error TS1005: ';' expected.
lib/visualLab/data/poiExtraGuatemalaCitiesV2.ts(495,286): error TS1005: ';' expected.
lib/visualLab/data/poiExtraGuatemalaCitiesV2.ts(495,365): error TS1128: Declaration or statement expected.
lib/visualLab/data/poiExtraGuatemalaCitiesV2.ts(496,645): error TS1005: ';' expected.
lib/visualLab/data/poiExtraGuatemalaCitiesV2.ts(496,1194): error TS1005: ';' expected.
lib/visualLab/data/poiExtraGuatemalaCitiesV2.ts(496,1744): error TS1005: ';' expected.
lib/visualLab/data/poiExtraGuatemalaCitiesV2.ts(496,2462): error TS1128: Declaration or statement expected.
lib/visualLab/data/poiExtraGuatemalaCitiesV2.ts(497,346): error TS1005: ';' expected.
lib/visualLab/data/poiExtraGuatemalaCitiesV2.ts(497,644): error TS1005: ';' expected.
lib/visualLab/data/poiExtraGuatemalaCitiesV2.ts(497,1108): error TS1005: ';' expected.
lib/visualLab/data/poiExtraGuatemalaCitiesV2.ts(498,4): error TS1128: Declaration or statement expected.
lib/visualLab/data/poiExtraGuatemalaCitiesV2.ts(501,9): error TS1005: ';' expected.
lib/visualLab/data/poiExtraGuatemalaCitiesV2.ts(502,11): error TS1005: ';' expected.
lib/visualLab/data/poiExtraGuatemalaCitiesV2.ts(503,11): error TS1005: ';' expected.
lib/visualLab/data/poiExtraGuatemalaCitiesV2.ts(504,9): error TS1005: ';' expected.
lib/visualLab/data/poiExtraGuatemalaCitiesV2.ts(504,39): error TS1005: ';' expected.
lib/visualLab/data/poiExtraGuatemalaCitiesV2.ts(504,63): error TS1005: ';' expected.
lib/visualLab/data/poiExtraGuatemalaCitiesV2.ts(504,87): error TS1005: ';' expected.
lib/visualLab/data/poiExtraGuatemalaCitiesV2.ts(504,109): error TS1128: Declaration or statement expected.
lib/visualLab/data/poiExtraGuatemalaCitiesV2.ts(505,84): error TS1005: ';' expected.
lib/visualLab/data/poiExtraGuatemalaCitiesV2.ts(505,133): error TS1005: ';' expected.
lib/visualLab/data/poiExtraGuatemalaCitiesV2.ts(505,188): error TS1005: ';' expected.
lib/visualLab/data/poiExtraGuatemalaCitiesV2.ts(505,244): error TS1128: Declaration or statement expected.
lib/visualLab/data/poiExtraGuatemalaCitiesV2.ts(506,133): error TS1005: ';' expected.
lib/visualLab/data/poiExtraGuatemalaCitiesV2.ts(506,243): error TS1005: ';' expected.
lib/visualLab/data/poiExtraGuatemalaCitiesV2.ts(506,358): error TS1005: ';' expected.
lib/visualLab/data/poiExtraGuatemalaCitiesV2.ts(506,460): error TS1128: Declaration or statement expected.
lib/visualLab/data/poiExtraGuatemalaCitiesV2.ts(507,674): error TS1005: ';' expected.
lib/visualLab/data/poiExtraGuatemalaCitiesV2.ts(507,1230): error TS1005: ';' expected.
lib/visualLab/data/poiExtraGuatemalaCitiesV2.ts(507,1842): error TS1005: ';' expected.
lib/visualLab/data/poiExtraGuatemalaCitiesV2.ts(507,2484): error TS1128: Declaration or statement expected.
lib/visualLab/data/poiExtraGuatemalaCitiesV2.ts(508,350): error TS1005: ';' expected.
lib/visualLab/data/poiExtraGuatemalaCitiesV2.ts(508,633): error TS1005: ';' expected.
lib/visualLab/data/poiExtraGuatemalaCitiesV2.ts(508,1134): error TS1005: ';' expected.
lib/visualLab/data/poiExtraGuatemalaCitiesV2.ts(509,4): error TS1128: Declaration or statement expected.
lib/visualLab/data/poiExtraGuatemalaCitiesV2.ts(512,9): error TS1005: ';' expected.
lib/visualLab/data/poiExtraGuatemalaCitiesV2.ts(513,11): error TS1005: ';' expected.
lib/visualLab/data/poiExtraGuatemalaCitiesV2.ts(514,11): error TS1005: ';' expected.
lib/visualLab/data/poiExtraGuatemalaCitiesV2.ts(515,9): error TS1005: ';' expected.
lib/visualLab/data/poiExtraGuatemalaCitiesV2.ts(515,31): error TS1005: ';' expected.
lib/visualLab/data/poiExtraGuatemalaCitiesV2.ts(515,47): error TS1005: ';' expected.
lib/visualLab/data/poiExtraGuatemalaCitiesV2.ts(515,63): error TS1005: ';' expected.
lib/visualLab/data/poiExtraGuatemalaCitiesV2.ts(515,77): error TS1128: Declaration or statement expected.
lib/visualLab/data/poiExtraGuatemalaCitiesV2.ts(516,98): error TS1005: ';' expected.
lib/visualLab/data/poiExtraGuatemalaCitiesV2.ts(516,177): error TS1005: ';' expected.
lib/visualLab/data/poiExtraGuatemalaCitiesV2.ts(516,253): error TS1005: ';' expected.
lib/visualLab/data/poiExtraGuatemalaCitiesV2.ts(516,330): error TS1128: Declaration or statement expected.
lib/visualLab/data/poiExtraGuatemalaCitiesV2.ts(517,107): error TS1005: ';' expected.
lib/visualLab/data/poiExtraGuatemalaCitiesV2.ts(517,196): error TS1005: ';' expected.
lib/visualLab/data/poiExtraGuatemalaCitiesV2.ts(517,294): error TS1005: ';' expected.
lib/visualLab/data/poiExtraGuatemalaCitiesV2.ts(517,383): error TS1128: Declaration or statement expected.
lib/visualLab/data/poiExtraGuatemalaCitiesV2.ts(518,725): error TS1005: ';' expected.
lib/visualLab/data/poiExtraGuatemalaCitiesV2.ts(518,1391): error TS1005: ';' expected.
lib/visualLab/data/poiExtraGuatemalaCitiesV2.ts(518,1972): error TS1005: ';' expected.
lib/visualLab/data/poiExtraGuatemalaCitiesV2.ts(518,2665): error TS1128: Declaration or statement expected.
lib/visualLab/data/poiExtraGuatemalaCitiesV2.ts(519,333): error TS1005: ';' expected.
lib/visualLab/data/poiExtraGuatemalaCitiesV2.ts(519,634): error TS1005: ';' expected.
lib/visualLab/data/poiExtraGuatemalaCitiesV2.ts(519,1104): error TS1005: ';' expected.
lib/visualLab/data/poiExtraGuatemalaCitiesV2.ts(520,4): error TS1128: Declaration or statement expected.
lib/visualLab/data/poiExtraGuatemalaCitiesV2.ts(523,9): error TS1005: ';' expected.
lib/visualLab/data/poiExtraGuatemalaCitiesV2.ts(524,11): error TS1005: ';' expected.
lib/visualLab/data/poiExtraGuatemalaCitiesV2.ts(525,11): error TS1005: ';' expected.
lib/visualLab/data/poiExtraGuatemalaCitiesV2.ts(526,9): error TS1005: ';' expected.
lib/visualLab/data/poiExtraGuatemalaCitiesV2.ts(526,32): error TS1005: ';' expected.
lib/visualLab/data/poiExtraGuatemalaCitiesV2.ts(526,49): error TS1005: ';' expected.
lib/visualLab/data/poiExtraGuatemalaCitiesV2.ts(526,66): error TS1005: ';' expected.
lib/visualLab/data/poiExtraGuatemalaCitiesV2.ts(526,81): error TS1128: Declaration or statement expected.
lib/visualLab/data/poiExtraGuatemalaCitiesV2.ts(527,125): error TS1005: ';' expected.
lib/visualLab/data/poiExtraGuatemalaCitiesV2.ts(527,215): error TS1005: ';' expected.
lib/visualLab/data/poiExtraGuatemalaCitiesV2.ts(527,304): error TS1005: ';' expected.
lib/visualLab/data/poiExtraGuatemalaCitiesV2.ts(527,405): error TS1128: Declaration or statement expected.
lib/visualLab/data/poiExtraGuatemalaCitiesV2.ts(528,124): error TS1005: ';' expected.
lib/visualLab/data/poiExtraGuatemalaCitiesV2.ts(528,238): error TS1005: ';' expected.
lib/visualLab/data/poiExtraGuatemalaCitiesV2.ts(528,352): error TS1005: ';' expected.
lib/visualLab/data/poiExtraGuatemalaCitiesV2.ts(528,467): error TS1128: Declaration or statement expected.
lib/visualLab/data/poiExtraGuatemalaCitiesV2.ts(529,675): error TS1005: ';' expected.
lib/visualLab/data/poiExtraGuatemalaCitiesV2.ts(529,1247): error TS1005: ';' expected.
lib/visualLab/data/poiExtraGuatemalaCitiesV2.ts(529,1809): error TS1005: ';' expected.
lib/visualLab/data/poiExtraGuatemalaCitiesV2.ts(529,2452): error TS1128: Declaration or statement expected.
lib/visualLab/data/poiExtraGuatemalaCitiesV2.ts(530,349): error TS1005: ';' expected.
lib/visualLab/data/poiExtraGuatemalaCitiesV2.ts(530,640): error TS1005: ';' expected.
lib/visualLab/data/poiExtraGuatemalaCitiesV2.ts(530,1109): error TS1005: ';' expected.
lib/visualLab/data/poiExtraGuatemalaCitiesV2.ts(531,4): error TS1128: Declaration or statement expected.
lib/visualLab/data/poiExtraGuatemalaCitiesV2.ts(534,9): error TS1005: ';' expected.
lib/visualLab/data/poiExtraGuatemalaCitiesV2.ts(535,11): error TS1005: ';' expected.
lib/visualLab/data/poiExtraGuatemalaCitiesV2.ts(536,11): error TS1005: ';' expected.
lib/visualLab/data/poiExtraGuatemalaCitiesV2.ts(537,9): error TS1005: ';' expected.
lib/visualLab/data/poiExtraGuatemalaCitiesV2.ts(537,48): error TS1005: ';' expected.
lib/visualLab/data/poiExtraGuatemalaCitiesV2.ts(537,81): error TS1005: ';' expected.
lib/visualLab/data/poiExtraGuatemalaCitiesV2.ts(537,114): error TS1005: ';' expected.
lib/visualLab/data/poiExtraGuatemalaCitiesV2.ts(537,145): error TS1128: Declaration or statement expected.
lib/visualLab/data/poiExtraGuatemalaCitiesV2.ts(538,102): error TS1005: ';' expected.
lib/visualLab/data/poiExtraGuatemalaCitiesV2.ts(538,167): error TS1005: ';' expected.
lib/visualLab/data/poiExtraGuatemalaCitiesV2.ts(538,246): error TS1005: ';' expected.
lib/visualLab/data/poiExtraGuatemalaCitiesV2.ts(538,306): error TS1128: Declaration or statement expected.
lib/visualLab/data/poiExtraGuatemalaCitiesV2.ts(539,103): error TS1005: ';' expected.
lib/visualLab/data/poiExtraGuatemalaCitiesV2.ts(539,196): error TS1005: ';' expected.
lib/visualLab/data/poiExtraGuatemalaCitiesV2.ts(539,300): error TS1005: ';' expected.
lib/visualLab/data/poiExtraGuatemalaCitiesV2.ts(539,399): error TS1128: Declaration or statement expected.
lib/visualLab/data/poiExtraGuatemalaCitiesV2.ts(540,679): error TS1005: ';' expected.
lib/visualLab/data/poiExtraGuatemalaCitiesV2.ts(540,1271): error TS1005: ';' expected.
lib/visualLab/data/poiExtraGuatemalaCitiesV2.ts(540,1868): error TS1005: ';' expected.
lib/visualLab/data/poiExtraGuatemalaCitiesV2.ts(540,2515): error TS1128: Declaration or statement expected.
lib/visualLab/data/poiExtraGuatemalaCitiesV2.ts(541,368): error TS1005: ';' expected.
lib/visualLab/data/poiExtraGuatemalaCitiesV2.ts(541,671): error TS1005: ';' expected.
lib/visualLab/data/poiExtraGuatemalaCitiesV2.ts(541,1166): error TS1005: ';' expected.
lib/visualLab/data/poiExtraGuatemalaCitiesV2.ts(542,4): error TS1128: Declaration or statement expected.
lib/visualLab/data/poiExtraGuatemalaCitiesV2.ts(545,9): error TS1005: ';' expected.
lib/visualLab/data/poiExtraGuatemalaCitiesV2.ts(546,11): error TS1005: ';' expected.
lib/visualLab/data/poiExtraGuatemalaCitiesV2.ts(547,11): error TS1005: ';' expected.
lib/visualLab/data/poiExtraGuatemalaCitiesV2.ts(548,9): error TS1005: ';' expected.
lib/visualLab/data/poiExtraGuatemalaCitiesV2.ts(548,33): error TS1005: ';' expected.
lib/visualLab/data/poiExtraGuatemalaCitiesV2.ts(548,51): error TS1005: ';' expected.
lib/visualLab/data/poiExtraGuatemalaCitiesV2.ts(548,69): error TS1005: ';' expected.
lib/visualLab/data/poiExtraGuatemalaCitiesV2.ts(548,85): error TS1128: Declaration or statement expected.
lib/visualLab/data/poiExtraGuatemalaCitiesV2.ts(549,67): error TS1005: ';' expected.
lib/visualLab/data/poiExtraGuatemalaCitiesV2.ts(549,99): error TS1005: ';' expected.
lib/visualLab/data/poiExtraGuatemalaCitiesV2.ts(549,149): error TS1005: ';' expected.
lib/visualLab/data/poiExtraGuatemalaCitiesV2.ts(549,196): error TS1128: Declaration or statement expected.
lib/visualLab/data/poiExtraGuatemalaCitiesV2.ts(550,111): error TS1005: ';' expected.
lib/visualLab/data/poiExtraGuatemalaCitiesV2.ts(550,213): error TS1005: ';' expected.
lib/visualLab/data/poiExtraGuatemalaCitiesV2.ts(550,321): error TS1005: ';' expected.
lib/visualLab/data/poiExtraGuatemalaCitiesV2.ts(550,413): error TS1128: Declaration or statement expected.
lib/visualLab/data/poiExtraGuatemalaCitiesV2.ts(551,662): error TS1005: ';' expected.
lib/visualLab/data/poiExtraGuatemalaCitiesV2.ts(551,1234): error TS1005: ';' expected.
lib/visualLab/data/poiExtraGuatemalaCitiesV2.ts(551,1795): error TS1005: ';' expected.
lib/visualLab/data/poiExtraGuatemalaCitiesV2.ts(551,2425): error TS1128: Declaration or statement expected.
lib/visualLab/data/poiExtraGuatemalaCitiesV2.ts(552,349): error TS1005: ';' expected.
lib/visualLab/data/poiExtraGuatemalaCitiesV2.ts(552,645): error TS1005: ';' expected.
lib/visualLab/data/poiExtraGuatemalaCitiesV2.ts(552,1103): error TS1005: ';' expected.
lib/visualLab/data/poiExtraGuatemalaCitiesV2.ts(553,4): error TS1128: Declaration or statement expected.
lib/visualLab/data/poiExtraGuatemalaCitiesV2.ts(556,9): error TS1005: ';' expected.
lib/visualLab/data/poiExtraGuatemalaCitiesV2.ts(557,11): error TS1005: ';' expected.
lib/visualLab/data/poiExtraGuatemalaCitiesV2.ts(558,11): error TS1005: ';' expected.
lib/visualLab/data/poiExtraGuatemalaCitiesV2.ts(559,9): error TS1005: ';' expected.
lib/visualLab/data/poiExtraGuatemalaCitiesV2.ts(559,44): error TS1005: ';' expected.
lib/visualLab/data/poiExtraGuatemalaCitiesV2.ts(559,73): error TS1005: ';' expected.
lib/visualLab/data/poiExtraGuatemalaCitiesV2.ts(559,102): error TS1005: ';' expected.
lib/visualLab/data/poiExtraGuatemalaCitiesV2.ts(559,129): error TS1128: Declaration or statement expected.
lib/visualLab/data/poiExtraGuatemalaCitiesV2.ts(560,87): error TS1005: ';' expected.
lib/visualLab/data/poiExtraGuatemalaCitiesV2.ts(560,163): error TS1005: ';' expected.
lib/visualLab/data/poiExtraGuatemalaCitiesV2.ts(560,243): error TS1005: ';' expected.
lib/visualLab/data/poiExtraGuatemalaCitiesV2.ts(560,311): error TS1128: Declaration or statement expected.
lib/visualLab/data/poiExtraGuatemalaCitiesV2.ts(561,106): error TS1005: ';' expected.
lib/visualLab/data/poiExtraGuatemalaCitiesV2.ts(561,199): error TS1005: ';' expected.
lib/visualLab/data/poiExtraGuatemalaCitiesV2.ts(561,300): error TS1005: ';' expected.
lib/visualLab/data/poiExtraGuatemalaCitiesV2.ts(561,379): error TS1128: Declaration or statement expected.
lib/visualLab/data/poiExtraGuatemalaCitiesV2.ts(562,688): error TS1005: ';' expected.
lib/visualLab/data/poiExtraGuatemalaCitiesV2.ts(562,1276): error TS1005: ';' expected.
lib/visualLab/data/poiExtraGuatemalaCitiesV2.ts(562,1863): error TS1005: ';' expected.
lib/visualLab/data/poiExtraGuatemalaCitiesV2.ts(562,2519): error TS1128: Declaration or statement expected.
lib/visualLab/data/poiExtraGuatemalaCitiesV2.ts(563,339): error TS1005: ';' expected.
lib/visualLab/data/poiExtraGuatemalaCitiesV2.ts(563,638): error TS1005: ';' expected.
lib/visualLab/data/poiExtraGuatemalaCitiesV2.ts(563,1126): error TS1005: ';' expected.
lib/visualLab/data/poiExtraGuatemalaCitiesV2.ts(564,4): error TS1128: Declaration or statement expected.
lib/visualLab/data/poiExtraGuatemalaCitiesV2.ts(567,9): error TS1005: ';' expected.
lib/visualLab/data/poiExtraGuatemalaCitiesV2.ts(568,11): error TS1005: ';' expected.
lib/visualLab/data/poiExtraGuatemalaCitiesV2.ts(569,11): error TS1005: ';' expected.
lib/visualLab/data/poiExtraGuatemalaCitiesV2.ts(570,9): error TS1005: ';' expected.
lib/visualLab/data/poiExtraGuatemalaCitiesV2.ts(570,31): error TS1005: ';' expected.
lib/visualLab/data/poiExtraGuatemalaCitiesV2.ts(570,47): error TS1005: ';' expected.
lib/visualLab/data/poiExtraGuatemalaCitiesV2.ts(570,63): error TS1005: ';' expected.
lib/visualLab/data/poiExtraGuatemalaCitiesV2.ts(570,77): error TS1128: Declaration or statement expected.
lib/visualLab/data/poiExtraGuatemalaCitiesV2.ts(571,101): error TS1005: ';' expected.
lib/visualLab/data/poiExtraGuatemalaCitiesV2.ts(571,179): error TS1005: ';' expected.
lib/visualLab/data/poiExtraGuatemalaCitiesV2.ts(571,277): error TS1005: ';' expected.
lib/visualLab/data/poiExtraGuatemalaCitiesV2.ts(571,356): error TS1128: Declaration or statement expected.
lib/visualLab/data/poiExtraGuatemalaCitiesV2.ts(572,127): error TS1005: ';' expected.
lib/visualLab/data/poiExtraGuatemalaCitiesV2.ts(572,231): error TS1005: ';' expected.
lib/visualLab/data/poiExtraGuatemalaCitiesV2.ts(572,358): error TS1005: ';' expected.
lib/visualLab/data/poiExtraGuatemalaCitiesV2.ts(572,460): error TS1128: Declaration or statement expected.
lib/visualLab/data/poiExtraGuatemalaCitiesV2.ts(573,704): error TS1005: ';' expected.
lib/visualLab/data/poiExtraGuatemalaCitiesV2.ts(573,1319): error TS1005: ';' expected.
lib/visualLab/data/poiExtraGuatemalaCitiesV2.ts(573,1868): error TS1005: ';' expected.
lib/visualLab/data/poiExtraGuatemalaCitiesV2.ts(573,2540): error TS1128: Declaration or statement expected.
lib/visualLab/data/poiExtraGuatemalaCitiesV2.ts(574,377): error TS1005: ';' expected.
lib/visualLab/data/poiExtraGuatemalaCitiesV2.ts(574,680): error TS1005: ';' expected.
lib/visualLab/data/poiExtraGuatemalaCitiesV2.ts(574,1181): error TS1005: ';' expected.
lib/visualLab/data/poiExtraGuatemalaCitiesV2.ts(575,4): error TS1128: Declaration or statement expected.
lib/visualLab/data/poiExtraGuatemalaCitiesV2.ts(578,9): error TS1005: ';' expected.
lib/visualLab/data/poiExtraGuatemalaCitiesV2.ts(579,11): error TS1005: ';' expected.
lib/visualLab/data/poiExtraGuatemalaCitiesV2.ts(580,11): error TS1005: ';' expected.
lib/visualLab/data/poiExtraGuatemalaCitiesV2.ts(581,9): error TS1005: ';' expected.
lib/visualLab/data/poiExtraGuatemalaCitiesV2.ts(581,33): error TS1005: ';' expected.
lib/visualLab/data/poiExtraGuatemalaCitiesV2.ts(581,51): error TS1005: ';' expected.
lib/visualLab/data/poiExtraGuatemalaCitiesV2.ts(581,69): error TS1005: ';' expected.
lib/visualLab/data/poiExtraGuatemalaCitiesV2.ts(581,85): error TS1128: Declaration or statement expected.
lib/visualLab/data/poiExtraGuatemalaCitiesV2.ts(582,70): error TS1005: ';' expected.
lib/visualLab/data/poiExtraGuatemalaCitiesV2.ts(582,106): error TS1005: ';' expected.
lib/visualLab/data/poiExtraGuatemalaCitiesV2.ts(582,151): error TS1005: ';' expected.
lib/visualLab/data/poiExtraGuatemalaCitiesV2.ts(582,195): error TS1128: Declaration or statement expected.
lib/visualLab/data/poiExtraGuatemalaCitiesV2.ts(583,108): error TS1005: ';' expected.
lib/visualLab/data/poiExtraGuatemalaCitiesV2.ts(583,198): error TS1005: ';' expected.
lib/visualLab/data/poiExtraGuatemalaCitiesV2.ts(583,280): error TS1005: ';' expected.
lib/visualLab/data/poiExtraGuatemalaCitiesV2.ts(583,366): error TS1128: Declaration or statement expected.
lib/visualLab/data/poiExtraGuatemalaCitiesV2.ts(584,667): error TS1005: ';' expected.
lib/visualLab/data/poiExtraGuatemalaCitiesV2.ts(584,1238): error TS1005: ';' expected.
lib/visualLab/data/poiExtraGuatemalaCitiesV2.ts(584,1743): error TS1005: ';' expected.
lib/visualLab/data/poiExtraGuatemalaCitiesV2.ts(584,2378): error TS1128: Declaration or statement expected.
lib/visualLab/data/poiExtraGuatemalaCitiesV2.ts(585,354): error TS1005: ';' expected.
lib/visualLab/data/poiExtraGuatemalaCitiesV2.ts(585,679): error TS1005: ';' expected.
lib/visualLab/data/poiExtraGuatemalaCitiesV2.ts(585,1176): error TS1005: ';' expected.
lib/visualLab/data/poiExtraGuatemalaCitiesV2.ts(586,4): error TS1128: Declaration or statement expected.
lib/visualLab/data/poiExtraGuatemalaCitiesV2.ts(589,9): error TS1005: ';' expected.
lib/visualLab/data/poiExtraGuatemalaCitiesV2.ts(590,11): error TS1005: ';' expected.
lib/visualLab/data/poiExtraGuatemalaCitiesV2.ts(591,11): error TS1005: ';' expected.
lib/visualLab/data/poiExtraGuatemalaCitiesV2.ts(592,9): error TS1005: ';' expected.
lib/visualLab/data/poiExtraGuatemalaCitiesV2.ts(592,48): error TS1005: ';' expected.
lib/visualLab/data/poiExtraGuatemalaCitiesV2.ts(592,81): error TS1005: ';' expected.
lib/visualLab/data/poiExtraGuatemalaCitiesV2.ts(592,114): error TS1005: ';' expected.
lib/visualLab/data/poiExtraGuatemalaCitiesV2.ts(592,145): error TS1128: Declaration or statement expected.
lib/visualLab/data/poiExtraGuatemalaCitiesV2.ts(593,109): error TS1005: ';' expected.
lib/visualLab/data/poiExtraGuatemalaCitiesV2.ts(593,182): error TS1005: ';' expected.
lib/visualLab/data/poiExtraGuatemalaCitiesV2.ts(593,264): error TS1005: ';' expected.
lib/visualLab/data/poiExtraGuatemalaCitiesV2.ts(593,338): error TS1128: Declaration or statement expected.
lib/visualLab/data/poiExtraGuatemalaCitiesV2.ts(594,101): error TS1005: ';' expected.
lib/visualLab/data/poiExtraGuatemalaCitiesV2.ts(594,178): error TS1005: ';' expected.
lib/visualLab/data/poiExtraGuatemalaCitiesV2.ts(594,266): error TS1005: ';' expected.
lib/visualLab/data/poiExtraGuatemalaCitiesV2.ts(594,342): error TS1128: Declaration or statement expected.
lib/visualLab/data/poiExtraGuatemalaCitiesV2.ts(595,686): error TS1005: ';' expected.
lib/visualLab/data/poiExtraGuatemalaCitiesV2.ts(595,1255): error TS1005: ';' expected.
lib/visualLab/data/poiExtraGuatemalaCitiesV2.ts(595,1777): error TS1005: ';' expected.
lib/visualLab/data/poiExtraGuatemalaCitiesV2.ts(595,2431): error TS1128: Declaration or statement expected.
lib/visualLab/data/poiExtraGuatemalaCitiesV2.ts(596,334): error TS1005: ';' expected.
lib/visualLab/data/poiExtraGuatemalaCitiesV2.ts(596,644): error TS1005: ';' expected.
lib/visualLab/data/poiExtraGuatemalaCitiesV2.ts(596,1090): error TS1005: ';' expected.
lib/visualLab/data/poiExtraGuatemalaCitiesV2.ts(597,4): error TS1128: Declaration or statement expected.
lib/visualLab/data/poiExtraGuatemalaCitiesV2.ts(600,9): error TS1005: ';' expected.
lib/visualLab/data/poiExtraGuatemalaCitiesV2.ts(601,11): error TS1005: ';' expected.
lib/visualLab/data/poiExtraGuatemalaCitiesV2.ts(602,11): error TS1005: ';' expected.
lib/visualLab/data/poiExtraGuatemalaCitiesV2.ts(603,9): error TS1005: ';' expected.
lib/visualLab/data/poiExtraGuatemalaCitiesV2.ts(603,32): error TS1005: ';' expected.
lib/visualLab/data/poiExtraGuatemalaCitiesV2.ts(603,49): error TS1005: ';' expected.
lib/visualLab/data/poiExtraGuatemalaCitiesV2.ts(603,66): error TS1005: ';' expected.
lib/visualLab/data/poiExtraGuatemalaCitiesV2.ts(603,81): error TS1128: Declaration or statement expected.
lib/visualLab/data/poiExtraGuatemalaCitiesV2.ts(604,86): error TS1005: ';' expected.
lib/visualLab/data/poiExtraGuatemalaCitiesV2.ts(604,143): error TS1005: ';' expected.
lib/visualLab/data/poiExtraGuatemalaCitiesV2.ts(604,217): error TS1005: ';' expected.
lib/visualLab/data/poiExtraGuatemalaCitiesV2.ts(604,286): error TS1128: Declaration or statement expected.
lib/visualLab/data/poiExtraGuatemalaCitiesV2.ts(605,99): error TS1005: ';' expected.
lib/visualLab/data/poiExtraGuatemalaCitiesV2.ts(605,178): error TS1005: ';' expected.
lib/visualLab/data/poiExtraGuatemalaCitiesV2.ts(605,278): error TS1005: ';' expected.
lib/visualLab/data/poiExtraGuatemalaCitiesV2.ts(605,354): error TS1128: Declaration or statement expected.
lib/visualLab/data/poiExtraGuatemalaCitiesV2.ts(606,660): error TS1005: ';' expected.
lib/visualLab/data/poiExtraGuatemalaCitiesV2.ts(606,1206): error TS1005: ';' expected.
lib/visualLab/data/poiExtraGuatemalaCitiesV2.ts(606,1782): error TS1005: ';' expected.
lib/visualLab/data/poiExtraGuatemalaCitiesV2.ts(606,2410): error TS1128: Declaration or statement expected.
lib/visualLab/data/poiExtraGuatemalaCitiesV2.ts(607,352): error TS1005: ';' expected.
lib/visualLab/data/poiExtraGuatemalaCitiesV2.ts(607,680): error TS1005: ';' expected.
lib/visualLab/data/poiExtraGuatemalaCitiesV2.ts(607,1133): error TS1005: ';' expected.
lib/visualLab/data/poiExtraGuatemalaCitiesV2.ts(608,4): error TS1128: Declaration or statement expected.
lib/visualLab/data/poiExtraGuatemalaCitiesV2.ts(611,9): error TS1005: ';' expected.
lib/visualLab/data/poiExtraGuatemalaCitiesV2.ts(612,11): error TS1005: ';' expected.
lib/visualLab/data/poiExtraGuatemalaCitiesV2.ts(613,11): error TS1005: ';' expected.
lib/visualLab/data/poiExtraGuatemalaCitiesV2.ts(614,9): error TS1005: ';' expected.
lib/visualLab/data/poiExtraGuatemalaCitiesV2.ts(614,32): error TS1005: ';' expected.
lib/visualLab/data/poiExtraGuatemalaCitiesV2.ts(614,49): error TS1005: ';' expected.
lib/visualLab/data/poiExtraGuatemalaCitiesV2.ts(614,66): error TS1005: ';' expected.
lib/visualLab/data/poiExtraGuatemalaCitiesV2.ts(614,81): error TS1128: Declaration or statement expected.
lib/visualLab/data/poiExtraGuatemalaCitiesV2.ts(615,70): error TS1005: ';' expected.
lib/visualLab/data/poiExtraGuatemalaCitiesV2.ts(615,105): error TS1005: ';' expected.
lib/visualLab/data/poiExtraGuatemalaCitiesV2.ts(615,158): error TS1005: ';' expected.
lib/visualLab/data/poiExtraGuatemalaCitiesV2.ts(615,208): error TS1128: Declaration or statement expected.
lib/visualLab/data/poiExtraGuatemalaCitiesV2.ts(616,91): error TS1005: ';' expected.
lib/visualLab/data/poiExtraGuatemalaCitiesV2.ts(616,161): error TS1005: ';' expected.
lib/visualLab/data/poiExtraGuatemalaCitiesV2.ts(616,234): error TS1005: ';' expected.
lib/visualLab/data/poiExtraGuatemalaCitiesV2.ts(616,307): error TS1128: Declaration or statement expected.
lib/visualLab/data/poiExtraGuatemalaCitiesV2.ts(617,707): error TS1005: ';' expected.
lib/visualLab/data/poiExtraGuatemalaCitiesV2.ts(617,1289): error TS1005: ';' expected.
lib/visualLab/data/poiExtraGuatemalaCitiesV2.ts(617,1848): error TS1005: ';' expected.
lib/visualLab/data/poiExtraGuatemalaCitiesV2.ts(617,2523): error TS1128: Declaration or statement expected.
lib/visualLab/data/poiExtraGuatemalaCitiesV2.ts(618,346): error TS1005: ';' expected.
lib/visualLab/data/poiExtraGuatemalaCitiesV2.ts(618,668): error TS1005: ';' expected.
lib/visualLab/data/poiExtraGuatemalaCitiesV2.ts(618,1167): error TS1005: ';' expected.
lib/visualLab/data/poiExtraGuatemalaCitiesV2.ts(619,4): error TS1128: Declaration or statement expected.
lib/visualLab/data/poiExtraGuatemalaCitiesV2.ts(622,9): error TS1005: ';' expected.
lib/visualLab/data/poiExtraGuatemalaCitiesV2.ts(623,11): error TS1005: ';' expected.
lib/visualLab/data/poiExtraGuatemalaCitiesV2.ts(624,11): error TS1005: ';' expected.
lib/visualLab/data/poiExtraGuatemalaCitiesV2.ts(625,9): error TS1005: ';' expected.
lib/visualLab/data/poiExtraGuatemalaCitiesV2.ts(625,31): error TS1005: ';' expected.
lib/visualLab/data/poiExtraGuatemalaCitiesV2.ts(625,47): error TS1005: ';' expected.
lib/visualLab/data/poiExtraGuatemalaCitiesV2.ts(625,63): error TS1005: ';' expected.
lib/visualLab/data/poiExtraGuatemalaCitiesV2.ts(625,77): error TS1128: Declaration or statement expected.
lib/visualLab/data/poiExtraGuatemalaCitiesV2.ts(626,93): error TS1005: ';' expected.
lib/visualLab/data/poiExtraGuatemalaCitiesV2.ts(626,151): error TS1005: ';' expected.
lib/visualLab/data/poiExtraGuatemalaCitiesV2.ts(626,230): error TS1005: ';' expected.
lib/visualLab/data/poiExtraGuatemalaCitiesV2.ts(626,303): error TS1128: Declaration or statement expected.
lib/visualLab/data/poiExtraGuatemalaCitiesV2.ts(627,97): error TS1005: ';' expected.
lib/visualLab/data/poiExtraGuatemalaCitiesV2.ts(627,180): error TS1005: ';' expected.
lib/visualLab/data/poiExtraGuatemalaCitiesV2.ts(627,272): error TS1005: ';' expected.
lib/visualLab/data/poiExtraGuatemalaCitiesV2.ts(627,353): error TS1128: Declaration or statement expected.
lib/visualLab/data/poiExtraGuatemalaCitiesV2.ts(628,664): error TS1005: ';' expected.
lib/visualLab/data/poiExtraGuatemalaCitiesV2.ts(628,1194): error TS1005: ';' expected.
lib/visualLab/data/poiExtraGuatemalaCitiesV2.ts(628,1823): error TS1005: ';' expected.
lib/visualLab/data/poiExtraGuatemalaCitiesV2.ts(628,2455): error TS1128: Declaration or statement expected.
lib/visualLab/data/poiExtraGuatemalaCitiesV2.ts(629,345): error TS1005: ';' expected.
lib/visualLab/data/poiExtraGuatemalaCitiesV2.ts(629,666): error TS1005: ';' expected.
lib/visualLab/data/poiExtraGuatemalaCitiesV2.ts(629,1161): error TS1005: ';' expected.
lib/visualLab/data/poiExtraGuatemalaCitiesV2.ts(630,4): error TS1128: Declaration or statement expected.
lib/visualLab/data/poiExtraGuatemalaCitiesV2.ts(633,9): error TS1005: ';' expected.
lib/visualLab/data/poiExtraGuatemalaCitiesV2.ts(634,11): error TS1005: ';' expected.
lib/visualLab/data/poiExtraGuatemalaCitiesV2.ts(635,11): error TS1005: ';' expected.
lib/visualLab/data/poiExtraGuatemalaCitiesV2.ts(636,9): error TS1005: ';' expected.
lib/visualLab/data/poiExtraGuatemalaCitiesV2.ts(636,48): error TS1005: ';' expected.
lib/visualLab/data/poiExtraGuatemalaCitiesV2.ts(636,81): error TS1005: ';' expected.
lib/visualLab/data/poiExtraGuatemalaCitiesV2.ts(636,114): error TS1005: ';' expected.
lib/visualLab/data/poiExtraGuatemalaCitiesV2.ts(636,145): error TS1128: Declaration or statement expected.
lib/visualLab/data/poiExtraGuatemalaCitiesV2.ts(637,70): error TS1005: ';' expected.
lib/visualLab/data/poiExtraGuatemalaCitiesV2.ts(637,107): error TS1005: ';' expected.
lib/visualLab/data/poiExtraGuatemalaCitiesV2.ts(637,154): error TS1005: ';' expected.
lib/visualLab/data/poiExtraGuatemalaCitiesV2.ts(637,199): error TS1128: Declaration or statement expected.
lib/visualLab/data/poiExtraGuatemalaCitiesV2.ts(638,92): error TS1005: ';' expected.
lib/visualLab/data/poiExtraGuatemalaCitiesV2.ts(638,168): error TS1005: ';' expected.
lib/visualLab/data/poiExtraGuatemalaCitiesV2.ts(638,233): error TS1005: ';' expected.
lib/visualLab/data/poiExtraGuatemalaCitiesV2.ts(638,303): error TS1128: Declaration or statement expected.
lib/visualLab/data/poiExtraGuatemalaCitiesV2.ts(639,716): error TS1005: ';' expected.
lib/visualLab/data/poiExtraGuatemalaCitiesV2.ts(639,1325): error TS1005: ';' expected.
lib/visualLab/data/poiExtraGuatemalaCitiesV2.ts(639,1871): error TS1005: ';' expected.
lib/visualLab/data/poiExtraGuatemalaCitiesV2.ts(639,2555): error TS1128: Declaration or statement expected.
lib/visualLab/data/poiExtraGuatemalaCitiesV2.ts(640,340): error TS1005: ';' expected.
lib/visualLab/data/poiExtraGuatemalaCitiesV2.ts(640,656): error TS1005: ';' expected.
lib/visualLab/data/poiExtraGuatemalaCitiesV2.ts(640,1168): error TS1005: ';' expected.
lib/visualLab/data/poiExtraGuatemalaCitiesV2.ts(641,4): error TS1128: Declaration or statement expected.
lib/visualLab/data/poiExtraGuatemalaCitiesV2.ts(644,9): error TS1005: ';' expected.
lib/visualLab/data/poiExtraGuatemalaCitiesV2.ts(645,11): error TS1005: ';' expected.
lib/visualLab/data/poiExtraGuatemalaCitiesV2.ts(646,11): error TS1005: ';' expected.
lib/visualLab/data/poiExtraGuatemalaCitiesV2.ts(647,9): error TS1005: ';' expected.
lib/visualLab/data/poiExtraGuatemalaCitiesV2.ts(647,38): error TS1005: ';' expected.
lib/visualLab/data/poiExtraGuatemalaCitiesV2.ts(647,61): error TS1005: ';' expected.
lib/visualLab/data/poiExtraGuatemalaCitiesV2.ts(647,84): error TS1005: ';' expected.
lib/visualLab/data/poiExtraGuatemalaCitiesV2.ts(647,105): error TS1128: Declaration or statement expected.
lib/visualLab/data/poiExtraGuatemalaCitiesV2.ts(648,95): error TS1005: ';' expected.
lib/visualLab/data/poiExtraGuatemalaCitiesV2.ts(648,169): error TS1005: ';' expected.
lib/visualLab/data/poiExtraGuatemalaCitiesV2.ts(648,241): error TS1005: ';' expected.
lib/visualLab/data/poiExtraGuatemalaCitiesV2.ts(648,314): error TS1128: Declaration or statement expected.
lib/visualLab/data/poiExtraGuatemalaCitiesV2.ts(649,111): error TS1005: ';' expected.
lib/visualLab/data/poiExtraGuatemalaCitiesV2.ts(649,211): error TS1005: ';' expected.
lib/visualLab/data/poiExtraGuatemalaCitiesV2.ts(649,323): error TS1005: ';' expected.
lib/visualLab/data/poiExtraGuatemalaCitiesV2.ts(649,427): error TS1128: Declaration or statement expected.
lib/visualLab/data/poiExtraGuatemalaCitiesV2.ts(650,688): error TS1005: ';' expected.
lib/visualLab/data/poiExtraGuatemalaCitiesV2.ts(650,1299): error TS1005: ';' expected.
lib/visualLab/data/poiExtraGuatemalaCitiesV2.ts(650,1830): error TS1005: ';' expected.
lib/visualLab/data/poiExtraGuatemalaCitiesV2.ts(650,2486): error TS1128: Declaration or statement expected.
lib/visualLab/data/poiExtraGuatemalaCitiesV2.ts(651,346): error TS1005: ';' expected.
lib/visualLab/data/poiExtraGuatemalaCitiesV2.ts(651,668): error TS1005: ';' expected.
lib/visualLab/data/poiExtraGuatemalaCitiesV2.ts(651,1156): error TS1005: ';' expected.
lib/visualLab/data/poiExtraGuatemalaCitiesV2.ts(652,4): error TS1128: Declaration or statement expected.
lib/visualLab/data/poiExtraGuatemalaCitiesV2.ts(655,9): error TS1005: ';' expected.
lib/visualLab/data/poiExtraGuatemalaCitiesV2.ts(656,11): error TS1005: ';' expected.
lib/visualLab/data/poiExtraGuatemalaCitiesV2.ts(657,11): error TS1005: ';' expected.
lib/visualLab/data/poiExtraGuatemalaCitiesV2.ts(658,9): error TS1005: ';' expected.
lib/visualLab/data/poiExtraGuatemalaCitiesV2.ts(658,44): error TS1005: ';' expected.
lib/visualLab/data/poiExtraGuatemalaCitiesV2.ts(658,73): error TS1005: ';' expected.
lib/visualLab/data/poiExtraGuatemalaCitiesV2.ts(658,102): error TS1005: ';' expected.
lib/visualLab/data/poiExtraGuatemalaCitiesV2.ts(658,129): error TS1128: Declaration or statement expected.
lib/visualLab/data/poiExtraGuatemalaCitiesV2.ts(659,85): error TS1005: ';' expected.
lib/visualLab/data/poiExtraGuatemalaCitiesV2.ts(659,129): error TS1005: ';' expected.
lib/visualLab/data/poiExtraGuatemalaCitiesV2.ts(659,193): error TS1005: ';' expected.
lib/visualLab/data/poiExtraGuatemalaCitiesV2.ts(659,259): error TS1128: Declaration or statement expected.
lib/visualLab/data/poiExtraGuatemalaCitiesV2.ts(660,97): error TS1005: ';' expected.
lib/visualLab/data/poiExtraGuatemalaCitiesV2.ts(660,173): error TS1005: ';' expected.
lib/visualLab/data/poiExtraGuatemalaCitiesV2.ts(660,263): error TS1005: ';' expected.
lib/visualLab/data/poiExtraGuatemalaCitiesV2.ts(660,345): error TS1128: Declaration or statement expected.
lib/visualLab/data/poiExtraGuatemalaCitiesV2.ts(661,719): error TS1005: ';' expected.
lib/visualLab/data/poiExtraGuatemalaCitiesV2.ts(661,1304): error TS1005: ';' expected.
lib/visualLab/data/poiExtraGuatemalaCitiesV2.ts(661,1929): error TS1005: ';' expected.
lib/visualLab/data/poiExtraGuatemalaCitiesV2.ts(661,2616): error TS1128: Declaration or statement expected.
lib/visualLab/data/poiExtraGuatemalaCitiesV2.ts(662,340): error TS1005: ';' expected.
lib/visualLab/data/poiExtraGuatemalaCitiesV2.ts(662,656): error TS1005: ';' expected.
lib/visualLab/data/poiExtraGuatemalaCitiesV2.ts(662,1138): error TS1005: ';' expected.
lib/visualLab/data/poiExtraGuatemalaCitiesV2.ts(663,4): error TS1128: Declaration or statement expected.
lib/visualLab/data/poiExtraGuatemalaCitiesV2.ts(666,9): error TS1005: ';' expected.
lib/visualLab/data/poiExtraGuatemalaCitiesV2.ts(667,11): error TS1005: ';' expected.
lib/visualLab/data/poiExtraGuatemalaCitiesV2.ts(668,11): error TS1005: ';' expected.
lib/visualLab/data/poiExtraGuatemalaCitiesV2.ts(669,9): error TS1005: ';' expected.
lib/visualLab/data/poiExtraGuatemalaCitiesV2.ts(669,35): error TS1005: ';' expected.
lib/visualLab/data/poiExtraGuatemalaCitiesV2.ts(669,55): error TS1005: ';' expected.
lib/visualLab/data/poiExtraGuatemalaCitiesV2.ts(669,75): error TS1005: ';' expected.
lib/visualLab/data/poiExtraGuatemalaCitiesV2.ts(669,93): error TS1128: Declaration or statement expected.
lib/visualLab/data/poiExtraGuatemalaCitiesV2.ts(670,69): error TS1005: ';' expected.
lib/visualLab/data/poiExtraGuatemalaCitiesV2.ts(670,103): error TS1005: ';' expected.
lib/visualLab/data/poiExtraGuatemalaCitiesV2.ts(670,155): error TS1005: ';' expected.
lib/visualLab/data/poiExtraGuatemalaCitiesV2.ts(670,204): error TS1128: Declaration or statement expected.
lib/visualLab/data/poiExtraGuatemalaCitiesV2.ts(671,102): error TS1005: ';' expected.
lib/visualLab/data/poiExtraGuatemalaCitiesV2.ts(671,170): error TS1005: ';' expected.
lib/visualLab/data/poiExtraGuatemalaCitiesV2.ts(671,240): error TS1005: ';' expected.
lib/visualLab/data/poiExtraGuatemalaCitiesV2.ts(671,307): error TS1128: Declaration or statement expected.
lib/visualLab/data/poiExtraGuatemalaCitiesV2.ts(672,708): error TS1005: ';' expected.
lib/visualLab/data/poiExtraGuatemalaCitiesV2.ts(672,1394): error TS1005: ';' expected.
lib/visualLab/data/poiExtraGuatemalaCitiesV2.ts(672,1943): error TS1005: ';' expected.
lib/visualLab/data/poiExtraGuatemalaCitiesV2.ts(672,2619): error TS1128: Declaration or statement expected.
lib/visualLab/data/poiExtraGuatemalaCitiesV2.ts(673,367): error TS1005: ';' expected.
lib/visualLab/data/poiExtraGuatemalaCitiesV2.ts(673,777): error TS1005: ';' expected.
lib/visualLab/data/poiExtraGuatemalaCitiesV2.ts(673,1200): error TS1005: ';' expected.
lib/visualLab/data/poiExtraGuatemalaCitiesV2.ts(674,4): error TS1128: Declaration or statement expected.
lib/visualLab/data/poiExtraGuatemalaCitiesV2.ts(677,9): error TS1005: ';' expected.
lib/visualLab/data/poiExtraGuatemalaCitiesV2.ts(678,11): error TS1005: ';' expected.
lib/visualLab/data/poiExtraGuatemalaCitiesV2.ts(679,11): error TS1005: ';' expected.
lib/visualLab/data/poiExtraGuatemalaCitiesV2.ts(680,9): error TS1005: ';' expected.
lib/visualLab/data/poiExtraGuatemalaCitiesV2.ts(680,32): error TS1005: ';' expected.
lib/visualLab/data/poiExtraGuatemalaCitiesV2.ts(680,49): error TS1005: ';' expected.
lib/visualLab/data/poiExtraGuatemalaCitiesV2.ts(680,66): error TS1005: ';' expected.
lib/visualLab/data/poiExtraGuatemalaCitiesV2.ts(680,81): error TS1128: Declaration or statement expected.
lib/visualLab/data/poiExtraGuatemalaCitiesV2.ts(681,96): error TS1005: ';' expected.
lib/visualLab/data/poiExtraGuatemalaCitiesV2.ts(681,155): error TS1005: ';' expected.
lib/visualLab/data/poiExtraGuatemalaCitiesV2.ts(681,226): error TS1005: ';' expected.
lib/visualLab/data/poiExtraGuatemalaCitiesV2.ts(681,285): error TS1128: Declaration or statement expected.
lib/visualLab/data/poiExtraGuatemalaCitiesV2.ts(682,108): error TS1005: ';' expected.
lib/visualLab/data/poiExtraGuatemalaCitiesV2.ts(682,198): error TS1005: ';' expected.
lib/visualLab/data/poiExtraGuatemalaCitiesV2.ts(682,299): error TS1005: ';' expected.
lib/visualLab/data/poiExtraGuatemalaCitiesV2.ts(682,395): error TS1128: Declaration or statement expected.
lib/visualLab/data/poiExtraGuatemalaCitiesV2.ts(683,742): error TS1005: ';' expected.
lib/visualLab/data/poiExtraGuatemalaCitiesV2.ts(683,1423): error TS1005: ';' expected.
lib/visualLab/data/poiExtraGuatemalaCitiesV2.ts(683,2017): error TS1005: ';' expected.
lib/visualLab/data/poiExtraGuatemalaCitiesV2.ts(683,2727): error TS1128: Declaration or statement expected.
lib/visualLab/data/poiExtraGuatemalaCitiesV2.ts(684,323): error TS1005: ';' expected.
lib/visualLab/data/poiExtraGuatemalaCitiesV2.ts(684,780): error TS1005: ';' expected.
lib/visualLab/data/poiExtraGuatemalaCitiesV2.ts(684,1281): error TS1005: ';' expected.
lib/visualLab/data/poiExtraGuatemalaCitiesV2.ts(685,4): error TS1128: Declaration or statement expected.
lib/visualLab/data/poiExtraGuatemalaCitiesV2.ts(688,9): error TS1005: ';' expected.
lib/visualLab/data/poiExtraGuatemalaCitiesV2.ts(689,11): error TS1005: ';' expected.
lib/visualLab/data/poiExtraGuatemalaCitiesV2.ts(690,11): error TS1005: ';' expected.
lib/visualLab/data/poiExtraGuatemalaCitiesV2.ts(691,9): error TS1005: ';' expected.
lib/visualLab/data/poiExtraGuatemalaCitiesV2.ts(691,33): error TS1005: ';' expected.
lib/visualLab/data/poiExtraGuatemalaCitiesV2.ts(691,51): error TS1005: ';' expected.
lib/visualLab/data/poiExtraGuatemalaCitiesV2.ts(691,69): error TS1005: ';' expected.
lib/visualLab/data/poiExtraGuatemalaCitiesV2.ts(691,85): error TS1128: Declaration or statement expected.
lib/visualLab/data/poiExtraGuatemalaCitiesV2.ts(692,97): error TS1005: ';' expected.
lib/visualLab/data/poiExtraGuatemalaCitiesV2.ts(692,152): error TS1005: ';' expected.
lib/visualLab/data/poiExtraGuatemalaCitiesV2.ts(692,221): error TS1005: ';' expected.
lib/visualLab/data/poiExtraGuatemalaCitiesV2.ts(692,292): error TS1128: Declaration or statement expected.
lib/visualLab/data/poiExtraGuatemalaCitiesV2.ts(693,96): error TS1005: ';' expected.
lib/visualLab/data/poiExtraGuatemalaCitiesV2.ts(693,165): error TS1005: ';' expected.
lib/visualLab/data/poiExtraGuatemalaCitiesV2.ts(693,253): error TS1005: ';' expected.
lib/visualLab/data/poiExtraGuatemalaCitiesV2.ts(693,330): error TS1128: Declaration or statement expected.
lib/visualLab/data/poiExtraGuatemalaCitiesV2.ts(694,722): error TS1005: ';' expected.
lib/visualLab/data/poiExtraGuatemalaCitiesV2.ts(694,1388): error TS1005: ';' expected.
lib/visualLab/data/poiExtraGuatemalaCitiesV2.ts(694,1984): error TS1005: ';' expected.
lib/visualLab/data/poiExtraGuatemalaCitiesV2.ts(694,2674): error TS1128: Declaration or statement expected.
lib/visualLab/data/poiExtraGuatemalaCitiesV2.ts(695,327): error TS1005: ';' expected.
lib/visualLab/data/poiExtraGuatemalaCitiesV2.ts(695,828): error TS1005: ';' expected.
lib/visualLab/data/poiExtraGuatemalaCitiesV2.ts(695,1332): error TS1005: ';' expected.
lib/visualLab/data/poiExtraGuatemalaCitiesV2.ts(696,4): error TS1128: Declaration or statement expected.
lib/visualLab/data/poiExtraGuatemalaCitiesV2.ts(699,9): error TS1005: ';' expected.
lib/visualLab/data/poiExtraGuatemalaCitiesV2.ts(700,11): error TS1005: ';' expected.
lib/visualLab/data/poiExtraGuatemalaCitiesV2.ts(701,11): error TS1005: ';' expected.
lib/visualLab/data/poiExtraGuatemalaCitiesV2.ts(702,9): error TS1005: ';' expected.
lib/visualLab/data/poiExtraGuatemalaCitiesV2.ts(702,35): error TS1005: ';' expected.
lib/visualLab/data/poiExtraGuatemalaCitiesV2.ts(702,55): error TS1005: ';' expected.
lib/visualLab/data/poiExtraGuatemalaCitiesV2.ts(702,75): error TS1005: ';' expected.
lib/visualLab/data/poiExtraGuatemalaCitiesV2.ts(702,93): error TS1128: Declaration or statement expected.
lib/visualLab/data/poiExtraGuatemalaCitiesV2.ts(703,97): error TS1005: ';' expected.
lib/visualLab/data/poiExtraGuatemalaCitiesV2.ts(703,160): error TS1005: ';' expected.
lib/visualLab/data/poiExtraGuatemalaCitiesV2.ts(703,218): error TS1005: ';' expected.
lib/visualLab/data/poiExtraGuatemalaCitiesV2.ts(703,279): error TS1128: Declaration or statement expected.
lib/visualLab/data/poiExtraGuatemalaCitiesV2.ts(704,103): error TS1005: ';' expected.
lib/visualLab/data/poiExtraGuatemalaCitiesV2.ts(704,198): error TS1005: ';' expected.
lib/visualLab/data/poiExtraGuatemalaCitiesV2.ts(704,295): error TS1005: ';' expected.
lib/visualLab/data/poiExtraGuatemalaCitiesV2.ts(704,388): error TS1128: Declaration or statement expected.
lib/visualLab/data/poiExtraGuatemalaCitiesV2.ts(705,778): error TS1005: ';' expected.
lib/visualLab/data/poiExtraGuatemalaCitiesV2.ts(705,1455): error TS1005: ';' expected.
lib/visualLab/data/poiExtraGuatemalaCitiesV2.ts(705,1975): error TS1005: ';' expected.
lib/visualLab/data/poiExtraGuatemalaCitiesV2.ts(705,2721): error TS1128: Declaration or statement expected.
lib/visualLab/data/poiExtraGuatemalaCitiesV2.ts(706,339): error TS1005: ';' expected.
lib/visualLab/data/poiExtraGuatemalaCitiesV2.ts(706,781): error TS1005: ';' expected.
lib/visualLab/data/poiExtraGuatemalaCitiesV2.ts(706,1270): error TS1005: ';' expected.
lib/visualLab/data/poiExtraGuatemalaCitiesV2.ts(707,4): error TS1128: Declaration or statement expected.
lib/visualLab/data/poiExtraGuatemalaCitiesV2.ts(710,9): error TS1005: ';' expected.
lib/visualLab/data/poiExtraGuatemalaCitiesV2.ts(711,11): error TS1005: ';' expected.
lib/visualLab/data/poiExtraGuatemalaCitiesV2.ts(712,11): error TS1005: ';' expected.
lib/visualLab/data/poiExtraGuatemalaCitiesV2.ts(713,9): error TS1005: ';' expected.
lib/visualLab/data/poiExtraGuatemalaCitiesV2.ts(713,29): error TS1005: ';' expected.
lib/visualLab/data/poiExtraGuatemalaCitiesV2.ts(713,43): error TS1005: ';' expected.
lib/visualLab/data/poiExtraGuatemalaCitiesV2.ts(713,57): error TS1005: ';' expected.
lib/visualLab/data/poiExtraGuatemalaCitiesV2.ts(713,69): error TS1128: Declaration or statement expected.
lib/visualLab/data/poiExtraGuatemalaCitiesV2.ts(714,93): error TS1005: ';' expected.
lib/visualLab/data/poiExtraGuatemalaCitiesV2.ts(714,161): error TS1005: ';' expected.
lib/visualLab/data/poiExtraGuatemalaCitiesV2.ts(714,239): error TS1005: ';' expected.
lib/visualLab/data/poiExtraGuatemalaCitiesV2.ts(714,306): error TS1128: Declaration or statement expected.
lib/visualLab/data/poiExtraGuatemalaCitiesV2.ts(715,98): error TS1005: ';' expected.
lib/visualLab/data/poiExtraGuatemalaCitiesV2.ts(715,177): error TS1005: ';' expected.
lib/visualLab/data/poiExtraGuatemalaCitiesV2.ts(715,278): error TS1005: ';' expected.
lib/visualLab/data/poiExtraGuatemalaCitiesV2.ts(715,362): error TS1128: Declaration or statement expected.
lib/visualLab/data/poiExtraGuatemalaCitiesV2.ts(716,801): error TS1005: ';' expected.
lib/visualLab/data/poiExtraGuatemalaCitiesV2.ts(716,1488): error TS1005: ';' expected.
lib/visualLab/data/poiExtraGuatemalaCitiesV2.ts(716,2102): error TS1005: ';' expected.
lib/visualLab/data/poiExtraGuatemalaCitiesV2.ts(716,2871): error TS1128: Declaration or statement expected.
lib/visualLab/data/poiExtraGuatemalaCitiesV2.ts(717,342): error TS1005: ';' expected.
lib/visualLab/data/poiExtraGuatemalaCitiesV2.ts(717,810): error TS1005: ';' expected.
lib/visualLab/data/poiExtraGuatemalaCitiesV2.ts(717,1317): error TS1005: ';' expected.
lib/visualLab/data/poiExtraGuatemalaCitiesV2.ts(718,4): error TS1128: Declaration or statement expected.
lib/visualLab/data/poiExtraGuatemalaCitiesV2.ts(721,9): error TS1005: ';' expected.
lib/visualLab/data/poiExtraGuatemalaCitiesV2.ts(722,11): error TS1005: ';' expected.
lib/visualLab/data/poiExtraGuatemalaCitiesV2.ts(723,11): error TS1005: ';' expected.
lib/visualLab/data/poiExtraGuatemalaCitiesV2.ts(724,9): error TS1005: ';' expected.
lib/visualLab/data/poiExtraGuatemalaCitiesV2.ts(724,29): error TS1005: ';' expected.
lib/visualLab/data/poiExtraGuatemalaCitiesV2.ts(724,43): error TS1005: ';' expected.
lib/visualLab/data/poiExtraGuatemalaCitiesV2.ts(724,57): error TS1005: ';' expected.
lib/visualLab/data/poiExtraGuatemalaCitiesV2.ts(724,69): error TS1128: Declaration or statement expected.
lib/visualLab/data/poiExtraGuatemalaCitiesV2.ts(725,117): error TS1005: ';' expected.
lib/visualLab/data/poiExtraGuatemalaCitiesV2.ts(725,189): error TS1005: ';' expected.
lib/visualLab/data/poiExtraGuatemalaCitiesV2.ts(725,262): error TS1005: ';' expected.
lib/visualLab/data/poiExtraGuatemalaCitiesV2.ts(725,329): error TS1128: Declaration or statement expected.
lib/visualLab/data/poiExtraGuatemalaCitiesV2.ts(726,103): error TS1005: ';' expected.
lib/visualLab/data/poiExtraGuatemalaCitiesV2.ts(726,182): error TS1005: ';' expected.
lib/visualLab/data/poiExtraGuatemalaCitiesV2.ts(726,264): error TS1005: ';' expected.
lib/visualLab/data/poiExtraGuatemalaCitiesV2.ts(726,340): error TS1128: Declaration or statement expected.
lib/visualLab/data/poiExtraGuatemalaCitiesV2.ts(727,722): error TS1005: ';' expected.
lib/visualLab/data/poiExtraGuatemalaCitiesV2.ts(727,1382): error TS1005: ';' expected.
lib/visualLab/data/poiExtraGuatemalaCitiesV2.ts(727,1981): error TS1005: ';' expected.
lib/visualLab/data/poiExtraGuatemalaCitiesV2.ts(727,2671): error TS1128: Declaration or statement expected.
lib/visualLab/data/poiExtraGuatemalaCitiesV2.ts(728,339): error TS1005: ';' expected.
lib/visualLab/data/poiExtraGuatemalaCitiesV2.ts(728,847): error TS1005: ';' expected.
lib/visualLab/data/poiExtraGuatemalaCitiesV2.ts(728,1337): error TS1005: ';' expected.
lib/visualLab/data/poiExtraGuatemalaCitiesV2.ts(729,4): error TS1128: Declaration or statement expected.
lib/visualLab/data/poiExtraGuatemalaCitiesV2.ts(732,9): error TS1005: ';' expected.
lib/visualLab/data/poiExtraGuatemalaCitiesV2.ts(733,11): error TS1005: ';' expected.
lib/visualLab/data/poiExtraGuatemalaCitiesV2.ts(734,11): error TS1005: ';' expected.
lib/visualLab/data/poiExtraGuatemalaCitiesV2.ts(735,9): error TS1005: ';' expected.
lib/visualLab/data/poiExtraGuatemalaCitiesV2.ts(735,29): error TS1005: ';' expected.
lib/visualLab/data/poiExtraGuatemalaCitiesV2.ts(735,43): error TS1005: ';' expected.
lib/visualLab/data/poiExtraGuatemalaCitiesV2.ts(735,57): error TS1005: ';' expected.
lib/visualLab/data/poiExtraGuatemalaCitiesV2.ts(735,69): error TS1128: Declaration or statement expected.
lib/visualLab/data/poiExtraGuatemalaCitiesV2.ts(736,96): error TS1005: ';' expected.
lib/visualLab/data/poiExtraGuatemalaCitiesV2.ts(736,160): error TS1005: ';' expected.
lib/visualLab/data/poiExtraGuatemalaCitiesV2.ts(736,238): error TS1005: ';' expected.
lib/visualLab/data/poiExtraGuatemalaCitiesV2.ts(736,305): error TS1128: Declaration or statement expected.
lib/visualLab/data/poiExtraGuatemalaCitiesV2.ts(737,117): error TS1005: ';' expected.
lib/visualLab/data/poiExtraGuatemalaCitiesV2.ts(737,221): error TS1005: ';' expected.
lib/visualLab/data/poiExtraGuatemalaCitiesV2.ts(737,327): error TS1005: ';' expected.
lib/visualLab/data/poiExtraGuatemalaCitiesV2.ts(737,422): error TS1128: Declaration or statement expected.
lib/visualLab/data/poiExtraGuatemalaCitiesV2.ts(738,777): error TS1005: ';' expected.
lib/visualLab/data/poiExtraGuatemalaCitiesV2.ts(738,1448): error TS1005: ';' expected.
lib/visualLab/data/poiExtraGuatemalaCitiesV2.ts(738,2031): error TS1005: ';' expected.
lib/visualLab/data/poiExtraGuatemalaCitiesV2.ts(738,2776): error TS1128: Declaration or statement expected.
lib/visualLab/data/poiExtraGuatemalaCitiesV2.ts(739,333): error TS1005: ';' expected.
lib/visualLab/data/poiExtraGuatemalaCitiesV2.ts(739,876): error TS1005: ';' expected.
lib/visualLab/data/poiExtraGuatemalaCitiesV2.ts(739,1398): error TS1005: ';' expected.
lib/visualLab/data/poiExtraGuatemalaCitiesV2.ts(740,4): error TS1128: Declaration or statement expected.
lib/visualLab/data/poiExtraGuatemalaCitiesV2.ts(743,9): error TS1005: ';' expected.
lib/visualLab/data/poiExtraGuatemalaCitiesV2.ts(744,11): error TS1005: ';' expected.
lib/visualLab/data/poiExtraGuatemalaCitiesV2.ts(745,11): error TS1005: ';' expected.
lib/visualLab/data/poiExtraGuatemalaCitiesV2.ts(746,9): error TS1005: ';' expected.
lib/visualLab/data/poiExtraGuatemalaCitiesV2.ts(746,32): error TS1005: ';' expected.
lib/visualLab/data/poiExtraGuatemalaCitiesV2.ts(746,49): error TS1005: ';' expected.
lib/visualLab/data/poiExtraGuatemalaCitiesV2.ts(746,66): error TS1005: ';' expected.
lib/visualLab/data/poiExtraGuatemalaCitiesV2.ts(746,81): error TS1128: Declaration or statement expected.
lib/visualLab/data/poiExtraGuatemalaCitiesV2.ts(747,94): error TS1005: ';' expected.
lib/visualLab/data/poiExtraGuatemalaCitiesV2.ts(747,147): error TS1005: ';' expected.
lib/visualLab/data/poiExtraGuatemalaCitiesV2.ts(747,213): error TS1005: ';' expected.
lib/visualLab/data/poiExtraGuatemalaCitiesV2.ts(747,281): error TS1128: Declaration or statement expected.
lib/visualLab/data/poiExtraGuatemalaCitiesV2.ts(748,95): error TS1005: ';' expected.
lib/visualLab/data/poiExtraGuatemalaCitiesV2.ts(748,169): error TS1005: ';' expected.
lib/visualLab/data/poiExtraGuatemalaCitiesV2.ts(748,255): error TS1005: ';' expected.
lib/visualLab/data/poiExtraGuatemalaCitiesV2.ts(748,329): error TS1128: Declaration or statement expected.
lib/visualLab/data/poiExtraGuatemalaCitiesV2.ts(749,833): error TS1005: ';' expected.
lib/visualLab/data/poiExtraGuatemalaCitiesV2.ts(749,1523): error TS1005: ';' expected.
lib/visualLab/data/poiExtraGuatemalaCitiesV2.ts(749,2083): error TS1005: ';' expected.
lib/visualLab/data/poiExtraGuatemalaCitiesV2.ts(749,2884): error TS1128: Declaration or statement expected.
lib/visualLab/data/poiExtraGuatemalaCitiesV2.ts(750,355): error TS1005: ';' expected.
lib/visualLab/data/poiExtraGuatemalaCitiesV2.ts(750,883): error TS1005: ';' expected.
lib/visualLab/data/poiExtraGuatemalaCitiesV2.ts(750,1406): error TS1005: ';' expected.
lib/visualLab/data/poiExtraGuatemalaCitiesV2.ts(751,4): error TS1128: Declaration or statement expected.
lib/visualLab/data/poiExtraGuatemalaCitiesV2.ts(754,9): error TS1005: ';' expected.
lib/visualLab/data/poiExtraGuatemalaCitiesV2.ts(755,11): error TS1005: ';' expected.
lib/visualLab/data/poiExtraGuatemalaCitiesV2.ts(756,11): error TS1005: ';' expected.
lib/visualLab/data/poiExtraGuatemalaCitiesV2.ts(757,9): error TS1005: ';' expected.
lib/visualLab/data/poiExtraGuatemalaCitiesV2.ts(757,36): error TS1005: ';' expected.
lib/visualLab/data/poiExtraGuatemalaCitiesV2.ts(757,57): error TS1005: ';' expected.
lib/visualLab/data/poiExtraGuatemalaCitiesV2.ts(757,78): error TS1005: ';' expected.
lib/visualLab/data/poiExtraGuatemalaCitiesV2.ts(757,97): error TS1128: Declaration or statement expected.
lib/visualLab/data/poiExtraGuatemalaCitiesV2.ts(758,73): error TS1005: ';' expected.
lib/visualLab/data/poiExtraGuatemalaCitiesV2.ts(758,116): error TS1005: ';' expected.
lib/visualLab/data/poiExtraGuatemalaCitiesV2.ts(758,171): error TS1005: ';' expected.
lib/visualLab/data/poiExtraGuatemalaCitiesV2.ts(758,223): error TS1128: Declaration or statement expected.
lib/visualLab/data/poiExtraGuatemalaCitiesV2.ts(759,124): error TS1005: ';' expected.
lib/visualLab/data/poiExtraGuatemalaCitiesV2.ts(759,248): error TS1005: ';' expected.
lib/visualLab/data/poiExtraGuatemalaCitiesV2.ts(759,370): error TS1005: ';' expected.
lib/visualLab/data/poiExtraGuatemalaCitiesV2.ts(759,478): error TS1128: Declaration or statement expected.
lib/visualLab/data/poiExtraGuatemalaCitiesV2.ts(760,768): error TS1005: ';' expected.
lib/visualLab/data/poiExtraGuatemalaCitiesV2.ts(760,1399): error TS1005: ';' expected.
lib/visualLab/data/poiExtraGuatemalaCitiesV2.ts(760,2007): error TS1005: ';' expected.
lib/visualLab/data/poiExtraGuatemalaCitiesV2.ts(760,2743): error TS1128: Declaration or statement expected.
lib/visualLab/data/poiExtraGuatemalaCitiesV2.ts(761,339): error TS1005: ';' expected.
lib/visualLab/data/poiExtraGuatemalaCitiesV2.ts(761,775): error TS1005: ';' expected.
lib/visualLab/data/poiExtraGuatemalaCitiesV2.ts(761,1263): error TS1005: ';' expected.
lib/visualLab/data/poiExtraGuatemalaCitiesV2.ts(762,4): error TS1128: Declaration or statement expected.
lib/visualLab/data/poiExtraGuatemalaCitiesV2.ts(765,9): error TS1005: ';' expected.
lib/visualLab/data/poiExtraGuatemalaCitiesV2.ts(766,11): error TS1005: ';' expected.
lib/visualLab/data/poiExtraGuatemalaCitiesV2.ts(767,11): error TS1005: ';' expected.
lib/visualLab/data/poiExtraGuatemalaCitiesV2.ts(768,9): error TS1005: ';' expected.
lib/visualLab/data/poiExtraGuatemalaCitiesV2.ts(768,42): error TS1005: ';' expected.
lib/visualLab/data/poiExtraGuatemalaCitiesV2.ts(768,69): error TS1005: ';' expected.
lib/visualLab/data/poiExtraGuatemalaCitiesV2.ts(768,96): error TS1005: ';' expected.
lib/visualLab/data/poiExtraGuatemalaCitiesV2.ts(768,121): error TS1128: Declaration or statement expected.
lib/visualLab/data/poiExtraGuatemalaCitiesV2.ts(769,83): error TS1005: ';' expected.
lib/visualLab/data/poiExtraGuatemalaCitiesV2.ts(769,129): error TS1005: ';' expected.
lib/visualLab/data/poiExtraGuatemalaCitiesV2.ts(769,185): error TS1005: ';' expected.
lib/visualLab/data/poiExtraGuatemalaCitiesV2.ts(769,245): error TS1128: Declaration or statement expected.
lib/visualLab/data/poiExtraGuatemalaCitiesV2.ts(770,98): error TS1005: ';' expected.
lib/visualLab/data/poiExtraGuatemalaCitiesV2.ts(770,184): error TS1005: ';' expected.
lib/visualLab/data/poiExtraGuatemalaCitiesV2.ts(770,275): error TS1005: ';' expected.
lib/visualLab/data/poiExtraGuatemalaCitiesV2.ts(770,363): error TS1128: Declaration or statement expected.
lib/visualLab/data/poiExtraGuatemalaCitiesV2.ts(771,764): error TS1005: ';' expected.
lib/visualLab/data/poiExtraGuatemalaCitiesV2.ts(771,1468): error TS1005: ';' expected.
lib/visualLab/data/poiExtraGuatemalaCitiesV2.ts(771,2070): error TS1005: ';' expected.
lib/visualLab/data/poiExtraGuatemalaCitiesV2.ts(771,2802): error TS1128: Declaration or statement expected.
lib/visualLab/data/poiExtraGuatemalaCitiesV2.ts(772,346): error TS1005: ';' expected.
lib/visualLab/data/poiExtraGuatemalaCitiesV2.ts(772,839): error TS1005: ';' expected.
lib/visualLab/data/poiExtraGuatemalaCitiesV2.ts(772,1346): error TS1005: ';' expected.
lib/visualLab/data/poiExtraGuatemalaCitiesV2.ts(773,4): error TS1128: Declaration or statement expected.
lib/visualLab/data/poiExtraGuatemalaCitiesV2.ts(776,9): error TS1005: ';' expected.
lib/visualLab/data/poiExtraGuatemalaCitiesV2.ts(777,11): error TS1005: ';' expected.
lib/visualLab/data/poiExtraGuatemalaCitiesV2.ts(778,11): error TS1005: ';' expected.
lib/visualLab/data/poiExtraGuatemalaCitiesV2.ts(779,9): error TS1005: ';' expected.
lib/visualLab/data/poiExtraGuatemalaCitiesV2.ts(779,50): error TS1005: ';' expected.
lib/visualLab/data/poiExtraGuatemalaCitiesV2.ts(779,85): error TS1005: ';' expected.
lib/visualLab/data/poiExtraGuatemalaCitiesV2.ts(779,120): error TS1005: ';' expected.
lib/visualLab/data/poiExtraGuatemalaCitiesV2.ts(779,153): error TS1128: Declaration or statement expected.
lib/visualLab/data/poiExtraGuatemalaCitiesV2.ts(780,73): error TS1005: ';' expected.
lib/visualLab/data/poiExtraGuatemalaCitiesV2.ts(780,111): error TS1005: ';' expected.
lib/visualLab/data/poiExtraGuatemalaCitiesV2.ts(780,167): error TS1005: ';' expected.
lib/visualLab/data/poiExtraGuatemalaCitiesV2.ts(780,220): error TS1128: Declaration or statement expected.
lib/visualLab/data/poiExtraGuatemalaCitiesV2.ts(781,79): error TS1005: ';' expected.
lib/visualLab/data/poiExtraGuatemalaCitiesV2.ts(781,146): error TS1005: ';' expected.
lib/visualLab/data/poiExtraGuatemalaCitiesV2.ts(781,218): error TS1005: ';' expected.
lib/visualLab/data/poiExtraGuatemalaCitiesV2.ts(781,289): error TS1128: Declaration or statement expected.
lib/visualLab/data/poiExtraGuatemalaCitiesV2.ts(782,841): error TS1005: ';' expected.
lib/visualLab/data/poiExtraGuatemalaCitiesV2.ts(782,1594): error TS1005: ';' expected.
lib/visualLab/data/poiExtraGuatemalaCitiesV2.ts(782,2227): error TS1005: ';' expected.
lib/visualLab/data/poiExtraGuatemalaCitiesV2.ts(782,3036): error TS1128: Declaration or statement expected.
lib/visualLab/data/poiExtraGuatemalaCitiesV2.ts(783,335): error TS1005: ';' expected.
lib/visualLab/data/poiExtraGuatemalaCitiesV2.ts(783,791): error TS1005: ';' expected.
lib/visualLab/data/poiExtraGuatemalaCitiesV2.ts(783,1296): error TS1005: ';' expected.
lib/visualLab/data/poiExtraGuatemalaCitiesV2.ts(784,4): error TS1128: Declaration or statement expected.
lib/visualLab/data/poiExtraGuatemalaCitiesV2.ts(787,9): error TS1005: ';' expected.
lib/visualLab/data/poiExtraGuatemalaCitiesV2.ts(788,11): error TS1005: ';' expected.
lib/visualLab/data/poiExtraGuatemalaCitiesV2.ts(789,11): error TS1005: ';' expected.
lib/visualLab/data/poiExtraGuatemalaCitiesV2.ts(790,9): error TS1005: ';' expected.
lib/visualLab/data/poiExtraGuatemalaCitiesV2.ts(790,40): error TS1005: ';' expected.
lib/visualLab/data/poiExtraGuatemalaCitiesV2.ts(790,65): error TS1005: ';' expected.
lib/visualLab/data/poiExtraGuatemalaCitiesV2.ts(790,90): error TS1005: ';' expected.
lib/visualLab/data/poiExtraGuatemalaCitiesV2.ts(790,113): error TS1128: Declaration or statement expected.
lib/visualLab/data/poiExtraGuatemalaCitiesV2.ts(791,81): error TS1005: ';' expected.
lib/visualLab/data/poiExtraGuatemalaCitiesV2.ts(791,134): error TS1005: ';' expected.
lib/visualLab/data/poiExtraGuatemalaCitiesV2.ts(791,204): error TS1005: ';' expected.
lib/visualLab/data/poiExtraGuatemalaCitiesV2.ts(791,268): error TS1128: Declaration or statement expected.
lib/visualLab/data/poiExtraGuatemalaCitiesV2.ts(792,105): error TS1005: ';' expected.
lib/visualLab/data/poiExtraGuatemalaCitiesV2.ts(792,198): error TS1005: ';' expected.
lib/visualLab/data/poiExtraGuatemalaCitiesV2.ts(792,299): error TS1005: ';' expected.
lib/visualLab/data/poiExtraGuatemalaCitiesV2.ts(792,381): error TS1128: Declaration or statement expected.
lib/visualLab/data/poiExtraGuatemalaCitiesV2.ts(793,783): error TS1005: ';' expected.
lib/visualLab/data/poiExtraGuatemalaCitiesV2.ts(793,1537): error TS1005: ';' expected.
lib/visualLab/data/poiExtraGuatemalaCitiesV2.ts(793,2104): error TS1005: ';' expected.
lib/visualLab/data/poiExtraGuatemalaCitiesV2.ts(793,2855): error TS1128: Declaration or statement expected.
lib/visualLab/data/poiExtraGuatemalaCitiesV2.ts(794,338): error TS1005: ';' expected.
lib/visualLab/data/poiExtraGuatemalaCitiesV2.ts(794,902): error TS1005: ';' expected.
lib/visualLab/data/poiExtraGuatemalaCitiesV2.ts(794,1434): error TS1005: ';' expected.
lib/visualLab/data/poiExtraGuatemalaCitiesV2.ts(795,4): error TS1128: Declaration or statement expected.
lib/visualLab/data/poiExtraGuatemalaCitiesV2.ts(798,9): error TS1005: ';' expected.
lib/visualLab/data/poiExtraGuatemalaCitiesV2.ts(799,11): error TS1005: ';' expected.
lib/visualLab/data/poiExtraGuatemalaCitiesV2.ts(800,11): error TS1005: ';' expected.
lib/visualLab/data/poiExtraGuatemalaCitiesV2.ts(801,9): error TS1005: ';' expected.
lib/visualLab/data/poiExtraGuatemalaCitiesV2.ts(801,40): error TS1005: ';' expected.
lib/visualLab/data/poiExtraGuatemalaCitiesV2.ts(801,65): error TS1005: ';' expected.
lib/visualLab/data/poiExtraGuatemalaCitiesV2.ts(801,90): error TS1005: ';' expected.
lib/visualLab/data/poiExtraGuatemalaCitiesV2.ts(801,113): error TS1128: Declaration or statement expected.
lib/visualLab/data/poiExtraGuatemalaCitiesV2.ts(802,103): error TS1005: ';' expected.
lib/visualLab/data/poiExtraGuatemalaCitiesV2.ts(802,182): error TS1005: ';' expected.
lib/visualLab/data/poiExtraGuatemalaCitiesV2.ts(802,267): error TS1005: ';' expected.
lib/visualLab/data/poiExtraGuatemalaCitiesV2.ts(802,354): error TS1128: Declaration or statement expected.
lib/visualLab/data/poiExtraGuatemalaCitiesV2.ts(803,101): error TS1005: ';' expected.
lib/visualLab/data/poiExtraGuatemalaCitiesV2.ts(803,187): error TS1005: ';' expected.
lib/visualLab/data/poiExtraGuatemalaCitiesV2.ts(803,276): error TS1005: ';' expected.
lib/visualLab/data/poiExtraGuatemalaCitiesV2.ts(803,359): error TS1128: Declaration or statement expected.
lib/visualLab/data/poiExtraGuatemalaCitiesV2.ts(804,790): error TS1005: ';' expected.
lib/visualLab/data/poiExtraGuatemalaCitiesV2.ts(804,1541): error TS1005: ';' expected.
lib/visualLab/data/poiExtraGuatemalaCitiesV2.ts(804,2079): error TS1005: ';' expected.
lib/visualLab/data/poiExtraGuatemalaCitiesV2.ts(804,2837): error TS1128: Declaration or statement expected.
lib/visualLab/data/poiExtraGuatemalaCitiesV2.ts(805,322): error TS1005: ';' expected.
lib/visualLab/data/poiExtraGuatemalaCitiesV2.ts(805,819): error TS1005: ';' expected.
lib/visualLab/data/poiExtraGuatemalaCitiesV2.ts(805,1404): error TS1005: ';' expected.
lib/visualLab/data/poiExtraGuatemalaCitiesV2.ts(806,4): error TS1128: Declaration or statement expected.
lib/visualLab/data/poiExtraGuatemalaCitiesV2.ts(809,9): error TS1005: ';' expected.
lib/visualLab/data/poiExtraGuatemalaCitiesV2.ts(810,11): error TS1005: ';' expected.
lib/visualLab/data/poiExtraGuatemalaCitiesV2.ts(811,11): error TS1005: ';' expected.
lib/visualLab/data/poiExtraGuatemalaCitiesV2.ts(812,9): error TS1005: ';' expected.
lib/visualLab/data/poiExtraGuatemalaCitiesV2.ts(812,28): error TS1005: ';' expected.
lib/visualLab/data/poiExtraGuatemalaCitiesV2.ts(812,41): error TS1005: ';' expected.
lib/visualLab/data/poiExtraGuatemalaCitiesV2.ts(812,54): error TS1005: ';' expected.
lib/visualLab/data/poiExtraGuatemalaCitiesV2.ts(812,65): error TS1128: Declaration or statement expected.
lib/visualLab/data/poiExtraGuatemalaCitiesV2.ts(813,95): error TS1005: ';' expected.
lib/visualLab/data/poiExtraGuatemalaCitiesV2.ts(813,165): error TS1005: ';' expected.
lib/visualLab/data/poiExtraGuatemalaCitiesV2.ts(813,261): error TS1005: ';' expected.
lib/visualLab/data/poiExtraGuatemalaCitiesV2.ts(813,340): error TS1128: Declaration or statement expected.
lib/visualLab/data/poiExtraGuatemalaCitiesV2.ts(814,99): error TS1005: ';' expected.
lib/visualLab/data/poiExtraGuatemalaCitiesV2.ts(814,181): error TS1005: ';' expected.
lib/visualLab/data/poiExtraGuatemalaCitiesV2.ts(814,271): error TS1005: ';' expected.
lib/visualLab/data/poiExtraGuatemalaCitiesV2.ts(814,351): error TS1128: Declaration or statement expected.
lib/visualLab/data/poiExtraGuatemalaCitiesV2.ts(815,839): error TS1005: ';' expected.
lib/visualLab/data/poiExtraGuatemalaCitiesV2.ts(815,1630): error TS1005: ';' expected.
lib/visualLab/data/poiExtraGuatemalaCitiesV2.ts(815,2243): error TS1005: ';' expected.
lib/visualLab/data/poiExtraGuatemalaCitiesV2.ts(815,3050): error TS1128: Declaration or statement expected.
lib/visualLab/data/poiExtraGuatemalaCitiesV2.ts(816,330): error TS1005: ';' expected.
lib/visualLab/data/poiExtraGuatemalaCitiesV2.ts(816,808): error TS1005: ';' expected.
lib/visualLab/data/poiExtraGuatemalaCitiesV2.ts(816,1398): error TS1005: ';' expected.
lib/visualLab/data/poiExtraGuatemalaCitiesV2.ts(817,4): error TS1128: Declaration or statement expected.
lib/visualLab/data/poiExtraGuatemalaCitiesV2.ts(820,9): error TS1005: ';' expected.
lib/visualLab/data/poiExtraGuatemalaCitiesV2.ts(821,11): error TS1005: ';' expected.
lib/visualLab/data/poiExtraGuatemalaCitiesV2.ts(822,11): error TS1005: ';' expected.
lib/visualLab/data/poiExtraGuatemalaCitiesV2.ts(823,9): error TS1005: ';' expected.
lib/visualLab/data/poiExtraGuatemalaCitiesV2.ts(823,29): error TS1005: ';' expected.
lib/visualLab/data/poiExtraGuatemalaCitiesV2.ts(823,43): error TS1005: ';' expected.
lib/visualLab/data/poiExtraGuatemalaCitiesV2.ts(823,57): error TS1005: ';' expected.
lib/visualLab/data/poiExtraGuatemalaCitiesV2.ts(823,69): error TS1128: Declaration or statement expected.
lib/visualLab/data/poiExtraGuatemalaCitiesV2.ts(824,74): error TS1005: ';' expected.
lib/visualLab/data/poiExtraGuatemalaCitiesV2.ts(824,126): error TS1005: ';' expected.
lib/visualLab/data/poiExtraGuatemalaCitiesV2.ts(824,176): error TS1005: ';' expected.
lib/visualLab/data/poiExtraGuatemalaCitiesV2.ts(824,234): error TS1128: Declaration or statement expected.
lib/visualLab/data/poiExtraGuatemalaCitiesV2.ts(825,116): error TS1005: ';' expected.
lib/visualLab/data/poiExtraGuatemalaCitiesV2.ts(825,215): error TS1005: ';' expected.
lib/visualLab/data/poiExtraGuatemalaCitiesV2.ts(825,321): error TS1005: ';' expected.
lib/visualLab/data/poiExtraGuatemalaCitiesV2.ts(825,413): error TS1128: Declaration or statement expected.
lib/visualLab/data/poiExtraGuatemalaCitiesV2.ts(826,815): error TS1005: ';' expected.
lib/visualLab/data/poiExtraGuatemalaCitiesV2.ts(826,1546): error TS1005: ';' expected.
lib/visualLab/data/poiExtraGuatemalaCitiesV2.ts(826,2188): error TS1005: ';' expected.
lib/visualLab/data/poiExtraGuatemalaCitiesV2.ts(826,2971): error TS1128: Declaration or statement expected.
lib/visualLab/data/poiExtraGuatemalaCitiesV2.ts(827,334): error TS1005: ';' expected.
lib/visualLab/data/poiExtraGuatemalaCitiesV2.ts(827,811): error TS1005: ';' expected.
lib/visualLab/data/poiExtraGuatemalaCitiesV2.ts(827,1391): error TS1005: ';' expected.
lib/visualLab/data/poiExtraGuatemalaCitiesV2.ts(828,4): error TS1128: Declaration or statement expected.
lib/visualLab/data/poiExtraGuatemalaCitiesV2.ts(831,9): error TS1005: ';' expected.
lib/visualLab/data/poiExtraGuatemalaCitiesV2.ts(832,11): error TS1005: ';' expected.
lib/visualLab/data/poiExtraGuatemalaCitiesV2.ts(833,11): error TS1005: ';' expected.
lib/visualLab/data/poiExtraGuatemalaCitiesV2.ts(834,9): error TS1005: ';' expected.
lib/visualLab/data/poiExtraGuatemalaCitiesV2.ts(834,38): error TS1005: ';' expected.
lib/visualLab/data/poiExtraGuatemalaCitiesV2.ts(834,61): error TS1005: ';' expected.
lib/visualLab/data/poiExtraGuatemalaCitiesV2.ts(834,84): error TS1005: ';' expected.
lib/visualLab/data/poiExtraGuatemalaCitiesV2.ts(834,105): error TS1128: Declaration or statement expected.
lib/visualLab/data/poiExtraGuatemalaCitiesV2.ts(835,91): error TS1005: ';' expected.
lib/visualLab/data/poiExtraGuatemalaCitiesV2.ts(835,151): error TS1005: ';' expected.
lib/visualLab/data/poiExtraGuatemalaCitiesV2.ts(835,220): error TS1005: ';' expected.
lib/visualLab/data/poiExtraGuatemalaCitiesV2.ts(835,284): error TS1128: Declaration or statement expected.
lib/visualLab/data/poiExtraGuatemalaCitiesV2.ts(836,71): error TS1005: ';' expected.
lib/visualLab/data/poiExtraGuatemalaCitiesV2.ts(836,129): error TS1005: ';' expected.
lib/visualLab/data/poiExtraGuatemalaCitiesV2.ts(836,193): error TS1005: ';' expected.
lib/visualLab/data/poiExtraGuatemalaCitiesV2.ts(836,255): error TS1128: Declaration or statement expected.
lib/visualLab/data/poiExtraGuatemalaCitiesV2.ts(837,845): error TS1005: ';' expected.
lib/visualLab/data/poiExtraGuatemalaCitiesV2.ts(837,1653): error TS1005: ';' expected.
lib/visualLab/data/poiExtraGuatemalaCitiesV2.ts(837,2317): error TS1005: ';' expected.
lib/visualLab/data/poiExtraGuatemalaCitiesV2.ts(837,3130): error TS1128: Declaration or statement expected.
lib/visualLab/data/poiExtraGuatemalaCitiesV2.ts(838,347): error TS1005: ';' expected.
lib/visualLab/data/poiExtraGuatemalaCitiesV2.ts(838,891): error TS1005: ';' expected.
lib/visualLab/data/poiExtraGuatemalaCitiesV2.ts(838,1423): error TS1005: ';' expected.
lib/visualLab/data/poiExtraGuatemalaCitiesV2.ts(839,4): error TS1128: Declaration or statement expected.
lib/visualLab/data/poiExtraGuatemalaCitiesV2.ts(842,9): error TS1005: ';' expected.
lib/visualLab/data/poiExtraGuatemalaCitiesV2.ts(843,11): error TS1005: ';' expected.
lib/visualLab/data/poiExtraGuatemalaCitiesV2.ts(844,11): error TS1005: ';' expected.
lib/visualLab/data/poiExtraGuatemalaCitiesV2.ts(845,9): error TS1005: ';' expected.
lib/visualLab/data/poiExtraGuatemalaCitiesV2.ts(845,31): error TS1005: ';' expected.
lib/visualLab/data/poiExtraGuatemalaCitiesV2.ts(845,47): error TS1005: ';' expected.
lib/visualLab/data/poiExtraGuatemalaCitiesV2.ts(845,63): error TS1005: ';' expected.
lib/visualLab/data/poiExtraGuatemalaCitiesV2.ts(845,77): error TS1128: Declaration or statement expected.
lib/visualLab/data/poiExtraGuatemalaCitiesV2.ts(846,67): error TS1005: ';' expected.
lib/visualLab/data/poiExtraGuatemalaCitiesV2.ts(846,106): error TS1005: ';' expected.
lib/visualLab/data/poiExtraGuatemalaCitiesV2.ts(846,150): error TS1005: ';' expected.
lib/visualLab/data/poiExtraGuatemalaCitiesV2.ts(846,192): error TS1128: Declaration or statement expected.
lib/visualLab/data/poiExtraGuatemalaCitiesV2.ts(847,95): error TS1005: ';' expected.
lib/visualLab/data/poiExtraGuatemalaCitiesV2.ts(847,164): error TS1005: ';' expected.
lib/visualLab/data/poiExtraGuatemalaCitiesV2.ts(847,239): error TS1005: ';' expected.
lib/visualLab/data/poiExtraGuatemalaCitiesV2.ts(847,314): error TS1128: Declaration or statement expected.
lib/visualLab/data/poiExtraGuatemalaCitiesV2.ts(848,795): error TS1005: ';' expected.
lib/visualLab/data/poiExtraGuatemalaCitiesV2.ts(848,1541): error TS1005: ';' expected.
lib/visualLab/data/poiExtraGuatemalaCitiesV2.ts(848,2198): error TS1005: ';' expected.
lib/visualLab/data/poiExtraGuatemalaCitiesV2.ts(848,2961): error TS1128: Declaration or statement expected.
lib/visualLab/data/poiExtraGuatemalaCitiesV2.ts(849,313): error TS1005: ';' expected.
lib/visualLab/data/poiExtraGuatemalaCitiesV2.ts(849,799): error TS1005: ';' expected.
lib/visualLab/data/poiExtraGuatemalaCitiesV2.ts(849,1300): error TS1005: ';' expected.
lib/visualLab/data/poiExtraGuatemalaCitiesV2.ts(850,4): error TS1128: Declaration or statement expected.
lib/visualLab/data/poiExtraGuatemalaCitiesV2.ts(853,9): error TS1005: ';' expected.
lib/visualLab/data/poiExtraGuatemalaCitiesV2.ts(854,11): error TS1005: ';' expected.
lib/visualLab/data/poiExtraGuatemalaCitiesV2.ts(855,11): error TS1005: ';' expected.
lib/visualLab/data/poiExtraGuatemalaCitiesV2.ts(856,9): error TS1005: ';' expected.
lib/visualLab/data/poiExtraGuatemalaCitiesV2.ts(856,30): error TS1005: ';' expected.
lib/visualLab/data/poiExtraGuatemalaCitiesV2.ts(856,45): error TS1005: ';' expected.
lib/visualLab/data/poiExtraGuatemalaCitiesV2.ts(856,60): error TS1005: ';' expected.
lib/visualLab/data/poiExtraGuatemalaCitiesV2.ts(856,73): error TS1128: Declaration or statement expected.
lib/visualLab/data/poiExtraGuatemalaCitiesV2.ts(857,89): error TS1005: ';' expected.
lib/visualLab/data/poiExtraGuatemalaCitiesV2.ts(857,147): error TS1005: ';' expected.
lib/visualLab/data/poiExtraGuatemalaCitiesV2.ts(857,208): error TS1005: ';' expected.
lib/visualLab/data/poiExtraGuatemalaCitiesV2.ts(857,269): error TS1128: Declaration or statement expected.
lib/visualLab/data/poiExtraGuatemalaCitiesV2.ts(858,108): error TS1005: ';' expected.
lib/visualLab/data/poiExtraGuatemalaCitiesV2.ts(858,207): error TS1005: ';' expected.
lib/visualLab/data/poiExtraGuatemalaCitiesV2.ts(858,311): error TS1005: ';' expected.
lib/visualLab/data/poiExtraGuatemalaCitiesV2.ts(858,404): error TS1128: Declaration or statement expected.
lib/visualLab/data/poiExtraGuatemalaCitiesV2.ts(859,876): error TS1005: ';' expected.
lib/visualLab/data/poiExtraGuatemalaCitiesV2.ts(859,1664): error TS1005: ';' expected.
lib/visualLab/data/poiExtraGuatemalaCitiesV2.ts(859,2283): error TS1005: ';' expected.
lib/visualLab/data/poiExtraGuatemalaCitiesV2.ts(859,3127): error TS1128: Declaration or statement expected.
lib/visualLab/data/poiExtraGuatemalaCitiesV2.ts(860,318): error TS1005: ';' expected.
lib/visualLab/data/poiExtraGuatemalaCitiesV2.ts(860,851): error TS1005: ';' expected.
lib/visualLab/data/poiExtraGuatemalaCitiesV2.ts(860,1378): error TS1005: ';' expected.
lib/visualLab/data/poiExtraGuatemalaCitiesV2.ts(861,4): error TS1128: Declaration or statement expected.
lib/visualLab/data/poiExtraGuatemalaCitiesV2.ts(864,9): error TS1005: ';' expected.
lib/visualLab/data/poiExtraGuatemalaCitiesV2.ts(865,11): error TS1005: ';' expected.
lib/visualLab/data/poiExtraGuatemalaCitiesV2.ts(866,11): error TS1005: ';' expected.
lib/visualLab/data/poiExtraGuatemalaCitiesV2.ts(867,9): error TS1005: ';' expected.
lib/visualLab/data/poiExtraGuatemalaCitiesV2.ts(867,30): error TS1005: ';' expected.
lib/visualLab/data/poiExtraGuatemalaCitiesV2.ts(867,45): error TS1005: ';' expected.
lib/visualLab/data/poiExtraGuatemalaCitiesV2.ts(867,60): error TS1005: ';' expected.
lib/visualLab/data/poiExtraGuatemalaCitiesV2.ts(867,73): error TS1128: Declaration or statement expected.
lib/visualLab/data/poiExtraGuatemalaCitiesV2.ts(868,75): error TS1005: ';' expected.
lib/visualLab/data/poiExtraGuatemalaCitiesV2.ts(868,125): error TS1005: ';' expected.
lib/visualLab/data/poiExtraGuatemalaCitiesV2.ts(868,172): error TS1005: ';' expected.
lib/visualLab/data/poiExtraGuatemalaCitiesV2.ts(868,217): error TS1128: Declaration or statement expected.
lib/visualLab/data/poiExtraGuatemalaCitiesV2.ts(869,89): error TS1005: ';' expected.
lib/visualLab/data/poiExtraGuatemalaCitiesV2.ts(869,159): error TS1005: ';' expected.
lib/visualLab/data/poiExtraGuatemalaCitiesV2.ts(869,231): error TS1005: ';' expected.
lib/visualLab/data/poiExtraGuatemalaCitiesV2.ts(869,304): error TS1128: Declaration or statement expected.
lib/visualLab/data/poiExtraGuatemalaCitiesV2.ts(870,802): error TS1005: ';' expected.
lib/visualLab/data/poiExtraGuatemalaCitiesV2.ts(870,1575): error TS1005: ';' expected.
lib/visualLab/data/poiExtraGuatemalaCitiesV2.ts(870,2222): error TS1005: ';' expected.
lib/visualLab/data/poiExtraGuatemalaCitiesV2.ts(870,2992): error TS1128: Declaration or statement expected.
lib/visualLab/data/poiExtraGuatemalaCitiesV2.ts(871,332): error TS1005: ';' expected.
lib/visualLab/data/poiExtraGuatemalaCitiesV2.ts(871,866): error TS1005: ';' expected.
lib/visualLab/data/poiExtraGuatemalaCitiesV2.ts(871,1375): error TS1005: ';' expected.
lib/visualLab/data/poiExtraGuatemalaCitiesV2.ts(872,4): error TS1128: Declaration or statement expected.
lib/visualLab/data/poiExtraGuatemalaCitiesV2.ts(875,9): error TS1005: ';' expected.
lib/visualLab/data/poiExtraGuatemalaCitiesV2.ts(876,11): error TS1005: ';' expected.
lib/visualLab/data/poiExtraGuatemalaCitiesV2.ts(877,11): error TS1005: ';' expected.
lib/visualLab/data/poiExtraGuatemalaCitiesV2.ts(878,9): error TS1005: ';' expected.
lib/visualLab/data/poiExtraGuatemalaCitiesV2.ts(878,47): error TS1005: ';' expected.
lib/visualLab/data/poiExtraGuatemalaCitiesV2.ts(878,79): error TS1005: ';' expected.
lib/visualLab/data/poiExtraGuatemalaCitiesV2.ts(878,111): error TS1005: ';' expected.
lib/visualLab/data/poiExtraGuatemalaCitiesV2.ts(878,141): error TS1128: Declaration or statement expected.
lib/visualLab/data/poiExtraGuatemalaCitiesV2.ts(879,74): error TS1005: ';' expected.
lib/visualLab/data/poiExtraGuatemalaCitiesV2.ts(879,113): error TS1005: ';' expected.
lib/visualLab/data/poiExtraGuatemalaCitiesV2.ts(879,170): error TS1005: ';' expected.
lib/visualLab/data/poiExtraGuatemalaCitiesV2.ts(879,224): error TS1128: Declaration or statement expected.
lib/visualLab/data/poiExtraGuatemalaCitiesV2.ts(880,96): error TS1005: ';' expected.
lib/visualLab/data/poiExtraGuatemalaCitiesV2.ts(880,176): error TS1005: ';' expected.
lib/visualLab/data/poiExtraGuatemalaCitiesV2.ts(880,263): error TS1005: ';' expected.
lib/visualLab/data/poiExtraGuatemalaCitiesV2.ts(880,350): error TS1128: Declaration or statement expected.
lib/visualLab/data/poiExtraGuatemalaCitiesV2.ts(881,799): error TS1005: ';' expected.
lib/visualLab/data/poiExtraGuatemalaCitiesV2.ts(881,1513): error TS1005: ';' expected.
lib/visualLab/data/poiExtraGuatemalaCitiesV2.ts(881,2116): error TS1005: ';' expected.
lib/visualLab/data/poiExtraGuatemalaCitiesV2.ts(881,2909): error TS1128: Declaration or statement expected.
lib/visualLab/data/poiExtraGuatemalaCitiesV2.ts(882,346): error TS1005: ';' expected.
lib/visualLab/data/poiExtraGuatemalaCitiesV2.ts(882,891): error TS1005: ';' expected.
lib/visualLab/data/poiExtraGuatemalaCitiesV2.ts(882,1432): error TS1005: ';' expected.
lib/visualLab/data/poiExtraGuatemalaCitiesV2.ts(884,1): error TS1128: Declaration or statement expected.
lib/visualLab/data/poiExtraGuatemalaCitiesV2.ts(885,1): error TS1005: '}' expected.
lib/visualLab/data/poiExtraSenegalCitiesV2.ts(16,7): error TS1136: Property assignment expected.
lib/visualLab/data/poiExtraSenegalCitiesV2.ts(17,24): error TS1005: ',' expected.
lib/visualLab/data/poiExtraSenegalCitiesV2.ts(20,18): error TS1005: ',' expected.
lib/visualLab/data/poiExtraSenegalCitiesV2.ts(23,3): error TS1005: ',' expected.
lib/visualLab/data/poiExtraSenegalCitiesV2.ts(25,9): error TS1005: ';' expected.
lib/visualLab/data/poiExtraSenegalCitiesV2.ts(26,9): error TS1005: ';' expected.
lib/visualLab/data/poiExtraSenegalCitiesV2.ts(27,9): error TS1005: ';' expected.
lib/visualLab/data/poiExtraSenegalCitiesV2.ts(28,6): error TS1128: Declaration or statement expected.
lib/visualLab/data/poiExtraSenegalCitiesV2.ts(31,9): error TS1005: ';' expected.
lib/visualLab/data/poiExtraSenegalCitiesV2.ts(32,9): error TS1005: ';' expected.
lib/visualLab/data/poiExtraSenegalCitiesV2.ts(33,9): error TS1005: ';' expected.
lib/visualLab/data/poiExtraSenegalCitiesV2.ts(34,6): error TS1128: Declaration or statement expected.
lib/visualLab/data/poiExtraSenegalCitiesV2.ts(37,9): error TS1005: ';' expected.
lib/visualLab/data/poiExtraSenegalCitiesV2.ts(38,9): error TS1005: ';' expected.
lib/visualLab/data/poiExtraSenegalCitiesV2.ts(39,9): error TS1005: ';' expected.
lib/visualLab/data/poiExtraSenegalCitiesV2.ts(40,6): error TS1128: Declaration or statement expected.
lib/visualLab/data/poiExtraSenegalCitiesV2.ts(40,49): error TS1128: Declaration or statement expected.
lib/visualLab/data/poiExtraSenegalCitiesV2.ts(40,50): error TS1128: Declaration or statement expected.
lib/visualLab/data/poiExtraSenegalCitiesV2.ts(43,9): error TS1005: ';' expected.
lib/visualLab/data/poiExtraSenegalCitiesV2.ts(44,11): error TS1005: ';' expected.
lib/visualLab/data/poiExtraSenegalCitiesV2.ts(45,11): error TS1005: ';' expected.
lib/visualLab/data/poiExtraSenegalCitiesV2.ts(46,9): error TS1005: ';' expected.
lib/visualLab/data/poiExtraSenegalCitiesV2.ts(46,29): error TS1005: ';' expected.
lib/visualLab/data/poiExtraSenegalCitiesV2.ts(46,43): error TS1005: ';' expected.
lib/visualLab/data/poiExtraSenegalCitiesV2.ts(46,57): error TS1005: ';' expected.
lib/visualLab/data/poiExtraSenegalCitiesV2.ts(46,69): error TS1128: Declaration or statement expected.
lib/visualLab/data/poiExtraSenegalCitiesV2.ts(49,9): error TS1005: ';' expected.
lib/visualLab/data/poiExtraSenegalCitiesV2.ts(50,9): error TS1005: ';' expected.
lib/visualLab/data/poiExtraSenegalCitiesV2.ts(51,9): error TS1005: ';' expected.
lib/visualLab/data/poiExtraSenegalCitiesV2.ts(52,6): error TS1128: Declaration or statement expected.
lib/visualLab/data/poiExtraSenegalCitiesV2.ts(55,9): error TS1005: ';' expected.
lib/visualLab/data/poiExtraSenegalCitiesV2.ts(56,9): error TS1005: ';' expected.
lib/visualLab/data/poiExtraSenegalCitiesV2.ts(57,9): error TS1005: ';' expected.
lib/visualLab/data/poiExtraSenegalCitiesV2.ts(58,6): error TS1128: Declaration or statement expected.
lib/visualLab/data/poiExtraSenegalCitiesV2.ts(61,9): error TS1005: ';' expected.
lib/visualLab/data/poiExtraSenegalCitiesV2.ts(62,9): error TS1005: ';' expected.
lib/visualLab/data/poiExtraSenegalCitiesV2.ts(63,9): error TS1005: ';' expected.
lib/visualLab/data/poiExtraSenegalCitiesV2.ts(64,6): error TS1128: Declaration or statement expected.
lib/visualLab/data/poiExtraSenegalCitiesV2.ts(67,9): error TS1005: ';' expected.
lib/visualLab/data/poiExtraSenegalCitiesV2.ts(68,9): error TS1005: ';' expected.
lib/visualLab/data/poiExtraSenegalCitiesV2.ts(69,9): error TS1005: ';' expected.
lib/visualLab/data/poiExtraSenegalCitiesV2.ts(70,6): error TS1128: Declaration or statement expected.
lib/visualLab/data/poiExtraSenegalCitiesV2.ts(70,51): error TS1128: Declaration or statement expected.
lib/visualLab/data/poiExtraSenegalCitiesV2.ts(73,9): error TS1005: ';' expected.
lib/visualLab/data/poiExtraSenegalCitiesV2.ts(74,11): error TS1005: ';' expected.
lib/visualLab/data/poiExtraSenegalCitiesV2.ts(75,11): error TS1005: ';' expected.
lib/visualLab/data/poiExtraSenegalCitiesV2.ts(76,9): error TS1005: ';' expected.
lib/visualLab/data/poiExtraSenegalCitiesV2.ts(76,28): error TS1005: ';' expected.
lib/visualLab/data/poiExtraSenegalCitiesV2.ts(76,41): error TS1005: ';' expected.
lib/visualLab/data/poiExtraSenegalCitiesV2.ts(76,54): error TS1005: ';' expected.
lib/visualLab/data/poiExtraSenegalCitiesV2.ts(76,65): error TS1128: Declaration or statement expected.
lib/visualLab/data/poiExtraSenegalCitiesV2.ts(79,9): error TS1005: ';' expected.
lib/visualLab/data/poiExtraSenegalCitiesV2.ts(80,9): error TS1005: ';' expected.
lib/visualLab/data/poiExtraSenegalCitiesV2.ts(81,9): error TS1005: ';' expected.
lib/visualLab/data/poiExtraSenegalCitiesV2.ts(82,6): error TS1128: Declaration or statement expected.
lib/visualLab/data/poiExtraSenegalCitiesV2.ts(85,9): error TS1005: ';' expected.
lib/visualLab/data/poiExtraSenegalCitiesV2.ts(86,9): error TS1005: ';' expected.
lib/visualLab/data/poiExtraSenegalCitiesV2.ts(87,9): error TS1005: ';' expected.
lib/visualLab/data/poiExtraSenegalCitiesV2.ts(88,6): error TS1128: Declaration or statement expected.
lib/visualLab/data/poiExtraSenegalCitiesV2.ts(91,9): error TS1005: ';' expected.
lib/visualLab/data/poiExtraSenegalCitiesV2.ts(92,9): error TS1005: ';' expected.
lib/visualLab/data/poiExtraSenegalCitiesV2.ts(93,9): error TS1005: ';' expected.
lib/visualLab/data/poiExtraSenegalCitiesV2.ts(94,6): error TS1128: Declaration or statement expected.
lib/visualLab/data/poiExtraSenegalCitiesV2.ts(97,9): error TS1005: ';' expected.
lib/visualLab/data/poiExtraSenegalCitiesV2.ts(98,9): error TS1005: ';' expected.
lib/visualLab/data/poiExtraSenegalCitiesV2.ts(99,9): error TS1005: ';' expected.
lib/visualLab/data/poiExtraSenegalCitiesV2.ts(100,6): error TS1128: Declaration or statement expected.
lib/visualLab/data/poiExtraSenegalCitiesV2.ts(100,50): error TS1128: Declaration or statement expected.
lib/visualLab/data/poiExtraSenegalCitiesV2.ts(103,9): error TS1005: ';' expected.
lib/visualLab/data/poiExtraSenegalCitiesV2.ts(104,11): error TS1005: ';' expected.
lib/visualLab/data/poiExtraSenegalCitiesV2.ts(105,11): error TS1005: ';' expected.
lib/visualLab/data/poiExtraSenegalCitiesV2.ts(106,9): error TS1005: ';' expected.
lib/visualLab/data/poiExtraSenegalCitiesV2.ts(106,28): error TS1005: ';' expected.
lib/visualLab/data/poiExtraSenegalCitiesV2.ts(106,41): error TS1005: ';' expected.
lib/visualLab/data/poiExtraSenegalCitiesV2.ts(106,54): error TS1005: ';' expected.
lib/visualLab/data/poiExtraSenegalCitiesV2.ts(106,65): error TS1128: Declaration or statement expected.
lib/visualLab/data/poiExtraSenegalCitiesV2.ts(109,9): error TS1005: ';' expected.
lib/visualLab/data/poiExtraSenegalCitiesV2.ts(110,9): error TS1005: ';' expected.
lib/visualLab/data/poiExtraSenegalCitiesV2.ts(111,9): error TS1005: ';' expected.
lib/visualLab/data/poiExtraSenegalCitiesV2.ts(112,6): error TS1128: Declaration or statement expected.
lib/visualLab/data/poiExtraSenegalCitiesV2.ts(115,9): error TS1005: ';' expected.
lib/visualLab/data/poiExtraSenegalCitiesV2.ts(116,9): error TS1005: ';' expected.
lib/visualLab/data/poiExtraSenegalCitiesV2.ts(117,9): error TS1005: ';' expected.
lib/visualLab/data/poiExtraSenegalCitiesV2.ts(118,6): error TS1128: Declaration or statement expected.
lib/visualLab/data/poiExtraSenegalCitiesV2.ts(119,24): error TS1005: ';' expected.
lib/visualLab/data/poiExtraSenegalCitiesV2.ts(121,9): error TS1005: ';' expected.
lib/visualLab/data/poiExtraSenegalCitiesV2.ts(122,9): error TS1005: ';' expected.
lib/visualLab/data/poiExtraSenegalCitiesV2.ts(123,9): error TS1005: ';' expected.
lib/visualLab/data/poiExtraSenegalCitiesV2.ts(124,6): error TS1128: Declaration or statement expected.
lib/visualLab/data/poiExtraSenegalCitiesV2.ts(127,9): error TS1005: ';' expected.
lib/visualLab/data/poiExtraSenegalCitiesV2.ts(128,9): error TS1005: ';' expected.
lib/visualLab/data/poiExtraSenegalCitiesV2.ts(129,9): error TS1005: ';' expected.
lib/visualLab/data/poiExtraSenegalCitiesV2.ts(131,4): error TS1128: Declaration or statement expected.
lib/visualLab/data/poiExtraSenegalCitiesV2.ts(134,9): error TS1005: ';' expected.
lib/visualLab/data/poiExtraSenegalCitiesV2.ts(135,11): error TS1005: ';' expected.
lib/visualLab/data/poiExtraSenegalCitiesV2.ts(136,11): error TS1005: ';' expected.
lib/visualLab/data/poiExtraSenegalCitiesV2.ts(137,9): error TS1005: ';' expected.
lib/visualLab/data/poiExtraSenegalCitiesV2.ts(137,31): error TS1005: ';' expected.
lib/visualLab/data/poiExtraSenegalCitiesV2.ts(137,47): error TS1005: ';' expected.
lib/visualLab/data/poiExtraSenegalCitiesV2.ts(137,63): error TS1005: ';' expected.
lib/visualLab/data/poiExtraSenegalCitiesV2.ts(137,77): error TS1128: Declaration or statement expected.
lib/visualLab/data/poiExtraSenegalCitiesV2.ts(140,9): error TS1005: ';' expected.
lib/visualLab/data/poiExtraSenegalCitiesV2.ts(141,9): error TS1005: ';' expected.
lib/visualLab/data/poiExtraSenegalCitiesV2.ts(142,9): error TS1005: ';' expected.
lib/visualLab/data/poiExtraSenegalCitiesV2.ts(143,6): error TS1128: Declaration or statement expected.
lib/visualLab/data/poiExtraSenegalCitiesV2.ts(143,7): error TS1128: Declaration or statement expected.
lib/visualLab/data/poiExtraSenegalCitiesV2.ts(146,6): error TS1128: Declaration or statement expected.
lib/visualLab/data/poiExtraSenegalCitiesV2.ts(152,9): error TS1005: ';' expected.
lib/visualLab/data/poiExtraSenegalCitiesV2.ts(153,9): error TS1005: ';' expected.
lib/visualLab/data/poiExtraSenegalCitiesV2.ts(154,9): error TS1005: ';' expected.
lib/visualLab/data/poiExtraSenegalCitiesV2.ts(155,6): error TS1128: Declaration or statement expected.
lib/visualLab/data/poiExtraSenegalCitiesV2.ts(156,24): error TS1005: ';' expected.
lib/visualLab/data/poiExtraSenegalCitiesV2.ts(158,9): error TS1005: ';' expected.
lib/visualLab/data/poiExtraSenegalCitiesV2.ts(159,9): error TS1005: ';' expected.
lib/visualLab/data/poiExtraSenegalCitiesV2.ts(160,9): error TS1005: ';' expected.
lib/visualLab/data/poiExtraSenegalCitiesV2.ts(161,6): error TS1128: Declaration or statement expected.
lib/visualLab/data/poiExtraSenegalCitiesV2.ts(164,9): error TS1005: ';' expected.
lib/visualLab/data/poiExtraSenegalCitiesV2.ts(165,9): error TS1005: ';' expected.
lib/visualLab/data/poiExtraSenegalCitiesV2.ts(166,9): error TS1005: ';' expected.
lib/visualLab/data/poiExtraSenegalCitiesV2.ts(168,3): error TS1128: Declaration or statement expected.
lib/visualLab/data/poiExtraSenegalCitiesV2.ts(168,4): error TS1128: Declaration or statement expected.
lib/visualLab/data/poiExtraSenegalCitiesV2.ts(171,9): error TS1005: ';' expected.
lib/visualLab/data/poiExtraSenegalCitiesV2.ts(172,11): error TS1005: ';' expected.
lib/visualLab/data/poiExtraSenegalCitiesV2.ts(173,11): error TS1005: ';' expected.
lib/visualLab/data/poiExtraSenegalCitiesV2.ts(174,9): error TS1005: ';' expected.
lib/visualLab/data/poiExtraSenegalCitiesV2.ts(174,30): error TS1005: ';' expected.
lib/visualLab/data/poiExtraSenegalCitiesV2.ts(174,45): error TS1005: ';' expected.
lib/visualLab/data/poiExtraSenegalCitiesV2.ts(174,60): error TS1005: ';' expected.
lib/visualLab/data/poiExtraSenegalCitiesV2.ts(174,73): error TS1128: Declaration or statement expected.
lib/visualLab/data/poiExtraSenegalCitiesV2.ts(177,9): error TS1005: ';' expected.
lib/visualLab/data/poiExtraSenegalCitiesV2.ts(178,9): error TS1005: ';' expected.
lib/visualLab/data/poiExtraSenegalCitiesV2.ts(179,9): error TS1005: ';' expected.
lib/visualLab/data/poiExtraSenegalCitiesV2.ts(180,6): error TS1128: Declaration or statement expected.
lib/visualLab/data/poiExtraSenegalCitiesV2.ts(180,7): error TS1128: Declaration or statement expected.
lib/visualLab/data/poiExtraSenegalCitiesV2.ts(183,6): error TS1128: Declaration or statement expected.
lib/visualLab/data/poiExtraSenegalCitiesV2.ts(189,9): error TS1005: ';' expected.
lib/visualLab/data/poiExtraSenegalCitiesV2.ts(190,9): error TS1005: ';' expected.
lib/visualLab/data/poiExtraSenegalCitiesV2.ts(191,9): error TS1005: ';' expected.
lib/visualLab/data/poiExtraSenegalCitiesV2.ts(192,6): error TS1128: Declaration or statement expected.
lib/visualLab/data/poiExtraSenegalCitiesV2.ts(193,24): error TS1005: ';' expected.
lib/visualLab/data/poiExtraSenegalCitiesV2.ts(195,9): error TS1005: ';' expected.
lib/visualLab/data/poiExtraSenegalCitiesV2.ts(196,9): error TS1005: ';' expected.
lib/visualLab/data/poiExtraSenegalCitiesV2.ts(197,9): error TS1005: ';' expected.
lib/visualLab/data/poiExtraSenegalCitiesV2.ts(198,6): error TS1128: Declaration or statement expected.
lib/visualLab/data/poiExtraSenegalCitiesV2.ts(201,9): error TS1005: ';' expected.
lib/visualLab/data/poiExtraSenegalCitiesV2.ts(202,9): error TS1005: ';' expected.
lib/visualLab/data/poiExtraSenegalCitiesV2.ts(203,9): error TS1005: ';' expected.
lib/visualLab/data/poiExtraSenegalCitiesV2.ts(205,3): error TS1128: Declaration or statement expected.
lib/visualLab/data/poiExtraSenegalCitiesV2.ts(206,1): error TS1128: Declaration or statement expected.
lib/visualLab/data/poiExtraSenegalEconomicV2.ts(15,6): error TS1005: ',' expected.
lib/visualLab/data/poiExtraSenegalEconomicV2.ts(20,7): error TS1136: Property assignment expected.
lib/visualLab/data/poiExtraSenegalEconomicV2.ts(21,24): error TS1005: ',' expected.
lib/visualLab/data/poiExtraSenegalEconomicV2.ts(24,18): error TS1005: ',' expected.
lib/visualLab/data/poiExtraSenegalEconomicV2.ts(27,3): error TS1005: ',' expected.
lib/visualLab/data/poiExtraSenegalEconomicV2.ts(32,9): error TS1005: ';' expected.
lib/visualLab/data/poiExtraSenegalEconomicV2.ts(36,9): error TS1005: ';' expected.
lib/visualLab/data/poiExtraSenegalEconomicV2.ts(40,9): error TS1005: ';' expected.
lib/visualLab/data/poiExtraSenegalEconomicV2.ts(44,24): error TS1005: ';' expected.
lib/visualLab/data/poiExtraSenegalEconomicV2.ts(46,6): error TS1128: Declaration or statement expected.
lib/visualLab/data/poiExtraSenegalEconomicV2.ts(51,3): error TS1128: Declaration or statement expected.
lib/visualLab/data/poiExtraSenegalEconomicV2.ts(51,4): error TS1128: Declaration or statement expected.
lib/visualLab/data/poiExtraSenegalEconomicV2.ts(51,66): error TS1005: ';' expected.
lib/visualLab/data/poiExtraSenegalEconomicV2.ts(53,9): error TS1005: ';' expected.
lib/visualLab/data/poiExtraSenegalEconomicV2.ts(54,11): error TS1005: ';' expected.
lib/visualLab/data/poiExtraSenegalEconomicV2.ts(55,11): error TS1005: ';' expected.
lib/visualLab/data/poiExtraSenegalEconomicV2.ts(56,9): error TS1005: ';' expected.
lib/visualLab/data/poiExtraSenegalEconomicV2.ts(58,9): error TS1005: ';' expected.
lib/visualLab/data/poiExtraSenegalEconomicV2.ts(59,9): error TS1005: ';' expected.
lib/visualLab/data/poiExtraSenegalEconomicV2.ts(60,9): error TS1005: ';' expected.
lib/visualLab/data/poiExtraSenegalEconomicV2.ts(63,9): error TS1005: ';' expected.
lib/visualLab/data/poiExtraSenegalEconomicV2.ts(64,9): error TS1005: ';' expected.
lib/visualLab/data/poiExtraSenegalEconomicV2.ts(65,9): error TS1005: ';' expected.
lib/visualLab/data/poiExtraSenegalEconomicV2.ts(66,6): error TS1128: Declaration or statement expected.
lib/visualLab/data/poiExtraSenegalEconomicV2.ts(72,9): error TS1005: ';' expected.
lib/visualLab/data/poiExtraSenegalEconomicV2.ts(76,9): error TS1005: ';' expected.
lib/visualLab/data/poiExtraSenegalEconomicV2.ts(80,9): error TS1005: ';' expected.
lib/visualLab/data/poiExtraSenegalEconomicV2.ts(84,24): error TS1005: ';' expected.
lib/visualLab/data/poiExtraSenegalEconomicV2.ts(86,6): error TS1128: Declaration or statement expected.
lib/visualLab/data/poiExtraSenegalEconomicV2.ts(91,4): error TS1128: Declaration or statement expected.
lib/visualLab/data/poiExtraSenegalEconomicV2.ts(91,62): error TS1005: ';' expected.
lib/visualLab/data/poiExtraSenegalEconomicV2.ts(93,9): error TS1005: ';' expected.
lib/visualLab/data/poiExtraSenegalEconomicV2.ts(94,11): error TS1005: ';' expected.
lib/visualLab/data/poiExtraSenegalEconomicV2.ts(95,11): error TS1005: ';' expected.
lib/visualLab/data/poiExtraSenegalEconomicV2.ts(96,9): error TS1005: ';' expected.
lib/visualLab/data/poiExtraSenegalEconomicV2.ts(98,9): error TS1005: ';' expected.
lib/visualLab/data/poiExtraSenegalEconomicV2.ts(99,9): error TS1005: ';' expected.
lib/visualLab/data/poiExtraSenegalEconomicV2.ts(100,9): error TS1005: ';' expected.
lib/visualLab/data/poiExtraSenegalEconomicV2.ts(103,9): error TS1005: ';' expected.
lib/visualLab/data/poiExtraSenegalEconomicV2.ts(104,9): error TS1005: ';' expected.
lib/visualLab/data/poiExtraSenegalEconomicV2.ts(105,9): error TS1005: ';' expected.
lib/visualLab/data/poiExtraSenegalEconomicV2.ts(106,6): error TS1128: Declaration or statement expected.
lib/visualLab/data/poiExtraSenegalEconomicV2.ts(112,9): error TS1005: ';' expected.
lib/visualLab/data/poiExtraSenegalEconomicV2.ts(116,9): error TS1005: ';' expected.
lib/visualLab/data/poiExtraSenegalEconomicV2.ts(120,9): error TS1005: ';' expected.
lib/visualLab/data/poiExtraSenegalEconomicV2.ts(124,24): error TS1005: ';' expected.
lib/visualLab/data/poiExtraSenegalEconomicV2.ts(126,6): error TS1128: Declaration or statement expected.
lib/visualLab/data/poiExtraSenegalEconomicV2.ts(131,4): error TS1128: Declaration or statement expected.
lib/visualLab/data/poiExtraSenegalEconomicV2.ts(131,59): error TS1005: ';' expected.
lib/visualLab/data/poiExtraSenegalEconomicV2.ts(133,9): error TS1005: ';' expected.
lib/visualLab/data/poiExtraSenegalEconomicV2.ts(134,11): error TS1005: ';' expected.
lib/visualLab/data/poiExtraSenegalEconomicV2.ts(135,11): error TS1005: ';' expected.
lib/visualLab/data/poiExtraSenegalEconomicV2.ts(136,9): error TS1005: ';' expected.
lib/visualLab/data/poiExtraSenegalEconomicV2.ts(138,9): error TS1005: ';' expected.
lib/visualLab/data/poiExtraSenegalEconomicV2.ts(139,9): error TS1005: ';' expected.
lib/visualLab/data/poiExtraSenegalEconomicV2.ts(140,9): error TS1005: ';' expected.
lib/visualLab/data/poiExtraSenegalEconomicV2.ts(143,9): error TS1005: ';' expected.
lib/visualLab/data/poiExtraSenegalEconomicV2.ts(144,9): error TS1005: ';' expected.
lib/visualLab/data/poiExtraSenegalEconomicV2.ts(145,9): error TS1005: ';' expected.
lib/visualLab/data/poiExtraSenegalEconomicV2.ts(146,6): error TS1128: Declaration or statement expected.
lib/visualLab/data/poiExtraSenegalEconomicV2.ts(152,9): error TS1005: ';' expected.
lib/visualLab/data/poiExtraSenegalEconomicV2.ts(156,9): error TS1005: ';' expected.
lib/visualLab/data/poiExtraSenegalEconomicV2.ts(160,9): error TS1005: ';' expected.
lib/visualLab/data/poiExtraSenegalEconomicV2.ts(164,24): error TS1005: ';' expected.
lib/visualLab/data/poiExtraSenegalEconomicV2.ts(166,6): error TS1128: Declaration or statement expected.
lib/visualLab/data/poiExtraSenegalEconomicV2.ts(171,4): error TS1128: Declaration or statement expected.
lib/visualLab/data/poiExtraSenegalEconomicV2.ts(171,56): error TS1005: ';' expected.
lib/visualLab/data/poiExtraSenegalEconomicV2.ts(173,9): error TS1005: ';' expected.
lib/visualLab/data/poiExtraSenegalEconomicV2.ts(174,11): error TS1005: ';' expected.
lib/visualLab/data/poiExtraSenegalEconomicV2.ts(175,11): error TS1005: ';' expected.
lib/visualLab/data/poiExtraSenegalEconomicV2.ts(176,9): error TS1005: ';' expected.
lib/visualLab/data/poiExtraSenegalEconomicV2.ts(178,9): error TS1005: ';' expected.
lib/visualLab/data/poiExtraSenegalEconomicV2.ts(179,9): error TS1005: ';' expected.
lib/visualLab/data/poiExtraSenegalEconomicV2.ts(180,9): error TS1005: ';' expected.
lib/visualLab/data/poiExtraSenegalEconomicV2.ts(183,9): error TS1005: ';' expected.
lib/visualLab/data/poiExtraSenegalEconomicV2.ts(184,9): error TS1005: ';' expected.
lib/visualLab/data/poiExtraSenegalEconomicV2.ts(185,9): error TS1005: ';' expected.
lib/visualLab/data/poiExtraSenegalEconomicV2.ts(186,6): error TS1128: Declaration or statement expected.
lib/visualLab/data/poiExtraSenegalEconomicV2.ts(192,9): error TS1005: ';' expected.
lib/visualLab/data/poiExtraSenegalEconomicV2.ts(196,9): error TS1005: ';' expected.
lib/visualLab/data/poiExtraSenegalEconomicV2.ts(200,9): error TS1005: ';' expected.
lib/visualLab/data/poiExtraSenegalEconomicV2.ts(204,24): error TS1005: ';' expected.
lib/visualLab/data/poiExtraSenegalEconomicV2.ts(206,6): error TS1128: Declaration or statement expected.
lib/visualLab/data/poiExtraSenegalEconomicV2.ts(211,4): error TS1128: Declaration or statement expected.
lib/visualLab/data/poiExtraSenegalEconomicV2.ts(211,58): error TS1005: ';' expected.
lib/visualLab/data/poiExtraSenegalEconomicV2.ts(213,9): error TS1005: ';' expected.
lib/visualLab/data/poiExtraSenegalEconomicV2.ts(214,11): error TS1005: ';' expected.
lib/visualLab/data/poiExtraSenegalEconomicV2.ts(215,11): error TS1005: ';' expected.
lib/visualLab/data/poiExtraSenegalEconomicV2.ts(216,9): error TS1005: ';' expected.
lib/visualLab/data/poiExtraSenegalEconomicV2.ts(218,9): error TS1005: ';' expected.
lib/visualLab/data/poiExtraSenegalEconomicV2.ts(219,9): error TS1005: ';' expected.
lib/visualLab/data/poiExtraSenegalEconomicV2.ts(220,9): error TS1005: ';' expected.
lib/visualLab/data/poiExtraSenegalEconomicV2.ts(223,9): error TS1005: ';' expected.
lib/visualLab/data/poiExtraSenegalEconomicV2.ts(224,9): error TS1005: ';' expected.
lib/visualLab/data/poiExtraSenegalEconomicV2.ts(225,9): error TS1005: ';' expected.
lib/visualLab/data/poiExtraSenegalEconomicV2.ts(226,6): error TS1128: Declaration or statement expected.
lib/visualLab/data/poiExtraSenegalEconomicV2.ts(232,9): error TS1005: ';' expected.
lib/visualLab/data/poiExtraSenegalEconomicV2.ts(236,9): error TS1005: ';' expected.
lib/visualLab/data/poiExtraSenegalEconomicV2.ts(240,9): error TS1005: ';' expected.
lib/visualLab/data/poiExtraSenegalEconomicV2.ts(244,24): error TS1005: ';' expected.
lib/visualLab/data/poiExtraSenegalEconomicV2.ts(246,6): error TS1128: Declaration or statement expected.
lib/visualLab/data/poiExtraSenegalEconomicV2.ts(251,4): error TS1128: Declaration or statement expected.
lib/visualLab/data/poiExtraSenegalEconomicV2.ts(251,60): error TS1005: ';' expected.
lib/visualLab/data/poiExtraSenegalEconomicV2.ts(253,9): error TS1005: ';' expected.
lib/visualLab/data/poiExtraSenegalEconomicV2.ts(254,11): error TS1005: ';' expected.
lib/visualLab/data/poiExtraSenegalEconomicV2.ts(255,11): error TS1005: ';' expected.
lib/visualLab/data/poiExtraSenegalEconomicV2.ts(256,9): error TS1005: ';' expected.
lib/visualLab/data/poiExtraSenegalEconomicV2.ts(258,9): error TS1005: ';' expected.
lib/visualLab/data/poiExtraSenegalEconomicV2.ts(259,9): error TS1005: ';' expected.
lib/visualLab/data/poiExtraSenegalEconomicV2.ts(260,9): error TS1005: ';' expected.
lib/visualLab/data/poiExtraSenegalEconomicV2.ts(263,9): error TS1005: ';' expected.
lib/visualLab/data/poiExtraSenegalEconomicV2.ts(264,9): error TS1005: ';' expected.
lib/visualLab/data/poiExtraSenegalEconomicV2.ts(265,9): error TS1005: ';' expected.
lib/visualLab/data/poiExtraSenegalEconomicV2.ts(266,6): error TS1128: Declaration or statement expected.
lib/visualLab/data/poiExtraSenegalEconomicV2.ts(272,9): error TS1005: ';' expected.
lib/visualLab/data/poiExtraSenegalEconomicV2.ts(276,9): error TS1005: ';' expected.
lib/visualLab/data/poiExtraSenegalEconomicV2.ts(280,9): error TS1005: ';' expected.
lib/visualLab/data/poiExtraSenegalEconomicV2.ts(284,24): error TS1005: ';' expected.
lib/visualLab/data/poiExtraSenegalEconomicV2.ts(286,6): error TS1128: Declaration or statement expected.
lib/visualLab/data/poiExtraSenegalEconomicV2.ts(291,4): error TS1128: Declaration or statement expected.
lib/visualLab/data/poiExtraSenegalEconomicV2.ts(291,62): error TS1005: ';' expected.
lib/visualLab/data/poiExtraSenegalEconomicV2.ts(293,9): error TS1005: ';' expected.
lib/visualLab/data/poiExtraSenegalEconomicV2.ts(294,11): error TS1005: ';' expected.
lib/visualLab/data/poiExtraSenegalEconomicV2.ts(295,11): error TS1005: ';' expected.
lib/visualLab/data/poiExtraSenegalEconomicV2.ts(296,9): error TS1005: ';' expected.
lib/visualLab/data/poiExtraSenegalEconomicV2.ts(298,9): error TS1005: ';' expected.
lib/visualLab/data/poiExtraSenegalEconomicV2.ts(299,9): error TS1005: ';' expected.
lib/visualLab/data/poiExtraSenegalEconomicV2.ts(300,9): error TS1005: ';' expected.
lib/visualLab/data/poiExtraSenegalEconomicV2.ts(303,9): error TS1005: ';' expected.
lib/visualLab/data/poiExtraSenegalEconomicV2.ts(304,9): error TS1005: ';' expected.
lib/visualLab/data/poiExtraSenegalEconomicV2.ts(305,9): error TS1005: ';' expected.
lib/visualLab/data/poiExtraSenegalEconomicV2.ts(306,6): error TS1128: Declaration or statement expected.
lib/visualLab/data/poiExtraSenegalEconomicV2.ts(312,9): error TS1005: ';' expected.
lib/visualLab/data/poiExtraSenegalEconomicV2.ts(316,9): error TS1005: ';' expected.
lib/visualLab/data/poiExtraSenegalEconomicV2.ts(320,9): error TS1005: ';' expected.
lib/visualLab/data/poiExtraSenegalEconomicV2.ts(324,24): error TS1005: ';' expected.
lib/visualLab/data/poiExtraSenegalEconomicV2.ts(326,6): error TS1128: Declaration or statement expected.
lib/visualLab/data/poiExtraSenegalEconomicV2.ts(331,4): error TS1128: Declaration or statement expected.
lib/visualLab/data/poiExtraSenegalEconomicV2.ts(331,60): error TS1005: ';' expected.
lib/visualLab/data/poiExtraSenegalEconomicV2.ts(333,9): error TS1005: ';' expected.
lib/visualLab/data/poiExtraSenegalEconomicV2.ts(334,11): error TS1005: ';' expected.
lib/visualLab/data/poiExtraSenegalEconomicV2.ts(335,11): error TS1005: ';' expected.
lib/visualLab/data/poiExtraSenegalEconomicV2.ts(336,9): error TS1005: ';' expected.
lib/visualLab/data/poiExtraSenegalEconomicV2.ts(338,9): error TS1005: ';' expected.
lib/visualLab/data/poiExtraSenegalEconomicV2.ts(339,9): error TS1005: ';' expected.
lib/visualLab/data/poiExtraSenegalEconomicV2.ts(340,9): error TS1005: ';' expected.
lib/visualLab/data/poiExtraSenegalEconomicV2.ts(343,9): error TS1005: ';' expected.
lib/visualLab/data/poiExtraSenegalEconomicV2.ts(344,9): error TS1005: ';' expected.
lib/visualLab/data/poiExtraSenegalEconomicV2.ts(345,9): error TS1005: ';' expected.
lib/visualLab/data/poiExtraSenegalEconomicV2.ts(346,6): error TS1128: Declaration or statement expected.
lib/visualLab/data/poiExtraSenegalEconomicV2.ts(352,9): error TS1005: ';' expected.
lib/visualLab/data/poiExtraSenegalEconomicV2.ts(356,9): error TS1005: ';' expected.
lib/visualLab/data/poiExtraSenegalEconomicV2.ts(360,9): error TS1005: ';' expected.
lib/visualLab/data/poiExtraSenegalEconomicV2.ts(364,24): error TS1005: ';' expected.
lib/visualLab/data/poiExtraSenegalEconomicV2.ts(366,6): error TS1128: Declaration or statement expected.
lib/visualLab/data/poiExtraSenegalEconomicV2.ts(371,4): error TS1128: Declaration or statement expected.
lib/visualLab/data/poiExtraSenegalEconomicV2.ts(371,63): error TS1005: ';' expected.
lib/visualLab/data/poiExtraSenegalEconomicV2.ts(373,9): error TS1005: ';' expected.
lib/visualLab/data/poiExtraSenegalEconomicV2.ts(374,11): error TS1005: ';' expected.
lib/visualLab/data/poiExtraSenegalEconomicV2.ts(375,11): error TS1005: ';' expected.
lib/visualLab/data/poiExtraSenegalEconomicV2.ts(376,9): error TS1005: ';' expected.
lib/visualLab/data/poiExtraSenegalEconomicV2.ts(378,9): error TS1005: ';' expected.
lib/visualLab/data/poiExtraSenegalEconomicV2.ts(379,9): error TS1005: ';' expected.
lib/visualLab/data/poiExtraSenegalEconomicV2.ts(380,9): error TS1005: ';' expected.
lib/visualLab/data/poiExtraSenegalEconomicV2.ts(383,9): error TS1005: ';' expected.
lib/visualLab/data/poiExtraSenegalEconomicV2.ts(384,9): error TS1005: ';' expected.
lib/visualLab/data/poiExtraSenegalEconomicV2.ts(385,9): error TS1005: ';' expected.
lib/visualLab/data/poiExtraSenegalEconomicV2.ts(386,6): error TS1128: Declaration or statement expected.
lib/visualLab/data/poiExtraSenegalEconomicV2.ts(392,9): error TS1005: ';' expected.
lib/visualLab/data/poiExtraSenegalEconomicV2.ts(396,9): error TS1005: ';' expected.
lib/visualLab/data/poiExtraSenegalEconomicV2.ts(400,9): error TS1005: ';' expected.
lib/visualLab/data/poiExtraSenegalEconomicV2.ts(404,24): error TS1005: ';' expected.
lib/visualLab/data/poiExtraSenegalEconomicV2.ts(406,6): error TS1128: Declaration or statement expected.
lib/visualLab/data/poiExtraSenegalEconomicV2.ts(411,4): error TS1128: Declaration or statement expected.
lib/visualLab/data/poiExtraSenegalEconomicV2.ts(411,61): error TS1005: ';' expected.
lib/visualLab/data/poiExtraSenegalEconomicV2.ts(413,9): error TS1005: ';' expected.
lib/visualLab/data/poiExtraSenegalEconomicV2.ts(414,11): error TS1005: ';' expected.
lib/visualLab/data/poiExtraSenegalEconomicV2.ts(415,11): error TS1005: ';' expected.
lib/visualLab/data/poiExtraSenegalEconomicV2.ts(416,9): error TS1005: ';' expected.
lib/visualLab/data/poiExtraSenegalEconomicV2.ts(418,9): error TS1005: ';' expected.
lib/visualLab/data/poiExtraSenegalEconomicV2.ts(419,9): error TS1005: ';' expected.
lib/visualLab/data/poiExtraSenegalEconomicV2.ts(420,9): error TS1005: ';' expected.
lib/visualLab/data/poiExtraSenegalEconomicV2.ts(423,9): error TS1005: ';' expected.
lib/visualLab/data/poiExtraSenegalEconomicV2.ts(424,9): error TS1005: ';' expected.
lib/visualLab/data/poiExtraSenegalEconomicV2.ts(425,9): error TS1005: ';' expected.
lib/visualLab/data/poiExtraSenegalEconomicV2.ts(426,6): error TS1128: Declaration or statement expected.
lib/visualLab/data/poiExtraSenegalEconomicV2.ts(432,9): error TS1005: ';' expected.
lib/visualLab/data/poiExtraSenegalEconomicV2.ts(436,9): error TS1005: ';' expected.
lib/visualLab/data/poiExtraSenegalEconomicV2.ts(440,9): error TS1005: ';' expected.
lib/visualLab/data/poiExtraSenegalEconomicV2.ts(444,24): error TS1005: ';' expected.
lib/visualLab/data/poiExtraSenegalEconomicV2.ts(446,6): error TS1128: Declaration or statement expected.
lib/visualLab/data/poiExtraSenegalEconomicV2.ts(453,9): error TS1005: ';' expected.
lib/visualLab/data/poiExtraSenegalEconomicV2.ts(454,11): error TS1005: ';' expected.
lib/visualLab/data/poiExtraSenegalEconomicV2.ts(455,11): error TS1005: ';' expected.
lib/visualLab/data/poiExtraSenegalEconomicV2.ts(456,9): error TS1005: ';' expected.
lib/visualLab/data/poiExtraSenegalEconomicV2.ts(458,9): error TS1005: ';' expected.
lib/visualLab/data/poiExtraSenegalEconomicV2.ts(459,9): error TS1005: ';' expected.
lib/visualLab/data/poiExtraSenegalEconomicV2.ts(460,9): error TS1005: ';' expected.
lib/visualLab/data/poiExtraSenegalEconomicV2.ts(463,9): error TS1005: ';' expected.
lib/visualLab/data/poiExtraSenegalEconomicV2.ts(464,9): error TS1005: ';' expected.
lib/visualLab/data/poiExtraSenegalEconomicV2.ts(465,9): error TS1005: ';' expected.
lib/visualLab/data/poiExtraSenegalEconomicV2.ts(466,6): error TS1128: Declaration or statement expected.
lib/visualLab/data/poiExtraSenegalEconomicV2.ts(472,9): error TS1005: ';' expected.
lib/visualLab/data/poiExtraSenegalEconomicV2.ts(476,9): error TS1005: ';' expected.
lib/visualLab/data/poiExtraSenegalEconomicV2.ts(480,9): error TS1005: ';' expected.
lib/visualLab/data/poiExtraSenegalEconomicV2.ts(484,24): error TS1005: ';' expected.
lib/visualLab/data/poiExtraSenegalEconomicV2.ts(486,6): error TS1128: Declaration or statement expected.
lib/visualLab/data/poiExtraSenegalEconomicV2.ts(491,4): error TS1128: Declaration or statement expected.
lib/visualLab/data/poiExtraSenegalEconomicV2.ts(491,72): error TS1005: ';' expected.
lib/visualLab/data/poiExtraSenegalEconomicV2.ts(493,9): error TS1005: ';' expected.
lib/visualLab/data/poiExtraSenegalEconomicV2.ts(494,11): error TS1005: ';' expected.
lib/visualLab/data/poiExtraSenegalEconomicV2.ts(495,11): error TS1005: ';' expected.
lib/visualLab/data/poiExtraSenegalEconomicV2.ts(496,9): error TS1005: ';' expected.
lib/visualLab/data/poiExtraSenegalEconomicV2.ts(498,9): error TS1005: ';' expected.
lib/visualLab/data/poiExtraSenegalEconomicV2.ts(499,9): error TS1005: ';' expected.
lib/visualLab/data/poiExtraSenegalEconomicV2.ts(500,9): error TS1005: ';' expected.
lib/visualLab/data/poiExtraSenegalEconomicV2.ts(503,9): error TS1005: ';' expected.
lib/visualLab/data/poiExtraSenegalEconomicV2.ts(504,9): error TS1005: ';' expected.
lib/visualLab/data/poiExtraSenegalEconomicV2.ts(505,9): error TS1005: ';' expected.
lib/visualLab/data/poiExtraSenegalEconomicV2.ts(506,6): error TS1128: Declaration or statement expected.
lib/visualLab/data/poiExtraSenegalEconomicV2.ts(512,9): error TS1005: ';' expected.
lib/visualLab/data/poiExtraSenegalEconomicV2.ts(516,9): error TS1005: ';' expected.
lib/visualLab/data/poiExtraSenegalEconomicV2.ts(520,9): error TS1005: ';' expected.
lib/visualLab/data/poiExtraSenegalEconomicV2.ts(524,24): error TS1005: ';' expected.
lib/visualLab/data/poiExtraSenegalEconomicV2.ts(526,6): error TS1128: Declaration or statement expected.
lib/visualLab/data/poiExtraSenegalEconomicV2.ts(531,4): error TS1128: Declaration or statement expected.
lib/visualLab/data/poiExtraSenegalEconomicV2.ts(531,60): error TS1005: ';' expected.
lib/visualLab/data/poiExtraSenegalEconomicV2.ts(533,9): error TS1005: ';' expected.
lib/visualLab/data/poiExtraSenegalEconomicV2.ts(534,11): error TS1005: ';' expected.
lib/visualLab/data/poiExtraSenegalEconomicV2.ts(535,11): error TS1005: ';' expected.
lib/visualLab/data/poiExtraSenegalEconomicV2.ts(536,9): error TS1005: ';' expected.
lib/visualLab/data/poiExtraSenegalEconomicV2.ts(538,9): error TS1005: ';' expected.
lib/visualLab/data/poiExtraSenegalEconomicV2.ts(539,9): error TS1005: ';' expected.
lib/visualLab/data/poiExtraSenegalEconomicV2.ts(540,9): error TS1005: ';' expected.
lib/visualLab/data/poiExtraSenegalEconomicV2.ts(543,9): error TS1005: ';' expected.
lib/visualLab/data/poiExtraSenegalEconomicV2.ts(544,9): error TS1005: ';' expected.
lib/visualLab/data/poiExtraSenegalEconomicV2.ts(545,9): error TS1005: ';' expected.
lib/visualLab/data/poiExtraSenegalEconomicV2.ts(546,6): error TS1128: Declaration or statement expected.
lib/visualLab/data/poiExtraSenegalEconomicV2.ts(552,9): error TS1005: ';' expected.
lib/visualLab/data/poiExtraSenegalEconomicV2.ts(556,9): error TS1005: ';' expected.
lib/visualLab/data/poiExtraSenegalEconomicV2.ts(560,9): error TS1005: ';' expected.
lib/visualLab/data/poiExtraSenegalEconomicV2.ts(564,24): error TS1005: ';' expected.
lib/visualLab/data/poiExtraSenegalEconomicV2.ts(566,6): error TS1128: Declaration or statement expected.
lib/visualLab/data/poiExtraSenegalEconomicV2.ts(571,4): error TS1128: Declaration or statement expected.
lib/visualLab/data/poiExtraSenegalEconomicV2.ts(571,60): error TS1005: ';' expected.
lib/visualLab/data/poiExtraSenegalEconomicV2.ts(573,9): error TS1005: ';' expected.
lib/visualLab/data/poiExtraSenegalEconomicV2.ts(574,11): error TS1005: ';' expected.
lib/visualLab/data/poiExtraSenegalEconomicV2.ts(575,11): error TS1005: ';' expected.
lib/visualLab/data/poiExtraSenegalEconomicV2.ts(576,9): error TS1005: ';' expected.
lib/visualLab/data/poiExtraSenegalEconomicV2.ts(578,9): error TS1005: ';' expected.
lib/visualLab/data/poiExtraSenegalEconomicV2.ts(579,9): error TS1005: ';' expected.
lib/visualLab/data/poiExtraSenegalEconomicV2.ts(580,9): error TS1005: ';' expected.
lib/visualLab/data/poiExtraSenegalEconomicV2.ts(583,9): error TS1005: ';' expected.
lib/visualLab/data/poiExtraSenegalEconomicV2.ts(584,9): error TS1005: ';' expected.
lib/visualLab/data/poiExtraSenegalEconomicV2.ts(585,9): error TS1005: ';' expected.
lib/visualLab/data/poiExtraSenegalEconomicV2.ts(586,6): error TS1128: Declaration or statement expected.
lib/visualLab/data/poiExtraSenegalEconomicV2.ts(592,9): error TS1005: ';' expected.
lib/visualLab/data/poiExtraSenegalEconomicV2.ts(596,9): error TS1005: ';' expected.
lib/visualLab/data/poiExtraSenegalEconomicV2.ts(600,9): error TS1005: ';' expected.
lib/visualLab/data/poiExtraSenegalEconomicV2.ts(604,24): error TS1005: ';' expected.
lib/visualLab/data/poiExtraSenegalEconomicV2.ts(606,6): error TS1128: Declaration or statement expected.
lib/visualLab/data/poiExtraSenegalEconomicV2.ts(611,4): error TS1128: Declaration or statement expected.
lib/visualLab/data/poiExtraSenegalEconomicV2.ts(611,70): error TS1005: ';' expected.
lib/visualLab/data/poiExtraSenegalEconomicV2.ts(613,9): error TS1005: ';' expected.
lib/visualLab/data/poiExtraSenegalEconomicV2.ts(614,11): error TS1005: ';' expected.
lib/visualLab/data/poiExtraSenegalEconomicV2.ts(615,11): error TS1005: ';' expected.
lib/visualLab/data/poiExtraSenegalEconomicV2.ts(616,9): error TS1005: ';' expected.
lib/visualLab/data/poiExtraSenegalEconomicV2.ts(618,9): error TS1005: ';' expected.
lib/visualLab/data/poiExtraSenegalEconomicV2.ts(619,9): error TS1005: ';' expected.
lib/visualLab/data/poiExtraSenegalEconomicV2.ts(620,9): error TS1005: ';' expected.
lib/visualLab/data/poiExtraSenegalEconomicV2.ts(623,9): error TS1005: ';' expected.
lib/visualLab/data/poiExtraSenegalEconomicV2.ts(624,9): error TS1005: ';' expected.
lib/visualLab/data/poiExtraSenegalEconomicV2.ts(625,9): error TS1005: ';' expected.
lib/visualLab/data/poiExtraSenegalEconomicV2.ts(626,6): error TS1128: Declaration or statement expected.
lib/visualLab/data/poiExtraSenegalEconomicV2.ts(632,9): error TS1005: ';' expected.
lib/visualLab/data/poiExtraSenegalEconomicV2.ts(636,9): error TS1005: ';' expected.
lib/visualLab/data/poiExtraSenegalEconomicV2.ts(640,9): error TS1005: ';' expected.
lib/visualLab/data/poiExtraSenegalEconomicV2.ts(644,24): error TS1005: ';' expected.
lib/visualLab/data/poiExtraSenegalEconomicV2.ts(646,6): error TS1128: Declaration or statement expected.
lib/visualLab/data/poiExtraSenegalEconomicV2.ts(651,4): error TS1128: Declaration or statement expected.
lib/visualLab/data/poiExtraSenegalEconomicV2.ts(651,60): error TS1005: ';' expected.
lib/visualLab/data/poiExtraSenegalEconomicV2.ts(653,9): error TS1005: ';' expected.
lib/visualLab/data/poiExtraSenegalEconomicV2.ts(654,11): error TS1005: ';' expected.
lib/visualLab/data/poiExtraSenegalEconomicV2.ts(655,11): error TS1005: ';' expected.
lib/visualLab/data/poiExtraSenegalEconomicV2.ts(656,9): error TS1005: ';' expected.
lib/visualLab/data/poiExtraSenegalEconomicV2.ts(658,9): error TS1005: ';' expected.
lib/visualLab/data/poiExtraSenegalEconomicV2.ts(659,9): error TS1005: ';' expected.
lib/visualLab/data/poiExtraSenegalEconomicV2.ts(660,9): error TS1005: ';' expected.
lib/visualLab/data/poiExtraSenegalEconomicV2.ts(663,9): error TS1005: ';' expected.
lib/visualLab/data/poiExtraSenegalEconomicV2.ts(664,9): error TS1005: ';' expected.
lib/visualLab/data/poiExtraSenegalEconomicV2.ts(665,9): error TS1005: ';' expected.
lib/visualLab/data/poiExtraSenegalEconomicV2.ts(666,6): error TS1128: Declaration or statement expected.
lib/visualLab/data/poiExtraSenegalEconomicV2.ts(672,9): error TS1005: ';' expected.
lib/visualLab/data/poiExtraSenegalEconomicV2.ts(676,9): error TS1005: ';' expected.
lib/visualLab/data/poiExtraSenegalEconomicV2.ts(680,9): error TS1005: ';' expected.
lib/visualLab/data/poiExtraSenegalEconomicV2.ts(684,24): error TS1005: ';' expected.
lib/visualLab/data/poiExtraSenegalEconomicV2.ts(686,6): error TS1128: Declaration or statement expected.
lib/visualLab/data/poiExtraSenegalEconomicV2.ts(691,4): error TS1128: Declaration or statement expected.
lib/visualLab/data/poiExtraSenegalEconomicV2.ts(691,62): error TS1005: ';' expected.
lib/visualLab/data/poiExtraSenegalEconomicV2.ts(693,9): error TS1005: ';' expected.
lib/visualLab/data/poiExtraSenegalEconomicV2.ts(694,11): error TS1005: ';' expected.
lib/visualLab/data/poiExtraSenegalEconomicV2.ts(695,11): error TS1005: ';' expected.
lib/visualLab/data/poiExtraSenegalEconomicV2.ts(696,9): error TS1005: ';' expected.
lib/visualLab/data/poiExtraSenegalEconomicV2.ts(698,9): error TS1005: ';' expected.
lib/visualLab/data/poiExtraSenegalEconomicV2.ts(699,9): error TS1005: ';' expected.
lib/visualLab/data/poiExtraSenegalEconomicV2.ts(700,9): error TS1005: ';' expected.
lib/visualLab/data/poiExtraSenegalEconomicV2.ts(703,9): error TS1005: ';' expected.
lib/visualLab/data/poiExtraSenegalEconomicV2.ts(704,9): error TS1005: ';' expected.
lib/visualLab/data/poiExtraSenegalEconomicV2.ts(705,9): error TS1005: ';' expected.
lib/visualLab/data/poiExtraSenegalEconomicV2.ts(706,6): error TS1128: Declaration or statement expected.
lib/visualLab/data/poiExtraSenegalEconomicV2.ts(712,9): error TS1005: ';' expected.
lib/visualLab/data/poiExtraSenegalEconomicV2.ts(716,9): error TS1005: ';' expected.
lib/visualLab/data/poiExtraSenegalEconomicV2.ts(720,9): error TS1005: ';' expected.
lib/visualLab/data/poiExtraSenegalEconomicV2.ts(724,24): error TS1005: ';' expected.
lib/visualLab/data/poiExtraSenegalEconomicV2.ts(726,6): error TS1128: Declaration or statement expected.
lib/visualLab/data/poiExtraSenegalEconomicV2.ts(733,9): error TS1005: ';' expected.
lib/visualLab/data/poiExtraSenegalEconomicV2.ts(734,11): error TS1005: ';' expected.
lib/visualLab/data/poiExtraSenegalEconomicV2.ts(735,11): error TS1005: ';' expected.
lib/visualLab/data/poiExtraSenegalEconomicV2.ts(736,9): error TS1005: ';' expected.
lib/visualLab/data/poiExtraSenegalEconomicV2.ts(738,9): error TS1005: ';' expected.
lib/visualLab/data/poiExtraSenegalEconomicV2.ts(739,9): error TS1005: ';' expected.
lib/visualLab/data/poiExtraSenegalEconomicV2.ts(740,9): error TS1005: ';' expected.
lib/visualLab/data/poiExtraSenegalEconomicV2.ts(743,9): error TS1005: ';' expected.
lib/visualLab/data/poiExtraSenegalEconomicV2.ts(744,9): error TS1005: ';' expected.
lib/visualLab/data/poiExtraSenegalEconomicV2.ts(745,9): error TS1005: ';' expected.
lib/visualLab/data/poiExtraSenegalEconomicV2.ts(746,6): error TS1128: Declaration or statement expected.
lib/visualLab/data/poiExtraSenegalEconomicV2.ts(752,9): error TS1005: ';' expected.
lib/visualLab/data/poiExtraSenegalEconomicV2.ts(756,9): error TS1005: ';' expected.
lib/visualLab/data/poiExtraSenegalEconomicV2.ts(760,9): error TS1005: ';' expected.
lib/visualLab/data/poiExtraSenegalEconomicV2.ts(764,24): error TS1005: ';' expected.
lib/visualLab/data/poiExtraSenegalEconomicV2.ts(766,6): error TS1128: Declaration or statement expected.
lib/visualLab/data/poiExtraSenegalEconomicV2.ts(773,9): error TS1005: ';' expected.
lib/visualLab/data/poiExtraSenegalEconomicV2.ts(774,11): error TS1005: ';' expected.
lib/visualLab/data/poiExtraSenegalEconomicV2.ts(775,11): error TS1005: ';' expected.
lib/visualLab/data/poiExtraSenegalEconomicV2.ts(776,9): error TS1005: ';' expected.
lib/visualLab/data/poiExtraSenegalEconomicV2.ts(778,9): error TS1005: ';' expected.
lib/visualLab/data/poiExtraSenegalEconomicV2.ts(779,9): error TS1005: ';' expected.
lib/visualLab/data/poiExtraSenegalEconomicV2.ts(780,9): error TS1005: ';' expected.
lib/visualLab/data/poiExtraSenegalEconomicV2.ts(783,9): error TS1005: ';' expected.
lib/visualLab/data/poiExtraSenegalEconomicV2.ts(784,9): error TS1005: ';' expected.
lib/visualLab/data/poiExtraSenegalEconomicV2.ts(785,9): error TS1005: ';' expected.
lib/visualLab/data/poiExtraSenegalEconomicV2.ts(786,6): error TS1128: Declaration or statement expected.
lib/visualLab/data/poiExtraSenegalEconomicV2.ts(792,9): error TS1005: ';' expected.
lib/visualLab/data/poiExtraSenegalEconomicV2.ts(796,9): error TS1005: ';' expected.
lib/visualLab/data/poiExtraSenegalEconomicV2.ts(800,9): error TS1005: ';' expected.
lib/visualLab/data/poiExtraSenegalEconomicV2.ts(804,24): error TS1005: ';' expected.
lib/visualLab/data/poiExtraSenegalEconomicV2.ts(806,6): error TS1128: Declaration or statement expected.
lib/visualLab/data/poiExtraSenegalEconomicV2.ts(811,4): error TS1128: Declaration or statement expected.
lib/visualLab/data/poiExtraSenegalEconomicV2.ts(811,59): error TS1005: ';' expected.
lib/visualLab/data/poiExtraSenegalEconomicV2.ts(813,9): error TS1005: ';' expected.
lib/visualLab/data/poiExtraSenegalEconomicV2.ts(814,11): error TS1005: ';' expected.
lib/visualLab/data/poiExtraSenegalEconomicV2.ts(815,11): error TS1005: ';' expected.
lib/visualLab/data/poiExtraSenegalEconomicV2.ts(816,9): error TS1005: ';' expected.
lib/visualLab/data/poiExtraSenegalEconomicV2.ts(818,9): error TS1005: ';' expected.
lib/visualLab/data/poiExtraSenegalEconomicV2.ts(819,9): error TS1005: ';' expected.
lib/visualLab/data/poiExtraSenegalEconomicV2.ts(820,9): error TS1005: ';' expected.
lib/visualLab/data/poiExtraSenegalEconomicV2.ts(821,6): error TS1128: Declaration or statement expected.
lib/visualLab/data/poiExtraSenegalEconomicV2.ts(824,9): error TS1005: ';' expected.
lib/visualLab/data/poiExtraSenegalEconomicV2.ts(825,9): error TS1005: ';' expected.
lib/visualLab/data/poiExtraSenegalEconomicV2.ts(826,9): error TS1005: ';' expected.
lib/visualLab/data/poiExtraSenegalEconomicV2.ts(827,6): error TS1128: Declaration or statement expected.
lib/visualLab/data/poiExtraSenegalEconomicV2.ts(833,9): error TS1005: ';' expected.
lib/visualLab/data/poiExtraSenegalEconomicV2.ts(837,9): error TS1005: ';' expected.
lib/visualLab/data/poiExtraSenegalEconomicV2.ts(841,9): error TS1005: ';' expected.
lib/visualLab/data/poiExtraSenegalEconomicV2.ts(845,6): error TS1128: Declaration or statement expected.
lib/visualLab/data/poiExtraSenegalEconomicV2.ts(846,24): error TS1005: ';' expected.
lib/visualLab/data/poiExtraSenegalEconomicV2.ts(848,9): error TS1005: ';' expected.
lib/visualLab/data/poiExtraSenegalEconomicV2.ts(849,9): error TS1005: ';' expected.
lib/visualLab/data/poiExtraSenegalEconomicV2.ts(850,9): error TS1005: ';' expected.
lib/visualLab/data/poiExtraSenegalEconomicV2.ts(851,6): error TS1128: Declaration or statement expected.
lib/visualLab/data/poiExtraSenegalEconomicV2.ts(854,9): error TS1005: ';' expected.
lib/visualLab/data/poiExtraSenegalEconomicV2.ts(855,9): error TS1005: ';' expected.
lib/visualLab/data/poiExtraSenegalEconomicV2.ts(856,9): error TS1005: ';' expected.
lib/visualLab/data/poiExtraSenegalEconomicV2.ts(858,4): error TS1128: Declaration or statement expected.
lib/visualLab/data/poiExtraSenegalEconomicV2.ts(861,9): error TS1005: ';' expected.
lib/visualLab/data/poiExtraSenegalEconomicV2.ts(862,11): error TS1005: ';' expected.
lib/visualLab/data/poiExtraSenegalEconomicV2.ts(863,11): error TS1005: ';' expected.
lib/visualLab/data/poiExtraSenegalEconomicV2.ts(864,9): error TS1005: ';' expected.
lib/visualLab/data/poiExtraSenegalEconomicV2.ts(866,9): error TS1005: ';' expected.
lib/visualLab/data/poiExtraSenegalEconomicV2.ts(867,9): error TS1005: ';' expected.
lib/visualLab/data/poiExtraSenegalEconomicV2.ts(868,9): error TS1005: ';' expected.
lib/visualLab/data/poiExtraSenegalEconomicV2.ts(869,6): error TS1128: Declaration or statement expected.
lib/visualLab/data/poiExtraSenegalEconomicV2.ts(869,7): error TS1128: Declaration or statement expected.
lib/visualLab/data/poiExtraSenegalEconomicV2.ts(872,6): error TS1128: Declaration or statement expected.
lib/visualLab/data/poiExtraSenegalEconomicV2.ts(878,9): error TS1005: ';' expected.
lib/visualLab/data/poiExtraSenegalEconomicV2.ts(879,9): error TS1005: ';' expected.
lib/visualLab/data/poiExtraSenegalEconomicV2.ts(880,9): error TS1005: ';' expected.
lib/visualLab/data/poiExtraSenegalEconomicV2.ts(881,6): error TS1128: Declaration or statement expected.
lib/visualLab/data/poiExtraSenegalEconomicV2.ts(887,9): error TS1005: ';' expected.
lib/visualLab/data/poiExtraSenegalEconomicV2.ts(891,9): error TS1005: ';' expected.
lib/visualLab/data/poiExtraSenegalEconomicV2.ts(895,9): error TS1005: ';' expected.
lib/visualLab/data/poiExtraSenegalEconomicV2.ts(899,6): error TS1128: Declaration or statement expected.
lib/visualLab/data/poiExtraSenegalEconomicV2.ts(902,9): error TS1005: ';' expected.
lib/visualLab/data/poiExtraSenegalEconomicV2.ts(903,9): error TS1005: ';' expected.
lib/visualLab/data/poiExtraSenegalEconomicV2.ts(904,9): error TS1005: ';' expected.
lib/visualLab/data/poiExtraSenegalEconomicV2.ts(905,6): error TS1128: Declaration or statement expected.
lib/visualLab/data/poiExtraSenegalEconomicV2.ts(908,9): error TS1005: ';' expected.
lib/visualLab/data/poiExtraSenegalEconomicV2.ts(909,9): error TS1005: ';' expected.
lib/visualLab/data/poiExtraSenegalEconomicV2.ts(910,9): error TS1005: ';' expected.
lib/visualLab/data/poiExtraSenegalEconomicV2.ts(912,3): error TS1128: Declaration or statement expected.
lib/visualLab/data/poiExtraSenegalEconomicV2.ts(912,4): error TS1128: Declaration or statement expected.
lib/visualLab/data/poiExtraSenegalEconomicV2.ts(915,9): error TS1005: ';' expected.
lib/visualLab/data/poiExtraSenegalEconomicV2.ts(916,11): error TS1005: ';' expected.
lib/visualLab/data/poiExtraSenegalEconomicV2.ts(917,11): error TS1005: ';' expected.
lib/visualLab/data/poiExtraSenegalEconomicV2.ts(918,9): error TS1005: ';' expected.
lib/visualLab/data/poiExtraSenegalEconomicV2.ts(920,9): error TS1005: ';' expected.
lib/visualLab/data/poiExtraSenegalEconomicV2.ts(921,9): error TS1005: ';' expected.
lib/visualLab/data/poiExtraSenegalEconomicV2.ts(922,9): error TS1005: ';' expected.
lib/visualLab/data/poiExtraSenegalEconomicV2.ts(923,6): error TS1128: Declaration or statement expected.
lib/visualLab/data/poiExtraSenegalEconomicV2.ts(923,7): error TS1128: Declaration or statement expected.
lib/visualLab/data/poiExtraSenegalEconomicV2.ts(926,6): error TS1128: Declaration or statement expected.
lib/visualLab/data/poiExtraSenegalEconomicV2.ts(932,9): error TS1005: ';' expected.
lib/visualLab/data/poiExtraSenegalEconomicV2.ts(933,9): error TS1005: ';' expected.
lib/visualLab/data/poiExtraSenegalEconomicV2.ts(934,9): error TS1005: ';' expected.
lib/visualLab/data/poiExtraSenegalEconomicV2.ts(935,6): error TS1128: Declaration or statement expected.
lib/visualLab/data/poiExtraSenegalEconomicV2.ts(941,9): error TS1005: ';' expected.
lib/visualLab/data/poiExtraSenegalEconomicV2.ts(945,9): error TS1005: ';' expected.
lib/visualLab/data/poiExtraSenegalEconomicV2.ts(949,9): error TS1005: ';' expected.
lib/visualLab/data/poiExtraSenegalEconomicV2.ts(953,6): error TS1128: Declaration or statement expected.
lib/visualLab/data/poiExtraSenegalEconomicV2.ts(954,24): error TS1005: ';' expected.
lib/visualLab/data/poiExtraSenegalEconomicV2.ts(956,9): error TS1005: ';' expected.
lib/visualLab/data/poiExtraSenegalEconomicV2.ts(957,9): error TS1005: ';' expected.
lib/visualLab/data/poiExtraSenegalEconomicV2.ts(958,9): error TS1005: ';' expected.
lib/visualLab/data/poiExtraSenegalEconomicV2.ts(959,6): error TS1128: Declaration or statement expected.
lib/visualLab/data/poiExtraSenegalEconomicV2.ts(962,9): error TS1005: ';' expected.
lib/visualLab/data/poiExtraSenegalEconomicV2.ts(963,9): error TS1005: ';' expected.
lib/visualLab/data/poiExtraSenegalEconomicV2.ts(964,9): error TS1005: ';' expected.
lib/visualLab/data/poiExtraSenegalEconomicV2.ts(966,3): error TS1128: Declaration or statement expected.
lib/visualLab/data/poiExtraSenegalEconomicV2.ts(966,4): error TS1128: Declaration or statement expected.
lib/visualLab/data/poiExtraSenegalEconomicV2.ts(969,9): error TS1005: ';' expected.
lib/visualLab/data/poiExtraSenegalEconomicV2.ts(970,11): error TS1005: ';' expected.
lib/visualLab/data/poiExtraSenegalEconomicV2.ts(971,11): error TS1005: ';' expected.
lib/visualLab/data/poiExtraSenegalEconomicV2.ts(972,9): error TS1005: ';' expected.
lib/visualLab/data/poiExtraSenegalEconomicV2.ts(974,9): error TS1005: ';' expected.
lib/visualLab/data/poiExtraSenegalEconomicV2.ts(975,9): error TS1005: ';' expected.
lib/visualLab/data/poiExtraSenegalEconomicV2.ts(976,9): error TS1005: ';' expected.
lib/visualLab/data/poiExtraSenegalEconomicV2.ts(977,6): error TS1128: Declaration or statement expected.
lib/visualLab/data/poiExtraSenegalEconomicV2.ts(977,7): error TS1128: Declaration or statement expected.
lib/visualLab/data/poiExtraSenegalEconomicV2.ts(980,6): error TS1128: Declaration or statement expected.
lib/visualLab/data/poiExtraSenegalEconomicV2.ts(986,9): error TS1005: ';' expected.
lib/visualLab/data/poiExtraSenegalEconomicV2.ts(987,9): error TS1005: ';' expected.
lib/visualLab/data/poiExtraSenegalEconomicV2.ts(988,9): error TS1005: ';' expected.
lib/visualLab/data/poiExtraSenegalEconomicV2.ts(989,6): error TS1128: Declaration or statement expected.
lib/visualLab/data/poiExtraSenegalEconomicV2.ts(995,9): error TS1005: ';' expected.
lib/visualLab/data/poiExtraSenegalEconomicV2.ts(999,9): error TS1005: ';' expected.
lib/visualLab/data/poiExtraSenegalEconomicV2.ts(1003,9): error TS1005: ';' expected.
lib/visualLab/data/poiExtraSenegalEconomicV2.ts(1007,6): error TS1128: Declaration or statement expected.
lib/visualLab/data/poiExtraSenegalEconomicV2.ts(1008,24): error TS1005: ';' expected.
lib/visualLab/data/poiExtraSenegalEconomicV2.ts(1010,9): error TS1005: ';' expected.
lib/visualLab/data/poiExtraSenegalEconomicV2.ts(1011,9): error TS1005: ';' expected.
lib/visualLab/data/poiExtraSenegalEconomicV2.ts(1012,9): error TS1005: ';' expected.
lib/visualLab/data/poiExtraSenegalEconomicV2.ts(1013,6): error TS1128: Declaration or statement expected.
lib/visualLab/data/poiExtraSenegalEconomicV2.ts(1016,9): error TS1005: ';' expected.
lib/visualLab/data/poiExtraSenegalEconomicV2.ts(1017,9): error TS1005: ';' expected.
lib/visualLab/data/poiExtraSenegalEconomicV2.ts(1018,9): error TS1005: ';' expected.
lib/visualLab/data/poiExtraSenegalEconomicV2.ts(1020,3): error TS1128: Declaration or statement expected.
lib/visualLab/data/poiExtraSenegalEconomicV2.ts(1020,4): error TS1128: Declaration or statement expected.
lib/visualLab/data/poiExtraSenegalEconomicV2.ts(1023,9): error TS1005: ';' expected.
lib/visualLab/data/poiExtraSenegalEconomicV2.ts(1024,11): error TS1005: ';' expected.
lib/visualLab/data/poiExtraSenegalEconomicV2.ts(1025,11): error TS1005: ';' expected.
lib/visualLab/data/poiExtraSenegalEconomicV2.ts(1026,9): error TS1005: ';' expected.
lib/visualLab/data/poiExtraSenegalEconomicV2.ts(1028,9): error TS1005: ';' expected.
lib/visualLab/data/poiExtraSenegalEconomicV2.ts(1029,9): error TS1005: ';' expected.
lib/visualLab/data/poiExtraSenegalEconomicV2.ts(1030,9): error TS1005: ';' expected.
lib/visualLab/data/poiExtraSenegalEconomicV2.ts(1031,6): error TS1128: Declaration or statement expected.
lib/visualLab/data/poiExtraSenegalEconomicV2.ts(1031,7): error TS1128: Declaration or statement expected.
lib/visualLab/data/poiExtraSenegalEconomicV2.ts(1034,6): error TS1128: Declaration or statement expected.
lib/visualLab/data/poiExtraSenegalEconomicV2.ts(1040,9): error TS1005: ';' expected.
lib/visualLab/data/poiExtraSenegalEconomicV2.ts(1041,9): error TS1005: ';' expected.
lib/visualLab/data/poiExtraSenegalEconomicV2.ts(1042,9): error TS1005: ';' expected.
lib/visualLab/data/poiExtraSenegalEconomicV2.ts(1043,6): error TS1128: Declaration or statement expected.
lib/visualLab/data/poiExtraSenegalEconomicV2.ts(1049,9): error TS1005: ';' expected.
lib/visualLab/data/poiExtraSenegalEconomicV2.ts(1053,9): error TS1005: ';' expected.
lib/visualLab/data/poiExtraSenegalEconomicV2.ts(1057,9): error TS1005: ';' expected.
lib/visualLab/data/poiExtraSenegalEconomicV2.ts(1061,6): error TS1128: Declaration or statement expected.
lib/visualLab/data/poiExtraSenegalEconomicV2.ts(1064,9): error TS1005: ';' expected.
lib/visualLab/data/poiExtraSenegalEconomicV2.ts(1065,9): error TS1005: ';' expected.
lib/visualLab/data/poiExtraSenegalEconomicV2.ts(1066,9): error TS1005: ';' expected.
lib/visualLab/data/poiExtraSenegalEconomicV2.ts(1067,6): error TS1128: Declaration or statement expected.
lib/visualLab/data/poiExtraSenegalEconomicV2.ts(1070,9): error TS1005: ';' expected.
lib/visualLab/data/poiExtraSenegalEconomicV2.ts(1071,9): error TS1005: ';' expected.
lib/visualLab/data/poiExtraSenegalEconomicV2.ts(1072,9): error TS1005: ';' expected.
lib/visualLab/data/poiExtraSenegalEconomicV2.ts(1074,3): error TS1128: Declaration or statement expected.
lib/visualLab/data/poiExtraSenegalEconomicV2.ts(1074,4): error TS1128: Declaration or statement expected.
lib/visualLab/data/poiExtraSenegalEconomicV2.ts(1077,9): error TS1005: ';' expected.
lib/visualLab/data/poiExtraSenegalEconomicV2.ts(1078,11): error TS1005: ';' expected.
lib/visualLab/data/poiExtraSenegalEconomicV2.ts(1079,11): error TS1005: ';' expected.
lib/visualLab/data/poiExtraSenegalEconomicV2.ts(1080,9): error TS1005: ';' expected.
lib/visualLab/data/poiExtraSenegalEconomicV2.ts(1082,9): error TS1005: ';' expected.
lib/visualLab/data/poiExtraSenegalEconomicV2.ts(1083,9): error TS1005: ';' expected.
lib/visualLab/data/poiExtraSenegalEconomicV2.ts(1084,9): error TS1005: ';' expected.
lib/visualLab/data/poiExtraSenegalEconomicV2.ts(1085,6): error TS1128: Declaration or statement expected.
lib/visualLab/data/poiExtraSenegalEconomicV2.ts(1085,7): error TS1128: Declaration or statement expected.
lib/visualLab/data/poiExtraSenegalEconomicV2.ts(1088,6): error TS1128: Declaration or statement expected.
lib/visualLab/data/poiExtraSenegalEconomicV2.ts(1094,9): error TS1005: ';' expected.
lib/visualLab/data/poiExtraSenegalEconomicV2.ts(1095,9): error TS1005: ';' expected.
lib/visualLab/data/poiExtraSenegalEconomicV2.ts(1096,9): error TS1005: ';' expected.
lib/visualLab/data/poiExtraSenegalEconomicV2.ts(1097,6): error TS1128: Declaration or statement expected.
lib/visualLab/data/poiExtraSenegalEconomicV2.ts(1103,9): error TS1005: ';' expected.
lib/visualLab/data/poiExtraSenegalEconomicV2.ts(1107,9): error TS1005: ';' expected.
lib/visualLab/data/poiExtraSenegalEconomicV2.ts(1111,9): error TS1005: ';' expected.
lib/visualLab/data/poiExtraSenegalEconomicV2.ts(1115,6): error TS1128: Declaration or statement expected.
lib/visualLab/data/poiExtraSenegalEconomicV2.ts(1118,9): error TS1005: ';' expected.
lib/visualLab/data/poiExtraSenegalEconomicV2.ts(1119,9): error TS1005: ';' expected.
lib/visualLab/data/poiExtraSenegalEconomicV2.ts(1120,9): error TS1005: ';' expected.
lib/visualLab/data/poiExtraSenegalEconomicV2.ts(1121,6): error TS1128: Declaration or statement expected.
lib/visualLab/data/poiExtraSenegalEconomicV2.ts(1124,9): error TS1005: ';' expected.
lib/visualLab/data/poiExtraSenegalEconomicV2.ts(1125,9): error TS1005: ';' expected.
lib/visualLab/data/poiExtraSenegalEconomicV2.ts(1126,9): error TS1005: ';' expected.
lib/visualLab/data/poiExtraSenegalEconomicV2.ts(1128,3): error TS1128: Declaration or statement expected.
lib/visualLab/data/poiExtraSenegalEconomicV2.ts(1128,4): error TS1128: Declaration or statement expected.
lib/visualLab/data/poiExtraSenegalEconomicV2.ts(1131,9): error TS1005: ';' expected.
lib/visualLab/data/poiExtraSenegalEconomicV2.ts(1132,11): error TS1005: ';' expected.
lib/visualLab/data/poiExtraSenegalEconomicV2.ts(1133,11): error TS1005: ';' expected.
lib/visualLab/data/poiExtraSenegalEconomicV2.ts(1134,9): error TS1005: ';' expected.
lib/visualLab/data/poiExtraSenegalEconomicV2.ts(1136,9): error TS1005: ';' expected.
lib/visualLab/data/poiExtraSenegalEconomicV2.ts(1137,9): error TS1005: ';' expected.
lib/visualLab/data/poiExtraSenegalEconomicV2.ts(1138,9): error TS1005: ';' expected.
lib/visualLab/data/poiExtraSenegalEconomicV2.ts(1139,6): error TS1128: Declaration or statement expected.
lib/visualLab/data/poiExtraSenegalEconomicV2.ts(1139,7): error TS1128: Declaration or statement expected.
lib/visualLab/data/poiExtraSenegalEconomicV2.ts(1142,6): error TS1128: Declaration or statement expected.
lib/visualLab/data/poiExtraSenegalEconomicV2.ts(1148,9): error TS1005: ';' expected.
lib/visualLab/data/poiExtraSenegalEconomicV2.ts(1149,9): error TS1005: ';' expected.
lib/visualLab/data/poiExtraSenegalEconomicV2.ts(1150,9): error TS1005: ';' expected.
lib/visualLab/data/poiExtraSenegalEconomicV2.ts(1151,6): error TS1128: Declaration or statement expected.
lib/visualLab/data/poiExtraSenegalEconomicV2.ts(1157,9): error TS1005: ';' expected.
lib/visualLab/data/poiExtraSenegalEconomicV2.ts(1161,9): error TS1005: ';' expected.
lib/visualLab/data/poiExtraSenegalEconomicV2.ts(1165,9): error TS1005: ';' expected.
lib/visualLab/data/poiExtraSenegalEconomicV2.ts(1169,6): error TS1128: Declaration or statement expected.
lib/visualLab/data/poiExtraSenegalEconomicV2.ts(1172,9): error TS1005: ';' expected.
lib/visualLab/data/poiExtraSenegalEconomicV2.ts(1173,9): error TS1005: ';' expected.
lib/visualLab/data/poiExtraSenegalEconomicV2.ts(1174,9): error TS1005: ';' expected.
lib/visualLab/data/poiExtraSenegalEconomicV2.ts(1175,6): error TS1128: Declaration or statement expected.
lib/visualLab/data/poiExtraSenegalEconomicV2.ts(1178,9): error TS1005: ';' expected.
lib/visualLab/data/poiExtraSenegalEconomicV2.ts(1179,9): error TS1005: ';' expected.
lib/visualLab/data/poiExtraSenegalEconomicV2.ts(1180,9): error TS1005: ';' expected.
lib/visualLab/data/poiExtraSenegalEconomicV2.ts(1182,3): error TS1128: Declaration or statement expected.
lib/visualLab/data/poiExtraSenegalEconomicV2.ts(1182,4): error TS1128: Declaration or statement expected.
lib/visualLab/data/poiExtraSenegalEconomicV2.ts(1185,9): error TS1005: ';' expected.
lib/visualLab/data/poiExtraSenegalEconomicV2.ts(1186,11): error TS1005: ';' expected.
lib/visualLab/data/poiExtraSenegalEconomicV2.ts(1187,11): error TS1005: ';' expected.
lib/visualLab/data/poiExtraSenegalEconomicV2.ts(1188,9): error TS1005: ';' expected.
lib/visualLab/data/poiExtraSenegalEconomicV2.ts(1190,9): error TS1005: ';' expected.
lib/visualLab/data/poiExtraSenegalEconomicV2.ts(1191,9): error TS1005: ';' expected.
lib/visualLab/data/poiExtraSenegalEconomicV2.ts(1192,9): error TS1005: ';' expected.
lib/visualLab/data/poiExtraSenegalEconomicV2.ts(1193,6): error TS1128: Declaration or statement expected.
lib/visualLab/data/poiExtraSenegalEconomicV2.ts(1193,7): error TS1128: Declaration or statement expected.
lib/visualLab/data/poiExtraSenegalEconomicV2.ts(1196,6): error TS1128: Declaration or statement expected.
lib/visualLab/data/poiExtraSenegalEconomicV2.ts(1202,9): error TS1005: ';' expected.
lib/visualLab/data/poiExtraSenegalEconomicV2.ts(1203,9): error TS1005: ';' expected.
lib/visualLab/data/poiExtraSenegalEconomicV2.ts(1204,9): error TS1005: ';' expected.
lib/visualLab/data/poiExtraSenegalEconomicV2.ts(1205,6): error TS1128: Declaration or statement expected.
lib/visualLab/data/poiExtraSenegalEconomicV2.ts(1211,9): error TS1005: ';' expected.
lib/visualLab/data/poiExtraSenegalEconomicV2.ts(1215,9): error TS1005: ';' expected.
lib/visualLab/data/poiExtraSenegalEconomicV2.ts(1219,9): error TS1005: ';' expected.
lib/visualLab/data/poiExtraSenegalEconomicV2.ts(1223,6): error TS1128: Declaration or statement expected.
lib/visualLab/data/poiExtraSenegalEconomicV2.ts(1224,24): error TS1005: ';' expected.
lib/visualLab/data/poiExtraSenegalEconomicV2.ts(1226,9): error TS1005: ';' expected.
lib/visualLab/data/poiExtraSenegalEconomicV2.ts(1227,9): error TS1005: ';' expected.
lib/visualLab/data/poiExtraSenegalEconomicV2.ts(1228,9): error TS1005: ';' expected.
lib/visualLab/data/poiExtraSenegalEconomicV2.ts(1229,6): error TS1128: Declaration or statement expected.
lib/visualLab/data/poiExtraSenegalEconomicV2.ts(1232,9): error TS1005: ';' expected.
lib/visualLab/data/poiExtraSenegalEconomicV2.ts(1233,9): error TS1005: ';' expected.
lib/visualLab/data/poiExtraSenegalEconomicV2.ts(1234,9): error TS1005: ';' expected.
lib/visualLab/data/poiExtraSenegalEconomicV2.ts(1236,3): error TS1128: Declaration or statement expected.
lib/visualLab/data/poiExtraSenegalEconomicV2.ts(1236,4): error TS1128: Declaration or statement expected.
lib/visualLab/data/poiExtraSenegalEconomicV2.ts(1239,9): error TS1005: ';' expected.
lib/visualLab/data/poiExtraSenegalEconomicV2.ts(1240,11): error TS1005: ';' expected.
lib/visualLab/data/poiExtraSenegalEconomicV2.ts(1241,11): error TS1005: ';' expected.
lib/visualLab/data/poiExtraSenegalEconomicV2.ts(1242,9): error TS1005: ';' expected.
lib/visualLab/data/poiExtraSenegalEconomicV2.ts(1244,9): error TS1005: ';' expected.
lib/visualLab/data/poiExtraSenegalEconomicV2.ts(1245,9): error TS1005: ';' expected.
lib/visualLab/data/poiExtraSenegalEconomicV2.ts(1246,9): error TS1005: ';' expected.
lib/visualLab/data/poiExtraSenegalEconomicV2.ts(1247,6): error TS1128: Declaration or statement expected.
lib/visualLab/data/poiExtraSenegalEconomicV2.ts(1247,7): error TS1128: Declaration or statement expected.
lib/visualLab/data/poiExtraSenegalEconomicV2.ts(1250,6): error TS1128: Declaration or statement expected.
lib/visualLab/data/poiExtraSenegalEconomicV2.ts(1256,9): error TS1005: ';' expected.
lib/visualLab/data/poiExtraSenegalEconomicV2.ts(1257,9): error TS1005: ';' expected.
lib/visualLab/data/poiExtraSenegalEconomicV2.ts(1258,9): error TS1005: ';' expected.
lib/visualLab/data/poiExtraSenegalEconomicV2.ts(1259,6): error TS1128: Declaration or statement expected.
lib/visualLab/data/poiExtraSenegalEconomicV2.ts(1265,9): error TS1005: ';' expected.
lib/visualLab/data/poiExtraSenegalEconomicV2.ts(1269,9): error TS1005: ';' expected.
lib/visualLab/data/poiExtraSenegalEconomicV2.ts(1273,9): error TS1005: ';' expected.
lib/visualLab/data/poiExtraSenegalEconomicV2.ts(1277,6): error TS1128: Declaration or statement expected.
lib/visualLab/data/poiExtraSenegalEconomicV2.ts(1278,24): error TS1005: ';' expected.
lib/visualLab/data/poiExtraSenegalEconomicV2.ts(1280,9): error TS1005: ';' expected.
lib/visualLab/data/poiExtraSenegalEconomicV2.ts(1281,9): error TS1005: ';' expected.
lib/visualLab/data/poiExtraSenegalEconomicV2.ts(1282,9): error TS1005: ';' expected.
lib/visualLab/data/poiExtraSenegalEconomicV2.ts(1283,6): error TS1128: Declaration or statement expected.
lib/visualLab/data/poiExtraSenegalEconomicV2.ts(1286,9): error TS1005: ';' expected.
lib/visualLab/data/poiExtraSenegalEconomicV2.ts(1287,9): error TS1005: ';' expected.
lib/visualLab/data/poiExtraSenegalEconomicV2.ts(1288,9): error TS1005: ';' expected.
lib/visualLab/data/poiExtraSenegalEconomicV2.ts(1290,3): error TS1128: Declaration or statement expected.
lib/visualLab/data/poiExtraSenegalEconomicV2.ts(1290,4): error TS1128: Declaration or statement expected.
lib/visualLab/data/poiExtraSenegalEconomicV2.ts(1293,9): error TS1005: ';' expected.
lib/visualLab/data/poiExtraSenegalEconomicV2.ts(1294,11): error TS1005: ';' expected.
lib/visualLab/data/poiExtraSenegalEconomicV2.ts(1295,11): error TS1005: ';' expected.
lib/visualLab/data/poiExtraSenegalEconomicV2.ts(1296,9): error TS1005: ';' expected.
lib/visualLab/data/poiExtraSenegalEconomicV2.ts(1298,9): error TS1005: ';' expected.
lib/visualLab/data/poiExtraSenegalEconomicV2.ts(1299,9): error TS1005: ';' expected.
lib/visualLab/data/poiExtraSenegalEconomicV2.ts(1300,9): error TS1005: ';' expected.
lib/visualLab/data/poiExtraSenegalEconomicV2.ts(1301,6): error TS1128: Declaration or statement expected.
lib/visualLab/data/poiExtraSenegalEconomicV2.ts(1301,7): error TS1128: Declaration or statement expected.
lib/visualLab/data/poiExtraSenegalEconomicV2.ts(1304,6): error TS1128: Declaration or statement expected.
lib/visualLab/data/poiExtraSenegalEconomicV2.ts(1310,9): error TS1005: ';' expected.
lib/visualLab/data/poiExtraSenegalEconomicV2.ts(1311,9): error TS1005: ';' expected.
lib/visualLab/data/poiExtraSenegalEconomicV2.ts(1312,9): error TS1005: ';' expected.
lib/visualLab/data/poiExtraSenegalEconomicV2.ts(1313,6): error TS1128: Declaration or statement expected.
lib/visualLab/data/poiExtraSenegalEconomicV2.ts(1319,9): error TS1005: ';' expected.
lib/visualLab/data/poiExtraSenegalEconomicV2.ts(1323,9): error TS1005: ';' expected.
lib/visualLab/data/poiExtraSenegalEconomicV2.ts(1327,9): error TS1005: ';' expected.
lib/visualLab/data/poiExtraSenegalEconomicV2.ts(1331,6): error TS1128: Declaration or statement expected.
lib/visualLab/data/poiExtraSenegalEconomicV2.ts(1334,9): error TS1005: ';' expected.
lib/visualLab/data/poiExtraSenegalEconomicV2.ts(1335,9): error TS1005: ';' expected.
lib/visualLab/data/poiExtraSenegalEconomicV2.ts(1336,9): error TS1005: ';' expected.
lib/visualLab/data/poiExtraSenegalEconomicV2.ts(1337,6): error TS1128: Declaration or statement expected.
lib/visualLab/data/poiExtraSenegalEconomicV2.ts(1340,9): error TS1005: ';' expected.
lib/visualLab/data/poiExtraSenegalEconomicV2.ts(1341,9): error TS1005: ';' expected.
lib/visualLab/data/poiExtraSenegalEconomicV2.ts(1342,9): error TS1005: ';' expected.
lib/visualLab/data/poiExtraSenegalEconomicV2.ts(1344,3): error TS1128: Declaration or statement expected.
lib/visualLab/data/poiExtraSenegalEconomicV2.ts(1345,1): error TS1128: Declaration or statement expected.
lib/visualLab/data/poiExtraSenegalLandmarksV2.ts(15,6): error TS1005: ',' expected.
lib/visualLab/data/poiExtraSenegalLandmarksV2.ts(20,7): error TS1136: Property assignment expected.
lib/visualLab/data/poiExtraSenegalLandmarksV2.ts(21,24): error TS1005: ',' expected.
lib/visualLab/data/poiExtraSenegalLandmarksV2.ts(24,18): error TS1005: ',' expected.
lib/visualLab/data/poiExtraSenegalLandmarksV2.ts(27,3): error TS1005: ',' expected.
lib/visualLab/data/poiExtraSenegalLandmarksV2.ts(29,9): error TS1005: ';' expected.
lib/visualLab/data/poiExtraSenegalLandmarksV2.ts(30,9): error TS1005: ';' expected.
lib/visualLab/data/poiExtraSenegalLandmarksV2.ts(31,9): error TS1005: ';' expected.
lib/visualLab/data/poiExtraSenegalLandmarksV2.ts(32,24): error TS1005: ';' expected.
lib/visualLab/data/poiExtraSenegalLandmarksV2.ts(34,6): error TS1128: Declaration or statement expected.
lib/visualLab/data/poiExtraSenegalLandmarksV2.ts(39,3): error TS1128: Declaration or statement expected.
lib/visualLab/data/poiExtraSenegalLandmarksV2.ts(39,4): error TS1128: Declaration or statement expected.
lib/visualLab/data/poiExtraSenegalLandmarksV2.ts(39,63): error TS1005: ';' expected.
lib/visualLab/data/poiExtraSenegalLandmarksV2.ts(41,9): error TS1005: ';' expected.
lib/visualLab/data/poiExtraSenegalLandmarksV2.ts(42,11): error TS1005: ';' expected.
lib/visualLab/data/poiExtraSenegalLandmarksV2.ts(43,11): error TS1005: ';' expected.
lib/visualLab/data/poiExtraSenegalLandmarksV2.ts(44,9): error TS1005: ';' expected.
lib/visualLab/data/poiExtraSenegalLandmarksV2.ts(46,9): error TS1005: ';' expected.
lib/visualLab/data/poiExtraSenegalLandmarksV2.ts(47,9): error TS1005: ';' expected.
lib/visualLab/data/poiExtraSenegalLandmarksV2.ts(48,9): error TS1005: ';' expected.
lib/visualLab/data/poiExtraSenegalLandmarksV2.ts(51,9): error TS1005: ';' expected.
lib/visualLab/data/poiExtraSenegalLandmarksV2.ts(52,9): error TS1005: ';' expected.
lib/visualLab/data/poiExtraSenegalLandmarksV2.ts(53,9): error TS1005: ';' expected.
lib/visualLab/data/poiExtraSenegalLandmarksV2.ts(54,6): error TS1128: Declaration or statement expected.
lib/visualLab/data/poiExtraSenegalLandmarksV2.ts(57,9): error TS1005: ';' expected.
lib/visualLab/data/poiExtraSenegalLandmarksV2.ts(58,9): error TS1005: ';' expected.
lib/visualLab/data/poiExtraSenegalLandmarksV2.ts(59,9): error TS1005: ';' expected.
lib/visualLab/data/poiExtraSenegalLandmarksV2.ts(60,24): error TS1005: ';' expected.
lib/visualLab/data/poiExtraSenegalLandmarksV2.ts(62,6): error TS1128: Declaration or statement expected.
lib/visualLab/data/poiExtraSenegalLandmarksV2.ts(67,4): error TS1128: Declaration or statement expected.
lib/visualLab/data/poiExtraSenegalLandmarksV2.ts(67,70): error TS1005: ';' expected.
lib/visualLab/data/poiExtraSenegalLandmarksV2.ts(69,9): error TS1005: ';' expected.
lib/visualLab/data/poiExtraSenegalLandmarksV2.ts(70,11): error TS1005: ';' expected.
lib/visualLab/data/poiExtraSenegalLandmarksV2.ts(71,11): error TS1005: ';' expected.
lib/visualLab/data/poiExtraSenegalLandmarksV2.ts(72,9): error TS1005: ';' expected.
lib/visualLab/data/poiExtraSenegalLandmarksV2.ts(74,9): error TS1005: ';' expected.
lib/visualLab/data/poiExtraSenegalLandmarksV2.ts(75,9): error TS1005: ';' expected.
lib/visualLab/data/poiExtraSenegalLandmarksV2.ts(76,9): error TS1005: ';' expected.
lib/visualLab/data/poiExtraSenegalLandmarksV2.ts(79,9): error TS1005: ';' expected.
lib/visualLab/data/poiExtraSenegalLandmarksV2.ts(80,9): error TS1005: ';' expected.
lib/visualLab/data/poiExtraSenegalLandmarksV2.ts(81,9): error TS1005: ';' expected.
lib/visualLab/data/poiExtraSenegalLandmarksV2.ts(82,6): error TS1128: Declaration or statement expected.
lib/visualLab/data/poiExtraSenegalLandmarksV2.ts(85,9): error TS1005: ';' expected.
lib/visualLab/data/poiExtraSenegalLandmarksV2.ts(86,9): error TS1005: ';' expected.
lib/visualLab/data/poiExtraSenegalLandmarksV2.ts(87,9): error TS1005: ';' expected.
lib/visualLab/data/poiExtraSenegalLandmarksV2.ts(88,24): error TS1005: ';' expected.
lib/visualLab/data/poiExtraSenegalLandmarksV2.ts(90,6): error TS1128: Declaration or statement expected.
lib/visualLab/data/poiExtraSenegalLandmarksV2.ts(95,4): error TS1128: Declaration or statement expected.
lib/visualLab/data/poiExtraSenegalLandmarksV2.ts(95,77): error TS1005: ';' expected.
lib/visualLab/data/poiExtraSenegalLandmarksV2.ts(97,9): error TS1005: ';' expected.
lib/visualLab/data/poiExtraSenegalLandmarksV2.ts(98,11): error TS1005: ';' expected.
lib/visualLab/data/poiExtraSenegalLandmarksV2.ts(99,11): error TS1005: ';' expected.
lib/visualLab/data/poiExtraSenegalLandmarksV2.ts(100,9): error TS1005: ';' expected.
lib/visualLab/data/poiExtraSenegalLandmarksV2.ts(102,9): error TS1005: ';' expected.
lib/visualLab/data/poiExtraSenegalLandmarksV2.ts(103,9): error TS1005: ';' expected.
lib/visualLab/data/poiExtraSenegalLandmarksV2.ts(104,9): error TS1005: ';' expected.
lib/visualLab/data/poiExtraSenegalLandmarksV2.ts(107,9): error TS1005: ';' expected.
lib/visualLab/data/poiExtraSenegalLandmarksV2.ts(108,9): error TS1005: ';' expected.
lib/visualLab/data/poiExtraSenegalLandmarksV2.ts(109,9): error TS1005: ';' expected.
lib/visualLab/data/poiExtraSenegalLandmarksV2.ts(110,6): error TS1128: Declaration or statement expected.
lib/visualLab/data/poiExtraSenegalLandmarksV2.ts(113,9): error TS1005: ';' expected.
lib/visualLab/data/poiExtraSenegalLandmarksV2.ts(114,9): error TS1005: ';' expected.
lib/visualLab/data/poiExtraSenegalLandmarksV2.ts(115,9): error TS1005: ';' expected.
lib/visualLab/data/poiExtraSenegalLandmarksV2.ts(116,24): error TS1005: ';' expected.
lib/visualLab/data/poiExtraSenegalLandmarksV2.ts(118,6): error TS1128: Declaration or statement expected.
lib/visualLab/data/poiExtraSenegalLandmarksV2.ts(123,4): error TS1128: Declaration or statement expected.
lib/visualLab/data/poiExtraSenegalLandmarksV2.ts(123,78): error TS1005: ';' expected.
lib/visualLab/data/poiExtraSenegalLandmarksV2.ts(125,9): error TS1005: ';' expected.
lib/visualLab/data/poiExtraSenegalLandmarksV2.ts(126,11): error TS1005: ';' expected.
lib/visualLab/data/poiExtraSenegalLandmarksV2.ts(127,11): error TS1005: ';' expected.
lib/visualLab/data/poiExtraSenegalLandmarksV2.ts(128,9): error TS1005: ';' expected.
lib/visualLab/data/poiExtraSenegalLandmarksV2.ts(130,9): error TS1005: ';' expected.
lib/visualLab/data/poiExtraSenegalLandmarksV2.ts(131,9): error TS1005: ';' expected.
lib/visualLab/data/poiExtraSenegalLandmarksV2.ts(132,9): error TS1005: ';' expected.
lib/visualLab/data/poiExtraSenegalLandmarksV2.ts(135,9): error TS1005: ';' expected.
lib/visualLab/data/poiExtraSenegalLandmarksV2.ts(136,9): error TS1005: ';' expected.
lib/visualLab/data/poiExtraSenegalLandmarksV2.ts(137,9): error TS1005: ';' expected.
lib/visualLab/data/poiExtraSenegalLandmarksV2.ts(138,6): error TS1128: Declaration or statement expected.
lib/visualLab/data/poiExtraSenegalLandmarksV2.ts(141,9): error TS1005: ';' expected.
lib/visualLab/data/poiExtraSenegalLandmarksV2.ts(142,9): error TS1005: ';' expected.
lib/visualLab/data/poiExtraSenegalLandmarksV2.ts(143,9): error TS1005: ';' expected.
lib/visualLab/data/poiExtraSenegalLandmarksV2.ts(144,24): error TS1005: ';' expected.
lib/visualLab/data/poiExtraSenegalLandmarksV2.ts(146,6): error TS1128: Declaration or statement expected.
lib/visualLab/data/poiExtraSenegalLandmarksV2.ts(151,4): error TS1128: Declaration or statement expected.
lib/visualLab/data/poiExtraSenegalLandmarksV2.ts(151,74): error TS1005: ';' expected.
lib/visualLab/data/poiExtraSenegalLandmarksV2.ts(153,9): error TS1005: ';' expected.
lib/visualLab/data/poiExtraSenegalLandmarksV2.ts(154,11): error TS1005: ';' expected.
lib/visualLab/data/poiExtraSenegalLandmarksV2.ts(155,11): error TS1005: ';' expected.
lib/visualLab/data/poiExtraSenegalLandmarksV2.ts(156,9): error TS1005: ';' expected.
lib/visualLab/data/poiExtraSenegalLandmarksV2.ts(158,9): error TS1005: ';' expected.
lib/visualLab/data/poiExtraSenegalLandmarksV2.ts(159,9): error TS1005: ';' expected.
lib/visualLab/data/poiExtraSenegalLandmarksV2.ts(160,9): error TS1005: ';' expected.
lib/visualLab/data/poiExtraSenegalLandmarksV2.ts(163,9): error TS1005: ';' expected.
lib/visualLab/data/poiExtraSenegalLandmarksV2.ts(164,9): error TS1005: ';' expected.
lib/visualLab/data/poiExtraSenegalLandmarksV2.ts(165,9): error TS1005: ';' expected.
lib/visualLab/data/poiExtraSenegalLandmarksV2.ts(166,6): error TS1128: Declaration or statement expected.
lib/visualLab/data/poiExtraSenegalLandmarksV2.ts(169,9): error TS1005: ';' expected.
lib/visualLab/data/poiExtraSenegalLandmarksV2.ts(170,9): error TS1005: ';' expected.
lib/visualLab/data/poiExtraSenegalLandmarksV2.ts(171,9): error TS1005: ';' expected.
lib/visualLab/data/poiExtraSenegalLandmarksV2.ts(172,24): error TS1005: ';' expected.
lib/visualLab/data/poiExtraSenegalLandmarksV2.ts(174,6): error TS1128: Declaration or statement expected.
lib/visualLab/data/poiExtraSenegalLandmarksV2.ts(179,4): error TS1128: Declaration or statement expected.
lib/visualLab/data/poiExtraSenegalLandmarksV2.ts(179,67): error TS1005: ';' expected.
lib/visualLab/data/poiExtraSenegalLandmarksV2.ts(181,9): error TS1005: ';' expected.
lib/visualLab/data/poiExtraSenegalLandmarksV2.ts(182,11): error TS1005: ';' expected.
lib/visualLab/data/poiExtraSenegalLandmarksV2.ts(183,11): error TS1005: ';' expected.
lib/visualLab/data/poiExtraSenegalLandmarksV2.ts(184,9): error TS1005: ';' expected.
lib/visualLab/data/poiExtraSenegalLandmarksV2.ts(186,9): error TS1005: ';' expected.
lib/visualLab/data/poiExtraSenegalLandmarksV2.ts(187,9): error TS1005: ';' expected.
lib/visualLab/data/poiExtraSenegalLandmarksV2.ts(188,9): error TS1005: ';' expected.
lib/visualLab/data/poiExtraSenegalLandmarksV2.ts(191,9): error TS1005: ';' expected.
lib/visualLab/data/poiExtraSenegalLandmarksV2.ts(192,9): error TS1005: ';' expected.
lib/visualLab/data/poiExtraSenegalLandmarksV2.ts(193,9): error TS1005: ';' expected.
lib/visualLab/data/poiExtraSenegalLandmarksV2.ts(194,6): error TS1128: Declaration or statement expected.
lib/visualLab/data/poiExtraSenegalLandmarksV2.ts(197,9): error TS1005: ';' expected.
lib/visualLab/data/poiExtraSenegalLandmarksV2.ts(198,9): error TS1005: ';' expected.
lib/visualLab/data/poiExtraSenegalLandmarksV2.ts(199,9): error TS1005: ';' expected.
lib/visualLab/data/poiExtraSenegalLandmarksV2.ts(200,24): error TS1005: ';' expected.
lib/visualLab/data/poiExtraSenegalLandmarksV2.ts(202,6): error TS1128: Declaration or statement expected.
lib/visualLab/data/poiExtraSenegalLandmarksV2.ts(209,9): error TS1005: ';' expected.
lib/visualLab/data/poiExtraSenegalLandmarksV2.ts(210,11): error TS1005: ';' expected.
lib/visualLab/data/poiExtraSenegalLandmarksV2.ts(211,11): error TS1005: ';' expected.
lib/visualLab/data/poiExtraSenegalLandmarksV2.ts(212,9): error TS1005: ';' expected.
lib/visualLab/data/poiExtraSenegalLandmarksV2.ts(214,9): error TS1005: ';' expected.
lib/visualLab/data/poiExtraSenegalLandmarksV2.ts(215,9): error TS1005: ';' expected.
lib/visualLab/data/poiExtraSenegalLandmarksV2.ts(216,9): error TS1005: ';' expected.
lib/visualLab/data/poiExtraSenegalLandmarksV2.ts(219,9): error TS1005: ';' expected.
lib/visualLab/data/poiExtraSenegalLandmarksV2.ts(220,9): error TS1005: ';' expected.
lib/visualLab/data/poiExtraSenegalLandmarksV2.ts(221,9): error TS1005: ';' expected.
lib/visualLab/data/poiExtraSenegalLandmarksV2.ts(222,6): error TS1128: Declaration or statement expected.
lib/visualLab/data/poiExtraSenegalLandmarksV2.ts(225,9): error TS1005: ';' expected.
lib/visualLab/data/poiExtraSenegalLandmarksV2.ts(226,9): error TS1005: ';' expected.
lib/visualLab/data/poiExtraSenegalLandmarksV2.ts(227,9): error TS1005: ';' expected.
lib/visualLab/data/poiExtraSenegalLandmarksV2.ts(228,24): error TS1005: ';' expected.
lib/visualLab/data/poiExtraSenegalLandmarksV2.ts(230,6): error TS1128: Declaration or statement expected.
lib/visualLab/data/poiExtraSenegalLandmarksV2.ts(235,4): error TS1128: Declaration or statement expected.
lib/visualLab/data/poiExtraSenegalLandmarksV2.ts(235,59): error TS1005: ';' expected.
lib/visualLab/data/poiExtraSenegalLandmarksV2.ts(237,9): error TS1005: ';' expected.
lib/visualLab/data/poiExtraSenegalLandmarksV2.ts(238,11): error TS1005: ';' expected.
lib/visualLab/data/poiExtraSenegalLandmarksV2.ts(239,11): error TS1005: ';' expected.
lib/visualLab/data/poiExtraSenegalLandmarksV2.ts(240,9): error TS1005: ';' expected.
lib/visualLab/data/poiExtraSenegalLandmarksV2.ts(242,9): error TS1005: ';' expected.
lib/visualLab/data/poiExtraSenegalLandmarksV2.ts(243,9): error TS1005: ';' expected.
lib/visualLab/data/poiExtraSenegalLandmarksV2.ts(244,9): error TS1005: ';' expected.
lib/visualLab/data/poiExtraSenegalLandmarksV2.ts(247,9): error TS1005: ';' expected.
lib/visualLab/data/poiExtraSenegalLandmarksV2.ts(248,9): error TS1005: ';' expected.
lib/visualLab/data/poiExtraSenegalLandmarksV2.ts(249,9): error TS1005: ';' expected.
lib/visualLab/data/poiExtraSenegalLandmarksV2.ts(250,6): error TS1128: Declaration or statement expected.
lib/visualLab/data/poiExtraSenegalLandmarksV2.ts(253,9): error TS1005: ';' expected.
lib/visualLab/data/poiExtraSenegalLandmarksV2.ts(254,9): error TS1005: ';' expected.
lib/visualLab/data/poiExtraSenegalLandmarksV2.ts(255,9): error TS1005: ';' expected.
lib/visualLab/data/poiExtraSenegalLandmarksV2.ts(256,24): error TS1005: ';' expected.
lib/visualLab/data/poiExtraSenegalLandmarksV2.ts(258,6): error TS1128: Declaration or statement expected.
lib/visualLab/data/poiExtraSenegalLandmarksV2.ts(263,4): error TS1128: Declaration or statement expected.
lib/visualLab/data/poiExtraSenegalLandmarksV2.ts(263,64): error TS1005: ';' expected.
lib/visualLab/data/poiExtraSenegalLandmarksV2.ts(265,9): error TS1005: ';' expected.
lib/visualLab/data/poiExtraSenegalLandmarksV2.ts(266,11): error TS1005: ';' expected.
lib/visualLab/data/poiExtraSenegalLandmarksV2.ts(267,11): error TS1005: ';' expected.
lib/visualLab/data/poiExtraSenegalLandmarksV2.ts(268,9): error TS1005: ';' expected.
lib/visualLab/data/poiExtraSenegalLandmarksV2.ts(270,9): error TS1005: ';' expected.
lib/visualLab/data/poiExtraSenegalLandmarksV2.ts(271,9): error TS1005: ';' expected.
lib/visualLab/data/poiExtraSenegalLandmarksV2.ts(272,9): error TS1005: ';' expected.
lib/visualLab/data/poiExtraSenegalLandmarksV2.ts(275,9): error TS1005: ';' expected.
lib/visualLab/data/poiExtraSenegalLandmarksV2.ts(276,9): error TS1005: ';' expected.
lib/visualLab/data/poiExtraSenegalLandmarksV2.ts(277,9): error TS1005: ';' expected.
lib/visualLab/data/poiExtraSenegalLandmarksV2.ts(278,6): error TS1128: Declaration or statement expected.
lib/visualLab/data/poiExtraSenegalLandmarksV2.ts(281,9): error TS1005: ';' expected.
lib/visualLab/data/poiExtraSenegalLandmarksV2.ts(282,9): error TS1005: ';' expected.
lib/visualLab/data/poiExtraSenegalLandmarksV2.ts(283,9): error TS1005: ';' expected.
lib/visualLab/data/poiExtraSenegalLandmarksV2.ts(284,24): error TS1005: ';' expected.
lib/visualLab/data/poiExtraSenegalLandmarksV2.ts(286,6): error TS1128: Declaration or statement expected.
lib/visualLab/data/poiExtraSenegalLandmarksV2.ts(293,9): error TS1005: ';' expected.
lib/visualLab/data/poiExtraSenegalLandmarksV2.ts(294,11): error TS1005: ';' expected.
lib/visualLab/data/poiExtraSenegalLandmarksV2.ts(295,11): error TS1005: ';' expected.
lib/visualLab/data/poiExtraSenegalLandmarksV2.ts(296,9): error TS1005: ';' expected.
lib/visualLab/data/poiExtraSenegalLandmarksV2.ts(298,9): error TS1005: ';' expected.
lib/visualLab/data/poiExtraSenegalLandmarksV2.ts(299,9): error TS1005: ';' expected.
lib/visualLab/data/poiExtraSenegalLandmarksV2.ts(300,9): error TS1005: ';' expected.
lib/visualLab/data/poiExtraSenegalLandmarksV2.ts(301,6): error TS1128: Declaration or statement expected.
lib/visualLab/data/poiExtraSenegalLandmarksV2.ts(304,9): error TS1005: ';' expected.
lib/visualLab/data/poiExtraSenegalLandmarksV2.ts(305,9): error TS1005: ';' expected.
lib/visualLab/data/poiExtraSenegalLandmarksV2.ts(306,9): error TS1005: ';' expected.
lib/visualLab/data/poiExtraSenegalLandmarksV2.ts(307,6): error TS1128: Declaration or statement expected.
lib/visualLab/data/poiExtraSenegalLandmarksV2.ts(310,9): error TS1005: ';' expected.
lib/visualLab/data/poiExtraSenegalLandmarksV2.ts(311,9): error TS1005: ';' expected.
lib/visualLab/data/poiExtraSenegalLandmarksV2.ts(312,9): error TS1005: ';' expected.
lib/visualLab/data/poiExtraSenegalLandmarksV2.ts(313,6): error TS1128: Declaration or statement expected.
lib/visualLab/data/poiExtraSenegalLandmarksV2.ts(314,24): error TS1005: ';' expected.
lib/visualLab/data/poiExtraSenegalLandmarksV2.ts(316,9): error TS1005: ';' expected.
lib/visualLab/data/poiExtraSenegalLandmarksV2.ts(317,9): error TS1005: ';' expected.
lib/visualLab/data/poiExtraSenegalLandmarksV2.ts(318,9): error TS1005: ';' expected.
lib/visualLab/data/poiExtraSenegalLandmarksV2.ts(319,6): error TS1128: Declaration or statement expected.
lib/visualLab/data/poiExtraSenegalLandmarksV2.ts(322,9): error TS1005: ';' expected.
lib/visualLab/data/poiExtraSenegalLandmarksV2.ts(323,9): error TS1005: ';' expected.
lib/visualLab/data/poiExtraSenegalLandmarksV2.ts(324,9): error TS1005: ';' expected.
lib/visualLab/data/poiExtraSenegalLandmarksV2.ts(326,4): error TS1128: Declaration or statement expected.
lib/visualLab/data/poiExtraSenegalLandmarksV2.ts(329,9): error TS1005: ';' expected.
lib/visualLab/data/poiExtraSenegalLandmarksV2.ts(330,11): error TS1005: ';' expected.
lib/visualLab/data/poiExtraSenegalLandmarksV2.ts(331,11): error TS1005: ';' expected.
lib/visualLab/data/poiExtraSenegalLandmarksV2.ts(332,9): error TS1005: ';' expected.
lib/visualLab/data/poiExtraSenegalLandmarksV2.ts(334,9): error TS1005: ';' expected.
lib/visualLab/data/poiExtraSenegalLandmarksV2.ts(335,9): error TS1005: ';' expected.
lib/visualLab/data/poiExtraSenegalLandmarksV2.ts(336,9): error TS1005: ';' expected.
lib/visualLab/data/poiExtraSenegalLandmarksV2.ts(337,6): error TS1128: Declaration or statement expected.
lib/visualLab/data/poiExtraSenegalLandmarksV2.ts(337,7): error TS1128: Declaration or statement expected.
lib/visualLab/data/poiExtraSenegalLandmarksV2.ts(340,6): error TS1128: Declaration or statement expected.
lib/visualLab/data/poiExtraSenegalLandmarksV2.ts(346,9): error TS1005: ';' expected.
lib/visualLab/data/poiExtraSenegalLandmarksV2.ts(347,9): error TS1005: ';' expected.
lib/visualLab/data/poiExtraSenegalLandmarksV2.ts(348,9): error TS1005: ';' expected.
lib/visualLab/data/poiExtraSenegalLandmarksV2.ts(349,6): error TS1128: Declaration or statement expected.
lib/visualLab/data/poiExtraSenegalLandmarksV2.ts(352,9): error TS1005: ';' expected.
lib/visualLab/data/poiExtraSenegalLandmarksV2.ts(353,9): error TS1005: ';' expected.
lib/visualLab/data/poiExtraSenegalLandmarksV2.ts(354,9): error TS1005: ';' expected.
lib/visualLab/data/poiExtraSenegalLandmarksV2.ts(355,6): error TS1128: Declaration or statement expected.
lib/visualLab/data/poiExtraSenegalLandmarksV2.ts(356,24): error TS1005: ';' expected.
lib/visualLab/data/poiExtraSenegalLandmarksV2.ts(358,9): error TS1005: ';' expected.
lib/visualLab/data/poiExtraSenegalLandmarksV2.ts(359,9): error TS1005: ';' expected.
lib/visualLab/data/poiExtraSenegalLandmarksV2.ts(360,9): error TS1005: ';' expected.
lib/visualLab/data/poiExtraSenegalLandmarksV2.ts(361,6): error TS1128: Declaration or statement expected.
lib/visualLab/data/poiExtraSenegalLandmarksV2.ts(364,9): error TS1005: ';' expected.
lib/visualLab/data/poiExtraSenegalLandmarksV2.ts(365,9): error TS1005: ';' expected.
lib/visualLab/data/poiExtraSenegalLandmarksV2.ts(366,9): error TS1005: ';' expected.
lib/visualLab/data/poiExtraSenegalLandmarksV2.ts(368,3): error TS1128: Declaration or statement expected.
lib/visualLab/data/poiExtraSenegalLandmarksV2.ts(368,4): error TS1128: Declaration or statement expected.
lib/visualLab/data/poiExtraSenegalLandmarksV2.ts(371,9): error TS1005: ';' expected.
lib/visualLab/data/poiExtraSenegalLandmarksV2.ts(372,11): error TS1005: ';' expected.
lib/visualLab/data/poiExtraSenegalLandmarksV2.ts(373,11): error TS1005: ';' expected.
lib/visualLab/data/poiExtraSenegalLandmarksV2.ts(374,9): error TS1005: ';' expected.
lib/visualLab/data/poiExtraSenegalLandmarksV2.ts(376,9): error TS1005: ';' expected.
lib/visualLab/data/poiExtraSenegalLandmarksV2.ts(377,9): error TS1005: ';' expected.
lib/visualLab/data/poiExtraSenegalLandmarksV2.ts(378,9): error TS1005: ';' expected.
lib/visualLab/data/poiExtraSenegalLandmarksV2.ts(379,6): error TS1128: Declaration or statement expected.
lib/visualLab/data/poiExtraSenegalLandmarksV2.ts(379,7): error TS1128: Declaration or statement expected.
lib/visualLab/data/poiExtraSenegalLandmarksV2.ts(382,6): error TS1128: Declaration or statement expected.
lib/visualLab/data/poiExtraSenegalLandmarksV2.ts(388,9): error TS1005: ';' expected.
lib/visualLab/data/poiExtraSenegalLandmarksV2.ts(389,9): error TS1005: ';' expected.
lib/visualLab/data/poiExtraSenegalLandmarksV2.ts(390,9): error TS1005: ';' expected.
lib/visualLab/data/poiExtraSenegalLandmarksV2.ts(391,6): error TS1128: Declaration or statement expected.
lib/visualLab/data/poiExtraSenegalLandmarksV2.ts(394,9): error TS1005: ';' expected.
lib/visualLab/data/poiExtraSenegalLandmarksV2.ts(395,9): error TS1005: ';' expected.
lib/visualLab/data/poiExtraSenegalLandmarksV2.ts(396,9): error TS1005: ';' expected.
lib/visualLab/data/poiExtraSenegalLandmarksV2.ts(397,6): error TS1128: Declaration or statement expected.
lib/visualLab/data/poiExtraSenegalLandmarksV2.ts(398,24): error TS1005: ';' expected.
lib/visualLab/data/poiExtraSenegalLandmarksV2.ts(400,9): error TS1005: ';' expected.
lib/visualLab/data/poiExtraSenegalLandmarksV2.ts(401,9): error TS1005: ';' expected.
lib/visualLab/data/poiExtraSenegalLandmarksV2.ts(402,9): error TS1005: ';' expected.
lib/visualLab/data/poiExtraSenegalLandmarksV2.ts(403,6): error TS1128: Declaration or statement expected.
lib/visualLab/data/poiExtraSenegalLandmarksV2.ts(406,9): error TS1005: ';' expected.
lib/visualLab/data/poiExtraSenegalLandmarksV2.ts(407,9): error TS1005: ';' expected.
lib/visualLab/data/poiExtraSenegalLandmarksV2.ts(408,9): error TS1005: ';' expected.
lib/visualLab/data/poiExtraSenegalLandmarksV2.ts(410,3): error TS1128: Declaration or statement expected.
lib/visualLab/data/poiExtraSenegalLandmarksV2.ts(410,4): error TS1128: Declaration or statement expected.
lib/visualLab/data/poiExtraSenegalLandmarksV2.ts(413,9): error TS1005: ';' expected.
lib/visualLab/data/poiExtraSenegalLandmarksV2.ts(414,11): error TS1005: ';' expected.
lib/visualLab/data/poiExtraSenegalLandmarksV2.ts(415,11): error TS1005: ';' expected.
lib/visualLab/data/poiExtraSenegalLandmarksV2.ts(416,9): error TS1005: ';' expected.
lib/visualLab/data/poiExtraSenegalLandmarksV2.ts(418,9): error TS1005: ';' expected.
lib/visualLab/data/poiExtraSenegalLandmarksV2.ts(419,9): error TS1005: ';' expected.
lib/visualLab/data/poiExtraSenegalLandmarksV2.ts(420,9): error TS1005: ';' expected.
lib/visualLab/data/poiExtraSenegalLandmarksV2.ts(421,6): error TS1128: Declaration or statement expected.
lib/visualLab/data/poiExtraSenegalLandmarksV2.ts(421,7): error TS1128: Declaration or statement expected.
lib/visualLab/data/poiExtraSenegalLandmarksV2.ts(424,6): error TS1128: Declaration or statement expected.
lib/visualLab/data/poiExtraSenegalLandmarksV2.ts(430,9): error TS1005: ';' expected.
lib/visualLab/data/poiExtraSenegalLandmarksV2.ts(431,9): error TS1005: ';' expected.
lib/visualLab/data/poiExtraSenegalLandmarksV2.ts(432,9): error TS1005: ';' expected.
lib/visualLab/data/poiExtraSenegalLandmarksV2.ts(433,6): error TS1128: Declaration or statement expected.
lib/visualLab/data/poiExtraSenegalLandmarksV2.ts(436,9): error TS1005: ';' expected.
lib/visualLab/data/poiExtraSenegalLandmarksV2.ts(437,9): error TS1005: ';' expected.
lib/visualLab/data/poiExtraSenegalLandmarksV2.ts(438,9): error TS1005: ';' expected.
lib/visualLab/data/poiExtraSenegalLandmarksV2.ts(439,6): error TS1128: Declaration or statement expected.
lib/visualLab/data/poiExtraSenegalLandmarksV2.ts(440,24): error TS1005: ';' expected.
lib/visualLab/data/poiExtraSenegalLandmarksV2.ts(442,9): error TS1005: ';' expected.
lib/visualLab/data/poiExtraSenegalLandmarksV2.ts(443,9): error TS1005: ';' expected.
lib/visualLab/data/poiExtraSenegalLandmarksV2.ts(444,9): error TS1005: ';' expected.
lib/visualLab/data/poiExtraSenegalLandmarksV2.ts(445,6): error TS1128: Declaration or statement expected.
lib/visualLab/data/poiExtraSenegalLandmarksV2.ts(448,9): error TS1005: ';' expected.
lib/visualLab/data/poiExtraSenegalLandmarksV2.ts(449,9): error TS1005: ';' expected.
lib/visualLab/data/poiExtraSenegalLandmarksV2.ts(450,9): error TS1005: ';' expected.
lib/visualLab/data/poiExtraSenegalLandmarksV2.ts(452,3): error TS1128: Declaration or statement expected.
lib/visualLab/data/poiExtraSenegalLandmarksV2.ts(452,4): error TS1128: Declaration or statement expected.
lib/visualLab/data/poiExtraSenegalLandmarksV2.ts(455,9): error TS1005: ';' expected.
lib/visualLab/data/poiExtraSenegalLandmarksV2.ts(456,11): error TS1005: ';' expected.
lib/visualLab/data/poiExtraSenegalLandmarksV2.ts(457,11): error TS1005: ';' expected.
lib/visualLab/data/poiExtraSenegalLandmarksV2.ts(458,9): error TS1005: ';' expected.
lib/visualLab/data/poiExtraSenegalLandmarksV2.ts(460,9): error TS1005: ';' expected.
lib/visualLab/data/poiExtraSenegalLandmarksV2.ts(461,9): error TS1005: ';' expected.
lib/visualLab/data/poiExtraSenegalLandmarksV2.ts(462,9): error TS1005: ';' expected.
lib/visualLab/data/poiExtraSenegalLandmarksV2.ts(463,6): error TS1128: Declaration or statement expected.
lib/visualLab/data/poiExtraSenegalLandmarksV2.ts(463,7): error TS1128: Declaration or statement expected.
lib/visualLab/data/poiExtraSenegalLandmarksV2.ts(466,6): error TS1128: Declaration or statement expected.
lib/visualLab/data/poiExtraSenegalLandmarksV2.ts(472,9): error TS1005: ';' expected.
lib/visualLab/data/poiExtraSenegalLandmarksV2.ts(473,9): error TS1005: ';' expected.
lib/visualLab/data/poiExtraSenegalLandmarksV2.ts(474,9): error TS1005: ';' expected.
lib/visualLab/data/poiExtraSenegalLandmarksV2.ts(475,6): error TS1128: Declaration or statement expected.
lib/visualLab/data/poiExtraSenegalLandmarksV2.ts(478,9): error TS1005: ';' expected.
lib/visualLab/data/poiExtraSenegalLandmarksV2.ts(479,9): error TS1005: ';' expected.
lib/visualLab/data/poiExtraSenegalLandmarksV2.ts(480,9): error TS1005: ';' expected.
lib/visualLab/data/poiExtraSenegalLandmarksV2.ts(481,6): error TS1128: Declaration or statement expected.
lib/visualLab/data/poiExtraSenegalLandmarksV2.ts(482,24): error TS1005: ';' expected.
lib/visualLab/data/poiExtraSenegalLandmarksV2.ts(484,9): error TS1005: ';' expected.
lib/visualLab/data/poiExtraSenegalLandmarksV2.ts(485,9): error TS1005: ';' expected.
lib/visualLab/data/poiExtraSenegalLandmarksV2.ts(486,9): error TS1005: ';' expected.
lib/visualLab/data/poiExtraSenegalLandmarksV2.ts(487,6): error TS1128: Declaration or statement expected.
lib/visualLab/data/poiExtraSenegalLandmarksV2.ts(490,9): error TS1005: ';' expected.
lib/visualLab/data/poiExtraSenegalLandmarksV2.ts(491,9): error TS1005: ';' expected.
lib/visualLab/data/poiExtraSenegalLandmarksV2.ts(492,9): error TS1005: ';' expected.
lib/visualLab/data/poiExtraSenegalLandmarksV2.ts(494,3): error TS1128: Declaration or statement expected.
lib/visualLab/data/poiExtraSenegalLandmarksV2.ts(494,4): error TS1128: Declaration or statement expected.
lib/visualLab/data/poiExtraSenegalLandmarksV2.ts(497,9): error TS1005: ';' expected.
lib/visualLab/data/poiExtraSenegalLandmarksV2.ts(498,11): error TS1005: ';' expected.
lib/visualLab/data/poiExtraSenegalLandmarksV2.ts(499,11): error TS1005: ';' expected.
lib/visualLab/data/poiExtraSenegalLandmarksV2.ts(500,9): error TS1005: ';' expected.
lib/visualLab/data/poiExtraSenegalLandmarksV2.ts(502,9): error TS1005: ';' expected.
lib/visualLab/data/poiExtraSenegalLandmarksV2.ts(503,9): error TS1005: ';' expected.
lib/visualLab/data/poiExtraSenegalLandmarksV2.ts(504,9): error TS1005: ';' expected.
lib/visualLab/data/poiExtraSenegalLandmarksV2.ts(505,6): error TS1128: Declaration or statement expected.
lib/visualLab/data/poiExtraSenegalLandmarksV2.ts(505,7): error TS1128: Declaration or statement expected.
lib/visualLab/data/poiExtraSenegalLandmarksV2.ts(508,6): error TS1128: Declaration or statement expected.
lib/visualLab/data/poiExtraSenegalLandmarksV2.ts(514,9): error TS1005: ';' expected.
lib/visualLab/data/poiExtraSenegalLandmarksV2.ts(515,9): error TS1005: ';' expected.
lib/visualLab/data/poiExtraSenegalLandmarksV2.ts(516,9): error TS1005: ';' expected.
lib/visualLab/data/poiExtraSenegalLandmarksV2.ts(517,6): error TS1128: Declaration or statement expected.
lib/visualLab/data/poiExtraSenegalLandmarksV2.ts(520,9): error TS1005: ';' expected.
lib/visualLab/data/poiExtraSenegalLandmarksV2.ts(521,9): error TS1005: ';' expected.
lib/visualLab/data/poiExtraSenegalLandmarksV2.ts(522,9): error TS1005: ';' expected.
lib/visualLab/data/poiExtraSenegalLandmarksV2.ts(523,6): error TS1128: Declaration or statement expected.
lib/visualLab/data/poiExtraSenegalLandmarksV2.ts(524,24): error TS1005: ';' expected.
lib/visualLab/data/poiExtraSenegalLandmarksV2.ts(526,9): error TS1005: ';' expected.
lib/visualLab/data/poiExtraSenegalLandmarksV2.ts(527,9): error TS1005: ';' expected.
lib/visualLab/data/poiExtraSenegalLandmarksV2.ts(528,9): error TS1005: ';' expected.
lib/visualLab/data/poiExtraSenegalLandmarksV2.ts(529,6): error TS1128: Declaration or statement expected.
lib/visualLab/data/poiExtraSenegalLandmarksV2.ts(532,9): error TS1005: ';' expected.
lib/visualLab/data/poiExtraSenegalLandmarksV2.ts(533,9): error TS1005: ';' expected.
lib/visualLab/data/poiExtraSenegalLandmarksV2.ts(534,9): error TS1005: ';' expected.
lib/visualLab/data/poiExtraSenegalLandmarksV2.ts(536,3): error TS1128: Declaration or statement expected.
lib/visualLab/data/poiExtraSenegalLandmarksV2.ts(536,4): error TS1128: Declaration or statement expected.
lib/visualLab/data/poiExtraSenegalLandmarksV2.ts(539,9): error TS1005: ';' expected.
lib/visualLab/data/poiExtraSenegalLandmarksV2.ts(540,11): error TS1005: ';' expected.
lib/visualLab/data/poiExtraSenegalLandmarksV2.ts(541,11): error TS1005: ';' expected.
lib/visualLab/data/poiExtraSenegalLandmarksV2.ts(542,9): error TS1005: ';' expected.
lib/visualLab/data/poiExtraSenegalLandmarksV2.ts(544,9): error TS1005: ';' expected.
lib/visualLab/data/poiExtraSenegalLandmarksV2.ts(545,9): error TS1005: ';' expected.
lib/visualLab/data/poiExtraSenegalLandmarksV2.ts(546,9): error TS1005: ';' expected.
lib/visualLab/data/poiExtraSenegalLandmarksV2.ts(547,6): error TS1128: Declaration or statement expected.
lib/visualLab/data/poiExtraSenegalLandmarksV2.ts(547,7): error TS1128: Declaration or statement expected.
lib/visualLab/data/poiExtraSenegalLandmarksV2.ts(550,6): error TS1128: Declaration or statement expected.
lib/visualLab/data/poiExtraSenegalLandmarksV2.ts(556,9): error TS1005: ';' expected.
lib/visualLab/data/poiExtraSenegalLandmarksV2.ts(557,9): error TS1005: ';' expected.
lib/visualLab/data/poiExtraSenegalLandmarksV2.ts(558,9): error TS1005: ';' expected.
lib/visualLab/data/poiExtraSenegalLandmarksV2.ts(559,6): error TS1128: Declaration or statement expected.
lib/visualLab/data/poiExtraSenegalLandmarksV2.ts(562,9): error TS1005: ';' expected.
lib/visualLab/data/poiExtraSenegalLandmarksV2.ts(563,9): error TS1005: ';' expected.
lib/visualLab/data/poiExtraSenegalLandmarksV2.ts(564,9): error TS1005: ';' expected.
lib/visualLab/data/poiExtraSenegalLandmarksV2.ts(565,6): error TS1128: Declaration or statement expected.
lib/visualLab/data/poiExtraSenegalLandmarksV2.ts(566,24): error TS1005: ';' expected.
lib/visualLab/data/poiExtraSenegalLandmarksV2.ts(568,9): error TS1005: ';' expected.
lib/visualLab/data/poiExtraSenegalLandmarksV2.ts(569,9): error TS1005: ';' expected.
lib/visualLab/data/poiExtraSenegalLandmarksV2.ts(570,9): error TS1005: ';' expected.
lib/visualLab/data/poiExtraSenegalLandmarksV2.ts(571,6): error TS1128: Declaration or statement expected.
lib/visualLab/data/poiExtraSenegalLandmarksV2.ts(574,9): error TS1005: ';' expected.
lib/visualLab/data/poiExtraSenegalLandmarksV2.ts(575,9): error TS1005: ';' expected.
lib/visualLab/data/poiExtraSenegalLandmarksV2.ts(576,9): error TS1005: ';' expected.
lib/visualLab/data/poiExtraSenegalLandmarksV2.ts(578,3): error TS1128: Declaration or statement expected.
lib/visualLab/data/poiExtraSenegalLandmarksV2.ts(578,4): error TS1128: Declaration or statement expected.
lib/visualLab/data/poiExtraSenegalLandmarksV2.ts(581,9): error TS1005: ';' expected.
lib/visualLab/data/poiExtraSenegalLandmarksV2.ts(582,11): error TS1005: ';' expected.
lib/visualLab/data/poiExtraSenegalLandmarksV2.ts(583,11): error TS1005: ';' expected.
lib/visualLab/data/poiExtraSenegalLandmarksV2.ts(584,9): error TS1005: ';' expected.
lib/visualLab/data/poiExtraSenegalLandmarksV2.ts(586,9): error TS1005: ';' expected.
lib/visualLab/data/poiExtraSenegalLandmarksV2.ts(587,9): error TS1005: ';' expected.
lib/visualLab/data/poiExtraSenegalLandmarksV2.ts(588,9): error TS1005: ';' expected.
lib/visualLab/data/poiExtraSenegalLandmarksV2.ts(589,6): error TS1128: Declaration or statement expected.
lib/visualLab/data/poiExtraSenegalLandmarksV2.ts(592,9): error TS1005: ';' expected.
lib/visualLab/data/poiExtraSenegalLandmarksV2.ts(593,9): error TS1005: ';' expected.
lib/visualLab/data/poiExtraSenegalLandmarksV2.ts(594,9): error TS1005: ';' expected.
lib/visualLab/data/poiExtraSenegalLandmarksV2.ts(595,6): error TS1128: Declaration or statement expected.
lib/visualLab/data/poiExtraSenegalLandmarksV2.ts(598,9): error TS1005: ';' expected.
lib/visualLab/data/poiExtraSenegalLandmarksV2.ts(599,9): error TS1005: ';' expected.
lib/visualLab/data/poiExtraSenegalLandmarksV2.ts(600,9): error TS1005: ';' expected.
lib/visualLab/data/poiExtraSenegalLandmarksV2.ts(601,6): error TS1128: Declaration or statement expected.
lib/visualLab/data/poiExtraSenegalLandmarksV2.ts(602,24): error TS1005: ';' expected.
lib/visualLab/data/poiExtraSenegalLandmarksV2.ts(604,9): error TS1005: ';' expected.
lib/visualLab/data/poiExtraSenegalLandmarksV2.ts(605,9): error TS1005: ';' expected.
lib/visualLab/data/poiExtraSenegalLandmarksV2.ts(606,9): error TS1005: ';' expected.
lib/visualLab/data/poiExtraSenegalLandmarksV2.ts(607,6): error TS1128: Declaration or statement expected.
lib/visualLab/data/poiExtraSenegalLandmarksV2.ts(610,9): error TS1005: ';' expected.
lib/visualLab/data/poiExtraSenegalLandmarksV2.ts(611,9): error TS1005: ';' expected.
lib/visualLab/data/poiExtraSenegalLandmarksV2.ts(612,9): error TS1005: ';' expected.
lib/visualLab/data/poiExtraSenegalLandmarksV2.ts(614,4): error TS1128: Declaration or statement expected.
lib/visualLab/data/poiExtraSenegalLandmarksV2.ts(617,9): error TS1005: ';' expected.
lib/visualLab/data/poiExtraSenegalLandmarksV2.ts(618,11): error TS1005: ';' expected.
lib/visualLab/data/poiExtraSenegalLandmarksV2.ts(619,11): error TS1005: ';' expected.
lib/visualLab/data/poiExtraSenegalLandmarksV2.ts(620,9): error TS1005: ';' expected.
lib/visualLab/data/poiExtraSenegalLandmarksV2.ts(622,9): error TS1005: ';' expected.
lib/visualLab/data/poiExtraSenegalLandmarksV2.ts(623,9): error TS1005: ';' expected.
lib/visualLab/data/poiExtraSenegalLandmarksV2.ts(624,9): error TS1005: ';' expected.
lib/visualLab/data/poiExtraSenegalLandmarksV2.ts(625,6): error TS1128: Declaration or statement expected.
lib/visualLab/data/poiExtraSenegalLandmarksV2.ts(628,9): error TS1005: ';' expected.
lib/visualLab/data/poiExtraSenegalLandmarksV2.ts(629,9): error TS1005: ';' expected.
lib/visualLab/data/poiExtraSenegalLandmarksV2.ts(630,9): error TS1005: ';' expected.
lib/visualLab/data/poiExtraSenegalLandmarksV2.ts(631,6): error TS1128: Declaration or statement expected.
lib/visualLab/data/poiExtraSenegalLandmarksV2.ts(634,9): error TS1005: ';' expected.
lib/visualLab/data/poiExtraSenegalLandmarksV2.ts(635,9): error TS1005: ';' expected.
lib/visualLab/data/poiExtraSenegalLandmarksV2.ts(636,9): error TS1005: ';' expected.
lib/visualLab/data/poiExtraSenegalLandmarksV2.ts(637,6): error TS1128: Declaration or statement expected.
lib/visualLab/data/poiExtraSenegalLandmarksV2.ts(638,24): error TS1005: ';' expected.
lib/visualLab/data/poiExtraSenegalLandmarksV2.ts(640,9): error TS1005: ';' expected.
lib/visualLab/data/poiExtraSenegalLandmarksV2.ts(641,9): error TS1005: ';' expected.
lib/visualLab/data/poiExtraSenegalLandmarksV2.ts(642,9): error TS1005: ';' expected.
lib/visualLab/data/poiExtraSenegalLandmarksV2.ts(643,6): error TS1128: Declaration or statement expected.
lib/visualLab/data/poiExtraSenegalLandmarksV2.ts(646,9): error TS1005: ';' expected.
lib/visualLab/data/poiExtraSenegalLandmarksV2.ts(647,9): error TS1005: ';' expected.
lib/visualLab/data/poiExtraSenegalLandmarksV2.ts(648,9): error TS1005: ';' expected.
lib/visualLab/data/poiExtraSenegalLandmarksV2.ts(650,4): error TS1128: Declaration or statement expected.
lib/visualLab/data/poiExtraSenegalLandmarksV2.ts(653,9): error TS1005: ';' expected.
lib/visualLab/data/poiExtraSenegalLandmarksV2.ts(654,11): error TS1005: ';' expected.
lib/visualLab/data/poiExtraSenegalLandmarksV2.ts(655,11): error TS1005: ';' expected.
lib/visualLab/data/poiExtraSenegalLandmarksV2.ts(656,9): error TS1005: ';' expected.
lib/visualLab/data/poiExtraSenegalLandmarksV2.ts(658,9): error TS1005: ';' expected.
lib/visualLab/data/poiExtraSenegalLandmarksV2.ts(659,9): error TS1005: ';' expected.
lib/visualLab/data/poiExtraSenegalLandmarksV2.ts(660,9): error TS1005: ';' expected.
lib/visualLab/data/poiExtraSenegalLandmarksV2.ts(661,6): error TS1128: Declaration or statement expected.
lib/visualLab/data/poiExtraSenegalLandmarksV2.ts(664,9): error TS1005: ';' expected.
lib/visualLab/data/poiExtraSenegalLandmarksV2.ts(665,9): error TS1005: ';' expected.
lib/visualLab/data/poiExtraSenegalLandmarksV2.ts(666,9): error TS1005: ';' expected.
lib/visualLab/data/poiExtraSenegalLandmarksV2.ts(667,6): error TS1128: Declaration or statement expected.
lib/visualLab/data/poiExtraSenegalLandmarksV2.ts(670,9): error TS1005: ';' expected.
lib/visualLab/data/poiExtraSenegalLandmarksV2.ts(671,9): error TS1005: ';' expected.
lib/visualLab/data/poiExtraSenegalLandmarksV2.ts(672,9): error TS1005: ';' expected.
lib/visualLab/data/poiExtraSenegalLandmarksV2.ts(673,6): error TS1128: Declaration or statement expected.
lib/visualLab/data/poiExtraSenegalLandmarksV2.ts(674,24): error TS1005: ';' expected.
lib/visualLab/data/poiExtraSenegalLandmarksV2.ts(676,9): error TS1005: ';' expected.
lib/visualLab/data/poiExtraSenegalLandmarksV2.ts(677,9): error TS1005: ';' expected.
lib/visualLab/data/poiExtraSenegalLandmarksV2.ts(678,9): error TS1005: ';' expected.
lib/visualLab/data/poiExtraSenegalLandmarksV2.ts(679,6): error TS1128: Declaration or statement expected.
lib/visualLab/data/poiExtraSenegalLandmarksV2.ts(682,9): error TS1005: ';' expected.
lib/visualLab/data/poiExtraSenegalLandmarksV2.ts(683,9): error TS1005: ';' expected.
lib/visualLab/data/poiExtraSenegalLandmarksV2.ts(684,9): error TS1005: ';' expected.
lib/visualLab/data/poiExtraSenegalLandmarksV2.ts(686,4): error TS1128: Declaration or statement expected.
lib/visualLab/data/poiExtraSenegalLandmarksV2.ts(689,9): error TS1005: ';' expected.
lib/visualLab/data/poiExtraSenegalLandmarksV2.ts(690,11): error TS1005: ';' expected.
lib/visualLab/data/poiExtraSenegalLandmarksV2.ts(691,11): error TS1005: ';' expected.
lib/visualLab/data/poiExtraSenegalLandmarksV2.ts(692,9): error TS1005: ';' expected.
lib/visualLab/data/poiExtraSenegalLandmarksV2.ts(694,9): error TS1005: ';' expected.
lib/visualLab/data/poiExtraSenegalLandmarksV2.ts(695,9): error TS1005: ';' expected.
lib/visualLab/data/poiExtraSenegalLandmarksV2.ts(696,9): error TS1005: ';' expected.
lib/visualLab/data/poiExtraSenegalLandmarksV2.ts(697,6): error TS1128: Declaration or statement expected.
lib/visualLab/data/poiExtraSenegalLandmarksV2.ts(700,9): error TS1005: ';' expected.
lib/visualLab/data/poiExtraSenegalLandmarksV2.ts(701,9): error TS1005: ';' expected.
lib/visualLab/data/poiExtraSenegalLandmarksV2.ts(702,9): error TS1005: ';' expected.
lib/visualLab/data/poiExtraSenegalLandmarksV2.ts(703,6): error TS1128: Declaration or statement expected.
lib/visualLab/data/poiExtraSenegalLandmarksV2.ts(706,9): error TS1005: ';' expected.
lib/visualLab/data/poiExtraSenegalLandmarksV2.ts(707,9): error TS1005: ';' expected.
lib/visualLab/data/poiExtraSenegalLandmarksV2.ts(708,9): error TS1005: ';' expected.
lib/visualLab/data/poiExtraSenegalLandmarksV2.ts(709,6): error TS1128: Declaration or statement expected.
lib/visualLab/data/poiExtraSenegalLandmarksV2.ts(710,24): error TS1005: ';' expected.
lib/visualLab/data/poiExtraSenegalLandmarksV2.ts(712,9): error TS1005: ';' expected.
lib/visualLab/data/poiExtraSenegalLandmarksV2.ts(713,9): error TS1005: ';' expected.
lib/visualLab/data/poiExtraSenegalLandmarksV2.ts(714,9): error TS1005: ';' expected.
lib/visualLab/data/poiExtraSenegalLandmarksV2.ts(715,6): error TS1128: Declaration or statement expected.
lib/visualLab/data/poiExtraSenegalLandmarksV2.ts(718,9): error TS1005: ';' expected.
lib/visualLab/data/poiExtraSenegalLandmarksV2.ts(719,9): error TS1005: ';' expected.
lib/visualLab/data/poiExtraSenegalLandmarksV2.ts(720,9): error TS1005: ';' expected.
lib/visualLab/data/poiExtraSenegalLandmarksV2.ts(722,4): error TS1128: Declaration or statement expected.
lib/visualLab/data/poiExtraSenegalLandmarksV2.ts(725,9): error TS1005: ';' expected.
lib/visualLab/data/poiExtraSenegalLandmarksV2.ts(726,11): error TS1005: ';' expected.
lib/visualLab/data/poiExtraSenegalLandmarksV2.ts(727,11): error TS1005: ';' expected.
lib/visualLab/data/poiExtraSenegalLandmarksV2.ts(728,9): error TS1005: ';' expected.
lib/visualLab/data/poiExtraSenegalLandmarksV2.ts(730,9): error TS1005: ';' expected.
lib/visualLab/data/poiExtraSenegalLandmarksV2.ts(731,9): error TS1005: ';' expected.
lib/visualLab/data/poiExtraSenegalLandmarksV2.ts(732,9): error TS1005: ';' expected.
lib/visualLab/data/poiExtraSenegalLandmarksV2.ts(733,6): error TS1128: Declaration or statement expected.
lib/visualLab/data/poiExtraSenegalLandmarksV2.ts(736,9): error TS1005: ';' expected.
lib/visualLab/data/poiExtraSenegalLandmarksV2.ts(737,9): error TS1005: ';' expected.
lib/visualLab/data/poiExtraSenegalLandmarksV2.ts(738,9): error TS1005: ';' expected.
lib/visualLab/data/poiExtraSenegalLandmarksV2.ts(739,6): error TS1128: Declaration or statement expected.
lib/visualLab/data/poiExtraSenegalLandmarksV2.ts(742,9): error TS1005: ';' expected.
lib/visualLab/data/poiExtraSenegalLandmarksV2.ts(743,9): error TS1005: ';' expected.
lib/visualLab/data/poiExtraSenegalLandmarksV2.ts(744,9): error TS1005: ';' expected.
lib/visualLab/data/poiExtraSenegalLandmarksV2.ts(745,6): error TS1128: Declaration or statement expected.
lib/visualLab/data/poiExtraSenegalLandmarksV2.ts(746,24): error TS1005: ';' expected.
lib/visualLab/data/poiExtraSenegalLandmarksV2.ts(748,9): error TS1005: ';' expected.
lib/visualLab/data/poiExtraSenegalLandmarksV2.ts(749,9): error TS1005: ';' expected.
lib/visualLab/data/poiExtraSenegalLandmarksV2.ts(750,9): error TS1005: ';' expected.
lib/visualLab/data/poiExtraSenegalLandmarksV2.ts(751,6): error TS1128: Declaration or statement expected.
lib/visualLab/data/poiExtraSenegalLandmarksV2.ts(754,9): error TS1005: ';' expected.
lib/visualLab/data/poiExtraSenegalLandmarksV2.ts(755,9): error TS1005: ';' expected.
lib/visualLab/data/poiExtraSenegalLandmarksV2.ts(756,9): error TS1005: ';' expected.
lib/visualLab/data/poiExtraSenegalLandmarksV2.ts(758,4): error TS1128: Declaration or statement expected.
lib/visualLab/data/poiExtraSenegalLandmarksV2.ts(761,9): error TS1005: ';' expected.
lib/visualLab/data/poiExtraSenegalLandmarksV2.ts(762,11): error TS1005: ';' expected.
lib/visualLab/data/poiExtraSenegalLandmarksV2.ts(763,11): error TS1005: ';' expected.
lib/visualLab/data/poiExtraSenegalLandmarksV2.ts(764,9): error TS1005: ';' expected.
lib/visualLab/data/poiExtraSenegalLandmarksV2.ts(766,9): error TS1005: ';' expected.
lib/visualLab/data/poiExtraSenegalLandmarksV2.ts(767,9): error TS1005: ';' expected.
lib/visualLab/data/poiExtraSenegalLandmarksV2.ts(768,9): error TS1005: ';' expected.
lib/visualLab/data/poiExtraSenegalLandmarksV2.ts(769,6): error TS1128: Declaration or statement expected.
lib/visualLab/data/poiExtraSenegalLandmarksV2.ts(772,9): error TS1005: ';' expected.
lib/visualLab/data/poiExtraSenegalLandmarksV2.ts(773,9): error TS1005: ';' expected.
lib/visualLab/data/poiExtraSenegalLandmarksV2.ts(774,9): error TS1005: ';' expected.
lib/visualLab/data/poiExtraSenegalLandmarksV2.ts(775,6): error TS1128: Declaration or statement expected.
lib/visualLab/data/poiExtraSenegalLandmarksV2.ts(778,9): error TS1005: ';' expected.
lib/visualLab/data/poiExtraSenegalLandmarksV2.ts(779,9): error TS1005: ';' expected.
lib/visualLab/data/poiExtraSenegalLandmarksV2.ts(780,9): error TS1005: ';' expected.
lib/visualLab/data/poiExtraSenegalLandmarksV2.ts(781,6): error TS1128: Declaration or statement expected.
lib/visualLab/data/poiExtraSenegalLandmarksV2.ts(782,24): error TS1005: ';' expected.
lib/visualLab/data/poiExtraSenegalLandmarksV2.ts(784,9): error TS1005: ';' expected.
lib/visualLab/data/poiExtraSenegalLandmarksV2.ts(785,9): error TS1005: ';' expected.
lib/visualLab/data/poiExtraSenegalLandmarksV2.ts(786,9): error TS1005: ';' expected.
lib/visualLab/data/poiExtraSenegalLandmarksV2.ts(787,6): error TS1128: Declaration or statement expected.
lib/visualLab/data/poiExtraSenegalLandmarksV2.ts(790,9): error TS1005: ';' expected.
lib/visualLab/data/poiExtraSenegalLandmarksV2.ts(791,9): error TS1005: ';' expected.
lib/visualLab/data/poiExtraSenegalLandmarksV2.ts(792,9): error TS1005: ';' expected.
lib/visualLab/data/poiExtraSenegalLandmarksV2.ts(794,4): error TS1128: Declaration or statement expected.
lib/visualLab/data/poiExtraSenegalLandmarksV2.ts(797,9): error TS1005: ';' expected.
lib/visualLab/data/poiExtraSenegalLandmarksV2.ts(798,11): error TS1005: ';' expected.
lib/visualLab/data/poiExtraSenegalLandmarksV2.ts(799,11): error TS1005: ';' expected.
lib/visualLab/data/poiExtraSenegalLandmarksV2.ts(800,9): error TS1005: ';' expected.
lib/visualLab/data/poiExtraSenegalLandmarksV2.ts(802,9): error TS1005: ';' expected.
lib/visualLab/data/poiExtraSenegalLandmarksV2.ts(803,9): error TS1005: ';' expected.
lib/visualLab/data/poiExtraSenegalLandmarksV2.ts(804,9): error TS1005: ';' expected.
lib/visualLab/data/poiExtraSenegalLandmarksV2.ts(805,6): error TS1128: Declaration or statement expected.
lib/visualLab/data/poiExtraSenegalLandmarksV2.ts(808,9): error TS1005: ';' expected.
lib/visualLab/data/poiExtraSenegalLandmarksV2.ts(809,9): error TS1005: ';' expected.
lib/visualLab/data/poiExtraSenegalLandmarksV2.ts(810,9): error TS1005: ';' expected.
lib/visualLab/data/poiExtraSenegalLandmarksV2.ts(811,6): error TS1128: Declaration or statement expected.
lib/visualLab/data/poiExtraSenegalLandmarksV2.ts(814,9): error TS1005: ';' expected.
lib/visualLab/data/poiExtraSenegalLandmarksV2.ts(815,9): error TS1005: ';' expected.
lib/visualLab/data/poiExtraSenegalLandmarksV2.ts(816,9): error TS1005: ';' expected.
lib/visualLab/data/poiExtraSenegalLandmarksV2.ts(817,6): error TS1128: Declaration or statement expected.
lib/visualLab/data/poiExtraSenegalLandmarksV2.ts(818,24): error TS1005: ';' expected.
lib/visualLab/data/poiExtraSenegalLandmarksV2.ts(820,9): error TS1005: ';' expected.
lib/visualLab/data/poiExtraSenegalLandmarksV2.ts(821,9): error TS1005: ';' expected.
lib/visualLab/data/poiExtraSenegalLandmarksV2.ts(822,9): error TS1005: ';' expected.
lib/visualLab/data/poiExtraSenegalLandmarksV2.ts(823,6): error TS1128: Declaration or statement expected.
lib/visualLab/data/poiExtraSenegalLandmarksV2.ts(826,9): error TS1005: ';' expected.
lib/visualLab/data/poiExtraSenegalLandmarksV2.ts(827,9): error TS1005: ';' expected.
lib/visualLab/data/poiExtraSenegalLandmarksV2.ts(828,9): error TS1005: ';' expected.
lib/visualLab/data/poiExtraSenegalLandmarksV2.ts(830,4): error TS1128: Declaration or statement expected.
lib/visualLab/data/poiExtraSenegalLandmarksV2.ts(833,9): error TS1005: ';' expected.
lib/visualLab/data/poiExtraSenegalLandmarksV2.ts(834,11): error TS1005: ';' expected.
lib/visualLab/data/poiExtraSenegalLandmarksV2.ts(835,11): error TS1005: ';' expected.
lib/visualLab/data/poiExtraSenegalLandmarksV2.ts(836,9): error TS1005: ';' expected.
lib/visualLab/data/poiExtraSenegalLandmarksV2.ts(838,9): error TS1005: ';' expected.
lib/visualLab/data/poiExtraSenegalLandmarksV2.ts(839,9): error TS1005: ';' expected.
lib/visualLab/data/poiExtraSenegalLandmarksV2.ts(840,9): error TS1005: ';' expected.
lib/visualLab/data/poiExtraSenegalLandmarksV2.ts(841,6): error TS1128: Declaration or statement expected.
lib/visualLab/data/poiExtraSenegalLandmarksV2.ts(844,9): error TS1005: ';' expected.
lib/visualLab/data/poiExtraSenegalLandmarksV2.ts(845,9): error TS1005: ';' expected.
lib/visualLab/data/poiExtraSenegalLandmarksV2.ts(846,9): error TS1005: ';' expected.
lib/visualLab/data/poiExtraSenegalLandmarksV2.ts(847,6): error TS1128: Declaration or statement expected.
lib/visualLab/data/poiExtraSenegalLandmarksV2.ts(850,9): error TS1005: ';' expected.
lib/visualLab/data/poiExtraSenegalLandmarksV2.ts(851,9): error TS1005: ';' expected.
lib/visualLab/data/poiExtraSenegalLandmarksV2.ts(852,9): error TS1005: ';' expected.
lib/visualLab/data/poiExtraSenegalLandmarksV2.ts(853,6): error TS1128: Declaration or statement expected.
lib/visualLab/data/poiExtraSenegalLandmarksV2.ts(854,24): error TS1005: ';' expected.
lib/visualLab/data/poiExtraSenegalLandmarksV2.ts(856,9): error TS1005: ';' expected.
lib/visualLab/data/poiExtraSenegalLandmarksV2.ts(857,9): error TS1005: ';' expected.
lib/visualLab/data/poiExtraSenegalLandmarksV2.ts(858,9): error TS1005: ';' expected.
lib/visualLab/data/poiExtraSenegalLandmarksV2.ts(859,6): error TS1128: Declaration or statement expected.
lib/visualLab/data/poiExtraSenegalLandmarksV2.ts(862,9): error TS1005: ';' expected.
lib/visualLab/data/poiExtraSenegalLandmarksV2.ts(863,9): error TS1005: ';' expected.
lib/visualLab/data/poiExtraSenegalLandmarksV2.ts(864,9): error TS1005: ';' expected.
lib/visualLab/data/poiExtraSenegalLandmarksV2.ts(866,4): error TS1128: Declaration or statement expected.
lib/visualLab/data/poiExtraSenegalLandmarksV2.ts(869,9): error TS1005: ';' expected.
lib/visualLab/data/poiExtraSenegalLandmarksV2.ts(870,11): error TS1005: ';' expected.
lib/visualLab/data/poiExtraSenegalLandmarksV2.ts(871,11): error TS1005: ';' expected.
lib/visualLab/data/poiExtraSenegalLandmarksV2.ts(872,9): error TS1005: ';' expected.
lib/visualLab/data/poiExtraSenegalLandmarksV2.ts(874,9): error TS1005: ';' expected.
lib/visualLab/data/poiExtraSenegalLandmarksV2.ts(875,9): error TS1005: ';' expected.
lib/visualLab/data/poiExtraSenegalLandmarksV2.ts(876,9): error TS1005: ';' expected.
lib/visualLab/data/poiExtraSenegalLandmarksV2.ts(877,6): error TS1128: Declaration or statement expected.
lib/visualLab/data/poiExtraSenegalLandmarksV2.ts(880,9): error TS1005: ';' expected.
lib/visualLab/data/poiExtraSenegalLandmarksV2.ts(881,9): error TS1005: ';' expected.
lib/visualLab/data/poiExtraSenegalLandmarksV2.ts(882,9): error TS1005: ';' expected.
lib/visualLab/data/poiExtraSenegalLandmarksV2.ts(883,6): error TS1128: Declaration or statement expected.
lib/visualLab/data/poiExtraSenegalLandmarksV2.ts(886,9): error TS1005: ';' expected.
lib/visualLab/data/poiExtraSenegalLandmarksV2.ts(887,9): error TS1005: ';' expected.
lib/visualLab/data/poiExtraSenegalLandmarksV2.ts(888,9): error TS1005: ';' expected.
lib/visualLab/data/poiExtraSenegalLandmarksV2.ts(889,6): error TS1128: Declaration or statement expected.
lib/visualLab/data/poiExtraSenegalLandmarksV2.ts(890,24): error TS1005: ';' expected.
lib/visualLab/data/poiExtraSenegalLandmarksV2.ts(892,9): error TS1005: ';' expected.
lib/visualLab/data/poiExtraSenegalLandmarksV2.ts(893,9): error TS1005: ';' expected.
lib/visualLab/data/poiExtraSenegalLandmarksV2.ts(894,9): error TS1005: ';' expected.
lib/visualLab/data/poiExtraSenegalLandmarksV2.ts(895,6): error TS1128: Declaration or statement expected.
lib/visualLab/data/poiExtraSenegalLandmarksV2.ts(898,9): error TS1005: ';' expected.
lib/visualLab/data/poiExtraSenegalLandmarksV2.ts(899,9): error TS1005: ';' expected.
lib/visualLab/data/poiExtraSenegalLandmarksV2.ts(900,9): error TS1005: ';' expected.
lib/visualLab/data/poiExtraSenegalLandmarksV2.ts(902,4): error TS1128: Declaration or statement expected.
lib/visualLab/data/poiExtraSenegalLandmarksV2.ts(905,9): error TS1005: ';' expected.
lib/visualLab/data/poiExtraSenegalLandmarksV2.ts(906,11): error TS1005: ';' expected.
lib/visualLab/data/poiExtraSenegalLandmarksV2.ts(907,11): error TS1005: ';' expected.
lib/visualLab/data/poiExtraSenegalLandmarksV2.ts(908,9): error TS1005: ';' expected.
lib/visualLab/data/poiExtraSenegalLandmarksV2.ts(910,9): error TS1005: ';' expected.
lib/visualLab/data/poiExtraSenegalLandmarksV2.ts(911,9): error TS1005: ';' expected.
lib/visualLab/data/poiExtraSenegalLandmarksV2.ts(912,9): error TS1005: ';' expected.
lib/visualLab/data/poiExtraSenegalLandmarksV2.ts(913,6): error TS1128: Declaration or statement expected.
lib/visualLab/data/poiExtraSenegalLandmarksV2.ts(916,9): error TS1005: ';' expected.
lib/visualLab/data/poiExtraSenegalLandmarksV2.ts(917,9): error TS1005: ';' expected.
lib/visualLab/data/poiExtraSenegalLandmarksV2.ts(918,9): error TS1005: ';' expected.
lib/visualLab/data/poiExtraSenegalLandmarksV2.ts(919,6): error TS1128: Declaration or statement expected.
lib/visualLab/data/poiExtraSenegalLandmarksV2.ts(922,9): error TS1005: ';' expected.
lib/visualLab/data/poiExtraSenegalLandmarksV2.ts(923,9): error TS1005: ';' expected.
lib/visualLab/data/poiExtraSenegalLandmarksV2.ts(924,9): error TS1005: ';' expected.
lib/visualLab/data/poiExtraSenegalLandmarksV2.ts(925,6): error TS1128: Declaration or statement expected.
lib/visualLab/data/poiExtraSenegalLandmarksV2.ts(926,24): error TS1005: ';' expected.
lib/visualLab/data/poiExtraSenegalLandmarksV2.ts(928,9): error TS1005: ';' expected.
lib/visualLab/data/poiExtraSenegalLandmarksV2.ts(929,9): error TS1005: ';' expected.
lib/visualLab/data/poiExtraSenegalLandmarksV2.ts(930,9): error TS1005: ';' expected.
lib/visualLab/data/poiExtraSenegalLandmarksV2.ts(931,6): error TS1128: Declaration or statement expected.
lib/visualLab/data/poiExtraSenegalLandmarksV2.ts(934,9): error TS1005: ';' expected.
lib/visualLab/data/poiExtraSenegalLandmarksV2.ts(935,9): error TS1005: ';' expected.
lib/visualLab/data/poiExtraSenegalLandmarksV2.ts(936,9): error TS1005: ';' expected.
lib/visualLab/data/poiExtraSenegalLandmarksV2.ts(938,4): error TS1128: Declaration or statement expected.
lib/visualLab/data/poiExtraSenegalLandmarksV2.ts(941,9): error TS1005: ';' expected.
lib/visualLab/data/poiExtraSenegalLandmarksV2.ts(942,11): error TS1005: ';' expected.
lib/visualLab/data/poiExtraSenegalLandmarksV2.ts(943,11): error TS1005: ';' expected.
lib/visualLab/data/poiExtraSenegalLandmarksV2.ts(944,9): error TS1005: ';' expected.
lib/visualLab/data/poiExtraSenegalLandmarksV2.ts(946,9): error TS1005: ';' expected.
lib/visualLab/data/poiExtraSenegalLandmarksV2.ts(947,9): error TS1005: ';' expected.
lib/visualLab/data/poiExtraSenegalLandmarksV2.ts(948,9): error TS1005: ';' expected.
lib/visualLab/data/poiExtraSenegalLandmarksV2.ts(949,6): error TS1128: Declaration or statement expected.
lib/visualLab/data/poiExtraSenegalLandmarksV2.ts(952,9): error TS1005: ';' expected.
lib/visualLab/data/poiExtraSenegalLandmarksV2.ts(953,9): error TS1005: ';' expected.
lib/visualLab/data/poiExtraSenegalLandmarksV2.ts(954,9): error TS1005: ';' expected.
lib/visualLab/data/poiExtraSenegalLandmarksV2.ts(955,6): error TS1128: Declaration or statement expected.
lib/visualLab/data/poiExtraSenegalLandmarksV2.ts(958,9): error TS1005: ';' expected.
lib/visualLab/data/poiExtraSenegalLandmarksV2.ts(959,9): error TS1005: ';' expected.
lib/visualLab/data/poiExtraSenegalLandmarksV2.ts(960,9): error TS1005: ';' expected.
lib/visualLab/data/poiExtraSenegalLandmarksV2.ts(961,6): error TS1128: Declaration or statement expected.
lib/visualLab/data/poiExtraSenegalLandmarksV2.ts(964,9): error TS1005: ';' expected.
lib/visualLab/data/poiExtraSenegalLandmarksV2.ts(965,9): error TS1005: ';' expected.
lib/visualLab/data/poiExtraSenegalLandmarksV2.ts(966,9): error TS1005: ';' expected.
lib/visualLab/data/poiExtraSenegalLandmarksV2.ts(967,6): error TS1128: Declaration or statement expected.
lib/visualLab/data/poiExtraSenegalLandmarksV2.ts(970,9): error TS1005: ';' expected.
lib/visualLab/data/poiExtraSenegalLandmarksV2.ts(971,9): error TS1005: ';' expected.
lib/visualLab/data/poiExtraSenegalLandmarksV2.ts(972,9): error TS1005: ';' expected.
lib/visualLab/data/poiExtraSenegalLandmarksV2.ts(974,4): error TS1128: Declaration or statement expected.
lib/visualLab/data/poiExtraSenegalLandmarksV2.ts(977,9): error TS1005: ';' expected.
lib/visualLab/data/poiExtraSenegalLandmarksV2.ts(978,11): error TS1005: ';' expected.
lib/visualLab/data/poiExtraSenegalLandmarksV2.ts(979,11): error TS1005: ';' expected.
lib/visualLab/data/poiExtraSenegalLandmarksV2.ts(980,9): error TS1005: ';' expected.
lib/visualLab/data/poiExtraSenegalLandmarksV2.ts(982,9): error TS1005: ';' expected.
lib/visualLab/data/poiExtraSenegalLandmarksV2.ts(983,9): error TS1005: ';' expected.
lib/visualLab/data/poiExtraSenegalLandmarksV2.ts(984,9): error TS1005: ';' expected.
lib/visualLab/data/poiExtraSenegalLandmarksV2.ts(985,6): error TS1128: Declaration or statement expected.
lib/visualLab/data/poiExtraSenegalLandmarksV2.ts(988,9): error TS1005: ';' expected.
lib/visualLab/data/poiExtraSenegalLandmarksV2.ts(989,9): error TS1005: ';' expected.
lib/visualLab/data/poiExtraSenegalLandmarksV2.ts(990,9): error TS1005: ';' expected.
lib/visualLab/data/poiExtraSenegalLandmarksV2.ts(991,6): error TS1128: Declaration or statement expected.
lib/visualLab/data/poiExtraSenegalLandmarksV2.ts(994,9): error TS1005: ';' expected.
lib/visualLab/data/poiExtraSenegalLandmarksV2.ts(995,9): error TS1005: ';' expected.
lib/visualLab/data/poiExtraSenegalLandmarksV2.ts(996,9): error TS1005: ';' expected.
lib/visualLab/data/poiExtraSenegalLandmarksV2.ts(997,6): error TS1128: Declaration or statement expected.
lib/visualLab/data/poiExtraSenegalLandmarksV2.ts(998,24): error TS1005: ';' expected.
lib/visualLab/data/poiExtraSenegalLandmarksV2.ts(1000,9): error TS1005: ';' expected.
lib/visualLab/data/poiExtraSenegalLandmarksV2.ts(1001,9): error TS1005: ';' expected.
lib/visualLab/data/poiExtraSenegalLandmarksV2.ts(1002,9): error TS1005: ';' expected.
lib/visualLab/data/poiExtraSenegalLandmarksV2.ts(1003,6): error TS1128: Declaration or statement expected.
lib/visualLab/data/poiExtraSenegalLandmarksV2.ts(1006,9): error TS1005: ';' expected.
lib/visualLab/data/poiExtraSenegalLandmarksV2.ts(1007,9): error TS1005: ';' expected.
lib/visualLab/data/poiExtraSenegalLandmarksV2.ts(1008,9): error TS1005: ';' expected.
lib/visualLab/data/poiExtraSenegalLandmarksV2.ts(1010,4): error TS1128: Declaration or statement expected.
lib/visualLab/data/poiExtraSenegalLandmarksV2.ts(1013,9): error TS1005: ';' expected.
lib/visualLab/data/poiExtraSenegalLandmarksV2.ts(1014,11): error TS1005: ';' expected.
lib/visualLab/data/poiExtraSenegalLandmarksV2.ts(1015,11): error TS1005: ';' expected.
lib/visualLab/data/poiExtraSenegalLandmarksV2.ts(1016,9): error TS1005: ';' expected.
lib/visualLab/data/poiExtraSenegalLandmarksV2.ts(1018,9): error TS1005: ';' expected.
lib/visualLab/data/poiExtraSenegalLandmarksV2.ts(1019,9): error TS1005: ';' expected.
lib/visualLab/data/poiExtraSenegalLandmarksV2.ts(1020,9): error TS1005: ';' expected.
lib/visualLab/data/poiExtraSenegalLandmarksV2.ts(1021,6): error TS1128: Declaration or statement expected.
lib/visualLab/data/poiExtraSenegalLandmarksV2.ts(1024,9): error TS1005: ';' expected.
lib/visualLab/data/poiExtraSenegalLandmarksV2.ts(1025,9): error TS1005: ';' expected.
lib/visualLab/data/poiExtraSenegalLandmarksV2.ts(1026,9): error TS1005: ';' expected.
lib/visualLab/data/poiExtraSenegalLandmarksV2.ts(1027,6): error TS1128: Declaration or statement expected.
lib/visualLab/data/poiExtraSenegalLandmarksV2.ts(1030,9): error TS1005: ';' expected.
lib/visualLab/data/poiExtraSenegalLandmarksV2.ts(1031,9): error TS1005: ';' expected.
lib/visualLab/data/poiExtraSenegalLandmarksV2.ts(1032,9): error TS1005: ';' expected.
lib/visualLab/data/poiExtraSenegalLandmarksV2.ts(1033,6): error TS1128: Declaration or statement expected.
lib/visualLab/data/poiExtraSenegalLandmarksV2.ts(1036,9): error TS1005: ';' expected.
lib/visualLab/data/poiExtraSenegalLandmarksV2.ts(1037,9): error TS1005: ';' expected.
lib/visualLab/data/poiExtraSenegalLandmarksV2.ts(1038,9): error TS1005: ';' expected.
lib/visualLab/data/poiExtraSenegalLandmarksV2.ts(1039,6): error TS1128: Declaration or statement expected.
lib/visualLab/data/poiExtraSenegalLandmarksV2.ts(1042,9): error TS1005: ';' expected.
lib/visualLab/data/poiExtraSenegalLandmarksV2.ts(1043,9): error TS1005: ';' expected.
lib/visualLab/data/poiExtraSenegalLandmarksV2.ts(1044,9): error TS1005: ';' expected.
lib/visualLab/data/poiExtraSenegalLandmarksV2.ts(1047,1): error TS1128: Declaration or statement expected.
lib/visualLab/data/poiExtraSenegalReliefV2.ts(15,6): error TS1005: ',' expected.
lib/visualLab/data/poiExtraSenegalReliefV2.ts(33,11): error TS1005: ',' expected.
lib/visualLab/data/poiExtraSenegalReliefV2.ts(33,55): error TS1005: ',' expected.
lib/visualLab/data/poiExtraSenegalReliefV2.ts(43,6): error TS1005: ',' expected.
lib/visualLab/data/poiExtraSenegalReliefV2.ts(61,11): error TS1005: ',' expected.
lib/visualLab/data/poiExtraSenegalReliefV2.ts(61,48): error TS1005: ',' expected.
lib/visualLab/data/poiExtraSenegalReliefV2.ts(71,6): error TS1005: ',' expected.
lib/visualLab/data/poiExtraSenegalReliefV2.ts(89,11): error TS1005: ',' expected.
lib/visualLab/data/poiExtraSenegalReliefV2.ts(89,48): error TS1005: ',' expected.
lib/visualLab/data/poiExtraSenegalReliefV2.ts(99,6): error TS1005: ',' expected.
lib/visualLab/data/poiExtraSenegalReliefV2.ts(117,11): error TS1005: ',' expected.
lib/visualLab/data/poiExtraSenegalReliefV2.ts(117,48): error TS1005: ',' expected.
lib/visualLab/data/poiExtraSenegalReliefV2.ts(127,6): error TS1005: ',' expected.
lib/visualLab/data/poiExtraSenegalReliefV2.ts(145,11): error TS1005: ',' expected.
lib/visualLab/data/poiExtraSenegalReliefV2.ts(145,48): error TS1005: ',' expected.
lib/visualLab/data/poiExtraSenegalReliefV2.ts(155,6): error TS1005: ',' expected.
lib/visualLab/data/poiExtraSenegalReliefV2.ts(173,4): error TS1005: ',' expected.
lib/visualLab/data/poiExtraSenegalReliefV2.ts(183,6): error TS1005: ',' expected.
lib/visualLab/data/poiExtraSenegalReliefV2.ts(201,4): error TS1005: ',' expected.
lib/visualLab/data/poiExtraSenegalReliefV2.ts(211,6): error TS1005: ',' expected.
lib/visualLab/data/poiExtraSenegalReliefV2.ts(229,11): error TS1005: ',' expected.
lib/visualLab/data/poiExtraSenegalReliefV2.ts(229,48): error TS1005: ',' expected.
lib/visualLab/data/poiExtraSenegalReliefV2.ts(239,6): error TS1005: ',' expected.
lib/visualLab/data/poiExtraSenegalReliefV2.ts(257,11): error TS1005: ',' expected.
lib/visualLab/data/poiExtraSenegalReliefV2.ts(257,45): error TS1005: ',' expected.
lib/visualLab/data/poiExtraSenegalReliefV2.ts(267,6): error TS1005: ',' expected.
lib/visualLab/data/poiExtraSenegalReliefV2.ts(285,11): error TS1005: ',' expected.
lib/visualLab/data/poiExtraSenegalReliefV2.ts(285,51): error TS1005: ',' expected.
lib/visualLab/data/poiExtraSenegalReliefV2.ts(295,6): error TS1005: ',' expected.
lib/visualLab/data/poiExtraSenegalReliefV2.ts(313,4): error TS1005: ',' expected.
lib/visualLab/data/poiExtraSenegalReliefV2.ts(323,6): error TS1005: ',' expected.
lib/visualLab/data/poiExtraSenegalReliefV2.ts(341,11): error TS1005: ',' expected.
lib/visualLab/data/poiExtraSenegalReliefV2.ts(341,49): error TS1005: ',' expected.
