C:\Users\User\plizio-repo\scripts\smart_poi_downloader_v2.py:91: RuntimeWarning: This package (`duckduckgo_search`) has been renamed to `ddgs`! Use `pip install ddgs` instead.
  with DDGS() as ddgs:
C:\Users\User\plizio-repo\scripts\smart_poi_downloader_v2.py:91: RuntimeWarning: This package (`duckduckgo_search`) has been renamed to `ddgs`! Use `pip install ddgs` instead.
  with DDGS() as ddgs:
C:\Users\User\plizio-repo\scripts\smart_poi_downloader_v2.py:91: RuntimeWarning: This package (`duckduckgo_search`) has been renamed to `ddgs`! Use `pip install ddgs` instead.
  with DDGS() as ddgs:
C:\Users\User\plizio-repo\scripts\smart_poi_downloader_v2.py:91: RuntimeWarning: This package (`duckduckgo_search`) has been renamed to `ddgs`! Use `pip install ddgs` instead.
  with DDGS() as ddgs:
C:\Users\User\plizio-repo\scripts\smart_poi_downloader_v2.py:91: RuntimeWarning: This package (`duckduckgo_search`) has been renamed to `ddgs`! Use `pip install ddgs` instead.
  with DDGS() as ddgs:
C:\Users\User\plizio-repo\scripts\smart_poi_downloader_v2.py:91: RuntimeWarning: This package (`duckduckgo_search`) has been renamed to `ddgs`! Use `pip install ddgs` instead.
  with DDGS() as ddgs:
C:\Users\User\plizio-repo\scripts\smart_poi_downloader_v2.py:91: RuntimeWarning: This package (`duckduckgo_search`) has been renamed to `ddgs`! Use `pip install ddgs` instead.
  with DDGS() as ddgs:
C:\Users\User\plizio-repo\scripts\smart_poi_downloader_v2.py:91: RuntimeWarning: This package (`duckduckgo_search`) has been renamed to `ddgs`! Use `pip install ddgs` instead.
  with DDGS() as ddgs:
C:\Users\User\plizio-repo\scripts\smart_poi_downloader_v2.py:91: RuntimeWarning: This package (`duckduckgo_search`) has been renamed to `ddgs`! Use `pip install ddgs` instead.
  with DDGS() as ddgs:
C:\Users\User\plizio-repo\scripts\smart_poi_downloader_v2.py:91: RuntimeWarning: This package (`duckduckgo_search`) has been renamed to `ddgs`! Use `pip install ddgs` instead.
  with DDGS() as ddgs:
C:\Users\User\plizio-repo\scripts\smart_poi_downloader_v2.py:91: RuntimeWarning: This package (`duckduckgo_search`) has been renamed to `ddgs`! Use `pip install ddgs` instead.
  with DDGS() as ddgs:
C:\Users\User\plizio-repo\scripts\smart_poi_downloader_v2.py:91: RuntimeWarning: This package (`duckduckgo_search`) has been renamed to `ddgs`! Use `pip install ddgs` instead.
  with DDGS() as ddgs:
C:\Users\User\plizio-repo\scripts\smart_poi_downloader_v2.py:91: RuntimeWarning: This package (`duckduckgo_search`) has been renamed to `ddgs`! Use `pip install ddgs` instead.
  with DDGS() as ddgs:
C:\Users\User\plizio-repo\scripts\smart_poi_downloader_v2.py:91: RuntimeWarning: This package (`duckduckgo_search`) has been renamed to `ddgs`! Use `pip install ddgs` instead.
  with DDGS() as ddgs:
C:\Users\User\plizio-repo\scripts\smart_poi_downloader_v2.py:91: RuntimeWarning: This package (`duckduckgo_search`) has been renamed to `ddgs`! Use `pip install ddgs` instead.
  with DDGS() as ddgs:
C:\Users\User\plizio-repo\scripts\smart_poi_downloader_v2.py:91: RuntimeWarning: This package (`duckduckgo_search`) has been renamed to `ddgs`! Use `pip install ddgs` instead.
  with DDGS() as ddgs:
C:\Users\User\plizio-repo\scripts\smart_poi_downloader_v2.py:91: RuntimeWarning: This package (`duckduckgo_search`) has been renamed to `ddgs`! Use `pip install ddgs` instead.
  with DDGS() as ddgs:
C:\Users\User\plizio-repo\scripts\smart_poi_downloader_v2.py:91: RuntimeWarning: This package (`duckduckgo_search`) has been renamed to `ddgs`! Use `pip install ddgs` instead.
  with DDGS() as ddgs:
C:\Users\User\plizio-repo\scripts\smart_poi_downloader_v2.py:91: RuntimeWarning: This package (`duckduckgo_search`) has been renamed to `ddgs`! Use `pip install ddgs` instead.
  with DDGS() as ddgs:
C:\Users\User\plizio-repo\scripts\smart_poi_downloader_v2.py:91: RuntimeWarning: This package (`duckduckgo_search`) has been renamed to `ddgs`! Use `pip install ddgs` instead.
  with DDGS() as ddgs:
C:\Users\User\plizio-repo\scripts\smart_poi_downloader_v2.py:91: RuntimeWarning: This package (`duckduckgo_search`) has been renamed to `ddgs`! Use `pip install ddgs` instead.
  with DDGS() as ddgs:
C:\Users\User\plizio-repo\scripts\smart_poi_downloader_v2.py:91: RuntimeWarning: This package (`duckduckgo_search`) has been renamed to `ddgs`! Use `pip install ddgs` instead.
  with DDGS() as ddgs:
C:\Users\User\plizio-repo\scripts\smart_poi_downloader_v2.py:91: RuntimeWarning: This package (`duckduckgo_search`) has been renamed to `ddgs`! Use `pip install ddgs` instead.
  with DDGS() as ddgs:
C:\Users\User\plizio-repo\scripts\smart_poi_downloader_v2.py:91: RuntimeWarning: This package (`duckduckgo_search`) has been renamed to `ddgs`! Use `pip install ddgs` instead.
  with DDGS() as ddgs:
C:\Users\User\plizio-repo\scripts\smart_poi_downloader_v2.py:91: RuntimeWarning: This package (`duckduckgo_search`) has been renamed to `ddgs`! Use `pip install ddgs` instead.
  with DDGS() as ddgs:
C:\Users\User\plizio-repo\scripts\smart_poi_downloader_v2.py:91: RuntimeWarning: This package (`duckduckgo_search`) has been renamed to `ddgs`! Use `pip install ddgs` instead.
  with DDGS() as ddgs:
C:\Users\User\plizio-repo\scripts\smart_poi_downloader_v2.py:91: RuntimeWarning: This package (`duckduckgo_search`) has been renamed to `ddgs`! Use `pip install ddgs` instead.
  with DDGS() as ddgs:

>>> Fájl: francePoi.ts <<<

>>> Fájl: italyPoi.ts <<<

>>> Fájl: spainPoi.ts <<<

>>> Fájl: unitedkingdomPoi.ts <<<
[1] Keresés: Leeds Castle (united-kingdom)
  Keresési hiba (Leeds Castle united-kingdom landmark photo): https://duckduckgo.com/i.js?o=json&q=Leeds+Castle+united-kingdom+landmark+photo&l=wt-wt&vqd=4-211973802401212401363827522511890146623&p=-1&f=%2Csize%3AMedium%2C%2Ctype%3Aphoto%2C%2C 403 Ratelimit
  !!! RATE LIMIT DETECTED !!! Várakozás 5 percig...
  Nincs találat.

>>> Fájl: netherlandsPoi.ts <<<

>>> Fájl: polandPoi.ts <<<
[2] Keresés: Gdańsk Beach (poland)
  Keresési hiba (Gdańsk Beach poland landmark photo): https://duckduckgo.com/i.js?o=json&q=Gda%C5%84sk+Beach+poland+landmark+photo&l=wt-wt&vqd=4-326592304706135283118206893274589032136&p=-1&f=%2Csize%3AMedium%2C%2Ctype%3Aphoto%2C%2C 403 Ratelimit
  !!! RATE LIMIT DETECTED !!! Várakozás 5 percig...
  Nincs találat.
[3] Keresés: Masuria Lakes Area (poland)
  SIKER: /geo-images/poland/masuria-lakes-area.webp

>>> Fájl: hungaryPoi.ts <<<

>>> Fájl: poi.ts <<<
[4] Keresés: Brandenburg (germany)
  SIKER: /geo-images/germany/brandenburg.webp
[5] Keresés: Hamburg (germany)
  HIBA: Letöltés sikertelen.
[6] Keresés: Augsburg (germany)
  Keresési hiba (Augsburg germany landmark photo): https://duckduckgo.com/i.js?o=json&q=Augsburg+germany+landmark+photo&l=wt-wt&vqd=4-186705534146790471280116490151069491029&p=-1&f=%2Csize%3AMedium%2C%2Ctype%3Aphoto%2C%2C 403 Ratelimit
  !!! RATE LIMIT DETECTED !!! Várakozás 5 percig...
  Nincs találat.
[7] Keresés: Bremen Roland & Town Hall (germany)
  Keresési hiba (Bremen Roland & Town Hall germany landmark photo): https://duckduckgo.com/i.js?o=json&q=Bremen+Roland+%26+Town+Hall+germany+landmark+photo&l=wt-wt&vqd=4-254362698546084103798320259931201060944&p=-1&f=%2Csize%3AMedium%2C%2Ctype%3Aphoto%2C%2C 403 Ratelimit
  !!! RATE LIMIT DETECTED !!! Várakozás 5 percig...
  Nincs találat.
[8] Keresés: St. Michaelis Hamburg (germany)
  SIKER: /geo-images/germany/st-michaelis-hamburg.webp
[9] Keresés: Reeperbahn St. Pauli (germany)
  Keresési hiba (Reeperbahn St. Pauli germany landmark photo): https://duckduckgo.com/i.js?o=json&q=Reeperbahn+St.+Pauli+germany+landmark+photo&l=wt-wt&vqd=4-139079289271710414392461598676777026317&p=-1&f=%2Csize%3AMedium%2C%2Ctype%3Aphoto%2C%2C 403 Ratelimit
  !!! RATE LIMIT DETECTED !!! Várakozás 5 percig...
  Nincs találat.
[10] Keresés: Colditz Castle (germany)
  Keresési hiba (Colditz Castle germany landmark photo): https://duckduckgo.com/i.js?o=json&q=Colditz+Castle+germany+landmark+photo&l=wt-wt&vqd=4-132435873016424563095256723463129184126&p=-1&f=%2Csize%3AMedium%2C%2Ctype%3Aphoto%2C%2C 403 Ratelimit
  !!! RATE LIMIT DETECTED !!! Várakozás 5 percig...
  Nincs találat.
[11] Keresés: Dresden Frauenkirche (germany)
  Keresési hiba (Dresden Frauenkirche germany landmark photo): https://duckduckgo.com/i.js?o=json&q=Dresden+Frauenkirche+germany+landmark+photo&l=wt-wt&vqd=4-6318461214763117954289020240906409193&p=-1&f=%2Csize%3AMedium%2C%2Ctype%3Aphoto%2C%2C 403 Ratelimit
  !!! RATE LIMIT DETECTED !!! Várakozás 5 percig...
  Nincs találat.

>>> Fájl: romaniaPoi.ts <<<
[12] Keresés: Therme Bucharest (romania)
  Keresési hiba (Therme Bucharest romania landmark photo): https://duckduckgo.com/i.js?o=json&q=Therme+Bucharest+romania+landmark+photo&l=wt-wt&vqd=4-61328178308881650133076496246074670570&p=-1&f=%2Csize%3AMedium%2C%2Ctype%3Aphoto%2C%2C 403 Ratelimit
  !!! RATE LIMIT DETECTED !!! Várakozás 5 percig...
  Nincs találat.
[13] Keresés: Bears (romania)
  Keresési hiba (Bears romania landmark photo): https://duckduckgo.com/i.js?o=json&q=Bears+romania+landmark+photo&l=wt-wt&vqd=4-105371029674595742423486099284670099023&p=-1&f=%2Csize%3AMedium%2C%2Ctype%3Aphoto%2C%2C 403 Ratelimit
  !!! RATE LIMIT DETECTED !!! Várakozás 5 percig...
  Nincs találat.
[14] Keresés: Grădiștei Gorges (romania)
  Keresési hiba (Grădiștei Gorges romania landmark photo): https://duckduckgo.com/i.js?o=json&q=Gr%C4%83di%C8%99tei+Gorges+romania+landmark+photo&l=wt-wt&vqd=4-20682786890153064970586173547725533055&p=-1&f=%2Csize%3AMedium%2C%2Ctype%3Aphoto%2C%2C 403 Ratelimit
  !!! RATE LIMIT DETECTED !!! Várakozás 5 percig...
  Nincs találat.
[15] Keresés: Râșnov Citadel (romania)
  Keresési hiba (Râșnov Citadel romania landmark photo): https://duckduckgo.com/i.js?o=json&q=R%C3%A2%C8%99nov+Citadel+romania+landmark+photo&l=wt-wt&vqd=4-211380219367166597730912245547129807432&p=-1&f=%2Csize%3AMedium%2C%2Ctype%3Aphoto%2C%2C 403 Ratelimit
  !!! RATE LIMIT DETECTED !!! Várakozás 5 percig...
  Nincs találat.
[16] Keresés: Sânziene (Midsummer) (romania)
  Keresési hiba (Sânziene (Midsummer) romania landmark photo): https://duckduckgo.com/i.js?o=json&q=S%C3%A2nziene+%28Midsummer%29+romania+landmark+photo&l=wt-wt&vqd=4-335461436638165825856705882395440543786&p=-1&f=%2Csize%3AMedium%2C%2Ctype%3Aphoto%2C%2C 403 Ratelimit
  !!! RATE LIMIT DETECTED !!! Várakozás 5 percig...
  Nincs találat.
[17] Keresés: Carpathian Wolf (romania)
  Keresési hiba (Carpathian Wolf romania landmark photo): https://duckduckgo.com/i.js?o=json&q=Carpathian+Wolf+romania+landmark+photo&l=wt-wt&vqd=4-26762277617411036977697360845976060417&p=-1&f=%2Csize%3AMedium%2C%2Ctype%3Aphoto%2C%2C 403 Ratelimit
  !!! RATE LIMIT DETECTED !!! Várakozás 5 percig...
  Nincs találat.
[18] Keresés: Saxon Transylvania (romania)
  Keresési hiba (Saxon Transylvania romania landmark photo): https://duckduckgo.com/i.js?o=json&q=Saxon+Transylvania+romania+landmark+photo&l=wt-wt&vqd=4-66950902854270441358798810767363219588&p=-1&f=%2Csize%3AMedium%2C%2Ctype%3Aphoto%2C%2C 403 Ratelimit
  !!! RATE LIMIT DETECTED !!! Várakozás 5 percig...
  Nincs találat.
[19] Keresés: Făgăraș Country (romania)
  Keresési hiba (Făgăraș Country romania landmark photo): https://duckduckgo.com/i.js?o=json&q=F%C4%83g%C4%83ra%C8%99+Country+romania+landmark+photo&l=wt-wt&vqd=4-242157576496108988095217122157073654955&p=-1&f=%2Csize%3AMedium%2C%2Ctype%3Aphoto%2C%2C 403 Ratelimit
  !!! RATE LIMIT DETECTED !!! Várakozás 5 percig...
  Nincs találat.
[20] Keresés: Șiria Fortress (romania)
  HIBA: Letöltés sikertelen.
[21] Keresés: Târgu Ocna Salt Mine (romania)
  Keresési hiba (Târgu Ocna Salt Mine romania landmark photo): https://duckduckgo.com/i.js?o=json&q=T%C3%A2rgu+Ocna+Salt+Mine+romania+landmark+photo&l=wt-wt&vqd=4-96527955703684567152512057131351221863&p=-1&f=%2Csize%3AMedium%2C%2Ctype%3Aphoto%2C%2C 403 Ratelimit
  !!! RATE LIMIT DETECTED !!! Várakozás 5 percig...
  Nincs találat.
[22] Keresés: Bears (romania)
  Keresési hiba (Bears romania landmark photo): https://duckduckgo.com/i.js?o=json&q=Bears+romania+landmark+photo&l=wt-wt&vqd=4-105370741917909423616837468220629793855&p=-1&f=%2Csize%3AMedium%2C%2Ctype%3Aphoto%2C%2C 403 Ratelimit
  !!! RATE LIMIT DETECTED !!! Várakozás 5 percig...
  Nincs találat.
[23] Keresés: Living Fire (romania)
  SIKER: /geo-images/romania/living-fire.webp
[24] Keresés: Lower Danube Museum (romania)
  Keresési hiba (Lower Danube Museum romania landmark photo): https://duckduckgo.com/i.js?o=json&q=Lower+Danube+Museum+romania+landmark+photo&l=wt-wt&vqd=4-270262210794185728897879448773868488722&p=-1&f=%2Csize%3AMedium%2C%2Ctype%3Aphoto%2C%2C 403 Ratelimit
  !!! RATE LIMIT DETECTED !!! Várakozás 5 percig...
  Nincs találat.
[25] Keresés: Roses Square (romania)
  SIKER: /geo-images/romania/targu-mures-trandafirilor.webp
[26] Keresés: Galați Botanical Garden (romania)
  Letöltési hiba: ('Connection aborted.', RemoteDisconnected('Remote end closed connection without response'))
  HIBA: Letöltés sikertelen.
[27] Keresés: St. Michael (romania)
  Keresési hiba (St. Michael romania landmark photo): https://duckduckgo.com/i.js?o=json&q=St.+Michael+romania+landmark+photo&l=wt-wt&vqd=4-301453039366546358578607300471697119886&p=-1&f=%2Csize%3AMedium%2C%2Ctype%3Aphoto%2C%2C 403 Ratelimit
  !!! RATE LIMIT DETECTED !!! Várakozás 5 percig...
  Nincs találat.

>>> Fájl: austriaPoi.ts <<<C:\Users\User\plizio-repo\scripts\smart_poi_downloader_v2.py:91: RuntimeWarning: This package (`duckduckgo_search`) has been renamed to `ddgs`! Use `pip install ddgs` instead.
  with DDGS() as ddgs:
C:\Users\User\plizio-repo\scripts\smart_poi_downloader_v2.py:91: RuntimeWarning: This package (`duckduckgo_search`) has been renamed to `ddgs`! Use `pip install ddgs` instead.
  with DDGS() as ddgs:
C:\Users\User\plizio-repo\scripts\smart_poi_downloader_v2.py:91: RuntimeWarning: This package (`duckduckgo_search`) has been renamed to `ddgs`! Use `pip install ddgs` instead.
  with DDGS() as ddgs:
C:\Users\User\plizio-repo\scripts\smart_poi_downloader_v2.py:91: RuntimeWarning: This package (`duckduckgo_search`) has been renamed to `ddgs`! Use `pip install ddgs` instead.
  with DDGS() as ddgs:
C:\Users\User\plizio-repo\scripts\smart_poi_downloader_v2.py:91: RuntimeWarning: This package (`duckduckgo_search`) has been renamed to `ddgs`! Use `pip install ddgs` instead.
  with DDGS() as ddgs:
C:\Users\User\plizio-repo\scripts\smart_poi_downloader_v2.py:91: RuntimeWarning: This package (`duckduckgo_search`) has been renamed to `ddgs`! Use `pip install ddgs` instead.
  with DDGS() as ddgs:
C:\Users\User\plizio-repo\scripts\smart_poi_downloader_v2.py:91: RuntimeWarning: This package (`duckduckgo_search`) has been renamed to `ddgs`! Use `pip install ddgs` instead.
  with DDGS() as ddgs:
C:\Users\User\plizio-repo\scripts\smart_poi_downloader_v2.py:91: RuntimeWarning: This package (`duckduckgo_search`) has been renamed to `ddgs`! Use `pip install ddgs` instead.
  with DDGS() as ddgs:
C:\Users\User\plizio-repo\scripts\smart_poi_downloader_v2.py:91: RuntimeWarning: This package (`duckduckgo_search`) has been renamed to `ddgs`! Use `pip install ddgs` instead.
  with DDGS() as ddgs:
C:\Users\User\plizio-repo\scripts\smart_poi_downloader_v2.py:91: RuntimeWarning: This package (`duckduckgo_search`) has been renamed to `ddgs`! Use `pip install ddgs` instead.
  with DDGS() as ddgs:
C:\Users\User\plizio-repo\scripts\smart_poi_downloader_v2.py:91: RuntimeWarning: This package (`duckduckgo_search`) has been renamed to `ddgs`! Use `pip install ddgs` instead.
  with DDGS() as ddgs:
C:\Users\User\plizio-repo\scripts\smart_poi_downloader_v2.py:91: RuntimeWarning: This package (`duckduckgo_search`) has been renamed to `ddgs`! Use `pip install ddgs` instead.
  with DDGS() as ddgs:
C:\Users\User\plizio-repo\scripts\smart_poi_downloader_v2.py:91: RuntimeWarning: This package (`duckduckgo_search`) has been renamed to `ddgs`! Use `pip install ddgs` instead.
  with DDGS() as ddgs:
C:\Users\User\plizio-repo\scripts\smart_poi_downloader_v2.py:91: RuntimeWarning: This package (`duckduckgo_search`) has been renamed to `ddgs`! Use `pip install ddgs` instead.
  with DDGS() as ddgs:
C:\Users\User\plizio-repo\scripts\smart_poi_downloader_v2.py:91: RuntimeWarning: This package (`duckduckgo_search`) has been renamed to `ddgs`! Use `pip install ddgs` instead.
  with DDGS() as ddgs:
C:\Users\User\plizio-repo\scripts\smart_poi_downloader_v2.py:91: RuntimeWarning: This package (`duckduckgo_search`) has been renamed to `ddgs`! Use `pip install ddgs` instead.
  with DDGS() as ddgs:
C:\Users\User\plizio-repo\scripts\smart_poi_downloader_v2.py:91: RuntimeWarning: This package (`duckduckgo_search`) has been renamed to `ddgs`! Use `pip install ddgs` instead.
  with DDGS() as ddgs:
C:\Users\User\plizio-repo\scripts\smart_poi_downloader_v2.py:91: RuntimeWarning: This package (`duckduckgo_search`) has been renamed to `ddgs`! Use `pip install ddgs` instead.
  with DDGS() as ddgs:
C:\Users\User\plizio-repo\scripts\smart_poi_downloader_v2.py:91: RuntimeWarning: This package (`duckduckgo_search`) has been renamed to `ddgs`! Use `pip install ddgs` instead.
  with DDGS() as ddgs:
C:\Users\User\plizio-repo\scripts\smart_poi_downloader_v2.py:91: RuntimeWarning: This package (`duckduckgo_search`) has been renamed to `ddgs`! Use `pip install ddgs` instead.
  with DDGS() as ddgs:
C:\Users\User\plizio-repo\scripts\smart_poi_downloader_v2.py:91: RuntimeWarning: This package (`duckduckgo_search`) has been renamed to `ddgs`! Use `pip install ddgs` instead.
  with DDGS() as ddgs:
C:\Users\User\plizio-repo\scripts\smart_poi_downloader_v2.py:91: RuntimeWarning: This package (`duckduckgo_search`) has been renamed to `ddgs`! Use `pip install ddgs` instead.
  with DDGS() as ddgs:
C:\Users\User\plizio-repo\scripts\smart_poi_downloader_v2.py:91: RuntimeWarning: This package (`duckduckgo_search`) has been renamed to `ddgs`! Use `pip install ddgs` instead.
  with DDGS() as ddgs:
C:\Users\User\plizio-repo\scripts\smart_poi_downloader_v2.py:91: RuntimeWarning: This package (`duckduckgo_search`) has been renamed to `ddgs`! Use `pip install ddgs` instead.
  with DDGS() as ddgs:

[28] Keresés: Anker Clock (austria)
  Keresési hiba (Anker Clock austria landmark photo): https://duckduckgo.com/i.js?o=json&q=Anker+Clock+austria+landmark+photo&l=wt-wt&vqd=4-106392276287518703945137846479863492949&p=-1&f=%2Csize%3AMedium%2C%2Ctype%3Aphoto%2C%2C 403 Ratelimit
  !!! RATE LIMIT DETECTED !!! Várakozás 5 percig...
  Nincs találat.

>>> Fájl: switzerlandPoi.ts <<<
[29] Keresés: Castelgrande (switzerland)
  Keresési hiba (Castelgrande switzerland landmark photo): https://duckduckgo.com/i.js?o=json&q=Castelgrande+switzerland+landmark+photo&l=wt-wt&vqd=4-339529540697704489282515775455557036116&p=-1&f=%2Csize%3AMedium%2C%2Ctype%3Aphoto%2C%2C 403 Ratelimit
  !!! RATE LIMIT DETECTED !!! Várakozás 5 percig...
  Nincs találat.
[30] Keresés: Sasso Corbaro (switzerland)
  SIKER: /geo-images/switzerland/hist-sasso-corbaro.webp
[31] Keresés: St. Peter (switzerland)
  Keresési hiba (St. Peter switzerland landmark photo): https://duckduckgo.com/i.js?o=json&q=St.+Peter+switzerland+landmark+photo&l=wt-wt&vqd=4-251669174733450476855516287686091867848&p=-1&f=%2Csize%3AMedium%2C%2Ctype%3Aphoto%2C%2C 403 Ratelimit
  !!! RATE LIMIT DETECTED !!! Várakozás 5 percig...
  Nincs találat.
[32] Keresés: Olympic Museum (switzerland)
  Keresési hiba (Olympic Museum switzerland landmark photo): https://duckduckgo.com/i.js?o=json&q=Olympic+Museum+switzerland+landmark+photo&l=wt-wt&vqd=4-169513707960067178814409786616704035262&p=-1&f=%2Csize%3AMedium%2C%2Ctype%3Aphoto%2C%2C 403 Ratelimit
  !!! RATE LIMIT DETECTED !!! Várakozás 5 percig...
  Nincs találat.
[33] Keresés: Port of Birsfelden (switzerland)
  Keresési hiba (Port of Birsfelden switzerland landmark photo): https://duckduckgo.com/i.js?o=json&q=Port+of+Birsfelden+switzerland+landmark+photo&l=wt-wt&vqd=4-80021544695483777996969329909356472467&p=-1&f=%2Csize%3AMedium%2C%2Ctype%3Aphoto%2C%2C 403 Ratelimit
  !!! RATE LIMIT DETECTED !!! Várakozás 5 percig...
  Nincs találat.
[34] Keresés: Bern Old Town (switzerland)
  SIKER: /geo-images/switzerland/cult-bern-altstadt.webp

>>> Fájl: belgiumPoi.ts <<<
[35] Keresés: Bruges Belfry (belgium)
  Keresési hiba (Bruges Belfry belgium landmark photo): https://duckduckgo.com/i.js?o=json&q=Bruges+Belfry+belgium+landmark+photo&l=wt-wt&vqd=4-106489584549745293255396460148154217959&p=-1&f=%2Csize%3AMedium%2C%2Ctype%3Aphoto%2C%2C 403 Ratelimit
  !!! RATE LIMIT DETECTED !!! Várakozás 5 percig...
  Nincs találat.
[36] Keresés: Stoclet Palace (belgium)
  Keresési hiba (Stoclet Palace belgium landmark photo): https://duckduckgo.com/i.js?o=json&q=Stoclet+Palace+belgium+landmark+photo&l=wt-wt&vqd=4-324687602040767942683257423980171673354&p=-1&f=%2Csize%3AMedium%2C%2Ctype%3Aphoto%2C%2C 403 Ratelimit
  !!! RATE LIMIT DETECTED !!! Várakozás 5 percig...
  Nincs találat.
[37] Keresés: Bouillon (belgium)
  Keresési hiba (Bouillon belgium landmark photo): https://duckduckgo.com/i.js?o=json&q=Bouillon+belgium+landmark+photo&l=wt-wt&vqd=4-178806659933460782766888484417179224916&p=-1&f=%2Csize%3AMedium%2C%2Ctype%3Aphoto%2C%2C 403 Ratelimit
  !!! RATE LIMIT DETECTED !!! Várakozás 5 percig...
  Nincs találat.
[38] Keresés: Roeselare (belgium)
  Keresési hiba (Roeselare belgium landmark photo): https://duckduckgo.com/i.js?o=json&q=Roeselare+belgium+landmark+photo&l=wt-wt&vqd=4-225504729828241575295666612305630837293&p=-1&f=%2Csize%3AMedium%2C%2Ctype%3Aphoto%2C%2C 403 Ratelimit
  !!! RATE LIMIT DETECTED !!! Várakozás 5 percig...
  Nincs találat.
[39] Keresés: Geel (belgium)
  Keresési hiba (Geel belgium landmark photo): https://duckduckgo.com/i.js?o=json&q=Geel+belgium+landmark+photo&l=wt-wt&vqd=4-276572407919392144875226123826689684821&p=-1&f=%2Csize%3AMedium%2C%2Ctype%3Aphoto%2C%2C 403 Ratelimit
  !!! RATE LIMIT DETECTED !!! Várakozás 5 percig...
  Nincs találat.
[40] Keresés: Lier Beguinage (belgium)
  SIKER: /geo-images/belgium/hist-beguinage-lier.webp
[41] Keresés: Villers Abbey (belgium)
  Keresési hiba (Villers Abbey belgium landmark photo): https://duckduckgo.com/i.js?o=json&q=Villers+Abbey+belgium+landmark+photo&l=wt-wt&vqd=4-297706305370564197555971447993490175045&p=-1&f=%2Csize%3AMedium%2C%2Ctype%3Aphoto%2C%2C 403 Ratelimit
  !!! RATE LIMIT DETECTED !!! Várakozás 5 percig...
  Nincs találat.
[42] Keresés: Sonian Forest (belgium)
  Keresési hiba (Sonian Forest belgium landmark photo): https://duckduckgo.com/i.js?o=json&q=Sonian+Forest+belgium+landmark+photo&l=wt-wt&vqd=4-140888000147459119979919517222417282305&p=-1&f=%2Csize%3AMedium%2C%2Ctype%3Aphoto%2C%2C 403 Ratelimit
  !!! RATE LIMIT DETECTED !!! Várakozás 5 percig...
  Nincs találat.

>>> Fájl: czechRepublicPoi.ts <<<
[43] Keresés: Trutnov (czech-republic)
  Keresési hiba (Trutnov czech-republic landmark photo): https://duckduckgo.com/i.js?o=json&q=Trutnov+czech-republic+landmark+photo&l=wt-wt&vqd=4-334594623679476356922115123781195303502&p=-1&f=%2Csize%3AMedium%2C%2Ctype%3Aphoto%2C%2C 403 Ratelimit
  !!! RATE LIMIT DETECTED !!! Várakozás 5 percig...
  Nincs találat.
[44] Keresés: Zatec Hop Fields (czech-republic)
  Keresési hiba (Zatec Hop Fields czech-republic landmark photo): https://duckduckgo.com/i.js?o=json&q=Zatec+Hop+Fields+czech-republic+landmark+photo&l=wt-wt&vqd=4-97080434282001493045215403315649996925&p=-1&f=%2Csize%3AMedium%2C%2Ctype%3Aphoto%2C%2C 403 Ratelimit
  !!! RATE LIMIT DETECTED !!! Várakozás 5 percig...
  Nincs találat.
[45] Keresés: Melnik Vineyards (czech-republic)
  Keresési hiba (Melnik Vineyards czech-republic landmark photo): https://duckduckgo.com/i.js?o=json&q=Melnik+Vineyards+czech-republic+landmark+photo&l=wt-wt&vqd=4-264213709681612104852071390969113446965&p=-1&f=%2Csize%3AMedium%2C%2Ctype%3Aphoto%2C%2C 403 Ratelimit
  !!! RATE LIMIT DETECTED !!! Várakozás 5 percig...
  Nincs találat.
[46] Keresés: Tatra Trucks Koprivnice (czech-republic)
  Keresési hiba (Tatra Trucks Koprivnice czech-republic landmark photo): https://duckduckgo.com/i.js?o=json&q=Tatra+Trucks+Koprivnice+czech-republic+landmark+photo&l=wt-wt&vqd=4-123085105131534988416251087024258392220&p=-1&f=%2Csize%3AMedium%2C%2Ctype%3Aphoto%2C%2C 403 Ratelimit
  !!! RATE LIMIT DETECTED !!! Várakozás 5 percig...
  Nincs találat.
[47] Keresés: Prague Zoo (czech-republic)
  Keresési hiba (Prague Zoo czech-republic landmark photo): https://duckduckgo.com/i.js?o=json&q=Prague+Zoo+czech-republic+landmark+photo&l=wt-wt&vqd=4-63182584371503321802714391904911174594&p=-1&f=%2Csize%3AMedium%2C%2Ctype%3Aphoto%2C%2C 403 Ratelimit
  !!! RATE LIMIT DETECTED !!! Várakozás 5 percig...
  Nincs találat.

>>> Fájl: slovakiaPoi.ts <<<
[48] Keresés: Nitra (slovakia)
  Keresési hiba (Nitra slovakia landmark photo): https://duckduckgo.com/i.js?o=json&q=Nitra+slovakia+landmark+photo&l=wt-wt&vqd=4-26578254887537993202662698017147048472&p=-1&f=%2Csize%3AMedium%2C%2Ctype%3Aphoto%2C%2C 403 Ratelimit
  !!! RATE LIMIT DETECTED !!! Várakozás 5 percig...
  Nincs találat.
[49] Keresés: UFO Observation Deck (slovakia)
  Keresési hiba (UFO Observation Deck slovakia landmark photo): https://duckduckgo.com/i.js?o=json&q=UFO+Observation+Deck+slovakia+landmark+photo&l=wt-wt&vqd=4-41176780495966628035832846930506522060&p=-1&f=%2Csize%3AMedium%2C%2Ctype%3Aphoto%2C%2C 403 Ratelimit
  !!! RATE LIMIT DETECTED !!! Várakozás 5 percig...
  Nincs találat.

>>> Fájl: sloveniaPoi.ts <<<
[50] Keresés: Russian Chapel (slovenia)
  Keresési hiba (Russian Chapel slovenia landmark photo): https://duckduckgo.com/i.js?o=json&q=Russian+Chapel+slovenia+landmark+photo&l=wt-wt&vqd=4-150729602170772162207800180856176348&p=-1&f=%2Csize%3AMedium%2C%2Ctype%3Aphoto%2C%2C 403 Ratelimit
  !!! RATE LIMIT DETECTED !!! Várakozás 5 percig...
  Nincs találat.
[51] Keresés: Ljubljana Opera House (slovenia)
  Keresési hiba (Ljubljana Opera House slovenia landmark photo): https://duckduckgo.com/i.js?o=json&q=Ljubljana+Opera+House+slovenia+landmark+photo&l=wt-wt&vqd=4-272586806259900723200315638647068240563&p=-1&f=%2Csize%3AMedium%2C%2Ctype%3Aphoto%2C%2C 403 Ratelimit
  !!! RATE LIMIT DETECTED !!! Várakozás 5 percig...C:\Users\User\plizio-repo\scripts\smart_poi_downloader_v2.py:91: RuntimeWarning: This package (`duckduckgo_search`) has been renamed to `ddgs`! Use `pip install ddgs` instead.
  with DDGS() as ddgs:
C:\Users\User\plizio-repo\scripts\smart_poi_downloader_v2.py:91: RuntimeWarning: This package (`duckduckgo_search`) has been renamed to `ddgs`! Use `pip install ddgs` instead.
  with DDGS() as ddgs:
C:\Users\User\plizio-repo\scripts\smart_poi_downloader_v2.py:91: RuntimeWarning: This package (`duckduckgo_search`) has been renamed to `ddgs`! Use `pip install ddgs` instead.
  with DDGS() as ddgs:
C:\Users\User\plizio-repo\scripts\smart_poi_downloader_v2.py:91: RuntimeWarning: This package (`duckduckgo_search`) has been renamed to `ddgs`! Use `pip install ddgs` instead.
  with DDGS() as ddgs:
C:\Users\User\plizio-repo\scripts\smart_poi_downloader_v2.py:91: RuntimeWarning: This package (`duckduckgo_search`) has been renamed to `ddgs`! Use `pip install ddgs` instead.
  with DDGS() as ddgs:
C:\Users\User\plizio-repo\scripts\smart_poi_downloader_v2.py:91: RuntimeWarning: This package (`duckduckgo_search`) has been renamed to `ddgs`! Use `pip install ddgs` instead.
  with DDGS() as ddgs:
C:\Users\User\plizio-repo\scripts\smart_poi_downloader_v2.py:91: RuntimeWarning: This package (`duckduckgo_search`) has been renamed to `ddgs`! Use `pip install ddgs` instead.
  with DDGS() as ddgs:
C:\Users\User\plizio-repo\scripts\smart_poi_downloader_v2.py:91: RuntimeWarning: This package (`duckduckgo_search`) has been renamed to `ddgs`! Use `pip install ddgs` instead.
  with DDGS() as ddgs:
C:\Users\User\plizio-repo\scripts\smart_poi_downloader_v2.py:91: RuntimeWarning: This package (`duckduckgo_search`) has been renamed to `ddgs`! Use `pip install ddgs` instead.
  with DDGS() as ddgs:
C:\Users\User\plizio-repo\scripts\smart_poi_downloader_v2.py:91: RuntimeWarning: This package (`duckduckgo_search`) has been renamed to `ddgs`! Use `pip install ddgs` instead.
  with DDGS() as ddgs:
C:\Users\User\plizio-repo\scripts\smart_poi_downloader_v2.py:91: RuntimeWarning: This package (`duckduckgo_search`) has been renamed to `ddgs`! Use `pip install ddgs` instead.
  with DDGS() as ddgs:
C:\Users\User\plizio-repo\scripts\smart_poi_downloader_v2.py:91: RuntimeWarning: This package (`duckduckgo_search`) has been renamed to `ddgs`! Use `pip install ddgs` instead.
  with DDGS() as ddgs:
C:\Users\User\plizio-repo\scripts\smart_poi_downloader_v2.py:91: RuntimeWarning: This package (`duckduckgo_search`) has been renamed to `ddgs`! Use `pip install ddgs` instead.
  with DDGS() as ddgs:
C:\Users\User\plizio-repo\scripts\smart_poi_downloader_v2.py:91: RuntimeWarning: This package (`duckduckgo_search`) has been renamed to `ddgs`! Use `pip install ddgs` instead.
  with DDGS() as ddgs:
C:\Users\User\plizio-repo\scripts\smart_poi_downloader_v2.py:91: RuntimeWarning: This package (`duckduckgo_search`) has been renamed to `ddgs`! Use `pip install ddgs` instead.
  with DDGS() as ddgs:
C:\Users\User\plizio-repo\scripts\smart_poi_downloader_v2.py:91: RuntimeWarning: This package (`duckduckgo_search`) has been renamed to `ddgs`! Use `pip install ddgs` instead.
  with DDGS() as ddgs:
C:\Users\User\plizio-repo\scripts\smart_poi_downloader_v2.py:91: RuntimeWarning: This package (`duckduckgo_search`) has been renamed to `ddgs`! Use `pip install ddgs` instead.
  with DDGS() as ddgs:
C:\Users\User\plizio-repo\scripts\smart_poi_downloader_v2.py:91: RuntimeWarning: This package (`duckduckgo_search`) has been renamed to `ddgs`! Use `pip install ddgs` instead.
  with DDGS() as ddgs:
C:\Users\User\plizio-repo\scripts\smart_poi_downloader_v2.py:91: RuntimeWarning: This package (`duckduckgo_search`) has been renamed to `ddgs`! Use `pip install ddgs` instead.
  with DDGS() as ddgs:
C:\Users\User\plizio-repo\scripts\smart_poi_downloader_v2.py:91: RuntimeWarning: This package (`duckduckgo_search`) has been renamed to `ddgs`! Use `pip install ddgs` instead.
  with DDGS() as ddgs:
C:\Users\User\plizio-repo\scripts\smart_poi_downloader_v2.py:91: RuntimeWarning: This package (`duckduckgo_search`) has been renamed to `ddgs`! Use `pip install ddgs` instead.
  with DDGS() as ddgs:
C:\Users\User\plizio-repo\scripts\smart_poi_downloader_v2.py:91: RuntimeWarning: This package (`duckduckgo_search`) has been renamed to `ddgs`! Use `pip install ddgs` instead.
  with DDGS() as ddgs:
C:\Users\User\plizio-repo\scripts\smart_poi_downloader_v2.py:91: RuntimeWarning: This package (`duckduckgo_search`) has been renamed to `ddgs`! Use `pip install ddgs` instead.
  with DDGS() as ddgs:
C:\Users\User\plizio-repo\scripts\smart_poi_downloader_v2.py:91: RuntimeWarning: This package (`duckduckgo_search`) has been renamed to `ddgs`! Use `pip install ddgs` instead.
  with DDGS() as ddgs:
C:\Users\User\plizio-repo\scripts\smart_poi_downloader_v2.py:91: RuntimeWarning: This package (`duckduckgo_search`) has been renamed to `ddgs`! Use `pip install ddgs` instead.
  with DDGS() as ddgs:
C:\Users\User\plizio-repo\scripts\smart_poi_downloader_v2.py:91: RuntimeWarning: This package (`duckduckgo_search`) has been renamed to `ddgs`! Use `pip install ddgs` instead.
  with DDGS() as ddgs:

  Nincs találat.
[52] Keresés: Triglav National Park and Peak (slovenia)
  SIKER: /geo-images/slovenia/nat-triglav.webp

>>> Fájl: croatiaPoi.ts <<<

>>> Fájl: serbiaPoi.ts <<<
[53] Keresés: Serbia (serbia)
  Keresési hiba (Serbia serbia landmark photo): https://duckduckgo.com/i.js?o=json&q=Serbia+serbia+landmark+photo&l=wt-wt&vqd=4-121581065972821424298805243894830030193&p=-1&f=%2Csize%3AMedium%2C%2Ctype%3Aphoto%2C%2C 403 Ratelimit
  !!! RATE LIMIT DETECTED !!! Várakozás 5 percig...
  Nincs találat.
[54] Keresés: Vojvodina (serbia)
  SIKER: /geo-images/serbia/vojvodina.webp
[55] Keresés: Šumadija (serbia)
  Keresési hiba (Šumadija serbia landmark photo): https://duckduckgo.com/i.js?o=json&q=%C5%A0umadija+serbia+landmark+photo&l=wt-wt&vqd=4-178929477469315047195437609996825667350&p=-1&f=%2Csize%3AMedium%2C%2Ctype%3Aphoto%2C%2C 403 Ratelimit
  !!! RATE LIMIT DETECTED !!! Várakozás 5 percig...
  Nincs találat.
[56] Keresés: Novi Sad (serbia)
  Keresési hiba (Novi Sad serbia landmark photo): https://duckduckgo.com/i.js?o=json&q=Novi+Sad+serbia+landmark+photo&l=wt-wt&vqd=4-17041361191148911686153051632483626449&p=-1&f=%2Csize%3AMedium%2C%2Ctype%3Aphoto%2C%2C 403 Ratelimit
  !!! RATE LIMIT DETECTED !!! Várakozás 5 percig...
  Nincs találat.
[57] Keresés: Subotica (serbia)
  Keresési hiba (Subotica serbia landmark photo): https://duckduckgo.com/i.js?o=json&q=Subotica+serbia+landmark+photo&l=wt-wt&vqd=4-22050332721834450327097128522888608533&p=-1&f=%2Csize%3AMedium%2C%2Ctype%3Aphoto%2C%2C 403 Ratelimit
  !!! RATE LIMIT DETECTED !!! Várakozás 5 percig...
  Nincs találat.
[58] Keresés: Zrenjanin (serbia)
  Keresési hiba (Zrenjanin serbia landmark photo): https://duckduckgo.com/i.js?o=json&q=Zrenjanin+serbia+landmark+photo&l=wt-wt&vqd=4-77312151255840628034561139934721163675&p=-1&f=%2Csize%3AMedium%2C%2Ctype%3Aphoto%2C%2C 403 Ratelimit
  !!! RATE LIMIT DETECTED !!! Várakozás 5 percig...
  Nincs találat.
[59] Keresés: Kalemegdan Fortress (serbia)
  Keresési hiba (Kalemegdan Fortress serbia landmark photo): https://duckduckgo.com/i.js?o=json&q=Kalemegdan+Fortress+serbia+landmark+photo&l=wt-wt&vqd=4-44533158562587304907374354618900740625&p=-1&f=%2Csize%3AMedium%2C%2Ctype%3Aphoto%2C%2C 403 Ratelimit
  !!! RATE LIMIT DETECTED !!! Várakozás 5 percig...
  Nincs találat.
[60] Keresés: Golubac Fortress (serbia)
  Keresési hiba (Golubac Fortress serbia landmark photo): https://duckduckgo.com/i.js?o=json&q=Golubac+Fortress+serbia+landmark+photo&l=wt-wt&vqd=4-293010772394825046358776434495901240764&p=-1&f=%2Csize%3AMedium%2C%2Ctype%3Aphoto%2C%2C 403 Ratelimit
  !!! RATE LIMIT DETECTED !!! Várakozás 5 percig...
  Nincs találat.
[61] Keresés: Felix Romuliana (serbia)
  Keresési hiba (Felix Romuliana serbia landmark photo): https://duckduckgo.com/i.js?o=json&q=Felix+Romuliana+serbia+landmark+photo&l=wt-wt&vqd=4-151405063303076038566314661155145926810&p=-1&f=%2Csize%3AMedium%2C%2Ctype%3Aphoto%2C%2C 403 Ratelimit
  !!! RATE LIMIT DETECTED !!! Várakozás 5 percig...
  Nincs találat.
[62] Keresés: Skull Tower (serbia)
  Keresési hiba (Skull Tower serbia landmark photo): https://duckduckgo.com/i.js?o=json&q=Skull+Tower+serbia+landmark+photo&l=wt-wt&vqd=4-66061970833097858068029258105951799844&p=-1&f=%2Csize%3AMedium%2C%2Ctype%3Aphoto%2C%2C 403 Ratelimit
  !!! RATE LIMIT DETECTED !!! Várakozás 5 percig...
  Nincs találat.
[63] Keresés: Smederevo Fortress (serbia)
  Keresési hiba (Smederevo Fortress serbia landmark photo): https://duckduckgo.com/i.js?o=json&q=Smederevo+Fortress+serbia+landmark+photo&l=wt-wt&vqd=4-8491896648103107401908528969714024134&p=-1&f=%2Csize%3AMedium%2C%2Ctype%3Aphoto%2C%2C 403 Ratelimit
  !!! RATE LIMIT DETECTED !!! Várakozás 5 percig...
  Nincs találat.
[64] Keresés: Vrnjačka Banja (serbia)
  Keresési hiba (Vrnjačka Banja serbia landmark photo): https://duckduckgo.com/i.js?o=json&q=Vrnja%C4%8Dka+Banja+serbia+landmark+photo&l=wt-wt&vqd=4-284729549631322478406772111462046495411&p=-1&f=%2Csize%3AMedium%2C%2Ctype%3Aphoto%2C%2C 403 Ratelimit
  !!! RATE LIMIT DETECTED !!! Várakozás 5 percig...
  Nincs találat.
[65] Keresés: Sokobanja (serbia)
  Keresési hiba (Sokobanja serbia landmark photo): https://duckduckgo.com/i.js?o=json&q=Sokobanja+serbia+landmark+photo&l=wt-wt&vqd=4-36016366541649397603833823662511734563&p=-1&f=%2Csize%3AMedium%2C%2Ctype%3Aphoto%2C%2C 403 Ratelimit
  !!! RATE LIMIT DETECTED !!! Várakozás 5 percig...
  Nincs találat.
[66] Keresés: Tara National Park (serbia)
  Keresési hiba (Tara National Park serbia landmark photo): https://duckduckgo.com/i.js?o=json&q=Tara+National+Park+serbia+landmark+photo&l=wt-wt&vqd=4-305696153686615725105570062306255100425&p=-1&f=%2Csize%3AMedium%2C%2Ctype%3Aphoto%2C%2C 403 Ratelimit
  !!! RATE LIMIT DETECTED !!! Várakozás 5 percig...
  Nincs találat.
[67] Keresés: Đerdap National Park (serbia)
  Keresési hiba (Đerdap National Park serbia landmark photo): https://duckduckgo.com/i.js?o=json&q=%C4%90erdap+National+Park+serbia+landmark+photo&l=wt-wt&vqd=4-24088549143643158370108607463434181680&p=-1&f=%2Csize%3AMedium%2C%2Ctype%3Aphoto%2C%2C 403 Ratelimit
  !!! RATE LIMIT DETECTED !!! Várakozás 5 percig...
  Nincs találat.
[68] Keresés: Uvac Canyon (serbia)
  Keresési hiba (Uvac Canyon serbia landmark photo): https://duckduckgo.com/i.js?o=json&q=Uvac+Canyon+serbia+landmark+photo&l=wt-wt&vqd=4-94553837280753520821873086987017421970&p=-1&f=%2Csize%3AMedium%2C%2Ctype%3Aphoto%2C%2C 403 Ratelimit
  !!! RATE LIMIT DETECTED !!! Várakozás 5 percig...
  Nincs találat.
[69] Keresés: Zlatibor (serbia)
  Keresési hiba (Zlatibor serbia landmark photo): https://duckduckgo.com/i.js?o=json&q=Zlatibor+serbia+landmark+photo&l=wt-wt&vqd=4-140695246048114531029634397812739849558&p=-1&f=%2Csize%3AMedium%2C%2Ctype%3Aphoto%2C%2C 403 Ratelimit
  !!! RATE LIMIT DETECTED !!! Várakozás 5 percig...
  Nincs találat.
[70] Keresés: Danube (serbia)
  Keresési hiba (Danube serbia landmark photo): https://duckduckgo.com/i.js?o=json&q=Danube+serbia+landmark+photo&l=wt-wt&vqd=4-170505664920167300866896816604970853391&p=-1&f=%2Csize%3AMedium%2C%2Ctype%3Aphoto%2C%2C 403 Ratelimit
  !!! RATE LIMIT DETECTED !!! Várakozás 5 percig...
  Nincs találat.
[71] Keresés: Subotica (serbia)
  Keresési hiba (Subotica serbia landmark photo): https://duckduckgo.com/i.js?o=json&q=Subotica+serbia+landmark+photo&l=wt-wt&vqd=4-22049155074426923009431891505803511045&p=-1&f=%2Csize%3AMedium%2C%2Ctype%3Aphoto%2C%2C 403 Ratelimit
  !!! RATE LIMIT DETECTED !!! Várakozás 5 percig...
  Nincs találat.
[72] Keresés: Sombor (serbia)
  Keresési hiba (Sombor serbia landmark photo): https://duckduckgo.com/i.js?o=json&q=Sombor+serbia+landmark+photo&l=wt-wt&vqd=4-95756968441807095587018023331374883331&p=-1&f=%2Csize%3AMedium%2C%2Ctype%3Aphoto%2C%2C 403 Ratelimit
  !!! RATE LIMIT DETECTED !!! Várakozás 5 percig...
  Nincs találat.
[73] Keresés: Apatin (serbia)
  HIBA: Letöltés sikertelen.
[74] Keresés: Kikinda (serbia)
  Keresési hiba (Kikinda serbia landmark photo): https://duckduckgo.com/i.js?o=json&q=Kikinda+serbia+landmark+photo&l=wt-wt&vqd=4-338663191765599384822090409827879349327&p=-1&f=%2Csize%3AMedium%2C%2Ctype%3Aphoto%2C%2C 403 Ratelimit
  !!! RATE LIMIT DETECTED !!! Várakozás 5 percig...
  Nincs találat.
[75] Keresés: Bor (serbia)
  Keresési hiba (Bor serbia landmark photo): https://duckduckgo.com/i.js?o=json&q=Bor+serbia+landmark+photo&l=wt-wt&vqd=4-24307625500113475834403502058462309728&p=-1&f=%2Csize%3AMedium%2C%2Ctype%3Aphoto%2C%2C 403 Ratelimit
  !!! RATE LIMIT DETECTED !!! Várakozás 5 percig...
  Nincs találat.
[76] Keresés: Negotin (serbia)
  Keresési hiba (Negotin serbia landmark photo): https://duckduckgo.com/i.js?o=json&q=Negotin+serbia+landmark+photo&l=wt-wt&vqd=4-215133117551265013193675786556454193413&p=-1&f=%2Csize%3AMedium%2C%2Ctype%3Aphoto%2C%2C 403 Ratelimit
  !!! RATE LIMIT DETECTED !!! Várakozás 5 percig...
  Nincs találat.
[77] Keresés: Zaječar (serbia)
  SIKER: /geo-images/serbia/zaje-ar.webp
[78] Keresés: Felix Romuliana (serbia)C:\Users\User\plizio-repo\scripts\smart_poi_downloader_v2.py:91: RuntimeWarning: This package (`duckduckgo_search`) has been renamed to `ddgs`! Use `pip install ddgs` instead.
  with DDGS() as ddgs:
C:\Users\User\plizio-repo\scripts\smart_poi_downloader_v2.py:91: RuntimeWarning: This package (`duckduckgo_search`) has been renamed to `ddgs`! Use `pip install ddgs` instead.
  with DDGS() as ddgs:
C:\Users\User\plizio-repo\scripts\smart_poi_downloader_v2.py:91: RuntimeWarning: This package (`duckduckgo_search`) has been renamed to `ddgs`! Use `pip install ddgs` instead.
  with DDGS() as ddgs:
C:\Users\User\plizio-repo\scripts\smart_poi_downloader_v2.py:91: RuntimeWarning: This package (`duckduckgo_search`) has been renamed to `ddgs`! Use `pip install ddgs` instead.
  with DDGS() as ddgs:
C:\Users\User\plizio-repo\scripts\smart_poi_downloader_v2.py:91: RuntimeWarning: This package (`duckduckgo_search`) has been renamed to `ddgs`! Use `pip install ddgs` instead.
  with DDGS() as ddgs:
C:\Users\User\plizio-repo\scripts\smart_poi_downloader_v2.py:91: RuntimeWarning: This package (`duckduckgo_search`) has been renamed to `ddgs`! Use `pip install ddgs` instead.
  with DDGS() as ddgs:
C:\Users\User\plizio-repo\scripts\smart_poi_downloader_v2.py:91: RuntimeWarning: This package (`duckduckgo_search`) has been renamed to `ddgs`! Use `pip install ddgs` instead.
  with DDGS() as ddgs:
C:\Users\User\plizio-repo\scripts\smart_poi_downloader_v2.py:91: RuntimeWarning: This package (`duckduckgo_search`) has been renamed to `ddgs`! Use `pip install ddgs` instead.
  with DDGS() as ddgs:
C:\Users\User\plizio-repo\scripts\smart_poi_downloader_v2.py:91: RuntimeWarning: This package (`duckduckgo_search`) has been renamed to `ddgs`! Use `pip install ddgs` instead.
  with DDGS() as ddgs:
C:\Users\User\plizio-repo\scripts\smart_poi_downloader_v2.py:91: RuntimeWarning: This package (`duckduckgo_search`) has been renamed to `ddgs`! Use `pip install ddgs` instead.
  with DDGS() as ddgs:
C:\Users\User\plizio-repo\scripts\smart_poi_downloader_v2.py:91: RuntimeWarning: This package (`duckduckgo_search`) has been renamed to `ddgs`! Use `pip install ddgs` instead.
  with DDGS() as ddgs:
C:\Users\User\plizio-repo\scripts\smart_poi_downloader_v2.py:91: RuntimeWarning: This package (`duckduckgo_search`) has been renamed to `ddgs`! Use `pip install ddgs` instead.
  with DDGS() as ddgs:
C:\Users\User\plizio-repo\scripts\smart_poi_downloader_v2.py:91: RuntimeWarning: This package (`duckduckgo_search`) has been renamed to `ddgs`! Use `pip install ddgs` instead.
  with DDGS() as ddgs:
C:\Users\User\plizio-repo\scripts\smart_poi_downloader_v2.py:91: RuntimeWarning: This package (`duckduckgo_search`) has been renamed to `ddgs`! Use `pip install ddgs` instead.
  with DDGS() as ddgs:
C:\Users\User\plizio-repo\scripts\smart_poi_downloader_v2.py:91: RuntimeWarning: This package (`duckduckgo_search`) has been renamed to `ddgs`! Use `pip install ddgs` instead.
  with DDGS() as ddgs:
C:\Users\User\plizio-repo\scripts\smart_poi_downloader_v2.py:91: RuntimeWarning: This package (`duckduckgo_search`) has been renamed to `ddgs`! Use `pip install ddgs` instead.
  with DDGS() as ddgs:
C:\Users\User\plizio-repo\scripts\smart_poi_downloader_v2.py:91: RuntimeWarning: This package (`duckduckgo_search`) has been renamed to `ddgs`! Use `pip install ddgs` instead.
  with DDGS() as ddgs:
C:\Users\User\plizio-repo\scripts\smart_poi_downloader_v2.py:91: RuntimeWarning: This package (`duckduckgo_search`) has been renamed to `ddgs`! Use `pip install ddgs` instead.
  with DDGS() as ddgs:
C:\Users\User\plizio-repo\scripts\smart_poi_downloader_v2.py:91: RuntimeWarning: This package (`duckduckgo_search`) has been renamed to `ddgs`! Use `pip install ddgs` instead.
  with DDGS() as ddgs:
C:\Users\User\plizio-repo\scripts\smart_poi_downloader_v2.py:91: RuntimeWarning: This package (`duckduckgo_search`) has been renamed to `ddgs`! Use `pip install ddgs` instead.
  with DDGS() as ddgs:
C:\Users\User\plizio-repo\scripts\smart_poi_downloader_v2.py:91: RuntimeWarning: This package (`duckduckgo_search`) has been renamed to `ddgs`! Use `pip install ddgs` instead.
  with DDGS() as ddgs:
C:\Users\User\plizio-repo\scripts\smart_poi_downloader_v2.py:91: RuntimeWarning: This package (`duckduckgo_search`) has been renamed to `ddgs`! Use `pip install ddgs` instead.
  with DDGS() as ddgs:
C:\Users\User\plizio-repo\scripts\smart_poi_downloader_v2.py:91: RuntimeWarning: This package (`duckduckgo_search`) has been renamed to `ddgs`! Use `pip install ddgs` instead.
  with DDGS() as ddgs:
C:\Users\User\plizio-repo\scripts\smart_poi_downloader_v2.py:91: RuntimeWarning: This package (`duckduckgo_search`) has been renamed to `ddgs`! Use `pip install ddgs` instead.
  with DDGS() as ddgs:
C:\Users\User\plizio-repo\scripts\smart_poi_downloader_v2.py:91: RuntimeWarning: This package (`duckduckgo_search`) has been renamed to `ddgs`! Use `pip install ddgs` instead.
  with DDGS() as ddgs:
C:\Users\User\plizio-repo\scripts\smart_poi_downloader_v2.py:91: RuntimeWarning: This package (`duckduckgo_search`) has been renamed to `ddgs`! Use `pip install ddgs` instead.
  with DDGS() as ddgs:
C:\Users\User\plizio-repo\scripts\smart_poi_downloader_v2.py:91: RuntimeWarning: This package (`duckduckgo_search`) has been renamed to `ddgs`! Use `pip install ddgs` instead.
  with DDGS() as ddgs:
C:\Users\User\plizio-repo\scripts\smart_poi_downloader_v2.py:91: RuntimeWarning: This package (`duckduckgo_search`) has been renamed to `ddgs`! Use `pip install ddgs` instead.
  with DDGS() as ddgs:
C:\Users\User\plizio-repo\scripts\smart_poi_downloader_v2.py:91: RuntimeWarning: This package (`duckduckgo_search`) has been renamed to `ddgs`! Use `pip install ddgs` instead.
  with DDGS() as ddgs:

  Keresési hiba (Felix Romuliana serbia landmark photo): https://duckduckgo.com/i.js?o=json&q=Felix+Romuliana+serbia+landmark+photo&l=wt-wt&vqd=4-151405832766990386841442225248191542922&p=-1&f=%2Csize%3AMedium%2C%2Ctype%3Aphoto%2C%2C 403 Ratelimit
  !!! RATE LIMIT DETECTED !!! Várakozás 5 percig...
  Nincs találat.
[79] Keresés: Pirot (serbia)
  SIKER: /geo-images/serbia/pirot.webp
[80] Keresés: Stara Planina (serbia)
  SIKER: /geo-images/serbia/stara-planina.webp
[81] Keresés: Leskovac (serbia)
  Keresési hiba (Leskovac serbia landmark photo): https://duckduckgo.com/i.js?o=json&q=Leskovac+serbia+landmark+photo&l=wt-wt&vqd=4-144058505213357957205895382606788993963&p=-1&f=%2Csize%3AMedium%2C%2Ctype%3Aphoto%2C%2C 403 Ratelimit
  !!! RATE LIMIT DETECTED !!! Várakozás 5 percig...
  Nincs találat.
[82] Keresés: Caričin Grad (serbia)
  Keresési hiba (Caričin Grad serbia landmark photo): https://duckduckgo.com/i.js?o=json&q=Cari%C4%8Din+Grad+serbia+landmark+photo&l=wt-wt&vqd=4-69291365086192449114384914869547674524&p=-1&f=%2Csize%3AMedium%2C%2Ctype%3Aphoto%2C%2C 403 Ratelimit
  !!! RATE LIMIT DETECTED !!! Várakozás 5 percig...
  Nincs találat.
[83] Keresés: Kraljevo (serbia)
  Keresési hiba (Kraljevo serbia landmark photo): https://duckduckgo.com/i.js?o=json&q=Kraljevo+serbia+landmark+photo&l=wt-wt&vqd=4-269928806773593307882681982135366586851&p=-1&f=%2Csize%3AMedium%2C%2Ctype%3Aphoto%2C%2C 403 Ratelimit
  !!! RATE LIMIT DETECTED !!! Várakozás 5 percig...
  Nincs találat.
[84] Keresés: Jagodina (serbia)
  SIKER: /geo-images/serbia/jagodina.webp
[85] Keresés: Manasija Monastery (serbia)
  SIKER: /geo-images/serbia/manasija-monastery.webp
[86] Keresés: Užice (serbia)
  SIKER: /geo-images/serbia/u-ice.webp
[87] Keresés: Tara National Park (serbia)
  Keresési hiba (Tara National Park serbia landmark photo): https://duckduckgo.com/i.js?o=json&q=Tara+National+Park+serbia+landmark+photo&l=wt-wt&vqd=4-305695888747640358571299055056895133945&p=-1&f=%2Csize%3AMedium%2C%2Ctype%3Aphoto%2C%2C 403 Ratelimit
  !!! RATE LIMIT DETECTED !!! Várakozás 5 percig...
  Nincs találat.
[88] Keresés: Sremska Mitrovica (serbia)
  Keresési hiba (Sremska Mitrovica serbia landmark photo): https://duckduckgo.com/i.js?o=json&q=Sremska+Mitrovica+serbia+landmark+photo&l=wt-wt&vqd=4-267004137875540357304301557446587063122&p=-1&f=%2Csize%3AMedium%2C%2Ctype%3Aphoto%2C%2C 403 Ratelimit
  !!! RATE LIMIT DETECTED !!! Várakozás 5 percig...
  Nincs találat.
[89] Keresés: Krušedol Monastery (serbia)
  Keresési hiba (Krušedol Monastery serbia landmark photo): https://duckduckgo.com/i.js?o=json&q=Kru%C5%A1edol+Monastery+serbia+landmark+photo&l=wt-wt&vqd=4-35944235408688128112469358030783707082&p=-1&f=%2Csize%3AMedium%2C%2Ctype%3Aphoto%2C%2C 403 Ratelimit
  !!! RATE LIMIT DETECTED !!! Várakozás 5 percig...
  Nincs találat.
[90] Keresés: Tronoša Monastery (serbia)
  Keresési hiba (Tronoša Monastery serbia landmark photo): https://duckduckgo.com/i.js?o=json&q=Trono%C5%A1a+Monastery+serbia+landmark+photo&l=wt-wt&vqd=4-38013493599075731719026815426886639260&p=-1&f=%2Csize%3AMedium%2C%2Ctype%3Aphoto%2C%2C 403 Ratelimit
  !!! RATE LIMIT DETECTED !!! Várakozás 5 percig...
  Nincs találat.
[91] Keresés: Novi Sad (serbia)
  Keresési hiba (Novi Sad serbia landmark photo): https://duckduckgo.com/i.js?o=json&q=Novi+Sad+serbia+landmark+photo&l=wt-wt&vqd=4-17041911351509319241862744942883029297&p=-1&f=%2Csize%3AMedium%2C%2Ctype%3Aphoto%2C%2C 403 Ratelimit
  !!! RATE LIMIT DETECTED !!! Várakozás 5 percig...
  Nincs találat.
[92] Keresés: Zrenjanin (serbia)
  Keresési hiba (Zrenjanin serbia landmark photo): https://duckduckgo.com/i.js?o=json&q=Zrenjanin+serbia+landmark+photo&l=wt-wt&vqd=4-77312889028490135001336827114296405371&p=-1&f=%2Csize%3AMedium%2C%2Ctype%3Aphoto%2C%2C 403 Ratelimit
  !!! RATE LIMIT DETECTED !!! Várakozás 5 percig...
  Nincs találat.
[93] Keresés: Carska Bara (serbia)
  SIKER: /geo-images/serbia/carska-bara.webp
[94] Keresés: Pančevo (serbia)
  Keresési hiba (Pančevo serbia landmark photo): https://duckduckgo.com/i.js?o=json&q=Pan%C4%8Devo+serbia+landmark+photo&l=wt-wt&vqd=4-193178340221361124446444716825648490078&p=-1&f=%2Csize%3AMedium%2C%2Ctype%3Aphoto%2C%2C 403 Ratelimit
  !!! RATE LIMIT DETECTED !!! Várakozás 5 percig...
  Nincs találat.
[95] Keresés: Vršac (serbia)
  Keresési hiba (Vršac serbia landmark photo): https://duckduckgo.com/i.js?o=json&q=Vr%C5%A1ac+serbia+landmark+photo&l=wt-wt&vqd=4-39861664937141180824085519625905187340&p=-1&f=%2Csize%3AMedium%2C%2Ctype%3Aphoto%2C%2C 403 Ratelimit
  !!! RATE LIMIT DETECTED !!! Várakozás 5 percig...
  Nincs találat.
[96] Keresés: Požarevac (serbia)
  Keresési hiba (Požarevac serbia landmark photo): https://duckduckgo.com/i.js?o=json&q=Po%C5%BEarevac+serbia+landmark+photo&l=wt-wt&vqd=4-257395574731023933650278607268988337773&p=-1&f=%2Csize%3AMedium%2C%2Ctype%3Aphoto%2C%2C 403 Ratelimit
  !!! RATE LIMIT DETECTED !!! Várakozás 5 percig...
  Nincs találat.
[97] Keresés: Viminacium (serbia)
  Keresési hiba (Viminacium serbia landmark photo): https://duckduckgo.com/i.js?o=json&q=Viminacium+serbia+landmark+photo&l=wt-wt&vqd=4-237443467147064526804738511846152602877&p=-1&f=%2Csize%3AMedium%2C%2Ctype%3Aphoto%2C%2C 403 Ratelimit
  !!! RATE LIMIT DETECTED !!! Várakozás 5 percig...
  Nincs találat.
[98] Keresés: Kalemegdan Fortress (serbia)
  Keresési hiba (Kalemegdan Fortress serbia landmark photo): https://duckduckgo.com/i.js?o=json&q=Kalemegdan+Fortress+serbia+landmark+photo&l=wt-wt&vqd=4-44529721961810945353018686617134964961&p=-1&f=%2Csize%3AMedium%2C%2Ctype%3Aphoto%2C%2C 403 Ratelimit
  !!! RATE LIMIT DETECTED !!! Várakozás 5 percig...
  Nincs találat.
[99] Keresés: Smederevo (serbia)
  Keresési hiba (Smederevo serbia landmark photo): https://duckduckgo.com/i.js?o=json&q=Smederevo+serbia+landmark+photo&l=wt-wt&vqd=4-177003542269087125748903131197273529367&p=-1&f=%2Csize%3AMedium%2C%2Ctype%3Aphoto%2C%2C 403 Ratelimit
  !!! RATE LIMIT DETECTED !!! Várakozás 5 percig...
  Nincs találat.
[100] Keresés: Smederevo Fortress (serbia)
  Keresési hiba (Smederevo Fortress serbia landmark photo): https://duckduckgo.com/i.js?o=json&q=Smederevo+Fortress+serbia+landmark+photo&l=wt-wt&vqd=4-8492653435510567360730562003021095990&p=-1&f=%2Csize%3AMedium%2C%2Ctype%3Aphoto%2C%2C 403 Ratelimit
  !!! RATE LIMIT DETECTED !!! Várakozás 5 percig...
  Nincs találat.
[101] Keresés: Skull Tower (serbia)
  Keresési hiba (Skull Tower serbia landmark photo): https://duckduckgo.com/i.js?o=json&q=Skull+Tower+serbia+landmark+photo&l=wt-wt&vqd=4-66065655893393733593066034208557633748&p=-1&f=%2Csize%3AMedium%2C%2Ctype%3Aphoto%2C%2C 403 Ratelimit
  !!! RATE LIMIT DETECTED !!! Várakozás 5 percig...
  Nincs találat.
[102] Keresés: Kruševac (serbia)
  SIKER: /geo-images/serbia/kru-evac.webp
[103] Keresés: Ljubostinja Monastery (serbia)
  Keresési hiba (Ljubostinja Monastery serbia landmark photo): https://duckduckgo.com/i.js?o=json&q=Ljubostinja+Monastery+serbia+landmark+photo&l=wt-wt&vqd=4-103454795960754141697472354725954950330&p=-1&f=%2Csize%3AMedium%2C%2Ctype%3Aphoto%2C%2C 403 Ratelimit
  !!! RATE LIMIT DETECTED !!! Várakozás 5 percig...
  Nincs találat.
[104] Keresés: Valjevo (serbia)
  Keresési hiba (Valjevo serbia landmark photo): https://duckduckgo.com/i.js?o=json&q=Valjevo+serbia+landmark+photo&l=wt-wt&vqd=4-109422507744084262040733592710997894672&p=-1&f=%2Csize%3AMedium%2C%2Ctype%3Aphoto%2C%2C 403 Ratelimit
  !!! RATE LIMIT DETECTED !!! Várakozás 5 percig...
  Nincs találat.
[105] Keresés: Lelić Monastery (serbia)
  SIKER: /geo-images/serbia/leli-monastery.webp

>>> Fájl: bulgariaPoi.ts <<<

>>> Fájl: greecePoi.ts <<<
[106] Keresés: Larissa (greece)
  Keresési hiba (Larissa greece landmark photo): https://duckduckgo.com/i.js?o=json&q=Larissa+greece+landmark+photo&l=wt-wt&vqd=4-273843024020929356174738417681940429318&p=-1&f=%2Csize%3AMedium%2C%2Ctype%3Aphoto%2C%2C 403 Ratelimit
  !!! RATE LIMIT DETECTED !!! Várakozás 5 percig...
  Nincs találat.C:\Users\User\plizio-repo\scripts\smart_poi_downloader_v2.py:91: RuntimeWarning: This package (`duckduckgo_search`) has been renamed to `ddgs`! Use `pip install ddgs` instead.
  with DDGS() as ddgs:
C:\Users\User\plizio-repo\scripts\smart_poi_downloader_v2.py:91: RuntimeWarning: This package (`duckduckgo_search`) has been renamed to `ddgs`! Use `pip install ddgs` instead.
  with DDGS() as ddgs:
C:\Users\User\plizio-repo\scripts\smart_poi_downloader_v2.py:91: RuntimeWarning: This package (`duckduckgo_search`) has been renamed to `ddgs`! Use `pip install ddgs` instead.
  with DDGS() as ddgs:
C:\Users\User\plizio-repo\scripts\smart_poi_downloader_v2.py:91: RuntimeWarning: This package (`duckduckgo_search`) has been renamed to `ddgs`! Use `pip install ddgs` instead.
  with DDGS() as ddgs:
C:\Users\User\plizio-repo\scripts\smart_poi_downloader_v2.py:91: RuntimeWarning: This package (`duckduckgo_search`) has been renamed to `ddgs`! Use `pip install ddgs` instead.
  with DDGS() as ddgs:
C:\Users\User\plizio-repo\scripts\smart_poi_downloader_v2.py:91: RuntimeWarning: This package (`duckduckgo_search`) has been renamed to `ddgs`! Use `pip install ddgs` instead.
  with DDGS() as ddgs:
C:\Users\User\plizio-repo\scripts\smart_poi_downloader_v2.py:91: RuntimeWarning: This package (`duckduckgo_search`) has been renamed to `ddgs`! Use `pip install ddgs` instead.
  with DDGS() as ddgs:
C:\Users\User\plizio-repo\scripts\smart_poi_downloader_v2.py:91: RuntimeWarning: This package (`duckduckgo_search`) has been renamed to `ddgs`! Use `pip install ddgs` instead.
  with DDGS() as ddgs:
C:\Users\User\plizio-repo\scripts\smart_poi_downloader_v2.py:91: RuntimeWarning: This package (`duckduckgo_search`) has been renamed to `ddgs`! Use `pip install ddgs` instead.
  with DDGS() as ddgs:
C:\Users\User\plizio-repo\scripts\smart_poi_downloader_v2.py:91: RuntimeWarning: This package (`duckduckgo_search`) has been renamed to `ddgs`! Use `pip install ddgs` instead.
  with DDGS() as ddgs:
C:\Users\User\plizio-repo\scripts\smart_poi_downloader_v2.py:91: RuntimeWarning: This package (`duckduckgo_search`) has been renamed to `ddgs`! Use `pip install ddgs` instead.
  with DDGS() as ddgs:
C:\Users\User\plizio-repo\scripts\smart_poi_downloader_v2.py:91: RuntimeWarning: This package (`duckduckgo_search`) has been renamed to `ddgs`! Use `pip install ddgs` instead.
  with DDGS() as ddgs:
C:\Users\User\plizio-repo\scripts\smart_poi_downloader_v2.py:91: RuntimeWarning: This package (`duckduckgo_search`) has been renamed to `ddgs`! Use `pip install ddgs` instead.
  with DDGS() as ddgs:
C:\Users\User\plizio-repo\scripts\smart_poi_downloader_v2.py:91: RuntimeWarning: This package (`duckduckgo_search`) has been renamed to `ddgs`! Use `pip install ddgs` instead.
  with DDGS() as ddgs:
C:\Users\User\plizio-repo\scripts\smart_poi_downloader_v2.py:91: RuntimeWarning: This package (`duckduckgo_search`) has been renamed to `ddgs`! Use `pip install ddgs` instead.
  with DDGS() as ddgs:
C:\Users\User\plizio-repo\scripts\smart_poi_downloader_v2.py:91: RuntimeWarning: This package (`duckduckgo_search`) has been renamed to `ddgs`! Use `pip install ddgs` instead.
  with DDGS() as ddgs:
C:\Users\User\plizio-repo\scripts\smart_poi_downloader_v2.py:91: RuntimeWarning: This package (`duckduckgo_search`) has been renamed to `ddgs`! Use `pip install ddgs` instead.
  with DDGS() as ddgs:
C:\Users\User\plizio-repo\scripts\smart_poi_downloader_v2.py:91: RuntimeWarning: This package (`duckduckgo_search`) has been renamed to `ddgs`! Use `pip install ddgs` instead.
  with DDGS() as ddgs:
C:\Users\User\plizio-repo\scripts\smart_poi_downloader_v2.py:91: RuntimeWarning: This package (`duckduckgo_search`) has been renamed to `ddgs`! Use `pip install ddgs` instead.
  with DDGS() as ddgs:
C:\Users\User\plizio-repo\scripts\smart_poi_downloader_v2.py:91: RuntimeWarning: This package (`duckduckgo_search`) has been renamed to `ddgs`! Use `pip install ddgs` instead.
  with DDGS() as ddgs:
C:\Users\User\plizio-repo\scripts\smart_poi_downloader_v2.py:91: RuntimeWarning: This package (`duckduckgo_search`) has been renamed to `ddgs`! Use `pip install ddgs` instead.
  with DDGS() as ddgs:
C:\Users\User\plizio-repo\scripts\smart_poi_downloader_v2.py:91: RuntimeWarning: This package (`duckduckgo_search`) has been renamed to `ddgs`! Use `pip install ddgs` instead.
  with DDGS() as ddgs:
C:\Users\User\plizio-repo\scripts\smart_poi_downloader_v2.py:91: RuntimeWarning: This package (`duckduckgo_search`) has been renamed to `ddgs`! Use `pip install ddgs` instead.
  with DDGS() as ddgs:
C:\Users\User\plizio-repo\scripts\smart_poi_downloader_v2.py:91: RuntimeWarning: This package (`duckduckgo_search`) has been renamed to `ddgs`! Use `pip install ddgs` instead.
  with DDGS() as ddgs:
C:\Users\User\plizio-repo\scripts\smart_poi_downloader_v2.py:91: RuntimeWarning: This package (`duckduckgo_search`) has been renamed to `ddgs`! Use `pip install ddgs` instead.
  with DDGS() as ddgs:
C:\Users\User\plizio-repo\scripts\smart_poi_downloader_v2.py:91: RuntimeWarning: This package (`duckduckgo_search`) has been renamed to `ddgs`! Use `pip install ddgs` instead.
  with DDGS() as ddgs:

[107] Keresés: Volos (greece)
  Keresési hiba (Volos greece landmark photo): https://duckduckgo.com/i.js?o=json&q=Volos+greece+landmark+photo&l=wt-wt&vqd=4-47553313109921910032333352787034137801&p=-1&f=%2Csize%3AMedium%2C%2Ctype%3Aphoto%2C%2C 403 Ratelimit
  !!! RATE LIMIT DETECTED !!! Várakozás 5 percig...
  Nincs találat.
[108] Keresés: Ioannina (greece)
  Keresési hiba (Ioannina greece landmark photo): https://duckduckgo.com/i.js?o=json&q=Ioannina+greece+landmark+photo&l=wt-wt&vqd=4-178792377005692250021891791524143265831&p=-1&f=%2Csize%3AMedium%2C%2Ctype%3Aphoto%2C%2C 403 Ratelimit
  !!! RATE LIMIT DETECTED !!! Várakozás 5 percig...
  Nincs találat.
[109] Keresés: Trikala (greece)
  SIKER: /geo-images/greece/city-trikala.webp
[110] Keresés: Kalamata (greece)
  Keresési hiba (Kalamata greece landmark photo): https://duckduckgo.com/i.js?o=json&q=Kalamata+greece+landmark+photo&l=wt-wt&vqd=4-56701661112397510765234825378804496243&p=-1&f=%2Csize%3AMedium%2C%2Ctype%3Aphoto%2C%2C 403 Ratelimit
  !!! RATE LIMIT DETECTED !!! Várakozás 5 percig...
  Nincs találat.
[111] Keresés: Agrinio (greece)
  Keresési hiba (Agrinio greece landmark photo): https://duckduckgo.com/i.js?o=json&q=Agrinio+greece+landmark+photo&l=wt-wt&vqd=4-52223952219200152974368200852959097859&p=-1&f=%2Csize%3AMedium%2C%2Ctype%3Aphoto%2C%2C 403 Ratelimit
  !!! RATE LIMIT DETECTED !!! Várakozás 5 percig...
  Nincs találat.
[112] Keresés: Tripoli (greece)
  Keresési hiba (Tripoli greece landmark photo): https://duckduckgo.com/i.js?o=json&q=Tripoli+greece+landmark+photo&l=wt-wt&vqd=4-203902395699711465102789644747271207134&p=-1&f=%2Csize%3AMedium%2C%2Ctype%3Aphoto%2C%2C 403 Ratelimit
  !!! RATE LIMIT DETECTED !!! Várakozás 5 percig...
  Nincs találat.
[113] Keresés: Olympia (greece)
  SIKER: /geo-images/greece/historical-olympia.webp
[114] Keresés: Vergina (greece)
  Keresési hiba (Vergina greece landmark photo): https://duckduckgo.com/i.js?o=json&q=Vergina+greece+landmark+photo&l=wt-wt&vqd=4-23044543890011954226023209764265393412&p=-1&f=%2Csize%3AMedium%2C%2Ctype%3Aphoto%2C%2C 403 Ratelimit
  !!! RATE LIMIT DETECTED !!! Várakozás 5 percig...
  Nincs találat.
[115] Keresés: Mycenae (greece)
  Keresési hiba (Mycenae greece landmark photo): https://duckduckgo.com/i.js?o=json&q=Mycenae+greece+landmark+photo&l=wt-wt&vqd=4-76741755041703958023595516294295283197&p=-1&f=%2Csize%3AMedium%2C%2Ctype%3Aphoto%2C%2C 403 Ratelimit
  !!! RATE LIMIT DETECTED !!! Várakozás 5 percig...
  Nincs találat.
[116] Keresés: Marathon (greece)
  Keresési hiba (Marathon greece landmark photo): https://duckduckgo.com/i.js?o=json&q=Marathon+greece+landmark+photo&l=wt-wt&vqd=4-297221281303553486647817492771605594325&p=-1&f=%2Csize%3AMedium%2C%2Ctype%3Aphoto%2C%2C 403 Ratelimit
  !!! RATE LIMIT DETECTED !!! Várakozás 5 percig...
  Nincs találat.
[117] Keresés: Mount Parnassus (greece)
  SIKER: /geo-images/greece/mountain-parnassus.webp
[118] Keresés: Psiloritis (greece)
  Keresési hiba (Psiloritis greece landmark photo): https://duckduckgo.com/i.js?o=json&q=Psiloritis+greece+landmark+photo&l=wt-wt&vqd=4-91275438016967577612242701286486869542&p=-1&f=%2Csize%3AMedium%2C%2Ctype%3Aphoto%2C%2C 403 Ratelimit
  !!! RATE LIMIT DETECTED !!! Várakozás 5 percig...
  Nincs találat.
[119] Keresés: Lake Trichonida (greece)
  Keresési hiba (Lake Trichonida greece landmark photo): https://duckduckgo.com/i.js?o=json&q=Lake+Trichonida+greece+landmark+photo&l=wt-wt&vqd=4-50945566257941551436531828799534713072&p=-1&f=%2Csize%3AMedium%2C%2Ctype%3Aphoto%2C%2C 403 Ratelimit
  !!! RATE LIMIT DETECTED !!! Várakozás 5 percig...
  Nincs találat.
[120] Keresés: Lake Kerkini (greece)
  Keresési hiba (Lake Kerkini greece landmark photo): https://duckduckgo.com/i.js?o=json&q=Lake+Kerkini+greece+landmark+photo&l=wt-wt&vqd=4-128317160902003018938038200224044983361&p=-1&f=%2Csize%3AMedium%2C%2Ctype%3Aphoto%2C%2C 403 Ratelimit
  !!! RATE LIMIT DETECTED !!! Várakozás 5 percig...
  Nincs találat.
[121] Keresés: Evros River (greece)
  Keresési hiba (Evros River greece landmark photo): https://duckduckgo.com/i.js?o=json&q=Evros+River+greece+landmark+photo&l=wt-wt&vqd=4-203404119665505333896068976464924144310&p=-1&f=%2Csize%3AMedium%2C%2Ctype%3Aphoto%2C%2C 403 Ratelimit
  !!! RATE LIMIT DETECTED !!! Várakozás 5 percig...
  Nincs találat.
[122] Keresés: Corfu (greece)
  Keresési hiba (Corfu greece landmark photo): https://duckduckgo.com/i.js?o=json&q=Corfu+greece+landmark+photo&l=wt-wt&vqd=4-170663712690894595590458329522275947702&p=-1&f=%2Csize%3AMedium%2C%2Ctype%3Aphoto%2C%2C 403 Ratelimit
  !!! RATE LIMIT DETECTED !!! Várakozás 5 percig...
  Nincs találat.
[123] Keresés: Acropolis Museum (greece)
  Keresési hiba (Acropolis Museum greece landmark photo): https://duckduckgo.com/i.js?o=json&q=Acropolis+Museum+greece+landmark+photo&l=wt-wt&vqd=4-299553910969327450616168565047792983697&p=-1&f=%2Csize%3AMedium%2C%2Ctype%3Aphoto%2C%2C 403 Ratelimit
  !!! RATE LIMIT DETECTED !!! Várakozás 5 percig...
  Nincs találat.
[124] Keresés: National Archaeological Museum (greece)
  Keresési hiba (National Archaeological Museum greece landmark photo): https://duckduckgo.com/i.js?o=json&q=National+Archaeological+Museum+greece+landmark+photo&l=wt-wt&vqd=4-291206598851288875215810160737730899858&p=-1&f=%2Csize%3AMedium%2C%2Ctype%3Aphoto%2C%2C 403 Ratelimit
  !!! RATE LIMIT DETECTED !!! Várakozás 5 percig...
  Nincs találat.
[125] Keresés: Benaki Museum (greece)
  SIKER: /geo-images/greece/landmark-benaki-museum.webp
[126] Keresés: Stavros Niarchos Foundation Cultural Center (greece)
  Keresési hiba (Stavros Niarchos Foundation Cultural Center greece landmark photo): https://duckduckgo.com/i.js?o=json&q=Stavros+Niarchos+Foundation+Cultural+Center+greece+landmark+photo&l=wt-wt&vqd=4-302286120407305316804277883212353527804&p=-1&f=%2Csize%3AMedium%2C%2Ctype%3Aphoto%2C%2C 403 Ratelimit
  !!! RATE LIMIT DETECTED !!! Várakozás 5 percig...
  Nincs találat.
[127] Keresés: Panathenaic Stadium (greece)
  Keresési hiba (Panathenaic Stadium greece landmark photo): https://duckduckgo.com/i.js?o=json&q=Panathenaic+Stadium+greece+landmark+photo&l=wt-wt&vqd=4-237147392300875819396156543330732282692&p=-1&f=%2Csize%3AMedium%2C%2Ctype%3Aphoto%2C%2C 403 Ratelimit
  !!! RATE LIMIT DETECTED !!! Várakozás 5 percig...
  Nincs találat.
[128] Keresés: Hellenic Parliament (greece)
  Keresési hiba (Hellenic Parliament greece landmark photo): https://duckduckgo.com/i.js?o=json&q=Hellenic+Parliament+greece+landmark+photo&l=wt-wt&vqd=4-69305855628507434273807005063136640127&p=-1&f=%2Csize%3AMedium%2C%2Ctype%3Aphoto%2C%2C 403 Ratelimit
  !!! RATE LIMIT DETECTED !!! Várakozás 5 percig...
  Nincs találat.
[129] Keresés: Corinth Canal (greece)
  Keresési hiba (Corinth Canal greece landmark photo): https://duckduckgo.com/i.js?o=json&q=Corinth+Canal+greece+landmark+photo&l=wt-wt&vqd=4-215419425268580283353478441478543101972&p=-1&f=%2Csize%3AMedium%2C%2Ctype%3Aphoto%2C%2C 403 Ratelimit
  !!! RATE LIMIT DETECTED !!! Várakozás 5 percig...
  Nincs találat.
[130] Keresés: Port of Piraeus (greece)
  Keresési hiba (Port of Piraeus greece landmark photo): https://duckduckgo.com/i.js?o=json&q=Port+of+Piraeus+greece+landmark+photo&l=wt-wt&vqd=4-131457399240090245181692086652665970665&p=-1&f=%2Csize%3AMedium%2C%2Ctype%3Aphoto%2C%2C 403 Ratelimit
  !!! RATE LIMIT DETECTED !!! Várakozás 5 percig...
  Nincs találat.
[131] Keresés: Port of Thessaloniki (greece)
  Keresési hiba (Port of Thessaloniki greece landmark photo): https://duckduckgo.com/i.js?o=json&q=Port+of+Thessaloniki+greece+landmark+photo&l=wt-wt&vqd=4-321351113687581523102878404536360273518&p=-1&f=%2Csize%3AMedium%2C%2Ctype%3Aphoto%2C%2C 403 Ratelimit
  !!! RATE LIMIT DETECTED !!! Várakozás 5 percig...
  Nincs találat.
[132] Keresés: Port of Heraklion (greece)
  Keresési hiba (Port of Heraklion greece landmark photo): https://duckduckgo.com/i.js?o=json&q=Port+of+Heraklion+greece+landmark+photo&l=wt-wt&vqd=4-246888081301685131769287330659708916123&p=-1&f=%2Csize%3AMedium%2C%2Ctype%3Aphoto%2C%2C 403 RatelimitC:\Users\User\plizio-repo\scripts\smart_poi_downloader_v2.py:91: RuntimeWarning: This package (`duckduckgo_search`) has been renamed to `ddgs`! Use `pip install ddgs` instead.
  with DDGS() as ddgs:
C:\Users\User\plizio-repo\scripts\smart_poi_downloader_v2.py:91: RuntimeWarning: This package (`duckduckgo_search`) has been renamed to `ddgs`! Use `pip install ddgs` instead.
  with DDGS() as ddgs:
C:\Users\User\plizio-repo\scripts\smart_poi_downloader_v2.py:91: RuntimeWarning: This package (`duckduckgo_search`) has been renamed to `ddgs`! Use `pip install ddgs` instead.
  with DDGS() as ddgs:
C:\Users\User\plizio-repo\scripts\smart_poi_downloader_v2.py:91: RuntimeWarning: This package (`duckduckgo_search`) has been renamed to `ddgs`! Use `pip install ddgs` instead.
  with DDGS() as ddgs:
C:\Users\User\plizio-repo\scripts\smart_poi_downloader_v2.py:91: RuntimeWarning: This package (`duckduckgo_search`) has been renamed to `ddgs`! Use `pip install ddgs` instead.
  with DDGS() as ddgs:
C:\Users\User\plizio-repo\scripts\smart_poi_downloader_v2.py:91: RuntimeWarning: This package (`duckduckgo_search`) has been renamed to `ddgs`! Use `pip install ddgs` instead.
  with DDGS() as ddgs:
C:\Users\User\plizio-repo\scripts\smart_poi_downloader_v2.py:91: RuntimeWarning: This package (`duckduckgo_search`) has been renamed to `ddgs`! Use `pip install ddgs` instead.
  with DDGS() as ddgs:
C:\Users\User\plizio-repo\scripts\smart_poi_downloader_v2.py:91: RuntimeWarning: This package (`duckduckgo_search`) has been renamed to `ddgs`! Use `pip install ddgs` instead.
  with DDGS() as ddgs:
C:\Users\User\plizio-repo\scripts\smart_poi_downloader_v2.py:91: RuntimeWarning: This package (`duckduckgo_search`) has been renamed to `ddgs`! Use `pip install ddgs` instead.
  with DDGS() as ddgs:
C:\Users\User\plizio-repo\scripts\smart_poi_downloader_v2.py:91: RuntimeWarning: This package (`duckduckgo_search`) has been renamed to `ddgs`! Use `pip install ddgs` instead.
  with DDGS() as ddgs:
C:\Users\User\plizio-repo\scripts\smart_poi_downloader_v2.py:91: RuntimeWarning: This package (`duckduckgo_search`) has been renamed to `ddgs`! Use `pip install ddgs` instead.
  with DDGS() as ddgs:
C:\Users\User\plizio-repo\scripts\smart_poi_downloader_v2.py:91: RuntimeWarning: This package (`duckduckgo_search`) has been renamed to `ddgs`! Use `pip install ddgs` instead.
  with DDGS() as ddgs:
C:\Users\User\plizio-repo\scripts\smart_poi_downloader_v2.py:91: RuntimeWarning: This package (`duckduckgo_search`) has been renamed to `ddgs`! Use `pip install ddgs` instead.
  with DDGS() as ddgs:
C:\Users\User\plizio-repo\scripts\smart_poi_downloader_v2.py:91: RuntimeWarning: This package (`duckduckgo_search`) has been renamed to `ddgs`! Use `pip install ddgs` instead.
  with DDGS() as ddgs:
C:\Users\User\plizio-repo\scripts\smart_poi_downloader_v2.py:91: RuntimeWarning: This package (`duckduckgo_search`) has been renamed to `ddgs`! Use `pip install ddgs` instead.
  with DDGS() as ddgs:
C:\Users\User\plizio-repo\scripts\smart_poi_downloader_v2.py:91: RuntimeWarning: This package (`duckduckgo_search`) has been renamed to `ddgs`! Use `pip install ddgs` instead.
  with DDGS() as ddgs:
C:\Users\User\plizio-repo\scripts\smart_poi_downloader_v2.py:91: RuntimeWarning: This package (`duckduckgo_search`) has been renamed to `ddgs`! Use `pip install ddgs` instead.
  with DDGS() as ddgs:
C:\Users\User\plizio-repo\scripts\smart_poi_downloader_v2.py:91: RuntimeWarning: This package (`duckduckgo_search`) has been renamed to `ddgs`! Use `pip install ddgs` instead.
  with DDGS() as ddgs:
C:\Users\User\plizio-repo\scripts\smart_poi_downloader_v2.py:91: RuntimeWarning: This package (`duckduckgo_search`) has been renamed to `ddgs`! Use `pip install ddgs` instead.
  with DDGS() as ddgs:
C:\Users\User\plizio-repo\scripts\smart_poi_downloader_v2.py:91: RuntimeWarning: This package (`duckduckgo_search`) has been renamed to `ddgs`! Use `pip install ddgs` instead.
  with DDGS() as ddgs:
C:\Users\User\plizio-repo\scripts\smart_poi_downloader_v2.py:91: RuntimeWarning: This package (`duckduckgo_search`) has been renamed to `ddgs`! Use `pip install ddgs` instead.
  with DDGS() as ddgs:
C:\Users\User\plizio-repo\scripts\smart_poi_downloader_v2.py:91: RuntimeWarning: This package (`duckduckgo_search`) has been renamed to `ddgs`! Use `pip install ddgs` instead.
  with DDGS() as ddgs:
C:\Users\User\plizio-repo\scripts\smart_poi_downloader_v2.py:91: RuntimeWarning: This package (`duckduckgo_search`) has been renamed to `ddgs`! Use `pip install ddgs` instead.
  with DDGS() as ddgs:
C:\Users\User\plizio-repo\scripts\smart_poi_downloader_v2.py:91: RuntimeWarning: This package (`duckduckgo_search`) has been renamed to `ddgs`! Use `pip install ddgs` instead.
  with DDGS() as ddgs:
C:\Users\User\plizio-repo\scripts\smart_poi_downloader_v2.py:91: RuntimeWarning: This package (`duckduckgo_search`) has been renamed to `ddgs`! Use `pip install ddgs` instead.
  with DDGS() as ddgs:
C:\Users\User\plizio-repo\scripts\smart_poi_downloader_v2.py:91: RuntimeWarning: This package (`duckduckgo_search`) has been renamed to `ddgs`! Use `pip install ddgs` instead.
  with DDGS() as ddgs:
C:\Users\User\plizio-repo\scripts\smart_poi_downloader_v2.py:91: RuntimeWarning: This package (`duckduckgo_search`) has been renamed to `ddgs`! Use `pip install ddgs` instead.
  with DDGS() as ddgs:
C:\Users\User\plizio-repo\scripts\smart_poi_downloader_v2.py:91: RuntimeWarning: This package (`duckduckgo_search`) has been renamed to `ddgs`! Use `pip install ddgs` instead.
  with DDGS() as ddgs:
C:\Users\User\plizio-repo\scripts\smart_poi_downloader_v2.py:91: RuntimeWarning: This package (`duckduckgo_search`) has been renamed to `ddgs`! Use `pip install ddgs` instead.
  with DDGS() as ddgs:

  !!! RATE LIMIT DETECTED !!! Várakozás 5 percig...
  Nincs találat.
[133] Keresés: Nemea Vineyards (greece)
  Keresési hiba (Nemea Vineyards greece landmark photo): https://duckduckgo.com/i.js?o=json&q=Nemea+Vineyards+greece+landmark+photo&l=wt-wt&vqd=4-294854386426404520282542349917342533443&p=-1&f=%2Csize%3AMedium%2C%2Ctype%3Aphoto%2C%2C 403 Ratelimit
  !!! RATE LIMIT DETECTED !!! Várakozás 5 percig...
  Nincs találat.
[134] Keresés: Lavrio (greece)
  SIKER: /geo-images/greece/industry-lavrio.webp
[135] Keresés: Nafplio (greece)
  Keresési hiba (Nafplio greece landmark photo): https://duckduckgo.com/i.js?o=json&q=Nafplio+greece+landmark+photo&l=wt-wt&vqd=4-13624486144301977687118795714520608751&p=-1&f=%2Csize%3AMedium%2C%2Ctype%3Aphoto%2C%2C 403 Ratelimit
  !!! RATE LIMIT DETECTED !!! Várakozás 5 percig...
  Nincs találat.
[136] Keresés: Sparta (greece)
  Keresési hiba (Sparta greece landmark photo): https://duckduckgo.com/i.js?o=json&q=Sparta+greece+landmark+photo&l=wt-wt&vqd=4-213278405878893325000030358991909791651&p=-1&f=%2Csize%3AMedium%2C%2Ctype%3Aphoto%2C%2C 403 Ratelimit
  !!! RATE LIMIT DETECTED !!! Várakozás 5 percig...
  Nincs találat.
[137] Keresés: Kozani (greece)
  SIKER: /geo-images/greece/city-kozani.webp
[138] Keresés: Kastoria (greece)
  Keresési hiba (Kastoria greece landmark photo): https://duckduckgo.com/i.js?o=json&q=Kastoria+greece+landmark+photo&l=wt-wt&vqd=4-222285026387383142826273328622285373932&p=-1&f=%2Csize%3AMedium%2C%2Ctype%3Aphoto%2C%2C 403 Ratelimit
  !!! RATE LIMIT DETECTED !!! Várakozás 5 percig...
  Nincs találat.
[139] Keresés: Florina (greece)
  HIBA: Letöltés sikertelen.
[140] Keresés: Veria (greece)
  Keresési hiba (Veria greece landmark photo): https://duckduckgo.com/i.js?o=json&q=Veria+greece+landmark+photo&l=wt-wt&vqd=4-192047711498410999961881835733397358334&p=-1&f=%2Csize%3AMedium%2C%2Ctype%3Aphoto%2C%2C 403 Ratelimit
  !!! RATE LIMIT DETECTED !!! Várakozás 5 percig...
  Nincs találat.
[141] Keresés: Xanthi (greece)
  SIKER: /geo-images/greece/city-xanthi.webp
[142] Keresés: Komotini (greece)
  Keresési hiba (Komotini greece landmark photo): https://duckduckgo.com/i.js?o=json&q=Komotini+greece+landmark+photo&l=wt-wt&vqd=4-216392378937564471069822883324109515049&p=-1&f=%2Csize%3AMedium%2C%2Ctype%3Aphoto%2C%2C 403 Ratelimit
  !!! RATE LIMIT DETECTED !!! Várakozás 5 percig...
  Nincs találat.
[143] Keresés: Alexandroupoli (greece)
  Keresési hiba (Alexandroupoli greece landmark photo): https://duckduckgo.com/i.js?o=json&q=Alexandroupoli+greece+landmark+photo&l=wt-wt&vqd=4-270382358778205666510606402791746871635&p=-1&f=%2Csize%3AMedium%2C%2Ctype%3Aphoto%2C%2C 403 Ratelimit
  !!! RATE LIMIT DETECTED !!! Várakozás 5 percig...
  Nincs találat.
[144] Keresés: Ierapetra (greece)
  Keresési hiba (Ierapetra greece landmark photo): https://duckduckgo.com/i.js?o=json&q=Ierapetra+greece+landmark+photo&l=wt-wt&vqd=4-115242317136155502876256152882100655242&p=-1&f=%2Csize%3AMedium%2C%2Ctype%3Aphoto%2C%2C 403 Ratelimit
  !!! RATE LIMIT DETECTED !!! Várakozás 5 percig...
  Nincs találat.
[145] Keresés: Sitia (greece)
  Keresési hiba (Sitia greece landmark photo): https://duckduckgo.com/i.js?o=json&q=Sitia+greece+landmark+photo&l=wt-wt&vqd=4-241544854985439371227387703753937922512&p=-1&f=%2Csize%3AMedium%2C%2Ctype%3Aphoto%2C%2C 403 Ratelimit
  !!! RATE LIMIT DETECTED !!! Várakozás 5 percig...
  Nincs találat.
[146] Keresés: Nafpaktos Castle (greece)
  Keresési hiba (Nafpaktos Castle greece landmark photo): https://duckduckgo.com/i.js?o=json&q=Nafpaktos+Castle+greece+landmark+photo&l=wt-wt&vqd=4-322908728393666388328472336268521856892&p=-1&f=%2Csize%3AMedium%2C%2Ctype%3Aphoto%2C%2C 403 Ratelimit
  !!! RATE LIMIT DETECTED !!! Várakozás 5 percig...
  Nincs találat.
[147] Keresés: Church of Agios Dimitrios (greece)
  Keresési hiba (Church of Agios Dimitrios greece landmark photo): https://duckduckgo.com/i.js?o=json&q=Church+of+Agios+Dimitrios+greece+landmark+photo&l=wt-wt&vqd=4-163344774109977126437755885235600966589&p=-1&f=%2Csize%3AMedium%2C%2Ctype%3Aphoto%2C%2C 403 Ratelimit
  !!! RATE LIMIT DETECTED !!! Várakozás 5 percig...
  Nincs találat.
[148] Keresés: Rotunda of Thessaloniki (greece)
  SIKER: /geo-images/greece/historical-rotunda-thessaloniki.webp
[149] Keresés: Archaeological Museum of Heraklion (greece)
  Keresési hiba (Archaeological Museum of Heraklion greece landmark photo): https://duckduckgo.com/i.js?o=json&q=Archaeological+Museum+of+Heraklion+greece+landmark+photo&l=wt-wt&vqd=4-275546303332775115092074401559258657120&p=-1&f=%2Csize%3AMedium%2C%2Ctype%3Aphoto%2C%2C 403 Ratelimit
  !!! RATE LIMIT DETECTED !!! Várakozás 5 percig...
  Nincs találat.
[150] Keresés: Museum of Ancient Olympia (greece)
  Keresési hiba (Museum of Ancient Olympia greece landmark photo): https://duckduckgo.com/i.js?o=json&q=Museum+of+Ancient+Olympia+greece+landmark+photo&l=wt-wt&vqd=4-128208551979856950138710339996714187640&p=-1&f=%2Csize%3AMedium%2C%2Ctype%3Aphoto%2C%2C 403 Ratelimit
  !!! RATE LIMIT DETECTED !!! Várakozás 5 percig...
  Nincs találat.
[151] Keresés: Panagia Kera Monastery (greece)
  SIKER: /geo-images/greece/landmark-monastery-panagia-kera.webp
[152] Keresés: Mount Parnitha (greece)
  Keresési hiba (Mount Parnitha greece landmark photo): https://duckduckgo.com/i.js?o=json&q=Mount+Parnitha+greece+landmark+photo&l=wt-wt&vqd=4-298062211100795209788167930029198558450&p=-1&f=%2Csize%3AMedium%2C%2Ctype%3Aphoto%2C%2C 403 Ratelimit
  !!! RATE LIMIT DETECTED !!! Várakozás 5 percig...
  Nincs találat.
[153] Keresés: Lake Prespa (greece)
  Keresési hiba (Lake Prespa greece landmark photo): https://duckduckgo.com/i.js?o=json&q=Lake+Prespa+greece+landmark+photo&l=wt-wt&vqd=4-82088692345226105497448978589449768357&p=-1&f=%2Csize%3AMedium%2C%2Ctype%3Aphoto%2C%2C 403 Ratelimit
  !!! RATE LIMIT DETECTED !!! Várakozás 5 percig...
  Nincs találat.
[154] Keresés: Aliakmonas River (greece)
  Keresési hiba (Aliakmonas River greece landmark photo): https://duckduckgo.com/i.js?o=json&q=Aliakmonas+River+greece+landmark+photo&l=wt-wt&vqd=4-41986353003742936661201737226349455069&p=-1&f=%2Csize%3AMedium%2C%2Ctype%3Aphoto%2C%2C 403 Ratelimit
  !!! RATE LIMIT DETECTED !!! Várakozás 5 percig...
  Nincs találat.
[155] Keresés: Elafonisos (greece)
  SIKER: /geo-images/greece/island-elafonisos.webp
[156] Keresés: Dadia Forest (greece)
  SIKER: /geo-images/greece/forest-dadia.webp
[157] Keresés: Keritis River (greece)
  Keresési hiba (Keritis River greece landmark photo): https://duckduckgo.com/i.js?o=json&q=Keritis+River+greece+landmark+photo&l=wt-wt&vqd=4-25812130110094174192539645097482603563&p=-1&f=%2Csize%3AMedium%2C%2Ctype%3Aphoto%2C%2C 403 Ratelimit
  !!! RATE LIMIT DETECTED !!! Várakozás 5 percig...
  Nincs találat.
[158] Keresés: Crete Olive Groves (greece)
  Keresési hiba (Crete Olive Groves greece landmark photo): https://duckduckgo.com/i.js?o=json&q=Crete+Olive+Groves+greece+landmark+photo&l=wt-wt&vqd=4-171065767694846645264092565098021807098&p=-1&f=%2Csize%3AMedium%2C%2Ctype%3Aphoto%2C%2C 403 Ratelimit
  !!! RATE LIMIT DETECTED !!! Várakozás 5 percig...
  Nincs találat.
[159] Keresés: Athens Planetarium (greece)
  Keresési hiba (Athens Planetarium greece landmark photo): https://duckduckgo.com/i.js?o=json&q=Athens+Planetarium+greece+landmark+photo&l=wt-wt&vqd=4-32434798016927057930288691787761262719&p=-1&f=%2Csize%3AMedium%2C%2Ctype%3Aphoto%2C%2C 403 Ratelimit
  !!! RATE LIMIT DETECTED !!! Várakozás 5 percig...
  Nincs találat.
[160] Keresés: Attica Zoological Park (greece)
  Keresési hiba (Attica Zoological Park greece landmark photo): https://duckduckgo.com/i.js?o=json&q=Attica+Zoological+Park+greece+landmark+photo&l=wt-wt&vqd=4-192500841447902433903265400818002355668&p=-1&f=%2Csize%3AMedium%2C%2Ctype%3Aphoto%2C%2C 403 Ratelimit
  !!! RATE LIMIT DETECTED !!! Várakozás 5 percig...
  Nincs találat.
[161] Keresés: Noesis Science Center (greece)
  Keresési hiba (Noesis Science Center greece landmark photo): https://duckduckgo.com/i.js?o=json&q=Noesis+Science+Center+greece+landmark+photo&l=wt-wt&vqd=4-25236798505498571268556035715039696578&p=-1&f=%2Csize%3AMedium%2C%2Ctype%3Aphoto%2C%2C 403 RatelimitC:\Users\User\plizio-repo\scripts\smart_poi_downloader_v2.py:91: RuntimeWarning: This package (`duckduckgo_search`) has been renamed to `ddgs`! Use `pip install ddgs` instead.
  with DDGS() as ddgs:
C:\Users\User\plizio-repo\scripts\smart_poi_downloader_v2.py:91: RuntimeWarning: This package (`duckduckgo_search`) has been renamed to `ddgs`! Use `pip install ddgs` instead.
  with DDGS() as ddgs:
C:\Users\User\plizio-repo\scripts\smart_poi_downloader_v2.py:91: RuntimeWarning: This package (`duckduckgo_search`) has been renamed to `ddgs`! Use `pip install ddgs` instead.
  with DDGS() as ddgs:
C:\Users\User\plizio-repo\scripts\smart_poi_downloader_v2.py:91: RuntimeWarning: This package (`duckduckgo_search`) has been renamed to `ddgs`! Use `pip install ddgs` instead.
  with DDGS() as ddgs:
C:\Users\User\plizio-repo\scripts\smart_poi_downloader_v2.py:91: RuntimeWarning: This package (`duckduckgo_search`) has been renamed to `ddgs`! Use `pip install ddgs` instead.
  with DDGS() as ddgs:
C:\Users\User\plizio-repo\scripts\smart_poi_downloader_v2.py:91: RuntimeWarning: This package (`duckduckgo_search`) has been renamed to `ddgs`! Use `pip install ddgs` instead.
  with DDGS() as ddgs:
C:\Users\User\plizio-repo\scripts\smart_poi_downloader_v2.py:91: RuntimeWarning: This package (`duckduckgo_search`) has been renamed to `ddgs`! Use `pip install ddgs` instead.
  with DDGS() as ddgs:
C:\Users\User\plizio-repo\scripts\smart_poi_downloader_v2.py:91: RuntimeWarning: This package (`duckduckgo_search`) has been renamed to `ddgs`! Use `pip install ddgs` instead.
  with DDGS() as ddgs:
C:\Users\User\plizio-repo\scripts\smart_poi_downloader_v2.py:91: RuntimeWarning: This package (`duckduckgo_search`) has been renamed to `ddgs`! Use `pip install ddgs` instead.
  with DDGS() as ddgs:
C:\Users\User\plizio-repo\scripts\smart_poi_downloader_v2.py:91: RuntimeWarning: This package (`duckduckgo_search`) has been renamed to `ddgs`! Use `pip install ddgs` instead.
  with DDGS() as ddgs:
C:\Users\User\plizio-repo\scripts\smart_poi_downloader_v2.py:91: RuntimeWarning: This package (`duckduckgo_search`) has been renamed to `ddgs`! Use `pip install ddgs` instead.
  with DDGS() as ddgs:
C:\Users\User\plizio-repo\scripts\smart_poi_downloader_v2.py:91: RuntimeWarning: This package (`duckduckgo_search`) has been renamed to `ddgs`! Use `pip install ddgs` instead.
  with DDGS() as ddgs:
C:\Users\User\plizio-repo\scripts\smart_poi_downloader_v2.py:91: RuntimeWarning: This package (`duckduckgo_search`) has been renamed to `ddgs`! Use `pip install ddgs` instead.
  with DDGS() as ddgs:
C:\Users\User\plizio-repo\scripts\smart_poi_downloader_v2.py:91: RuntimeWarning: This package (`duckduckgo_search`) has been renamed to `ddgs`! Use `pip install ddgs` instead.
  with DDGS() as ddgs:
C:\Users\User\plizio-repo\scripts\smart_poi_downloader_v2.py:91: RuntimeWarning: This package (`duckduckgo_search`) has been renamed to `ddgs`! Use `pip install ddgs` instead.
  with DDGS() as ddgs:
C:\Users\User\plizio-repo\scripts\smart_poi_downloader_v2.py:91: RuntimeWarning: This package (`duckduckgo_search`) has been renamed to `ddgs`! Use `pip install ddgs` instead.
  with DDGS() as ddgs:
C:\Users\User\plizio-repo\scripts\smart_poi_downloader_v2.py:91: RuntimeWarning: This package (`duckduckgo_search`) has been renamed to `ddgs`! Use `pip install ddgs` instead.
  with DDGS() as ddgs:
C:\Users\User\plizio-repo\scripts\smart_poi_downloader_v2.py:91: RuntimeWarning: This package (`duckduckgo_search`) has been renamed to `ddgs`! Use `pip install ddgs` instead.
  with DDGS() as ddgs:
C:\Users\User\plizio-repo\scripts\smart_poi_downloader_v2.py:91: RuntimeWarning: This package (`duckduckgo_search`) has been renamed to `ddgs`! Use `pip install ddgs` instead.
  with DDGS() as ddgs:
C:\Users\User\plizio-repo\scripts\smart_poi_downloader_v2.py:91: RuntimeWarning: This package (`duckduckgo_search`) has been renamed to `ddgs`! Use `pip install ddgs` instead.
  with DDGS() as ddgs:
C:\Users\User\plizio-repo\scripts\smart_poi_downloader_v2.py:91: RuntimeWarning: This package (`duckduckgo_search`) has been renamed to `ddgs`! Use `pip install ddgs` instead.
  with DDGS() as ddgs:
C:\Users\User\plizio-repo\scripts\smart_poi_downloader_v2.py:91: RuntimeWarning: This package (`duckduckgo_search`) has been renamed to `ddgs`! Use `pip install ddgs` instead.
  with DDGS() as ddgs:
C:\Users\User\plizio-repo\scripts\smart_poi_downloader_v2.py:91: RuntimeWarning: This package (`duckduckgo_search`) has been renamed to `ddgs`! Use `pip install ddgs` instead.
  with DDGS() as ddgs:
C:\Users\User\plizio-repo\scripts\smart_poi_downloader_v2.py:91: RuntimeWarning: This package (`duckduckgo_search`) has been renamed to `ddgs`! Use `pip install ddgs` instead.
  with DDGS() as ddgs:
C:\Users\User\plizio-repo\scripts\smart_poi_downloader_v2.py:91: RuntimeWarning: This package (`duckduckgo_search`) has been renamed to `ddgs`! Use `pip install ddgs` instead.
  with DDGS() as ddgs:
C:\Users\User\plizio-repo\scripts\smart_poi_downloader_v2.py:91: RuntimeWarning: This package (`duckduckgo_search`) has been renamed to `ddgs`! Use `pip install ddgs` instead.
  with DDGS() as ddgs:
C:\Users\User\plizio-repo\scripts\smart_poi_downloader_v2.py:91: RuntimeWarning: This package (`duckduckgo_search`) has been renamed to `ddgs`! Use `pip install ddgs` instead.
  with DDGS() as ddgs:
C:\Users\User\plizio-repo\scripts\smart_poi_downloader_v2.py:91: RuntimeWarning: This package (`duckduckgo_search`) has been renamed to `ddgs`! Use `pip install ddgs` instead.
  with DDGS() as ddgs:
C:\Users\User\plizio-repo\scripts\smart_poi_downloader_v2.py:91: RuntimeWarning: This package (`duckduckgo_search`) has been renamed to `ddgs`! Use `pip install ddgs` instead.
  with DDGS() as ddgs:
C:\Users\User\plizio-repo\scripts\smart_poi_downloader_v2.py:91: RuntimeWarning: This package (`duckduckgo_search`) has been renamed to `ddgs`! Use `pip install ddgs` instead.
  with DDGS() as ddgs:
C:\Users\User\plizio-repo\scripts\smart_poi_downloader_v2.py:91: RuntimeWarning: This package (`duckduckgo_search`) has been renamed to `ddgs`! Use `pip install ddgs` instead.
  with DDGS() as ddgs:
C:\Users\User\plizio-repo\scripts\smart_poi_downloader_v2.py:91: RuntimeWarning: This package (`duckduckgo_search`) has been renamed to `ddgs`! Use `pip install ddgs` instead.
  with DDGS() as ddgs:
C:\Users\User\plizio-repo\scripts\smart_poi_downloader_v2.py:91: RuntimeWarning: This package (`duckduckgo_search`) has been renamed to `ddgs`! Use `pip install ddgs` instead.
  with DDGS() as ddgs:
C:\Users\User\plizio-repo\scripts\smart_poi_downloader_v2.py:91: RuntimeWarning: This package (`duckduckgo_search`) has been renamed to `ddgs`! Use `pip install ddgs` instead.
  with DDGS() as ddgs:
C:\Users\User\plizio-repo\scripts\smart_poi_downloader_v2.py:91: RuntimeWarning: This package (`duckduckgo_search`) has been renamed to `ddgs`! Use `pip install ddgs` instead.
  with DDGS() as ddgs:
C:\Users\User\plizio-repo\scripts\smart_poi_downloader_v2.py:91: RuntimeWarning: This package (`duckduckgo_search`) has been renamed to `ddgs`! Use `pip install ddgs` instead.
  with DDGS() as ddgs:
C:\Users\User\plizio-repo\scripts\smart_poi_downloader_v2.py:91: RuntimeWarning: This package (`duckduckgo_search`) has been renamed to `ddgs`! Use `pip install ddgs` instead.
  with DDGS() as ddgs:
C:\Users\User\plizio-repo\scripts\smart_poi_downloader_v2.py:91: RuntimeWarning: This package (`duckduckgo_search`) has been renamed to `ddgs`! Use `pip install ddgs` instead.
  with DDGS() as ddgs:
C:\Users\User\plizio-repo\scripts\smart_poi_downloader_v2.py:91: RuntimeWarning: This package (`duckduckgo_search`) has been renamed to `ddgs`! Use `pip install ddgs` instead.
  with DDGS() as ddgs:
C:\Users\User\plizio-repo\scripts\smart_poi_downloader_v2.py:91: RuntimeWarning: This package (`duckduckgo_search`) has been renamed to `ddgs`! Use `pip install ddgs` instead.
  with DDGS() as ddgs:
